2026-10-05 09:37:23.603 +03:00 [INF] ServiceManager Heartbeat: DB, Redis, and Services Healthy at "2026-10-05T09:37:23.5458045+03:00"
2026-10-05 09:37:23.712 +03:00 [INF] Application started. Press Ctrl+C to shut down.
2026-10-05 09:37:23.716 +03:00 [INF] Hosting environment: Development
2026-10-05 09:37:23.718 +03:00 [INF] Content root path: C:\Users\ASUS\source\repos\CMS\src\CMS.ServiceManager
2026-10-05 09:38:23.708 +03:00 [INF] ServiceManager Heartbeat: DB, Redis, and Services Healthy at "2026-10-05T09:38:23.7083646+03:00"
2026-10-05 09:39:23.714 +03:00 [INF] ServiceManager Heartbeat: DB, Redis, and Services Healthy at "2026-10-05T09:39:23.7138551+03:00"
2026-10-05 09:40:23.723 +03:00 [INF] ServiceManager Heartbeat: DB, Redis, and Services Healthy at "2026-10-05T09:40:23.7234485+03:00"
2026-10-05 09:41:23.730 +03:00 [INF] ServiceManager Heartbeat: DB, Redis, and Services Healthy at "2026-10-05T09:41:23.7304492+03:00"
2026-10-05 09:42:23.750 +03:00 [INF] ServiceManager Heartbeat: DB, Redis, and Services Healthy at "2026-10-05T09:42:23.7503976+03:00"
2026-10-05 09:43:23.769 +03:00 [INF] ServiceManager Heartbeat: DB, Redis, and Services Healthy at "2026-10-05T09:43:23.7693137+03:00"
2026-10-05 09:44:23.787 +03:00 [INF] ServiceManager Heartbeat: DB, Redis, and Services Healthy at "2026-10-05T09:44:23.7870682+03:00"
2026-10-05 09:45:23.805 +03:00 [INF] ServiceManager Heartbeat: DB, Redis, and Services Healthy at "2026-10-05T09:45:23.8053005+03:00"
2026-10-05 09:46:23.813 +03:00 [INF] ServiceManager Heartbeat: DB, Redis, and Services Healthy at "2026-10-05T09:46:23.8137437+03:00"
2026-10-05 09:47:23.820 +03:00 [INF] ServiceManager Heartbeat: DB, Redis, and Services Healthy at "2026-10-05T09:47:23.8208724+03:00"
2026-10-05 09:48:23.842 +03:00 [INF] ServiceManager Heartbeat: DB, Redis, and Services Healthy at "2026-10-05T09:48:23.8420689+03:00"
2026-10-05 09:49:23.857 +03:00 [INF] ServiceManager Heartbeat: DB, Redis, and Services Healthy at "2026-10-05T09:49:23.8575683+03:00"
2026-10-05 09:50:23.873 +03:00 [INF] ServiceManager Heartbeat: DB, Redis, and Services Healthy at "2026-10-05T09:50:23.8729815+03:00"
2026-10-05 09:51:23.894 +03:00 [INF] ServiceManager Heartbeat: DB, Redis, and Services Healthy at "2026-10-05T09:51:23.8943735+03:00"
2026-10-05 09:52:23.908 +03:00 [INF] ServiceManager Heartbeat: DB, Redis, and Services Healthy at "2026-10-05T09:52:23.9083448+03:00"
2026-10-05 09:53:23.922 +03:00 [INF] ServiceManager Heartbeat: DB, Redis, and Services Healthy at "2026-10-05T09:53:23.9220563+03:00"
2026-10-05 09:54:23.934 +03:00 [INF] ServiceManager Heartbeat: DB, Redis, and Services Healthy at "2026-10-05T09:54:23.9344699+03:00"
2026-10-05 09:55:23.940 +03:00 [INF] ServiceManager Heartbeat: DB, Redis, and Services Healthy at "2026-10-05T09:55:23.9403524+03:00"
2026-10-05 09:56:23.952 +03:00 [INF] ServiceManager Heartbeat: DB, Redis, and Services Healthy at "2026-10-05T09:56:23.9529315+03:00"
2026-10-05 09:57:23.971 +03:00 [INF] ServiceManager Heartbeat: DB, Redis, and Services Healthy at "2026-10-05T09:57:23.9710225+03:00"
2026-10-05 09:58:23.977 +03:00 [INF] ServiceManager Heartbeat: DB, Redis, and Services Healthy at "2026-10-05T09:58:23.9775086+03:00"
2026-10-05 09:59:23.991 +03:00 [INF] ServiceManager Heartbeat: DB, Redis, and Services Healthy at "2026-10-05T09:59:23.9911983+03:00"
2026-10-05 10:00:24.007 +03:00 [INF] ServiceManager Heartbeat: DB, Redis, and Services Healthy at "2026-10-05T10:00:24.0074911+03:00"
2026-10-05 10:01:24.013 +03:00 [INF] ServiceManager Heartbeat: DB, Redis, and Services Healthy at "2026-10-05T10:01:24.0130780+03:00"
2026-10-05 10:02:24.025 +03:00 [INF] ServiceManager Heartbeat: DB, Redis, and Services Healthy at "2026-10-05T10:02:24.0250625+03:00"
2026-10-05 10:03:24.043 +03:00 [INF] ServiceManager Heartbeat: DB, Redis, and Services Healthy at "2026-10-05T10:03:24.0438519+03:00"
2026-10-05 10:04:25.891 +03:00 [INF] ServiceManager Heartbeat: DB, Redis, and Services Healthy at "2026-10-05T10:04:25.8913735+03:00"
2026-10-05 10:05:25.910 +03:00 [INF] ServiceManager Heartbeat: DB, Redis, and Services Healthy at "2026-10-05T10:05:25.9107743+03:00"
2026-10-05 10:06:25.925 +03:00 [INF] ServiceManager Heartbeat: DB, Redis, and Services Healthy at "2026-10-05T10:06:25.9257001+03:00"
2026-10-05 10:07:25.940 +03:00 [INF] ServiceManager Heartbeat: DB, Redis, and Services Healthy at "2026-10-05T10:07:25.9401941+03:00"
2026-10-05 10:08:25.957 +03:00 [INF] ServiceManager Heartbeat: DB, Redis, and Services Healthy at "2026-10-05T10:08:25.9571590+03:00"
2026-10-05 10:09:26.000 +03:00 [INF] ServiceManager Heartbeat: DB, Redis, and Services Healthy at "2026-10-05T10:09:26.0006459+03:00"
2026-10-05 10:10:26.007 +03:00 [INF] ServiceManager Heartbeat: DB, Redis, and Services Healthy at "2026-10-05T10:10:26.0078583+03:00"
2026-10-05 10:11:26.013 +03:00 [INF] ServiceManager Heartbeat: DB, Redis, and Services Healthy at "2026-10-05T10:11:26.0132000+03:00"
2026-10-05 10:12:26.026 +03:00 [INF] ServiceManager Heartbeat: DB, Redis, and Services Healthy at "2026-10-05T10:12:26.0260322+03:00"
2026-10-05 10:13:26.041 +03:00 [INF] ServiceManager Heartbeat: DB, Redis, and Services Healthy at "2026-10-05T10:13:26.0414603+03:00"
2026-10-05 10:14:26.048 +03:00 [INF] ServiceManager Heartbeat: DB, Redis, and Services Healthy at "2026-10-05T10:14:26.0482394+03:00"
2026-10-05 10:15:26.060 +03:00 [INF] ServiceManager Heartbeat: DB, Redis, and Services Healthy at "2026-10-05T10:15:26.0608265+03:00"
2026-10-05 10:16:26.078 +03:00 [INF] ServiceManager Heartbeat: DB, Redis, and Services Healthy at "2026-10-05T10:16:26.0780124+03:00"
2026-10-05 10:17:26.084 +03:00 [INF] ServiceManager Heartbeat: DB, Redis, and Services Healthy at "2026-10-05T10:17:26.0838524+03:00"
2026-10-05 10:18:26.092 +03:00 [INF] ServiceManager Heartbeat: DB, Redis, and Services Healthy at "2026-10-05T10:18:26.0925392+03:00"
2026-10-05 10:19:26.099 +03:00 [INF] ServiceManager Heartbeat: DB, Redis, and Services Healthy at "2026-10-05T10:19:26.0999358+03:00"
2026-10-05 10:20:26.110 +03:00 [INF] ServiceManager Heartbeat: DB, Redis, and Services Healthy at "2026-10-05T10:20:26.1101378+03:00"
2026-10-05 10:21:26.115 +03:00 [INF] ServiceManager Heartbeat: DB, Redis, and Services Healthy at "2026-10-05T10:21:26.1157384+03:00"
2026-10-05 10:22:26.135 +03:00 [INF] ServiceManager Heartbeat: DB, Redis, and Services Healthy at "2026-10-05T10:22:26.1350272+03:00"
2026-10-05 10:23:26.147 +03:00 [INF] ServiceManager Heartbeat: DB, Redis, and Services Healthy at "2026-10-05T10:23:26.1479513+03:00"
2026-10-05 10:24:26.153 +03:00 [INF] ServiceManager Heartbeat: DB, Redis, and Services Healthy at "2026-10-05T10:24:26.1538753+03:00"
2026-10-05 10:25:26.160 +03:00 [INF] ServiceManager Heartbeat: DB, Redis, and Services Healthy at "2026-10-05T10:25:26.1600940+03:00"
2026-10-05 10:26:26.171 +03:00 [INF] ServiceManager Heartbeat: DB, Redis, and Services Healthy at "2026-10-05T10:26:26.1716882+03:00"
2026-10-05 10:27:26.186 +03:00 [INF] ServiceManager Heartbeat: DB, Redis, and Services Healthy at "2026-10-05T10:27:26.1865465+03:00"
2026-10-05 10:28:26.194 +03:00 [INF] ServiceManager Heartbeat: DB, Redis, and Services Healthy at "2026-10-05T10:28:26.1946538+03:00"
2026-10-05 10:29:26.204 +03:00 [INF] ServiceManager Heartbeat: DB, Redis, and Services Healthy at "2026-10-05T10:29:26.2040338+03:00"
2026-10-05 10:30:26.218 +03:00 [INF] ServiceManager Heartbeat: DB, Redis, and Services Healthy at "2026-10-05T10:30:26.2188672+03:00"
2026-10-05 10:31:26.229 +03:00 [INF] ServiceManager Heartbeat: DB, Redis, and Services Healthy at "2026-10-05T10:31:26.2294503+03:00"
2026-10-05 10:32:26.235 +03:00 [INF] ServiceManager Heartbeat: DB, Redis, and Services Healthy at "2026-10-05T10:32:26.2356946+03:00"
2026-10-05 10:33:26.251 +03:00 [INF] ServiceManager Heartbeat: DB, Redis, and Services Healthy at "2026-10-05T10:33:26.2517916+03:00"
2026-10-05 10:34:26.263 +03:00 [INF] ServiceManager Heartbeat: DB, Redis, and Services Healthy at "2026-10-05T10:34:26.2634046+03:00"
2026-10-05 10:35:26.273 +03:00 [INF] ServiceManager Heartbeat: DB, Redis, and Services Healthy at "2026-10-05T10:35:26.2737615+03:00"
2026-10-05 10:36:26.281 +03:00 [INF] ServiceManager Heartbeat: DB, Redis, and Services Healthy at "2026-10-05T10:36:26.2817869+03:00"
2026-10-05 10:37:26.293 +03:00 [INF] ServiceManager Heartbeat: DB, Redis, and Services Healthy at "2026-10-05T10:37:26.2929092+03:00"
2026-10-05 10:38:26.309 +03:00 [INF] ServiceManager Heartbeat: DB, Redis, and Services Healthy at "2026-10-05T10:38:26.3091285+03:00"
2026-10-05 10:39:26.323 +03:00 [INF] ServiceManager Heartbeat: DB, Redis, and Services Healthy at "2026-10-05T10:39:26.3236331+03:00"
2026-10-05 10:40:26.328 +03:00 [INF] ServiceManager Heartbeat: DB, Redis, and Services Healthy at "2026-10-05T10:40:26.3284192+03:00"
2026-10-05 10:41:26.333 +03:00 [INF] ServiceManager Heartbeat: DB, Redis, and Services Healthy at "2026-10-05T10:41:26.3337188+03:00"
2026-10-05 10:42:26.337 +03:00 [INF] ServiceManager Heartbeat: DB, Redis, and Services Healthy at "2026-10-05T10:42:26.3375552+03:00"
2026-10-05 10:43:26.350 +03:00 [INF] ServiceManager Heartbeat: DB, Redis, and Services Healthy at "2026-10-05T10:43:26.3507463+03:00"
2026-10-05 10:44:26.379 +03:00 [INF] ServiceManager Heartbeat: DB, Redis, and Services Healthy at "2026-10-05T10:44:26.3795734+03:00"
2026-10-05 10:45:26.453 +03:00 [INF] ServiceManager Heartbeat: DB, Redis, and Services Healthy at "2026-10-05T10:45:26.4532383+03:00"
2026-10-05 10:46:26.456 +03:00 [INF] ServiceManager Heartbeat: DB, Redis, and Services Healthy at "2026-10-05T10:46:26.4566571+03:00"
2026-10-05 10:47:26.466 +03:00 [INF] ServiceManager Heartbeat: DB, Redis, and Services Healthy at "2026-10-05T10:47:26.4669249+03:00"
2026-10-05 10:48:26.472 +03:00 [INF] ServiceManager Heartbeat: DB, Redis, and Services Healthy at "2026-10-05T10:48:26.4728365+03:00"
2026-10-05 10:49:26.481 +03:00 [INF] ServiceManager Heartbeat: DB, Redis, and Services Healthy at "2026-10-05T10:49:26.4811623+03:00"
2026-10-05 10:50:26.495 +03:00 [INF] ServiceManager Heartbeat: DB, Redis, and Services Healthy at "2026-10-05T10:50:26.4956851+03:00"
2026-10-05 10:51:26.509 +03:00 [INF] ServiceManager Heartbeat: DB, Redis, and Services Healthy at "2026-10-05T10:51:26.5094679+03:00"
2026-10-05 10:52:26.518 +03:00 [INF] ServiceManager Heartbeat: DB, Redis, and Services Healthy at "2026-10-05T10:52:26.5188118+03:00"
2026-10-05 10:53:26.522 +03:00 [INF] ServiceManager Heartbeat: DB, Redis, and Services Healthy at "2026-10-05T10:53:26.5220082+03:00"
2026-10-05 10:54:26.538 +03:00 [INF] ServiceManager Heartbeat: DB, Redis, and Services Healthy at "2026-10-05T10:54:26.5388362+03:00"
2026-10-05 10:55:26.657 +03:00 [INF] ServiceManager Heartbeat: DB, Redis, and Services Healthy at "2026-10-05T10:55:26.6576357+03:00"
2026-10-05 10:56:26.674 +03:00 [INF] ServiceManager Heartbeat: DB, Redis, and Services Healthy at "2026-10-05T10:56:26.6741822+03:00"
2026-10-05 10:57:26.687 +03:00 [INF] ServiceManager Heartbeat: DB, Redis, and Services Healthy at "2026-10-05T10:57:26.6879778+03:00"
2026-10-05 10:58:26.704 +03:00 [INF] ServiceManager Heartbeat: DB, Redis, and Services Healthy at "2026-10-05T10:58:26.7040271+03:00"
2026-10-05 10:59:26.761 +03:00 [INF] ServiceManager Heartbeat: DB, Redis, and Services Healthy at "2026-10-05T10:59:26.7617444+03:00"
2026-10-05 11:00:26.767 +03:00 [INF] ServiceManager Heartbeat: DB, Redis, and Services Healthy at "2026-10-05T11:00:26.7676077+03:00"
2026-10-05 11:01:26.775 +03:00 [INF] ServiceManager Heartbeat: DB, Redis, and Services Healthy at "2026-10-05T11:01:26.7755972+03:00"
2026-10-05 11:02:26.791 +03:00 [INF] ServiceManager Heartbeat: DB, Redis, and Services Healthy at "2026-10-05T11:02:26.7913082+03:00"
2026-10-05 11:03:26.796 +03:00 [INF] ServiceManager Heartbeat: DB, Redis, and Services Healthy at "2026-10-05T11:03:26.7961060+03:00"
2026-10-05 11:04:26.803 +03:00 [INF] ServiceManager Heartbeat: DB, Redis, and Services Healthy at "2026-10-05T11:04:26.8032415+03:00"
2026-10-05 11:05:26.826 +03:00 [INF] ServiceManager Heartbeat: DB, Redis, and Services Healthy at "2026-10-05T11:05:26.8265529+03:00"
2026-10-05 11:06:26.841 +03:00 [INF] ServiceManager Heartbeat: DB, Redis, and Services Healthy at "2026-10-05T11:06:26.8415376+03:00"
2026-10-05 11:07:26.855 +03:00 [INF] ServiceManager Heartbeat: DB, Redis, and Services Healthy at "2026-10-05T11:07:26.8553003+03:00"
2026-10-05 11:08:26.862 +03:00 [INF] ServiceManager Heartbeat: DB, Redis, and Services Healthy at "2026-10-05T11:08:26.8623646+03:00"
2026-10-05 11:09:26.875 +03:00 [INF] ServiceManager Heartbeat: DB, Redis, and Services Healthy at "2026-10-05T11:09:26.8756753+03:00"
2026-10-05 11:10:26.893 +03:00 [INF] ServiceManager Heartbeat: DB, Redis, and Services Healthy at "2026-10-05T11:10:26.8930002+03:00"
2026-10-05 11:11:26.907 +03:00 [INF] ServiceManager Heartbeat: DB, Redis, and Services Healthy at "2026-10-05T11:11:26.9074586+03:00"
2026-10-05 11:12:26.926 +03:00 [INF] ServiceManager Heartbeat: DB, Redis, and Services Healthy at "2026-10-05T11:12:26.9263761+03:00"
2026-10-05 11:13:26.938 +03:00 [INF] ServiceManager Heartbeat: DB, Redis, and Services Healthy at "2026-10-05T11:13:26.9383892+03:00"
2026-10-05 11:14:26.953 +03:00 [INF] ServiceManager Heartbeat: DB, Redis, and Services Healthy at "2026-10-05T11:14:26.9535557+03:00"
2026-10-05 11:15:26.963 +03:00 [INF] ServiceManager Heartbeat: DB, Redis, and Services Healthy at "2026-10-05T11:15:26.9632671+03:00"
2026-10-05 11:16:26.973 +03:00 [INF] ServiceManager Heartbeat: DB, Redis, and Services Healthy at "2026-10-05T11:16:26.9738712+03:00"
2026-10-05 11:17:26.984 +03:00 [INF] ServiceManager Heartbeat: DB, Redis, and Services Healthy at "2026-10-05T11:17:26.9848960+03:00"
2026-10-05 11:18:27.001 +03:00 [INF] ServiceManager Heartbeat: DB, Redis, and Services Healthy at "2026-10-05T11:18:27.0013918+03:00"
2026-10-05 11:19:27.014 +03:00 [INF] ServiceManager Heartbeat: DB, Redis, and Services Healthy at "2026-10-05T11:19:27.0145193+03:00"
2026-10-05 11:20:27.022 +03:00 [INF] ServiceManager Heartbeat: DB, Redis, and Services Healthy at "2026-10-05T11:20:27.0229388+03:00"
2026-10-05 11:21:27.039 +03:00 [INF] ServiceManager Heartbeat: DB, Redis, and Services Healthy at "2026-10-05T11:21:27.0395811+03:00"
2026-10-05 11:22:27.059 +03:00 [INF] ServiceManager Heartbeat: DB, Redis, and Services Healthy at "2026-10-05T11:22:27.0591709+03:00"
2026-10-05 11:23:27.072 +03:00 [INF] ServiceManager Heartbeat: DB, Redis, and Services Healthy at "2026-10-05T11:23:27.0726579+03:00"
2026-10-05 11:24:27.083 +03:00 [INF] ServiceManager Heartbeat: DB, Redis, and Services Healthy at "2026-10-05T11:24:27.0835555+03:00"
2026-10-05 11:25:27.090 +03:00 [INF] ServiceManager Heartbeat: DB, Redis, and Services Healthy at "2026-10-05T11:25:27.0904509+03:00"
2026-10-05 11:26:27.108 +03:00 [INF] ServiceManager Heartbeat: DB, Redis, and Services Healthy at "2026-10-05T11:26:27.1087557+03:00"
2026-10-05 11:27:27.124 +03:00 [INF] ServiceManager Heartbeat: DB, Redis, and Services Healthy at "2026-10-05T11:27:27.1245642+03:00"
2026-10-05 11:28:27.131 +03:00 [INF] ServiceManager Heartbeat: DB, Redis, and Services Healthy at "2026-10-05T11:28:27.1309883+03:00"
2026-10-05 11:29:27.147 +03:00 [INF] ServiceManager Heartbeat: DB, Redis, and Services Healthy at "2026-10-05T11:29:27.1472711+03:00"
2026-10-05 11:30:27.163 +03:00 [INF] ServiceManager Heartbeat: DB, Redis, and Services Healthy at "2026-10-05T11:30:27.1632779+03:00"
2026-10-05 11:31:27.172 +03:00 [INF] ServiceManager Heartbeat: DB, Redis, and Services Healthy at "2026-10-05T11:31:27.1728030+03:00"
2026-10-05 11:32:27.188 +03:00 [INF] ServiceManager Heartbeat: DB, Redis, and Services Healthy at "2026-10-05T11:32:27.1886449+03:00"
2026-10-05 11:33:27.209 +03:00 [INF] ServiceManager Heartbeat: DB, Redis, and Services Healthy at "2026-10-05T11:33:27.2091528+03:00"
2026-10-05 11:34:27.227 +03:00 [INF] ServiceManager Heartbeat: DB, Redis, and Services Healthy at "2026-10-05T11:34:27.2270250+03:00"
2026-10-05 11:35:27.235 +03:00 [INF] ServiceManager Heartbeat: DB, Redis, and Services Healthy at "2026-10-05T11:35:27.2352461+03:00"
2026-10-05 11:36:27.241 +03:00 [INF] ServiceManager Heartbeat: DB, Redis, and Services Healthy at "2026-10-05T11:36:27.2413419+03:00"
2026-10-05 11:37:27.261 +03:00 [INF] ServiceManager Heartbeat: DB, Redis, and Services Healthy at "2026-10-05T11:37:27.2612701+03:00"
2026-10-05 11:38:27.274 +03:00 [INF] ServiceManager Heartbeat: DB, Redis, and Services Healthy at "2026-10-05T11:38:27.2748187+03:00"
2026-10-05 11:39:27.293 +03:00 [INF] ServiceManager Heartbeat: DB, Redis, and Services Healthy at "2026-10-05T11:39:27.2936620+03:00"
2026-10-05 11:40:27.319 +03:00 [INF] ServiceManager Heartbeat: DB, Redis, and Services Healthy at "2026-10-05T11:40:27.3190907+03:00"
2026-10-05 11:41:27.344 +03:00 [INF] ServiceManager Heartbeat: DB, Redis, and Services Healthy at "2026-10-05T11:41:27.3444275+03:00"
2026-10-05 11:42:27.353 +03:00 [INF] ServiceManager Heartbeat: DB, Redis, and Services Healthy at "2026-10-05T11:42:27.3537860+03:00"
2026-10-05 11:43:27.361 +03:00 [INF] ServiceManager Heartbeat: DB, Redis, and Services Healthy at "2026-10-05T11:43:27.3611279+03:00"
2026-10-05 11:44:27.379 +03:00 [INF] ServiceManager Heartbeat: DB, Redis, and Services Healthy at "2026-10-05T11:44:27.3798055+03:00"
2026-10-05 11:45:27.387 +03:00 [INF] ServiceManager Heartbeat: DB, Redis, and Services Healthy at "2026-10-05T11:45:27.3879170+03:00"
2026-10-05 11:46:27.399 +03:00 [INF] ServiceManager Heartbeat: DB, Redis, and Services Healthy at "2026-10-05T11:46:27.3991329+03:00"
2026-10-05 11:47:27.407 +03:00 [INF] ServiceManager Heartbeat: DB, Redis, and Services Healthy at "2026-10-05T11:47:27.4079721+03:00"
2026-10-05 11:48:27.419 +03:00 [INF] ServiceManager Heartbeat: DB, Redis, and Services Healthy at "2026-10-05T11:48:27.4194827+03:00"
2026-10-05 11:49:27.429 +03:00 [INF] ServiceManager Heartbeat: DB, Redis, and Services Healthy at "2026-10-05T11:49:27.4295656+03:00"
2026-10-05 11:50:27.442 +03:00 [INF] ServiceManager Heartbeat: DB, Redis, and Services Healthy at "2026-10-05T11:50:27.4428304+03:00"
2026-10-05 11:51:27.448 +03:00 [INF] ServiceManager Heartbeat: DB, Redis, and Services Healthy at "2026-10-05T11:51:27.4483199+03:00"
2026-10-05 11:52:27.461 +03:00 [INF] ServiceManager Heartbeat: DB, Redis, and Services Healthy at "2026-10-05T11:52:27.4613812+03:00"
2026-10-05 11:53:27.466 +03:00 [INF] ServiceManager Heartbeat: DB, Redis, and Services Healthy at "2026-10-05T11:53:27.4668105+03:00"
2026-10-05 11:54:27.478 +03:00 [INF] ServiceManager Heartbeat: DB, Redis, and Services Healthy at "2026-10-05T11:54:27.4785877+03:00"
2026-10-05 11:55:27.482 +03:00 [INF] ServiceManager Heartbeat: DB, Redis, and Services Healthy at "2026-10-05T11:55:27.4820728+03:00"
2026-10-05 11:56:27.498 +03:00 [INF] ServiceManager Heartbeat: DB, Redis, and Services Healthy at "2026-10-05T11:56:27.4989529+03:00"
2026-10-05 11:57:27.516 +03:00 [INF] ServiceManager Heartbeat: DB, Redis, and Services Healthy at "2026-10-05T11:57:27.5164259+03:00"
2026-10-05 11:58:27.527 +03:00 [INF] ServiceManager Heartbeat: DB, Redis, and Services Healthy at "2026-10-05T11:58:27.5270533+03:00"
2026-10-05 11:59:27.538 +03:00 [INF] ServiceManager Heartbeat: DB, Redis, and Services Healthy at "2026-10-05T11:59:27.5386796+03:00"
2026-10-05 12:00:27.550 +03:00 [INF] ServiceManager Heartbeat: DB, Redis, and Services Healthy at "2026-10-05T12:00:27.5503459+03:00"
2026-10-05 12:01:27.566 +03:00 [INF] ServiceManager Heartbeat: DB, Redis, and Services Healthy at "2026-10-05T12:01:27.5664975+03:00"
2026-10-05 12:02:27.581 +03:00 [INF] ServiceManager Heartbeat: DB, Redis, and Services Healthy at "2026-10-05T12:02:27.5816974+03:00"
2026-10-05 12:03:27.598 +03:00 [INF] ServiceManager Heartbeat: DB, Redis, and Services Healthy at "2026-10-05T12:03:27.5984311+03:00"
2026-10-05 12:04:27.604 +03:00 [INF] ServiceManager Heartbeat: DB, Redis, and Services Healthy at "2026-10-05T12:04:27.6044019+03:00"
2026-10-05 12:05:27.612 +03:00 [INF] ServiceManager Heartbeat: DB, Redis, and Services Healthy at "2026-10-05T12:05:27.6127231+03:00"
2026-10-05 12:06:27.623 +03:00 [INF] ServiceManager Heartbeat: DB, Redis, and Services Healthy at "2026-10-05T12:06:27.6234688+03:00"
2026-10-05 12:07:27.629 +03:00 [INF] ServiceManager Heartbeat: DB, Redis, and Services Healthy at "2026-10-05T12:07:27.6291729+03:00"
2026-10-05 12:08:27.647 +03:00 [INF] ServiceManager Heartbeat: DB, Redis, and Services Healthy at "2026-10-05T12:08:27.6474090+03:00"
2026-10-05 12:09:27.665 +03:00 [INF] ServiceManager Heartbeat: DB, Redis, and Services Healthy at "2026-10-05T12:09:27.6655164+03:00"
2026-10-05 12:10:27.679 +03:00 [INF] ServiceManager Heartbeat: DB, Redis, and Services Healthy at "2026-10-05T12:10:27.6793366+03:00"
2026-10-05 12:11:27.693 +03:00 [INF] ServiceManager Heartbeat: DB, Redis, and Services Healthy at "2026-10-05T12:11:27.6931879+03:00"
2026-10-05 12:12:27.701 +03:00 [INF] ServiceManager Heartbeat: DB, Redis, and Services Healthy at "2026-10-05T12:12:27.7018565+03:00"
2026-10-05 12:13:27.716 +03:00 [INF] ServiceManager Heartbeat: DB, Redis, and Services Healthy at "2026-10-05T12:13:27.7167609+03:00"
2026-10-05 12:14:27.727 +03:00 [INF] ServiceManager Heartbeat: DB, Redis, and Services Healthy at "2026-10-05T12:14:27.7270754+03:00"
2026-10-05 12:15:27.738 +03:00 [INF] ServiceManager Heartbeat: DB, Redis, and Services Healthy at "2026-10-05T12:15:27.7380284+03:00"
2026-10-05 12:16:27.754 +03:00 [INF] ServiceManager Heartbeat: DB, Redis, and Services Healthy at "2026-10-05T12:16:27.7547860+03:00"
2026-10-05 12:17:27.769 +03:00 [INF] ServiceManager Heartbeat: DB, Redis, and Services Healthy at "2026-10-05T12:17:27.7692485+03:00"
2026-10-05 12:18:27.787 +03:00 [INF] ServiceManager Heartbeat: DB, Redis, and Services Healthy at "2026-10-05T12:18:27.7878963+03:00"
2026-10-05 12:19:27.801 +03:00 [INF] ServiceManager Heartbeat: DB, Redis, and Services Healthy at "2026-10-05T12:19:27.8010642+03:00"
2026-10-05 12:20:27.805 +03:00 [INF] ServiceManager Heartbeat: DB, Redis, and Services Healthy at "2026-10-05T12:20:27.8058068+03:00"
2026-10-05 12:21:27.820 +03:00 [INF] ServiceManager Heartbeat: DB, Redis, and Services Healthy at "2026-10-05T12:21:27.8206082+03:00"
2026-10-05 12:22:27.824 +03:00 [INF] ServiceManager Heartbeat: DB, Redis, and Services Healthy at "2026-10-05T12:22:27.8248562+03:00"
2026-10-05 12:23:27.844 +03:00 [INF] ServiceManager Heartbeat: DB, Redis, and Services Healthy at "2026-10-05T12:23:27.8445714+03:00"
2026-10-05 12:24:27.853 +03:00 [INF] ServiceManager Heartbeat: DB, Redis, and Services Healthy at "2026-10-05T12:24:27.8535539+03:00"
2026-10-05 12:25:27.862 +03:00 [INF] ServiceManager Heartbeat: DB, Redis, and Services Healthy at "2026-10-05T12:25:27.8629124+03:00"
2026-10-05 12:26:27.875 +03:00 [INF] ServiceManager Heartbeat: DB, Redis, and Services Healthy at "2026-10-05T12:26:27.8755519+03:00"
2026-10-05 12:27:27.886 +03:00 [INF] ServiceManager Heartbeat: DB, Redis, and Services Healthy at "2026-10-05T12:27:27.8863830+03:00"
2026-10-05 12:28:27.891 +03:00 [INF] ServiceManager Heartbeat: DB, Redis, and Services Healthy at "2026-10-05T12:28:27.8910761+03:00"
2026-10-05 12:29:27.901 +03:00 [INF] ServiceManager Heartbeat: DB, Redis, and Services Healthy at "2026-10-05T12:29:27.9009905+03:00"
2026-10-05 12:30:27.905 +03:00 [INF] ServiceManager Heartbeat: DB, Redis, and Services Healthy at "2026-10-05T12:30:27.9058472+03:00"
2026-10-05 12:31:27.923 +03:00 [INF] ServiceManager Heartbeat: DB, Redis, and Services Healthy at "2026-10-05T12:31:27.9236734+03:00"
2026-10-05 12:32:27.928 +03:00 [INF] ServiceManager Heartbeat: DB, Redis, and Services Healthy at "2026-10-05T12:32:27.9283995+03:00"
2026-10-05 12:33:27.938 +03:00 [INF] ServiceManager Heartbeat: DB, Redis, and Services Healthy at "2026-10-05T12:33:27.9387028+03:00"
2026-10-05 12:34:27.950 +03:00 [INF] ServiceManager Heartbeat: DB, Redis, and Services Healthy at "2026-10-05T12:34:27.9504126+03:00"
2026-10-05 12:35:27.967 +03:00 [INF] ServiceManager Heartbeat: DB, Redis, and Services Healthy at "2026-10-05T12:35:27.9676596+03:00"
2026-10-05 12:36:27.977 +03:00 [INF] ServiceManager Heartbeat: DB, Redis, and Services Healthy at "2026-10-05T12:36:27.9775450+03:00"
2026-10-05 12:37:27.987 +03:00 [INF] ServiceManager Heartbeat: DB, Redis, and Services Healthy at "2026-10-05T12:37:27.9876986+03:00"
2026-10-05 12:38:28.003 +03:00 [INF] ServiceManager Heartbeat: DB, Redis, and Services Healthy at "2026-10-05T12:38:28.0031146+03:00"
2026-10-05 12:39:28.006 +03:00 [INF] ServiceManager Heartbeat: DB, Redis, and Services Healthy at "2026-10-05T12:39:28.0068454+03:00"
2026-10-05 12:40:28.014 +03:00 [INF] ServiceManager Heartbeat: DB, Redis, and Services Healthy at "2026-10-05T12:40:28.0149762+03:00"
2026-10-05 12:41:28.028 +03:00 [INF] ServiceManager Heartbeat: DB, Redis, and Services Healthy at "2026-10-05T12:41:28.0280213+03:00"
2026-10-05 12:42:28.049 +03:00 [INF] ServiceManager Heartbeat: DB, Redis, and Services Healthy at "2026-10-05T12:42:28.0494827+03:00"
2026-10-05 12:43:28.058 +03:00 [INF] ServiceManager Heartbeat: DB, Redis, and Services Healthy at "2026-10-05T12:43:28.0588521+03:00"
2026-10-05 12:44:28.075 +03:00 [INF] ServiceManager Heartbeat: DB, Redis, and Services Healthy at "2026-10-05T12:44:28.0754002+03:00"
2026-10-05 12:45:28.092 +03:00 [INF] ServiceManager Heartbeat: DB, Redis, and Services Healthy at "2026-10-05T12:45:28.0920128+03:00"
2026-10-05 12:46:28.108 +03:00 [INF] ServiceManager Heartbeat: DB, Redis, and Services Healthy at "2026-10-05T12:46:28.1081977+03:00"
2026-10-05 12:47:28.116 +03:00 [INF] ServiceManager Heartbeat: DB, Redis, and Services Healthy at "2026-10-05T12:47:28.1164740+03:00"
2026-10-05 12:48:28.131 +03:00 [INF] ServiceManager Heartbeat: DB, Redis, and Services Healthy at "2026-10-05T12:48:28.1316454+03:00"
2026-10-05 12:49:28.148 +03:00 [INF] ServiceManager Heartbeat: DB, Redis, and Services Healthy at "2026-10-05T12:49:28.1484162+03:00"
2026-10-05 12:50:28.153 +03:00 [INF] ServiceManager Heartbeat: DB, Redis, and Services Healthy at "2026-10-05T12:50:28.1536666+03:00"
2026-10-05 12:51:28.162 +03:00 [INF] ServiceManager Heartbeat: DB, Redis, and Services Healthy at "2026-10-05T12:51:28.1622976+03:00"
2026-10-05 12:52:28.167 +03:00 [INF] ServiceManager Heartbeat: DB, Redis, and Services Healthy at "2026-10-05T12:52:28.1671808+03:00"
2026-10-05 12:53:28.172 +03:00 [INF] ServiceManager Heartbeat: DB, Redis, and Services Healthy at "2026-10-05T12:53:28.1723089+03:00"
2026-10-05 12:54:28.185 +03:00 [INF] ServiceManager Heartbeat: DB, Redis, and Services Healthy at "2026-10-05T12:54:28.1853533+03:00"
2026-10-05 12:55:28.201 +03:00 [INF] ServiceManager Heartbeat: DB, Redis, and Services Healthy at "2026-10-05T12:55:28.2011341+03:00"
2026-10-05 12:56:28.214 +03:00 [INF] ServiceManager Heartbeat: DB, Redis, and Services Healthy at "2026-10-05T12:56:28.2147987+03:00"
2026-10-05 12:57:28.228 +03:00 [INF] ServiceManager Heartbeat: DB, Redis, and Services Healthy at "2026-10-05T12:57:28.2281663+03:00"
2026-10-05 12:58:28.239 +03:00 [INF] ServiceManager Heartbeat: DB, Redis, and Services Healthy at "2026-10-05T12:58:28.2397982+03:00"
2026-10-05 12:59:28.257 +03:00 [INF] ServiceManager Heartbeat: DB, Redis, and Services Healthy at "2026-10-05T12:59:28.2577472+03:00"
2026-10-05 13:00:28.276 +03:00 [INF] ServiceManager Heartbeat: DB, Redis, and Services Healthy at "2026-10-05T13:00:28.2763655+03:00"
2026-10-05 13:01:28.289 +03:00 [INF] ServiceManager Heartbeat: DB, Redis, and Services Healthy at "2026-10-05T13:01:28.2899559+03:00"
2026-10-05 13:02:28.298 +03:00 [INF] ServiceManager Heartbeat: DB, Redis, and Services Healthy at "2026-10-05T13:02:28.2980949+03:00"
2026-10-05 13:03:28.305 +03:00 [INF] ServiceManager Heartbeat: DB, Redis, and Services Healthy at "2026-10-05T13:03:28.3050802+03:00"
2026-10-05 13:04:28.319 +03:00 [INF] ServiceManager Heartbeat: DB, Redis, and Services Healthy at "2026-10-05T13:04:28.3190402+03:00"
2026-10-05 13:05:28.326 +03:00 [INF] ServiceManager Heartbeat: DB, Redis, and Services Healthy at "2026-10-05T13:05:28.3269085+03:00"
2026-10-05 13:06:28.339 +03:00 [INF] ServiceManager Heartbeat: DB, Redis, and Services Healthy at "2026-10-05T13:06:28.3395898+03:00"
2026-10-05 13:07:28.348 +03:00 [INF] ServiceManager Heartbeat: DB, Redis, and Services Healthy at "2026-10-05T13:07:28.3482675+03:00"
2026-10-05 13:08:28.358 +03:00 [INF] ServiceManager Heartbeat: DB, Redis, and Services Healthy at "2026-10-05T13:08:28.3580763+03:00"
2026-10-05 13:09:28.373 +03:00 [INF] ServiceManager Heartbeat: DB, Redis, and Services Healthy at "2026-10-05T13:09:28.3736320+03:00"
2026-10-05 13:10:28.380 +03:00 [INF] ServiceManager Heartbeat: DB, Redis, and Services Healthy at "2026-10-05T13:10:28.3807155+03:00"
2026-10-05 13:11:28.396 +03:00 [INF] ServiceManager Heartbeat: DB, Redis, and Services Healthy at "2026-10-05T13:11:28.3965981+03:00"
2026-10-05 13:12:28.417 +03:00 [INF] ServiceManager Heartbeat: DB, Redis, and Services Healthy at "2026-10-05T13:12:28.4176214+03:00"
2026-10-05 13:13:28.442 +03:00 [INF] ServiceManager Heartbeat: DB, Redis, and Services Healthy at "2026-10-05T13:13:28.4422602+03:00"
2026-10-05 13:14:28.454 +03:00 [INF] ServiceManager Heartbeat: DB, Redis, and Services Healthy at "2026-10-05T13:14:28.4546473+03:00"
2026-10-05 13:15:28.468 +03:00 [INF] ServiceManager Heartbeat: DB, Redis, and Services Healthy at "2026-10-05T13:15:28.4683405+03:00"
2026-10-05 13:16:28.486 +03:00 [INF] ServiceManager Heartbeat: DB, Redis, and Services Healthy at "2026-10-05T13:16:28.4863541+03:00"
2026-10-05 13:17:28.511 +03:00 [INF] ServiceManager Heartbeat: DB, Redis, and Services Healthy at "2026-10-05T13:17:28.5110813+03:00"
2026-10-05 13:18:28.563 +03:00 [INF] ServiceManager Heartbeat: DB, Redis, and Services Healthy at "2026-10-05T13:18:28.5636319+03:00"
2026-10-05 13:19:28.584 +03:00 [INF] ServiceManager Heartbeat: DB, Redis, and Services Healthy at "2026-10-05T13:19:28.5840160+03:00"
2026-10-05 13:20:28.650 +03:00 [INF] ServiceManager Heartbeat: DB, Redis, and Services Healthy at "2026-10-05T13:20:28.6507428+03:00"
2026-10-05 13:21:28.666 +03:00 [INF] ServiceManager Heartbeat: DB, Redis, and Services Healthy at "2026-10-05T13:21:28.6660487+03:00"
2026-10-05 13:22:28.670 +03:00 [INF] ServiceManager Heartbeat: DB, Redis, and Services Healthy at "2026-10-05T13:22:28.6708437+03:00"
2026-10-05 13:23:28.681 +03:00 [INF] ServiceManager Heartbeat: DB, Redis, and Services Healthy at "2026-10-05T13:23:28.6817182+03:00"
2026-10-05 13:24:28.700 +03:00 [INF] ServiceManager Heartbeat: DB, Redis, and Services Healthy at "2026-10-05T13:24:28.7001654+03:00"
2026-10-05 13:25:28.712 +03:00 [INF] ServiceManager Heartbeat: DB, Redis, and Services Healthy at "2026-10-05T13:25:28.7125859+03:00"
2026-10-05 13:26:28.729 +03:00 [INF] ServiceManager Heartbeat: DB, Redis, and Services Healthy at "2026-10-05T13:26:28.7293705+03:00"
2026-10-05 13:27:28.748 +03:00 [INF] ServiceManager Heartbeat: DB, Redis, and Services Healthy at "2026-10-05T13:27:28.7481189+03:00"
2026-10-05 13:28:28.756 +03:00 [INF] ServiceManager Heartbeat: DB, Redis, and Services Healthy at "2026-10-05T13:28:28.7569370+03:00"
2026-10-05 13:29:28.768 +03:00 [INF] ServiceManager Heartbeat: DB, Redis, and Services Healthy at "2026-10-05T13:29:28.7688845+03:00"
2026-10-05 13:30:28.780 +03:00 [INF] ServiceManager Heartbeat: DB, Redis, and Services Healthy at "2026-10-05T13:30:28.7806157+03:00"
2026-10-05 13:31:28.793 +03:00 [INF] ServiceManager Heartbeat: DB, Redis, and Services Healthy at "2026-10-05T13:31:28.7936262+03:00"
2026-10-05 13:32:28.801 +03:00 [INF] ServiceManager Heartbeat: DB, Redis, and Services Healthy at "2026-10-05T13:32:28.8019136+03:00"
2026-10-05 13:33:28.818 +03:00 [INF] ServiceManager Heartbeat: DB, Redis, and Services Healthy at "2026-10-05T13:33:28.8182910+03:00"
2026-10-05 13:34:28.830 +03:00 [INF] ServiceManager Heartbeat: DB, Redis, and Services Healthy at "2026-10-05T13:34:28.8303347+03:00"
2026-10-05 13:35:28.840 +03:00 [INF] ServiceManager Heartbeat: DB, Redis, and Services Healthy at "2026-10-05T13:35:28.8402448+03:00"
2026-10-05 13:36:28.853 +03:00 [INF] ServiceManager Heartbeat: DB, Redis, and Services Healthy at "2026-10-05T13:36:28.8530905+03:00"
2026-10-05 13:37:28.867 +03:00 [INF] ServiceManager Heartbeat: DB, Redis, and Services Healthy at "2026-10-05T13:37:28.8669883+03:00"
2026-10-05 13:38:28.873 +03:00 [INF] ServiceManager Heartbeat: DB, Redis, and Services Healthy at "2026-10-05T13:38:28.8737412+03:00"
2026-10-05 13:39:28.885 +03:00 [INF] ServiceManager Heartbeat: DB, Redis, and Services Healthy at "2026-10-05T13:39:28.8855749+03:00"
2026-10-05 13:40:28.898 +03:00 [INF] ServiceManager Heartbeat: DB, Redis, and Services Healthy at "2026-10-05T13:40:28.8984733+03:00"
2026-10-05 13:41:28.913 +03:00 [INF] ServiceManager Heartbeat: DB, Redis, and Services Healthy at "2026-10-05T13:41:28.9132674+03:00"
2026-10-05 13:42:28.931 +03:00 [INF] ServiceManager Heartbeat: DB, Redis, and Services Healthy at "2026-10-05T13:42:28.9312005+03:00"
2026-10-05 13:43:28.942 +03:00 [INF] ServiceManager Heartbeat: DB, Redis, and Services Healthy at "2026-10-05T13:43:28.9428413+03:00"
2026-10-05 13:44:28.952 +03:00 [INF] ServiceManager Heartbeat: DB, Redis, and Services Healthy at "2026-10-05T13:44:28.9528939+03:00"
2026-10-05 13:45:28.964 +03:00 [INF] ServiceManager Heartbeat: DB, Redis, and Services Healthy at "2026-10-05T13:45:28.9641812+03:00"
2026-10-05 13:46:28.975 +03:00 [INF] ServiceManager Heartbeat: DB, Redis, and Services Healthy at "2026-10-05T13:46:28.9754689+03:00"
2026-10-05 13:47:28.988 +03:00 [INF] ServiceManager Heartbeat: DB, Redis, and Services Healthy at "2026-10-05T13:47:28.9889344+03:00"
2026-10-05 13:48:29.000 +03:00 [INF] ServiceManager Heartbeat: DB, Redis, and Services Healthy at "2026-10-05T13:48:29.0001438+03:00"
2026-10-05 13:49:29.016 +03:00 [INF] ServiceManager Heartbeat: DB, Redis, and Services Healthy at "2026-10-05T13:49:29.0163029+03:00"
2026-10-05 13:50:29.028 +03:00 [INF] ServiceManager Heartbeat: DB, Redis, and Services Healthy at "2026-10-05T13:50:29.0285697+03:00"
2026-10-05 13:51:29.039 +03:00 [INF] ServiceManager Heartbeat: DB, Redis, and Services Healthy at "2026-10-05T13:51:29.0391539+03:00"
2026-10-05 13:52:29.048 +03:00 [INF] ServiceManager Heartbeat: DB, Redis, and Services Healthy at "2026-10-05T13:52:29.0489275+03:00"
2026-10-05 13:53:29.067 +03:00 [INF] ServiceManager Heartbeat: DB, Redis, and Services Healthy at "2026-10-05T13:53:29.0676418+03:00"
2026-10-05 13:54:29.083 +03:00 [INF] ServiceManager Heartbeat: DB, Redis, and Services Healthy at "2026-10-05T13:54:29.0835892+03:00"
2026-10-05 13:55:29.091 +03:00 [INF] ServiceManager Heartbeat: DB, Redis, and Services Healthy at "2026-10-05T13:55:29.0918456+03:00"
2026-10-05 13:56:29.100 +03:00 [INF] ServiceManager Heartbeat: DB, Redis, and Services Healthy at "2026-10-05T13:56:29.1000155+03:00"
2026-10-05 13:57:29.105 +03:00 [INF] ServiceManager Heartbeat: DB, Redis, and Services Healthy at "2026-10-05T13:57:29.1056200+03:00"
2026-10-05 13:58:29.122 +03:00 [INF] ServiceManager Heartbeat: DB, Redis, and Services Healthy at "2026-10-05T13:58:29.1223228+03:00"
2026-10-05 13:59:29.140 +03:00 [INF] ServiceManager Heartbeat: DB, Redis, and Services Healthy at "2026-10-05T13:59:29.1409191+03:00"
2026-10-05 14:00:29.155 +03:00 [INF] ServiceManager Heartbeat: DB, Redis, and Services Healthy at "2026-10-05T14:00:29.1553846+03:00"
2026-10-05 14:01:29.176 +03:00 [INF] ServiceManager Heartbeat: DB, Redis, and Services Healthy at "2026-10-05T14:01:29.1760870+03:00"
2026-10-05 14:02:29.222 +03:00 [INF] ServiceManager Heartbeat: DB, Redis, and Services Healthy at "2026-10-05T14:02:29.2222171+03:00"
2026-10-05 14:03:29.240 +03:00 [INF] ServiceManager Heartbeat: DB, Redis, and Services Healthy at "2026-10-05T14:03:29.2407474+03:00"
2026-10-05 14:04:29.255 +03:00 [INF] ServiceManager Heartbeat: DB, Redis, and Services Healthy at "2026-10-05T14:04:29.2553321+03:00"
2026-10-05 14:05:29.279 +03:00 [INF] ServiceManager Heartbeat: DB, Redis, and Services Healthy at "2026-10-05T14:05:29.2792029+03:00"
2026-10-05 14:06:29.349 +03:00 [INF] ServiceManager Heartbeat: DB, Redis, and Services Healthy at "2026-10-05T14:06:29.3491384+03:00"
2026-10-05 14:07:29.354 +03:00 [INF] ServiceManager Heartbeat: DB, Redis, and Services Healthy at "2026-10-05T14:07:29.3543833+03:00"
2026-10-05 14:08:29.364 +03:00 [INF] ServiceManager Heartbeat: DB, Redis, and Services Healthy at "2026-10-05T14:08:29.3644622+03:00"
2026-10-05 14:09:29.380 +03:00 [INF] ServiceManager Heartbeat: DB, Redis, and Services Healthy at "2026-10-05T14:09:29.3803010+03:00"
2026-10-05 14:10:29.389 +03:00 [INF] ServiceManager Heartbeat: DB, Redis, and Services Healthy at "2026-10-05T14:10:29.3889799+03:00"
2026-10-05 14:11:29.399 +03:00 [INF] ServiceManager Heartbeat: DB, Redis, and Services Healthy at "2026-10-05T14:11:29.3993553+03:00"
2026-10-05 14:12:29.413 +03:00 [INF] ServiceManager Heartbeat: DB, Redis, and Services Healthy at "2026-10-05T14:12:29.4137427+03:00"
2026-10-05 14:13:29.420 +03:00 [INF] ServiceManager Heartbeat: DB, Redis, and Services Healthy at "2026-10-05T14:13:29.4205029+03:00"
2026-10-05 14:14:29.434 +03:00 [INF] ServiceManager Heartbeat: DB, Redis, and Services Healthy at "2026-10-05T14:14:29.4344317+03:00"
2026-10-05 14:15:29.450 +03:00 [INF] ServiceManager Heartbeat: DB, Redis, and Services Healthy at "2026-10-05T14:15:29.4505912+03:00"
2026-10-05 14:16:29.454 +03:00 [INF] ServiceManager Heartbeat: DB, Redis, and Services Healthy at "2026-10-05T14:16:29.4546798+03:00"
2026-10-05 14:17:29.469 +03:00 [INF] ServiceManager Heartbeat: DB, Redis, and Services Healthy at "2026-10-05T14:17:29.4696698+03:00"
2026-10-05 14:18:29.482 +03:00 [INF] ServiceManager Heartbeat: DB, Redis, and Services Healthy at "2026-10-05T14:18:29.4822794+03:00"
2026-10-05 14:19:29.500 +03:00 [INF] ServiceManager Heartbeat: DB, Redis, and Services Healthy at "2026-10-05T14:19:29.5001237+03:00"
2026-10-05 14:20:29.518 +03:00 [INF] ServiceManager Heartbeat: DB, Redis, and Services Healthy at "2026-10-05T14:20:29.5181829+03:00"
2026-10-05 14:21:29.528 +03:00 [INF] ServiceManager Heartbeat: DB, Redis, and Services Healthy at "2026-10-05T14:21:29.5285957+03:00"
2026-10-05 14:22:29.546 +03:00 [INF] ServiceManager Heartbeat: DB, Redis, and Services Healthy at "2026-10-05T14:22:29.5463720+03:00"
2026-10-05 14:23:29.554 +03:00 [INF] ServiceManager Heartbeat: DB, Redis, and Services Healthy at "2026-10-05T14:23:29.5541637+03:00"
2026-10-05 14:24:29.566 +03:00 [INF] ServiceManager Heartbeat: DB, Redis, and Services Healthy at "2026-10-05T14:24:29.5660040+03:00"
2026-10-05 14:25:29.661 +03:00 [INF] ServiceManager Heartbeat: DB, Redis, and Services Healthy at "2026-10-05T14:25:29.6617022+03:00"
2026-10-05 14:26:29.678 +03:00 [INF] ServiceManager Heartbeat: DB, Redis, and Services Healthy at "2026-10-05T14:26:29.6785286+03:00"
2026-10-05 14:27:29.756 +03:00 [INF] ServiceManager Heartbeat: DB, Redis, and Services Healthy at "2026-10-05T14:27:29.7565003+03:00"
2026-10-05 14:28:29.769 +03:00 [INF] ServiceManager Heartbeat: DB, Redis, and Services Healthy at "2026-10-05T14:28:29.7696257+03:00"
2026-10-05 14:29:29.785 +03:00 [INF] ServiceManager Heartbeat: DB, Redis, and Services Healthy at "2026-10-05T14:29:29.7851538+03:00"
2026-10-05 14:30:29.793 +03:00 [INF] ServiceManager Heartbeat: DB, Redis, and Services Healthy at "2026-10-05T14:30:29.7937043+03:00"
2026-10-05 14:31:29.812 +03:00 [INF] ServiceManager Heartbeat: DB, Redis, and Services Healthy at "2026-10-05T14:31:29.8122430+03:00"
2026-10-05 14:32:29.822 +03:00 [INF] ServiceManager Heartbeat: DB, Redis, and Services Healthy at "2026-10-05T14:32:29.8224821+03:00"
2026-10-05 14:33:29.843 +03:00 [INF] ServiceManager Heartbeat: DB, Redis, and Services Healthy at "2026-10-05T14:33:29.8432076+03:00"
2026-10-05 14:34:29.862 +03:00 [INF] ServiceManager Heartbeat: DB, Redis, and Services Healthy at "2026-10-05T14:34:29.8619873+03:00"
2026-10-05 14:35:29.871 +03:00 [INF] ServiceManager Heartbeat: DB, Redis, and Services Healthy at "2026-10-05T14:35:29.8717784+03:00"
2026-10-05 14:36:29.879 +03:00 [INF] ServiceManager Heartbeat: DB, Redis, and Services Healthy at "2026-10-05T14:36:29.8795622+03:00"
2026-10-05 14:37:29.924 +03:00 [INF] ServiceManager Heartbeat: DB, Redis, and Services Healthy at "2026-10-05T14:37:29.9248883+03:00"
2026-10-05 14:38:29.954 +03:00 [INF] ServiceManager Heartbeat: DB, Redis, and Services Healthy at "2026-10-05T14:38:29.9545822+03:00"
2026-10-05 16:08:25.027 +03:00 [INF] ServiceManager Heartbeat: DB, Redis, and Services Healthy at "2026-10-05T16:08:25.0276554+03:00"
2026-10-05 16:09:25.032 +03:00 [INF] ServiceManager Heartbeat: DB, Redis, and Services Healthy at "2026-10-05T16:09:25.0323724+03:00"
2026-10-05 16:10:25.044 +03:00 [INF] ServiceManager Heartbeat: DB, Redis, and Services Healthy at "2026-10-05T16:10:25.0445392+03:00"
2026-10-05 16:11:25.062 +03:00 [INF] ServiceManager Heartbeat: DB, Redis, and Services Healthy at "2026-10-05T16:11:25.0623189+03:00"
2026-10-05 16:12:25.076 +03:00 [INF] ServiceManager Heartbeat: DB, Redis, and Services Healthy at "2026-10-05T16:12:25.0765060+03:00"
2026-10-05 16:13:25.251 +03:00 [INF] ServiceManager Heartbeat: DB, Redis, and Services Healthy at "2026-10-05T16:13:25.2518000+03:00"
2026-10-05 16:14:25.337 +03:00 [INF] ServiceManager Heartbeat: DB, Redis, and Services Healthy at "2026-10-05T16:14:25.3373267+03:00"
2026-10-05 16:15:25.354 +03:00 [INF] ServiceManager Heartbeat: DB, Redis, and Services Healthy at "2026-10-05T16:15:25.3547395+03:00"
2026-10-05 16:16:25.448 +03:00 [INF] ServiceManager Heartbeat: DB, Redis, and Services Healthy at "2026-10-05T16:16:25.4482499+03:00"
2026-10-05 16:17:25.516 +03:00 [INF] ServiceManager Heartbeat: DB, Redis, and Services Healthy at "2026-10-05T16:17:25.5159659+03:00"
2026-10-05 16:18:26.011 +03:00 [INF] ServiceManager Heartbeat: DB, Redis, and Services Healthy at "2026-10-05T16:18:26.0118282+03:00"
2026-10-05 16:19:26.084 +03:00 [INF] ServiceManager Heartbeat: DB, Redis, and Services Healthy at "2026-10-05T16:19:26.0842578+03:00"
2026-10-05 16:20:26.180 +03:00 [INF] ServiceManager Heartbeat: DB, Redis, and Services Healthy at "2026-10-05T16:20:26.1803610+03:00"
2026-10-05 16:21:26.200 +03:00 [INF] ServiceManager Heartbeat: DB, Redis, and Services Healthy at "2026-10-05T16:21:26.1999929+03:00"
2026-10-05 16:22:26.221 +03:00 [INF] ServiceManager Heartbeat: DB, Redis, and Services Healthy at "2026-10-05T16:22:26.2216567+03:00"
2026-10-05 16:23:26.283 +03:00 [INF] ServiceManager Heartbeat: DB, Redis, and Services Healthy at "2026-10-05T16:23:26.2838490+03:00"
2026-10-05 16:24:26.365 +03:00 [INF] ServiceManager Heartbeat: DB, Redis, and Services Healthy at "2026-10-05T16:24:26.3652106+03:00"
2026-10-05 16:25:26.661 +03:00 [INF] ServiceManager Heartbeat: DB, Redis, and Services Healthy at "2026-10-05T16:25:26.6614219+03:00"
2026-10-05 16:26:26.840 +03:00 [INF] ServiceManager Heartbeat: DB, Redis, and Services Healthy at "2026-10-05T16:26:26.8406472+03:00"
2026-10-05 16:27:26.868 +03:00 [INF] ServiceManager Heartbeat: DB, Redis, and Services Healthy at "2026-10-05T16:27:26.8685259+03:00"
2026-10-05 16:28:26.998 +03:00 [INF] ServiceManager Heartbeat: DB, Redis, and Services Healthy at "2026-10-05T16:28:26.9981743+03:00"
2026-10-05 16:29:27.566 +03:00 [INF] ServiceManager Heartbeat: DB, Redis, and Services Healthy at "2026-10-05T16:29:27.5663356+03:00"
2026-10-05 16:30:27.955 +03:00 [INF] ServiceManager Heartbeat: DB, Redis, and Services Healthy at "2026-10-05T16:30:27.9556539+03:00"
2026-10-05 16:31:28.612 +03:00 [INF] ServiceManager Heartbeat: DB, Redis, and Services Healthy at "2026-10-05T16:31:28.6126374+03:00"
2026-10-05 16:32:29.124 +03:00 [INF] ServiceManager Heartbeat: DB, Redis, and Services Healthy at "2026-10-05T16:32:29.1245414+03:00"
2026-10-05 16:33:29.207 +03:00 [INF] ServiceManager Heartbeat: DB, Redis, and Services Healthy at "2026-10-05T16:33:29.2075575+03:00"
2026-10-05 16:34:29.237 +03:00 [INF] ServiceManager Heartbeat: DB, Redis, and Services Healthy at "2026-10-05T16:34:29.2378116+03:00"
2026-10-05 16:35:29.756 +03:00 [INF] ServiceManager Heartbeat: DB, Redis, and Services Healthy at "2026-10-05T16:35:29.7568467+03:00"
2026-10-05 16:36:30.073 +03:00 [INF] ServiceManager Heartbeat: DB, Redis, and Services Healthy at "2026-10-05T16:36:30.0737806+03:00"
2026-10-05 16:37:30.719 +03:00 [INF] ServiceManager Heartbeat: DB, Redis, and Services Healthy at "2026-10-05T16:37:30.7190719+03:00"
2026-10-05 16:38:30.895 +03:00 [INF] ServiceManager Heartbeat: DB, Redis, and Services Healthy at "2026-10-05T16:38:30.8951899+03:00"
2026-10-05 16:39:31.381 +03:00 [INF] ServiceManager Heartbeat: DB, Redis, and Services Healthy at "2026-10-05T16:39:31.3814051+03:00"
2026-10-05 16:40:31.872 +03:00 [INF] ServiceManager Heartbeat: DB, Redis, and Services Healthy at "2026-10-05T16:40:31.8720215+03:00"
2026-10-05 16:41:31.888 +03:00 [INF] ServiceManager Heartbeat: DB, Redis, and Services Healthy at "2026-10-05T16:41:31.8885819+03:00"
2026-10-05 16:42:31.941 +03:00 [INF] ServiceManager Heartbeat: DB, Redis, and Services Healthy at "2026-10-05T16:42:31.9414097+03:00"
2026-10-05 16:43:32.375 +03:00 [INF] ServiceManager Heartbeat: DB, Redis, and Services Healthy at "2026-10-05T16:43:32.3755785+03:00"
2026-10-05 16:44:32.603 +03:00 [INF] ServiceManager Heartbeat: DB, Redis, and Services Healthy at "2026-10-05T16:44:32.6031725+03:00"
2026-10-05 16:45:33.409 +03:00 [INF] ServiceManager Heartbeat: DB, Redis, and Services Healthy at "2026-10-05T16:45:33.4095561+03:00"
2026-10-05 16:46:33.972 +03:00 [INF] ServiceManager Heartbeat: DB, Redis, and Services Healthy at "2026-10-05T16:46:33.9725118+03:00"
2026-10-05 16:47:34.707 +03:00 [INF] ServiceManager Heartbeat: DB, Redis, and Services Healthy at "2026-10-05T16:47:34.7079725+03:00"
2026-10-05 16:48:35.551 +03:00 [INF] ServiceManager Heartbeat: DB, Redis, and Services Healthy at "2026-10-05T16:48:35.5518707+03:00"
2026-10-05 16:49:36.326 +03:00 [INF] ServiceManager Heartbeat: DB, Redis, and Services Healthy at "2026-10-05T16:49:36.3266852+03:00"
2026-10-05 16:50:04.381 +03:00 [INF] Application is shutting down...
2026-10-05 20:06:12.547 +03:00 [INF] ServiceManager Heartbeat: DB, Redis, and Services Healthy at "2026-10-05T20:06:12.4854937+03:00"
2026-10-05 20:06:12.663 +03:00 [INF] Application started. Press Ctrl+C to shut down.
2026-10-05 20:06:12.666 +03:00 [INF] Hosting environment: Development
2026-10-05 20:06:12.669 +03:00 [INF] Content root path: C:\Users\ASUS\source\repos\CMS\src\CMS.ServiceManager
2026-10-05 20:07:12.660 +03:00 [INF] ServiceManager Heartbeat: DB, Redis, and Services Healthy at "2026-10-05T20:07:12.6601878+03:00"
2026-10-05 20:08:12.668 +03:00 [INF] ServiceManager Heartbeat: DB, Redis, and Services Healthy at "2026-10-05T20:08:12.6681502+03:00"
2026-10-05 20:09:12.687 +03:00 [INF] ServiceManager Heartbeat: DB, Redis, and Services Healthy at "2026-10-05T20:09:12.6871926+03:00"
2026-10-05 20:10:12.703 +03:00 [INF] ServiceManager Heartbeat: DB, Redis, and Services Healthy at "2026-10-05T20:10:12.7027905+03:00"
2026-10-05 20:11:15.119 +03:00 [INF] ServiceManager Heartbeat: DB, Redis, and Services Healthy at "2026-10-05T20:11:15.1193674+03:00"
2026-10-05 20:12:15.136 +03:00 [INF] ServiceManager Heartbeat: DB, Redis, and Services Healthy at "2026-10-05T20:12:15.1364060+03:00"
2026-10-05 20:13:15.142 +03:00 [INF] ServiceManager Heartbeat: DB, Redis, and Services Healthy at "2026-10-05T20:13:15.1427634+03:00"
2026-10-05 20:14:15.154 +03:00 [INF] ServiceManager Heartbeat: DB, Redis, and Services Healthy at "2026-10-05T20:14:15.1542479+03:00"
2026-10-05 20:15:15.169 +03:00 [INF] ServiceManager Heartbeat: DB, Redis, and Services Healthy at "2026-10-05T20:15:15.1693826+03:00"
2026-10-05 20:16:15.188 +03:00 [INF] ServiceManager Heartbeat: DB, Redis, and Services Healthy at "2026-10-05T20:16:15.1884395+03:00"
2026-10-05 20:17:15.194 +03:00 [INF] ServiceManager Heartbeat: DB, Redis, and Services Healthy at "2026-10-05T20:17:15.1941552+03:00"
2026-10-05 20:18:15.205 +03:00 [INF] ServiceManager Heartbeat: DB, Redis, and Services Healthy at "2026-10-05T20:18:15.2055275+03:00"
2026-10-05 20:19:15.225 +03:00 [INF] ServiceManager Heartbeat: DB, Redis, and Services Healthy at "2026-10-05T20:19:15.2250460+03:00"
2026-10-05 20:20:15.242 +03:00 [INF] ServiceManager Heartbeat: DB, Redis, and Services Healthy at "2026-10-05T20:20:15.2421186+03:00"
2026-10-05 20:21:15.262 +03:00 [INF] ServiceManager Heartbeat: DB, Redis, and Services Healthy at "2026-10-05T20:21:15.2619163+03:00"
2026-10-05 20:22:15.269 +03:00 [INF] ServiceManager Heartbeat: DB, Redis, and Services Healthy at "2026-10-05T20:22:15.2697302+03:00"
2026-10-05 20:23:15.283 +03:00 [INF] ServiceManager Heartbeat: DB, Redis, and Services Healthy at "2026-10-05T20:23:15.2830029+03:00"
2026-10-05 20:24:15.298 +03:00 [INF] ServiceManager Heartbeat: DB, Redis, and Services Healthy at "2026-10-05T20:24:15.2988182+03:00"
2026-10-05 20:25:15.312 +03:00 [INF] ServiceManager Heartbeat: DB, Redis, and Services Healthy at "2026-10-05T20:25:15.3124722+03:00"
2026-10-05 20:26:15.328 +03:00 [INF] ServiceManager Heartbeat: DB, Redis, and Services Healthy at "2026-10-05T20:26:15.3281269+03:00"
2026-10-05 20:27:15.334 +03:00 [INF] ServiceManager Heartbeat: DB, Redis, and Services Healthy at "2026-10-05T20:27:15.3344585+03:00"
2026-10-05 20:28:15.347 +03:00 [INF] ServiceManager Heartbeat: DB, Redis, and Services Healthy at "2026-10-05T20:28:15.3476319+03:00"
2026-10-05 20:29:15.366 +03:00 [INF] ServiceManager Heartbeat: DB, Redis, and Services Healthy at "2026-10-05T20:29:15.3665559+03:00"
2026-10-05 20:30:15.380 +03:00 [INF] ServiceManager Heartbeat: DB, Redis, and Services Healthy at "2026-10-05T20:30:15.3803096+03:00"
2026-10-05 20:31:15.399 +03:00 [INF] ServiceManager Heartbeat: DB, Redis, and Services Healthy at "2026-10-05T20:31:15.3989244+03:00"
2026-10-05 20:32:15.409 +03:00 [INF] ServiceManager Heartbeat: DB, Redis, and Services Healthy at "2026-10-05T20:32:15.4090242+03:00"
2026-10-05 20:33:15.418 +03:00 [INF] ServiceManager Heartbeat: DB, Redis, and Services Healthy at "2026-10-05T20:33:15.4187002+03:00"
2026-10-05 20:34:15.435 +03:00 [INF] ServiceManager Heartbeat: DB, Redis, and Services Healthy at "2026-10-05T20:34:15.4353561+03:00"
2026-10-05 20:35:15.442 +03:00 [INF] ServiceManager Heartbeat: DB, Redis, and Services Healthy at "2026-10-05T20:35:15.4421533+03:00"
2026-10-05 20:36:15.461 +03:00 [INF] ServiceManager Heartbeat: DB, Redis, and Services Healthy at "2026-10-05T20:36:15.4610540+03:00"
2026-10-05 20:37:15.483 +03:00 [INF] ServiceManager Heartbeat: DB, Redis, and Services Healthy at "2026-10-05T20:37:15.4831114+03:00"
2026-10-05 20:38:15.499 +03:00 [INF] ServiceManager Heartbeat: DB, Redis, and Services Healthy at "2026-10-05T20:38:15.4996626+03:00"
2026-10-05 20:39:15.506 +03:00 [INF] ServiceManager Heartbeat: DB, Redis, and Services Healthy at "2026-10-05T20:39:15.5064116+03:00"
2026-10-05 20:40:15.512 +03:00 [INF] ServiceManager Heartbeat: DB, Redis, and Services Healthy at "2026-10-05T20:40:15.5125065+03:00"
2026-10-05 20:41:15.526 +03:00 [INF] ServiceManager Heartbeat: DB, Redis, and Services Healthy at "2026-10-05T20:41:15.5260987+03:00"
2026-10-05 20:42:15.535 +03:00 [INF] ServiceManager Heartbeat: DB, Redis, and Services Healthy at "2026-10-05T20:42:15.5357894+03:00"
2026-10-05 20:43:15.545 +03:00 [INF] ServiceManager Heartbeat: DB, Redis, and Services Healthy at "2026-10-05T20:43:15.5458042+03:00"
2026-10-05 20:44:01.491 +03:00 [INF] Application is shutting down...
2026-10-05 20:44:56.243 +03:00 [INF] ServiceManager Heartbeat: DB, Redis, and Services Healthy at "2026-10-05T20:44:56.1856074+03:00"
2026-10-05 20:44:56.351 +03:00 [INF] Application started. Press Ctrl+C to shut down.
2026-10-05 20:44:56.354 +03:00 [INF] Hosting environment: Development
2026-10-05 20:44:56.356 +03:00 [INF] Content root path: C:\Users\ASUS\source\repos\CMS\src\CMS.ServiceManager
2026-10-05 20:45:12.645 +03:00 [INF] Application is shutting down...
2026-10-05 20:51:21.578 +03:00 [INF] ServiceManager Heartbeat: DB, Redis, and Services Healthy at "2026-10-05T20:51:21.5124811+03:00"
2026-10-05 20:51:21.706 +03:00 [INF] Application started. Press Ctrl+C to shut down.
2026-10-05 20:51:21.711 +03:00 [INF] Hosting environment: Development
2026-10-05 20:51:21.719 +03:00 [INF] Content root path: C:\Users\ASUS\source\repos\CMS\src\CMS.ServiceManager
2026-10-05 20:52:21.706 +03:00 [INF] ServiceManager Heartbeat: DB, Redis, and Services Healthy at "2026-10-05T20:52:21.7058895+03:00"
2026-10-05 20:53:21.712 +03:00 [INF] ServiceManager Heartbeat: DB, Redis, and Services Healthy at "2026-10-05T20:53:21.7127026+03:00"
2026-10-05 20:54:21.718 +03:00 [INF] ServiceManager Heartbeat: DB, Redis, and Services Healthy at "2026-10-05T20:54:21.7178928+03:00"
2026-10-05 20:55:21.734 +03:00 [INF] ServiceManager Heartbeat: DB, Redis, and Services Healthy at "2026-10-05T20:55:21.7338600+03:00"
2026-10-05 20:56:21.750 +03:00 [INF] ServiceManager Heartbeat: DB, Redis, and Services Healthy at "2026-10-05T20:56:21.7503295+03:00"
2026-10-05 20:57:21.765 +03:00 [INF] ServiceManager Heartbeat: DB, Redis, and Services Healthy at "2026-10-05T20:57:21.7652759+03:00"
2026-10-05 20:58:21.813 +03:00 [INF] ServiceManager Heartbeat: DB, Redis, and Services Healthy at "2026-10-05T20:58:21.8138290+03:00"
2026-10-05 20:59:21.820 +03:00 [INF] ServiceManager Heartbeat: DB, Redis, and Services Healthy at "2026-10-05T20:59:21.8199979+03:00"
2026-10-05 21:00:21.880 +03:00 [INF] ServiceManager Heartbeat: DB, Redis, and Services Healthy at "2026-10-05T21:00:21.8805005+03:00"
2026-10-05 21:01:21.905 +03:00 [INF] ServiceManager Heartbeat: DB, Redis, and Services Healthy at "2026-10-05T21:01:21.9052275+03:00"
2026-10-05 21:02:21.919 +03:00 [INF] ServiceManager Heartbeat: DB, Redis, and Services Healthy at "2026-10-05T21:02:21.9198778+03:00"
2026-10-05 21:03:21.926 +03:00 [INF] ServiceManager Heartbeat: DB, Redis, and Services Healthy at "2026-10-05T21:03:21.9264357+03:00"
2026-10-05 21:04:21.933 +03:00 [INF] ServiceManager Heartbeat: DB, Redis, and Services Healthy at "2026-10-05T21:04:21.9336917+03:00"
2026-10-05 21:05:21.939 +03:00 [INF] ServiceManager Heartbeat: DB, Redis, and Services Healthy at "2026-10-05T21:05:21.9398494+03:00"
2026-10-05 21:06:21.956 +03:00 [INF] ServiceManager Heartbeat: DB, Redis, and Services Healthy at "2026-10-05T21:06:21.9559253+03:00"
2026-10-05 21:07:21.975 +03:00 [INF] ServiceManager Heartbeat: DB, Redis, and Services Healthy at "2026-10-05T21:07:21.9747761+03:00"
2026-10-05 21:08:21.995 +03:00 [INF] ServiceManager Heartbeat: DB, Redis, and Services Healthy at "2026-10-05T21:08:21.9951583+03:00"
2026-10-05 21:09:22.002 +03:00 [INF] ServiceManager Heartbeat: DB, Redis, and Services Healthy at "2026-10-05T21:09:22.0021925+03:00"
2026-10-05 21:10:22.012 +03:00 [INF] ServiceManager Heartbeat: DB, Redis, and Services Healthy at "2026-10-05T21:10:22.0120410+03:00"
2026-10-05 21:11:22.019 +03:00 [INF] ServiceManager Heartbeat: DB, Redis, and Services Healthy at "2026-10-05T21:11:22.0191513+03:00"
2026-10-05 21:12:22.039 +03:00 [INF] ServiceManager Heartbeat: DB, Redis, and Services Healthy at "2026-10-05T21:12:22.0396810+03:00"
2026-10-05 21:13:22.052 +03:00 [INF] ServiceManager Heartbeat: DB, Redis, and Services Healthy at "2026-10-05T21:13:22.0523143+03:00"
2026-10-05 21:14:22.064 +03:00 [INF] ServiceManager Heartbeat: DB, Redis, and Services Healthy at "2026-10-05T21:14:22.0641257+03:00"
2026-10-05 21:15:22.085 +03:00 [INF] ServiceManager Heartbeat: DB, Redis, and Services Healthy at "2026-10-05T21:15:22.0855357+03:00"
2026-10-05 21:16:22.097 +03:00 [INF] ServiceManager Heartbeat: DB, Redis, and Services Healthy at "2026-10-05T21:16:22.0973706+03:00"
2026-10-05 21:17:22.116 +03:00 [INF] ServiceManager Heartbeat: DB, Redis, and Services Healthy at "2026-10-05T21:17:22.1165618+03:00"
2026-10-05 21:18:22.128 +03:00 [INF] ServiceManager Heartbeat: DB, Redis, and Services Healthy at "2026-10-05T21:18:22.1285598+03:00"
2026-10-05 21:19:22.136 +03:00 [INF] ServiceManager Heartbeat: DB, Redis, and Services Healthy at "2026-10-05T21:19:22.1359537+03:00"
2026-10-05 21:20:22.150 +03:00 [INF] ServiceManager Heartbeat: DB, Redis, and Services Healthy at "2026-10-05T21:20:22.1507743+03:00"
2026-10-05 21:21:22.167 +03:00 [INF] ServiceManager Heartbeat: DB, Redis, and Services Healthy at "2026-10-05T21:21:22.1673503+03:00"
2026-10-05 21:22:22.181 +03:00 [INF] ServiceManager Heartbeat: DB, Redis, and Services Healthy at "2026-10-05T21:22:22.1814157+03:00"
2026-10-05 21:23:22.191 +03:00 [INF] ServiceManager Heartbeat: DB, Redis, and Services Healthy at "2026-10-05T21:23:22.1911584+03:00"
2026-10-05 21:24:22.207 +03:00 [INF] ServiceManager Heartbeat: DB, Redis, and Services Healthy at "2026-10-05T21:24:22.2072599+03:00"
2026-10-05 21:25:22.218 +03:00 [INF] ServiceManager Heartbeat: DB, Redis, and Services Healthy at "2026-10-05T21:25:22.2189063+03:00"
2026-10-05 21:26:22.233 +03:00 [INF] ServiceManager Heartbeat: DB, Redis, and Services Healthy at "2026-10-05T21:26:22.2333196+03:00"
2026-10-05 21:27:22.239 +03:00 [INF] ServiceManager Heartbeat: DB, Redis, and Services Healthy at "2026-10-05T21:27:22.2399470+03:00"
2026-10-05 21:28:22.252 +03:00 [INF] ServiceManager Heartbeat: DB, Redis, and Services Healthy at "2026-10-05T21:28:22.2527264+03:00"
2026-10-05 21:29:22.269 +03:00 [INF] ServiceManager Heartbeat: DB, Redis, and Services Healthy at "2026-10-05T21:29:22.2696592+03:00"
2026-10-05 21:30:22.287 +03:00 [INF] ServiceManager Heartbeat: DB, Redis, and Services Healthy at "2026-10-05T21:30:22.2877353+03:00"
2026-10-05 21:31:22.303 +03:00 [INF] ServiceManager Heartbeat: DB, Redis, and Services Healthy at "2026-10-05T21:31:22.3032121+03:00"
2026-10-05 21:32:22.312 +03:00 [INF] ServiceManager Heartbeat: DB, Redis, and Services Healthy at "2026-10-05T21:32:22.3129255+03:00"
2026-10-05 21:33:22.322 +03:00 [INF] ServiceManager Heartbeat: DB, Redis, and Services Healthy at "2026-10-05T21:33:22.3224377+03:00"
2026-10-05 21:34:22.334 +03:00 [INF] ServiceManager Heartbeat: DB, Redis, and Services Healthy at "2026-10-05T21:34:22.3348832+03:00"
2026-10-05 21:35:22.344 +03:00 [INF] ServiceManager Heartbeat: DB, Redis, and Services Healthy at "2026-10-05T21:35:22.3446607+03:00"
2026-10-05 21:36:22.362 +03:00 [INF] ServiceManager Heartbeat: DB, Redis, and Services Healthy at "2026-10-05T21:36:22.3621725+03:00"
2026-10-05 21:37:22.381 +03:00 [INF] ServiceManager Heartbeat: DB, Redis, and Services Healthy at "2026-10-05T21:37:22.3814802+03:00"
2026-10-05 21:38:22.387 +03:00 [INF] ServiceManager Heartbeat: DB, Redis, and Services Healthy at "2026-10-05T21:38:22.3879014+03:00"
2026-10-05 21:39:22.397 +03:00 [INF] ServiceManager Heartbeat: DB, Redis, and Services Healthy at "2026-10-05T21:39:22.3976805+03:00"
2026-10-05 21:40:22.407 +03:00 [INF] ServiceManager Heartbeat: DB, Redis, and Services Healthy at "2026-10-05T21:40:22.4076636+03:00"
2026-10-05 21:41:22.417 +03:00 [INF] ServiceManager Heartbeat: DB, Redis, and Services Healthy at "2026-10-05T21:41:22.4172924+03:00"
2026-10-05 21:42:22.438 +03:00 [INF] ServiceManager Heartbeat: DB, Redis, and Services Healthy at "2026-10-05T21:42:22.4380220+03:00"
2026-10-05 21:43:22.458 +03:00 [INF] ServiceManager Heartbeat: DB, Redis, and Services Healthy at "2026-10-05T21:43:22.4584568+03:00"
2026-10-05 21:44:22.475 +03:00 [INF] ServiceManager Heartbeat: DB, Redis, and Services Healthy at "2026-10-05T21:44:22.4752958+03:00"
2026-10-05 21:45:22.494 +03:00 [INF] ServiceManager Heartbeat: DB, Redis, and Services Healthy at "2026-10-05T21:45:22.4944587+03:00"
2026-10-05 21:46:22.505 +03:00 [INF] ServiceManager Heartbeat: DB, Redis, and Services Healthy at "2026-10-05T21:46:22.5057929+03:00"
2026-10-05 21:47:22.512 +03:00 [INF] ServiceManager Heartbeat: DB, Redis, and Services Healthy at "2026-10-05T21:47:22.5119622+03:00"
2026-10-05 21:48:22.523 +03:00 [INF] ServiceManager Heartbeat: DB, Redis, and Services Healthy at "2026-10-05T21:48:22.5236000+03:00"
2026-10-05 21:49:22.540 +03:00 [INF] ServiceManager Heartbeat: DB, Redis, and Services Healthy at "2026-10-05T21:49:22.5399414+03:00"
2026-10-05 21:50:22.560 +03:00 [INF] ServiceManager Heartbeat: DB, Redis, and Services Healthy at "2026-10-05T21:50:22.5603682+03:00"
2026-10-05 21:51:22.577 +03:00 [INF] ServiceManager Heartbeat: DB, Redis, and Services Healthy at "2026-10-05T21:51:22.5769900+03:00"
2026-10-05 21:52:22.589 +03:00 [INF] ServiceManager Heartbeat: DB, Redis, and Services Healthy at "2026-10-05T21:52:22.5893929+03:00"
2026-10-05 21:53:22.601 +03:00 [INF] ServiceManager Heartbeat: DB, Redis, and Services Healthy at "2026-10-05T21:53:22.6018557+03:00"
2026-10-05 21:54:22.608 +03:00 [INF] ServiceManager Heartbeat: DB, Redis, and Services Healthy at "2026-10-05T21:54:22.6085794+03:00"
2026-10-05 21:55:22.630 +03:00 [INF] ServiceManager Heartbeat: DB, Redis, and Services Healthy at "2026-10-05T21:55:22.6304094+03:00"
2026-10-05 21:56:22.640 +03:00 [INF] ServiceManager Heartbeat: DB, Redis, and Services Healthy at "2026-10-05T21:56:22.6406091+03:00"
2026-10-05 21:57:22.654 +03:00 [INF] ServiceManager Heartbeat: DB, Redis, and Services Healthy at "2026-10-05T21:57:22.6541301+03:00"
2026-10-05 21:58:22.674 +03:00 [INF] ServiceManager Heartbeat: DB, Redis, and Services Healthy at "2026-10-05T21:58:22.6743786+03:00"
2026-10-05 21:59:22.691 +03:00 [INF] ServiceManager Heartbeat: DB, Redis, and Services Healthy at "2026-10-05T21:59:22.6918386+03:00"
2026-10-05 22:00:22.707 +03:00 [INF] ServiceManager Heartbeat: DB, Redis, and Services Healthy at "2026-10-05T22:00:22.7079546+03:00"
2026-10-05 22:01:22.719 +03:00 [INF] ServiceManager Heartbeat: DB, Redis, and Services Healthy at "2026-10-05T22:01:22.7196464+03:00"
2026-10-05 22:02:22.736 +03:00 [INF] ServiceManager Heartbeat: DB, Redis, and Services Healthy at "2026-10-05T22:02:22.7365970+03:00"
2026-10-05 22:03:22.745 +03:00 [INF] ServiceManager Heartbeat: DB, Redis, and Services Healthy at "2026-10-05T22:03:22.7459241+03:00"
2026-10-05 22:04:22.751 +03:00 [INF] ServiceManager Heartbeat: DB, Redis, and Services Healthy at "2026-10-05T22:04:22.7518049+03:00"
2026-10-05 22:05:22.771 +03:00 [INF] ServiceManager Heartbeat: DB, Redis, and Services Healthy at "2026-10-05T22:05:22.7716167+03:00"
2026-10-05 22:06:22.778 +03:00 [INF] ServiceManager Heartbeat: DB, Redis, and Services Healthy at "2026-10-05T22:06:22.7782453+03:00"
2026-10-05 22:07:22.786 +03:00 [INF] ServiceManager Heartbeat: DB, Redis, and Services Healthy at "2026-10-05T22:07:22.7866060+03:00"
2026-10-05 22:08:22.806 +03:00 [INF] ServiceManager Heartbeat: DB, Redis, and Services Healthy at "2026-10-05T22:08:22.8060404+03:00"
2026-10-05 22:09:22.821 +03:00 [INF] ServiceManager Heartbeat: DB, Redis, and Services Healthy at "2026-10-05T22:09:22.8211651+03:00"
2026-10-05 22:10:22.838 +03:00 [INF] ServiceManager Heartbeat: DB, Redis, and Services Healthy at "2026-10-05T22:10:22.8382180+03:00"
2026-10-05 22:11:22.856 +03:00 [INF] ServiceManager Heartbeat: DB, Redis, and Services Healthy at "2026-10-05T22:11:22.8564025+03:00"
2026-10-05 22:12:22.875 +03:00 [INF] ServiceManager Heartbeat: DB, Redis, and Services Healthy at "2026-10-05T22:12:22.8750846+03:00"
2026-10-05 22:13:22.888 +03:00 [INF] ServiceManager Heartbeat: DB, Redis, and Services Healthy at "2026-10-05T22:13:22.8886436+03:00"
2026-10-05 22:14:22.951 +03:00 [INF] ServiceManager Heartbeat: DB, Redis, and Services Healthy at "2026-10-05T22:14:22.9511766+03:00"
2026-10-05 22:15:08.061 +03:00 [INF] Application is shutting down...
2026-10-05 22:21:25.984 +03:00 [INF] ServiceManager Heartbeat: DB, Redis, and Services Healthy at "2026-10-05T22:21:25.9149385+03:00"
2026-10-05 22:21:26.107 +03:00 [INF] Application started. Press Ctrl+C to shut down.
2026-10-05 22:21:26.110 +03:00 [INF] Hosting environment: Development
2026-10-05 22:21:26.113 +03:00 [INF] Content root path: C:\Users\ASUS\source\repos\CMS\src\CMS.ServiceManager
2026-10-05 22:22:26.108 +03:00 [INF] ServiceManager Heartbeat: DB, Redis, and Services Healthy at "2026-10-05T22:22:26.1082486+03:00"
2026-10-05 22:23:26.128 +03:00 [INF] ServiceManager Heartbeat: DB, Redis, and Services Healthy at "2026-10-05T22:23:26.1284145+03:00"
2026-10-05 22:24:26.148 +03:00 [INF] ServiceManager Heartbeat: DB, Redis, and Services Healthy at "2026-10-05T22:24:26.1482033+03:00"
2026-10-05 22:25:26.162 +03:00 [INF] ServiceManager Heartbeat: DB, Redis, and Services Healthy at "2026-10-05T22:25:26.1621425+03:00"
2026-10-05 22:26:26.169 +03:00 [INF] ServiceManager Heartbeat: DB, Redis, and Services Healthy at "2026-10-05T22:26:26.1692716+03:00"
2026-10-05 22:27:26.183 +03:00 [INF] ServiceManager Heartbeat: DB, Redis, and Services Healthy at "2026-10-05T22:27:26.1836616+03:00"
2026-10-05 22:28:26.202 +03:00 [INF] ServiceManager Heartbeat: DB, Redis, and Services Healthy at "2026-10-05T22:28:26.2027694+03:00"
2026-10-05 22:29:26.219 +03:00 [INF] ServiceManager Heartbeat: DB, Redis, and Services Healthy at "2026-10-05T22:29:26.2192698+03:00"
2026-10-05 22:30:26.241 +03:00 [INF] ServiceManager Heartbeat: DB, Redis, and Services Healthy at "2026-10-05T22:30:26.2417685+03:00"
2026-10-05 22:31:26.257 +03:00 [INF] ServiceManager Heartbeat: DB, Redis, and Services Healthy at "2026-10-05T22:31:26.2571595+03:00"
2026-10-05 22:32:26.274 +03:00 [INF] ServiceManager Heartbeat: DB, Redis, and Services Healthy at "2026-10-05T22:32:26.2746071+03:00"
2026-10-05 22:33:26.295 +03:00 [INF] ServiceManager Heartbeat: DB, Redis, and Services Healthy at "2026-10-05T22:33:26.2955429+03:00"
2026-10-05 22:34:26.317 +03:00 [INF] ServiceManager Heartbeat: DB, Redis, and Services Healthy at "2026-10-05T22:34:26.3173143+03:00"
2026-10-05 22:35:25.148 +03:00 [INF] Application is shutting down...
