2026-10-09 10:41:33.178 +03:00 [INF] ServiceManager Heartbeat: DB, Redis, and Services Healthy at "2026-10-09T10:41:33.0913287+03:00"
2026-10-09 10:41:33.427 +03:00 [INF] Application started. Press Ctrl+C to shut down.
2026-10-09 10:41:33.466 +03:00 [INF] Hosting environment: Development
2026-10-09 10:41:33.469 +03:00 [INF] Content root path: C:\Users\ASUS\source\repos\CMS\src\CMS.ServiceManager
2026-10-09 10:42:33.424 +03:00 [INF] ServiceManager Heartbeat: DB, Redis, and Services Healthy at "2026-10-09T10:42:33.4240504+03:00"
2026-10-09 10:43:33.444 +03:00 [INF] ServiceManager Heartbeat: DB, Redis, and Services Healthy at "2026-10-09T10:43:33.4439708+03:00"
2026-10-09 10:44:33.450 +03:00 [INF] ServiceManager Heartbeat: DB, Redis, and Services Healthy at "2026-10-09T10:44:33.4501348+03:00"
2026-10-09 10:45:33.460 +03:00 [INF] ServiceManager Heartbeat: DB, Redis, and Services Healthy at "2026-10-09T10:45:33.4602872+03:00"
2026-10-09 10:46:33.468 +03:00 [INF] ServiceManager Heartbeat: DB, Redis, and Services Healthy at "2026-10-09T10:46:33.4682873+03:00"
2026-10-09 10:47:33.484 +03:00 [INF] ServiceManager Heartbeat: DB, Redis, and Services Healthy at "2026-10-09T10:47:33.4838971+03:00"
2026-10-09 10:48:33.499 +03:00 [INF] ServiceManager Heartbeat: DB, Redis, and Services Healthy at "2026-10-09T10:48:33.4995120+03:00"
2026-10-09 10:49:33.507 +03:00 [INF] ServiceManager Heartbeat: DB, Redis, and Services Healthy at "2026-10-09T10:49:33.5074439+03:00"
2026-10-09 10:50:33.514 +03:00 [INF] ServiceManager Heartbeat: DB, Redis, and Services Healthy at "2026-10-09T10:50:33.5144092+03:00"
2026-10-09 10:51:33.526 +03:00 [INF] ServiceManager Heartbeat: DB, Redis, and Services Healthy at "2026-10-09T10:51:33.5264631+03:00"
2026-10-09 10:52:33.543 +03:00 [INF] ServiceManager Heartbeat: DB, Redis, and Services Healthy at "2026-10-09T10:52:33.5436679+03:00"
2026-10-09 10:53:33.554 +03:00 [INF] ServiceManager Heartbeat: DB, Redis, and Services Healthy at "2026-10-09T10:53:33.5540769+03:00"
2026-10-09 10:54:33.562 +03:00 [INF] ServiceManager Heartbeat: DB, Redis, and Services Healthy at "2026-10-09T10:54:33.5624008+03:00"
2026-10-09 10:55:33.580 +03:00 [INF] ServiceManager Heartbeat: DB, Redis, and Services Healthy at "2026-10-09T10:55:33.5805738+03:00"
2026-10-09 10:56:33.585 +03:00 [INF] ServiceManager Heartbeat: DB, Redis, and Services Healthy at "2026-10-09T10:56:33.5857699+03:00"
2026-10-09 10:57:33.602 +03:00 [INF] ServiceManager Heartbeat: DB, Redis, and Services Healthy at "2026-10-09T10:57:33.6025760+03:00"
2026-10-09 10:58:33.612 +03:00 [INF] ServiceManager Heartbeat: DB, Redis, and Services Healthy at "2026-10-09T10:58:33.6123505+03:00"
2026-10-09 10:59:33.631 +03:00 [INF] ServiceManager Heartbeat: DB, Redis, and Services Healthy at "2026-10-09T10:59:33.6318513+03:00"
2026-10-09 11:00:33.639 +03:00 [INF] ServiceManager Heartbeat: DB, Redis, and Services Healthy at "2026-10-09T11:00:33.6389334+03:00"
2026-10-09 11:01:33.652 +03:00 [INF] ServiceManager Heartbeat: DB, Redis, and Services Healthy at "2026-10-09T11:01:33.6522788+03:00"
2026-10-09 11:02:33.671 +03:00 [INF] ServiceManager Heartbeat: DB, Redis, and Services Healthy at "2026-10-09T11:02:33.6714105+03:00"
2026-10-09 11:03:33.692 +03:00 [INF] ServiceManager Heartbeat: DB, Redis, and Services Healthy at "2026-10-09T11:03:33.6921723+03:00"
2026-10-09 11:04:33.711 +03:00 [INF] ServiceManager Heartbeat: DB, Redis, and Services Healthy at "2026-10-09T11:04:33.7118608+03:00"
2026-10-09 11:05:33.718 +03:00 [INF] ServiceManager Heartbeat: DB, Redis, and Services Healthy at "2026-10-09T11:05:33.7187150+03:00"
2026-10-09 11:06:33.725 +03:00 [INF] ServiceManager Heartbeat: DB, Redis, and Services Healthy at "2026-10-09T11:06:33.7252682+03:00"
2026-10-09 11:07:33.739 +03:00 [INF] ServiceManager Heartbeat: DB, Redis, and Services Healthy at "2026-10-09T11:07:33.7390968+03:00"
2026-10-09 11:08:33.746 +03:00 [INF] ServiceManager Heartbeat: DB, Redis, and Services Healthy at "2026-10-09T11:08:33.7462903+03:00"
2026-10-09 11:09:33.755 +03:00 [INF] ServiceManager Heartbeat: DB, Redis, and Services Healthy at "2026-10-09T11:09:33.7554771+03:00"
2026-10-09 11:10:33.773 +03:00 [INF] ServiceManager Heartbeat: DB, Redis, and Services Healthy at "2026-10-09T11:10:33.7731102+03:00"
2026-10-09 11:11:33.778 +03:00 [INF] ServiceManager Heartbeat: DB, Redis, and Services Healthy at "2026-10-09T11:11:33.7785535+03:00"
2026-10-09 11:12:33.793 +03:00 [INF] ServiceManager Heartbeat: DB, Redis, and Services Healthy at "2026-10-09T11:12:33.7935103+03:00"
2026-10-09 11:13:33.805 +03:00 [INF] ServiceManager Heartbeat: DB, Redis, and Services Healthy at "2026-10-09T11:13:33.8051630+03:00"
2026-10-09 11:14:33.822 +03:00 [INF] ServiceManager Heartbeat: DB, Redis, and Services Healthy at "2026-10-09T11:14:33.8223609+03:00"
2026-10-09 11:15:33.857 +03:00 [INF] ServiceManager Heartbeat: DB, Redis, and Services Healthy at "2026-10-09T11:15:33.8569594+03:00"
2026-10-09 11:16:33.899 +03:00 [INF] ServiceManager Heartbeat: DB, Redis, and Services Healthy at "2026-10-09T11:16:33.8994929+03:00"
2026-10-09 11:17:33.914 +03:00 [INF] ServiceManager Heartbeat: DB, Redis, and Services Healthy at "2026-10-09T11:17:33.9147565+03:00"
2026-10-09 11:18:33.933 +03:00 [INF] ServiceManager Heartbeat: DB, Redis, and Services Healthy at "2026-10-09T11:18:33.9339122+03:00"
2026-10-09 11:19:33.951 +03:00 [INF] ServiceManager Heartbeat: DB, Redis, and Services Healthy at "2026-10-09T11:19:33.9511848+03:00"
2026-10-09 11:20:33.964 +03:00 [INF] ServiceManager Heartbeat: DB, Redis, and Services Healthy at "2026-10-09T11:20:33.9647586+03:00"
2026-10-09 11:21:33.978 +03:00 [INF] ServiceManager Heartbeat: DB, Redis, and Services Healthy at "2026-10-09T11:21:33.9782645+03:00"
2026-10-09 11:22:33.993 +03:00 [INF] ServiceManager Heartbeat: DB, Redis, and Services Healthy at "2026-10-09T11:22:33.9936666+03:00"
2026-10-09 11:23:34.010 +03:00 [INF] ServiceManager Heartbeat: DB, Redis, and Services Healthy at "2026-10-09T11:23:34.0106824+03:00"
2026-10-09 11:24:34.025 +03:00 [INF] ServiceManager Heartbeat: DB, Redis, and Services Healthy at "2026-10-09T11:24:34.0258932+03:00"
2026-10-09 11:25:34.036 +03:00 [INF] ServiceManager Heartbeat: DB, Redis, and Services Healthy at "2026-10-09T11:25:34.0363674+03:00"
2026-10-09 11:26:34.053 +03:00 [INF] ServiceManager Heartbeat: DB, Redis, and Services Healthy at "2026-10-09T11:26:34.0533886+03:00"
2026-10-09 11:27:34.066 +03:00 [INF] ServiceManager Heartbeat: DB, Redis, and Services Healthy at "2026-10-09T11:27:34.0665773+03:00"
2026-10-09 11:28:34.073 +03:00 [INF] ServiceManager Heartbeat: DB, Redis, and Services Healthy at "2026-10-09T11:28:34.0733205+03:00"
2026-10-09 11:29:34.087 +03:00 [INF] ServiceManager Heartbeat: DB, Redis, and Services Healthy at "2026-10-09T11:29:34.0874370+03:00"
2026-10-09 11:30:34.097 +03:00 [INF] ServiceManager Heartbeat: DB, Redis, and Services Healthy at "2026-10-09T11:30:34.0975943+03:00"
2026-10-09 11:31:34.116 +03:00 [INF] ServiceManager Heartbeat: DB, Redis, and Services Healthy at "2026-10-09T11:31:34.1159643+03:00"
2026-10-09 11:32:34.135 +03:00 [INF] ServiceManager Heartbeat: DB, Redis, and Services Healthy at "2026-10-09T11:32:34.1352450+03:00"
2026-10-09 11:33:34.151 +03:00 [INF] ServiceManager Heartbeat: DB, Redis, and Services Healthy at "2026-10-09T11:33:34.1519220+03:00"
2026-10-09 11:34:34.166 +03:00 [INF] ServiceManager Heartbeat: DB, Redis, and Services Healthy at "2026-10-09T11:34:34.1666444+03:00"
2026-10-09 11:35:34.182 +03:00 [INF] ServiceManager Heartbeat: DB, Redis, and Services Healthy at "2026-10-09T11:35:34.1821138+03:00"
2026-10-09 11:36:34.197 +03:00 [INF] ServiceManager Heartbeat: DB, Redis, and Services Healthy at "2026-10-09T11:36:34.1976434+03:00"
2026-10-09 11:37:26.830 +03:00 [INF] Application is shutting down...
2026-10-09 14:50:59.885 +03:00 [INF] ServiceManager Heartbeat: DB, Redis, and Services Healthy at "2026-10-09T14:50:59.8139649+03:00"
2026-10-09 14:51:00.002 +03:00 [INF] Application started. Press Ctrl+C to shut down.
2026-10-09 14:51:00.005 +03:00 [INF] Hosting environment: Development
2026-10-09 14:51:00.011 +03:00 [INF] Content root path: C:\Users\ASUS\source\repos\CMS\src\CMS.ServiceManager
2026-10-09 14:52:00.003 +03:00 [INF] ServiceManager Heartbeat: DB, Redis, and Services Healthy at "2026-10-09T14:52:00.0027401+03:00"
2026-10-09 14:53:00.066 +03:00 [INF] ServiceManager Heartbeat: DB, Redis, and Services Healthy at "2026-10-09T14:53:00.0662112+03:00"
2026-10-09 14:54:00.179 +03:00 [INF] ServiceManager Heartbeat: DB, Redis, and Services Healthy at "2026-10-09T14:54:00.1790307+03:00"
2026-10-09 14:55:00.757 +03:00 [INF] ServiceManager Heartbeat: DB, Redis, and Services Healthy at "2026-10-09T14:55:00.7577881+03:00"
2026-10-09 14:56:01.534 +03:00 [INF] ServiceManager Heartbeat: DB, Redis, and Services Healthy at "2026-10-09T14:56:01.5343629+03:00"
2026-10-09 14:57:01.751 +03:00 [INF] ServiceManager Heartbeat: DB, Redis, and Services Healthy at "2026-10-09T14:57:01.7511573+03:00"
2026-10-09 14:58:01.787 +03:00 [INF] ServiceManager Heartbeat: DB, Redis, and Services Healthy at "2026-10-09T14:58:01.7875318+03:00"
2026-10-09 14:59:01.805 +03:00 [INF] ServiceManager Heartbeat: DB, Redis, and Services Healthy at "2026-10-09T14:59:01.8045170+03:00"
2026-10-09 15:00:01.816 +03:00 [INF] ServiceManager Heartbeat: DB, Redis, and Services Healthy at "2026-10-09T15:00:01.8168582+03:00"
2026-10-09 15:01:01.829 +03:00 [INF] ServiceManager Heartbeat: DB, Redis, and Services Healthy at "2026-10-09T15:01:01.8298207+03:00"
2026-10-09 15:02:01.842 +03:00 [INF] ServiceManager Heartbeat: DB, Redis, and Services Healthy at "2026-10-09T15:02:01.8420401+03:00"
2026-10-09 15:03:01.864 +03:00 [INF] ServiceManager Heartbeat: DB, Redis, and Services Healthy at "2026-10-09T15:03:01.8644668+03:00"
2026-10-09 15:04:01.879 +03:00 [INF] ServiceManager Heartbeat: DB, Redis, and Services Healthy at "2026-10-09T15:04:01.8798147+03:00"
2026-10-09 15:05:01.890 +03:00 [INF] ServiceManager Heartbeat: DB, Redis, and Services Healthy at "2026-10-09T15:05:01.8904087+03:00"
2026-10-09 15:06:01.904 +03:00 [INF] ServiceManager Heartbeat: DB, Redis, and Services Healthy at "2026-10-09T15:06:01.9046479+03:00"
2026-10-09 15:06:35.750 +03:00 [INF] Application is shutting down...
2026-10-09 15:23:07.186 +03:00 [INF] ServiceManager Heartbeat: DB, Redis, and Services Healthy at "2026-10-09T15:23:06.8479959+03:00"
2026-10-09 15:23:07.849 +03:00 [INF] Application started. Press Ctrl+C to shut down.
2026-10-09 15:23:07.963 +03:00 [INF] Hosting environment: Development
2026-10-09 15:23:07.975 +03:00 [INF] Content root path: C:\Users\ASUS\source\repos\CMS\src\CMS.ServiceManager
2026-10-09 15:24:07.827 +03:00 [INF] ServiceManager Heartbeat: DB, Redis, and Services Healthy at "2026-10-09T15:24:07.8274482+03:00"
2026-10-09 15:25:07.840 +03:00 [INF] ServiceManager Heartbeat: DB, Redis, and Services Healthy at "2026-10-09T15:25:07.8407715+03:00"
2026-10-09 15:25:36.218 +03:00 [INF] Application is shutting down...
2026-10-09 15:30:28.492 +03:00 [INF] ServiceManager Heartbeat: DB, Redis, and Services Healthy at "2026-10-09T15:30:28.4321668+03:00"
2026-10-09 15:30:28.820 +03:00 [INF] Application started. Press Ctrl+C to shut down.
2026-10-09 15:30:28.826 +03:00 [INF] Hosting environment: Development
2026-10-09 15:30:28.830 +03:00 [INF] Content root path: C:\Users\ASUS\source\repos\CMS\src\CMS.ServiceManager
2026-10-09 15:31:28.832 +03:00 [INF] ServiceManager Heartbeat: DB, Redis, and Services Healthy at "2026-10-09T15:31:28.8321787+03:00"
2026-10-09 15:32:29.453 +03:00 [INF] ServiceManager Heartbeat: DB, Redis, and Services Healthy at "2026-10-09T15:32:29.4539003+03:00"
2026-10-09 15:33:32.452 +03:00 [INF] ServiceManager Heartbeat: DB, Redis, and Services Healthy at "2026-10-09T15:33:32.4520194+03:00"
2026-10-09 15:34:33.192 +03:00 [INF] ServiceManager Heartbeat: DB, Redis, and Services Healthy at "2026-10-09T15:34:33.1916085+03:00"
2026-10-09 15:35:33.208 +03:00 [INF] ServiceManager Heartbeat: DB, Redis, and Services Healthy at "2026-10-09T15:35:33.2085878+03:00"
2026-10-09 15:36:33.235 +03:00 [INF] ServiceManager Heartbeat: DB, Redis, and Services Healthy at "2026-10-09T15:36:33.2354788+03:00"
2026-10-09 15:37:33.284 +03:00 [INF] ServiceManager Heartbeat: DB, Redis, and Services Healthy at "2026-10-09T15:37:33.2843039+03:00"
2026-10-09 15:38:33.304 +03:00 [INF] ServiceManager Heartbeat: DB, Redis, and Services Healthy at "2026-10-09T15:38:33.3038835+03:00"
2026-10-09 15:39:33.317 +03:00 [INF] ServiceManager Heartbeat: DB, Redis, and Services Healthy at "2026-10-09T15:39:33.3168366+03:00"
2026-10-09 15:40:33.337 +03:00 [INF] ServiceManager Heartbeat: DB, Redis, and Services Healthy at "2026-10-09T15:40:33.3370178+03:00"
2026-10-09 15:41:33.352 +03:00 [INF] ServiceManager Heartbeat: DB, Redis, and Services Healthy at "2026-10-09T15:41:33.3521123+03:00"
2026-10-09 15:42:33.368 +03:00 [INF] ServiceManager Heartbeat: DB, Redis, and Services Healthy at "2026-10-09T15:42:33.3681759+03:00"
2026-10-09 15:43:33.378 +03:00 [INF] ServiceManager Heartbeat: DB, Redis, and Services Healthy at "2026-10-09T15:43:33.3787337+03:00"
2026-10-09 15:44:33.393 +03:00 [INF] ServiceManager Heartbeat: DB, Redis, and Services Healthy at "2026-10-09T15:44:33.3933893+03:00"
2026-10-09 15:45:33.856 +03:00 [INF] ServiceManager Heartbeat: DB, Redis, and Services Healthy at "2026-10-09T15:45:33.8564070+03:00"
2026-10-09 15:46:34.558 +03:00 [INF] ServiceManager Heartbeat: DB, Redis, and Services Healthy at "2026-10-09T15:46:34.5578254+03:00"
2026-10-09 15:47:06.012 +03:00 [INF] Application is shutting down...
2026-10-09 16:02:33.051 +03:00 [INF] ServiceManager Heartbeat: DB, Redis, and Services Healthy at "2026-10-09T16:02:32.9642631+03:00"
2026-10-09 16:02:33.225 +03:00 [INF] Application started. Press Ctrl+C to shut down.
2026-10-09 16:02:33.229 +03:00 [INF] Hosting environment: Development
2026-10-09 16:02:33.235 +03:00 [INF] Content root path: C:\Users\ASUS\source\repos\CMS\src\CMS.ServiceManager
2026-10-09 16:03:33.224 +03:00 [INF] ServiceManager Heartbeat: DB, Redis, and Services Healthy at "2026-10-09T16:03:33.2239531+03:00"
2026-10-09 16:04:33.231 +03:00 [INF] ServiceManager Heartbeat: DB, Redis, and Services Healthy at "2026-10-09T16:04:33.2315907+03:00"
2026-10-09 16:05:33.247 +03:00 [INF] ServiceManager Heartbeat: DB, Redis, and Services Healthy at "2026-10-09T16:05:33.2478445+03:00"
2026-10-09 16:06:33.261 +03:00 [INF] ServiceManager Heartbeat: DB, Redis, and Services Healthy at "2026-10-09T16:06:33.2615108+03:00"
2026-10-09 16:06:35.806 +03:00 [INF] Application is shutting down...
2026-10-09 16:18:45.444 +03:00 [INF] ServiceManager Heartbeat: DB, Redis, and Services Healthy at "2026-10-09T16:18:45.3986324+03:00"
2026-10-09 16:18:45.533 +03:00 [INF] Application started. Press Ctrl+C to shut down.
2026-10-09 16:18:45.536 +03:00 [INF] Hosting environment: Development
2026-10-09 16:18:45.539 +03:00 [INF] Content root path: C:\Users\ASUS\source\repos\CMS\src\CMS.ServiceManager
2026-10-09 16:19:45.534 +03:00 [INF] ServiceManager Heartbeat: DB, Redis, and Services Healthy at "2026-10-09T16:19:45.5341572+03:00"
2026-10-09 16:20:45.544 +03:00 [INF] ServiceManager Heartbeat: DB, Redis, and Services Healthy at "2026-10-09T16:20:45.5440669+03:00"
2026-10-09 16:21:45.549 +03:00 [INF] ServiceManager Heartbeat: DB, Redis, and Services Healthy at "2026-10-09T16:21:45.5491166+03:00"
2026-10-09 16:22:45.558 +03:00 [INF] ServiceManager Heartbeat: DB, Redis, and Services Healthy at "2026-10-09T16:22:45.5582768+03:00"
2026-10-09 16:23:45.570 +03:00 [INF] ServiceManager Heartbeat: DB, Redis, and Services Healthy at "2026-10-09T16:23:45.5707619+03:00"
2026-10-09 16:24:45.590 +03:00 [INF] ServiceManager Heartbeat: DB, Redis, and Services Healthy at "2026-10-09T16:24:45.5905706+03:00"
2026-10-09 16:25:45.609 +03:00 [INF] ServiceManager Heartbeat: DB, Redis, and Services Healthy at "2026-10-09T16:25:45.6094037+03:00"
2026-10-09 16:26:45.620 +03:00 [INF] ServiceManager Heartbeat: DB, Redis, and Services Healthy at "2026-10-09T16:26:45.6200171+03:00"
2026-10-09 16:27:45.628 +03:00 [INF] ServiceManager Heartbeat: DB, Redis, and Services Healthy at "2026-10-09T16:27:45.6283310+03:00"
2026-10-09 16:28:45.641 +03:00 [INF] ServiceManager Heartbeat: DB, Redis, and Services Healthy at "2026-10-09T16:28:45.6411987+03:00"
2026-10-09 16:29:45.656 +03:00 [INF] ServiceManager Heartbeat: DB, Redis, and Services Healthy at "2026-10-09T16:29:45.6568840+03:00"
2026-10-09 16:30:45.675 +03:00 [INF] ServiceManager Heartbeat: DB, Redis, and Services Healthy at "2026-10-09T16:30:45.6755933+03:00"
2026-10-09 16:31:45.687 +03:00 [INF] ServiceManager Heartbeat: DB, Redis, and Services Healthy at "2026-10-09T16:31:45.6875003+03:00"
2026-10-09 16:32:45.702 +03:00 [INF] ServiceManager Heartbeat: DB, Redis, and Services Healthy at "2026-10-09T16:32:45.7025275+03:00"
2026-10-09 16:33:45.723 +03:00 [INF] ServiceManager Heartbeat: DB, Redis, and Services Healthy at "2026-10-09T16:33:45.7231556+03:00"
2026-10-09 16:34:45.732 +03:00 [INF] ServiceManager Heartbeat: DB, Redis, and Services Healthy at "2026-10-09T16:34:45.7321068+03:00"
2026-10-09 16:35:45.743 +03:00 [INF] ServiceManager Heartbeat: DB, Redis, and Services Healthy at "2026-10-09T16:35:45.7435494+03:00"
2026-10-09 16:36:45.753 +03:00 [INF] ServiceManager Heartbeat: DB, Redis, and Services Healthy at "2026-10-09T16:36:45.7539160+03:00"
2026-10-09 16:37:45.758 +03:00 [INF] ServiceManager Heartbeat: DB, Redis, and Services Healthy at "2026-10-09T16:37:45.7581982+03:00"
2026-10-09 16:38:45.765 +03:00 [INF] ServiceManager Heartbeat: DB, Redis, and Services Healthy at "2026-10-09T16:38:45.7655425+03:00"
2026-10-09 16:39:45.780 +03:00 [INF] ServiceManager Heartbeat: DB, Redis, and Services Healthy at "2026-10-09T16:39:45.7802921+03:00"
2026-10-09 16:40:45.794 +03:00 [INF] ServiceManager Heartbeat: DB, Redis, and Services Healthy at "2026-10-09T16:40:45.7941237+03:00"
2026-10-09 16:41:45.807 +03:00 [INF] ServiceManager Heartbeat: DB, Redis, and Services Healthy at "2026-10-09T16:41:45.8069754+03:00"
2026-10-09 16:42:45.827 +03:00 [INF] ServiceManager Heartbeat: DB, Redis, and Services Healthy at "2026-10-09T16:42:45.8278268+03:00"
2026-10-09 16:43:45.847 +03:00 [INF] ServiceManager Heartbeat: DB, Redis, and Services Healthy at "2026-10-09T16:43:45.8472263+03:00"
2026-10-09 16:44:45.863 +03:00 [INF] ServiceManager Heartbeat: DB, Redis, and Services Healthy at "2026-10-09T16:44:45.8635246+03:00"
2026-10-09 16:45:45.877 +03:00 [INF] ServiceManager Heartbeat: DB, Redis, and Services Healthy at "2026-10-09T16:45:45.8774618+03:00"
2026-10-09 16:46:45.894 +03:00 [INF] ServiceManager Heartbeat: DB, Redis, and Services Healthy at "2026-10-09T16:46:45.8942200+03:00"
2026-10-09 16:47:45.911 +03:00 [INF] ServiceManager Heartbeat: DB, Redis, and Services Healthy at "2026-10-09T16:47:45.9115556+03:00"
2026-10-09 16:48:45.915 +03:00 [INF] ServiceManager Heartbeat: DB, Redis, and Services Healthy at "2026-10-09T16:48:45.9156645+03:00"
2026-10-09 16:49:45.923 +03:00 [INF] ServiceManager Heartbeat: DB, Redis, and Services Healthy at "2026-10-09T16:49:45.9231008+03:00"
2026-10-09 16:50:45.927 +03:00 [INF] ServiceManager Heartbeat: DB, Redis, and Services Healthy at "2026-10-09T16:50:45.9274221+03:00"
2026-10-09 16:51:45.936 +03:00 [INF] ServiceManager Heartbeat: DB, Redis, and Services Healthy at "2026-10-09T16:51:45.9368155+03:00"
2026-10-09 16:52:45.942 +03:00 [INF] ServiceManager Heartbeat: DB, Redis, and Services Healthy at "2026-10-09T16:52:45.9423265+03:00"
2026-10-09 16:53:45.951 +03:00 [INF] ServiceManager Heartbeat: DB, Redis, and Services Healthy at "2026-10-09T16:53:45.9514258+03:00"
2026-10-09 16:54:26.726 +03:00 [INF] Application is shutting down...
2026-10-09 17:05:02.513 +03:00 [INF] ServiceManager Heartbeat: DB, Redis, and Services Healthy at "2026-10-09T17:05:02.4519742+03:00"
2026-10-09 17:05:02.693 +03:00 [INF] Application started. Press Ctrl+C to shut down.
2026-10-09 17:05:02.752 +03:00 [INF] Hosting environment: Development
2026-10-09 17:05:02.772 +03:00 [INF] Content root path: C:\Users\ASUS\source\repos\CMS\src\CMS.ServiceManager
2026-10-09 17:06:02.655 +03:00 [INF] ServiceManager Heartbeat: DB, Redis, and Services Healthy at "2026-10-09T17:06:02.6551186+03:00"
2026-10-09 17:07:02.664 +03:00 [INF] ServiceManager Heartbeat: DB, Redis, and Services Healthy at "2026-10-09T17:07:02.6644814+03:00"
2026-10-09 17:08:02.681 +03:00 [INF] ServiceManager Heartbeat: DB, Redis, and Services Healthy at "2026-10-09T17:08:02.6809519+03:00"
2026-10-09 17:09:02.691 +03:00 [INF] ServiceManager Heartbeat: DB, Redis, and Services Healthy at "2026-10-09T17:09:02.6917865+03:00"
2026-10-09 17:10:02.697 +03:00 [INF] ServiceManager Heartbeat: DB, Redis, and Services Healthy at "2026-10-09T17:10:02.6973215+03:00"
2026-10-09 17:11:02.701 +03:00 [INF] ServiceManager Heartbeat: DB, Redis, and Services Healthy at "2026-10-09T17:11:02.7017511+03:00"
2026-10-09 17:12:02.709 +03:00 [INF] ServiceManager Heartbeat: DB, Redis, and Services Healthy at "2026-10-09T17:12:02.7098890+03:00"
2026-10-09 17:13:02.723 +03:00 [INF] ServiceManager Heartbeat: DB, Redis, and Services Healthy at "2026-10-09T17:13:02.7229243+03:00"
2026-10-09 17:14:02.730 +03:00 [INF] ServiceManager Heartbeat: DB, Redis, and Services Healthy at "2026-10-09T17:14:02.7300946+03:00"
2026-10-09 17:15:02.749 +03:00 [INF] ServiceManager Heartbeat: DB, Redis, and Services Healthy at "2026-10-09T17:15:02.7497149+03:00"
2026-10-09 17:16:02.755 +03:00 [INF] ServiceManager Heartbeat: DB, Redis, and Services Healthy at "2026-10-09T17:16:02.7552240+03:00"
2026-10-09 17:17:02.767 +03:00 [INF] ServiceManager Heartbeat: DB, Redis, and Services Healthy at "2026-10-09T17:17:02.7677037+03:00"
2026-10-09 17:18:02.781 +03:00 [INF] ServiceManager Heartbeat: DB, Redis, and Services Healthy at "2026-10-09T17:18:02.7818342+03:00"
2026-10-09 17:19:02.794 +03:00 [INF] ServiceManager Heartbeat: DB, Redis, and Services Healthy at "2026-10-09T17:19:02.7947591+03:00"
2026-10-09 17:20:02.802 +03:00 [INF] ServiceManager Heartbeat: DB, Redis, and Services Healthy at "2026-10-09T17:20:02.8023591+03:00"
2026-10-09 17:21:02.819 +03:00 [INF] ServiceManager Heartbeat: DB, Redis, and Services Healthy at "2026-10-09T17:21:02.8190919+03:00"
2026-10-09 17:22:02.826 +03:00 [INF] ServiceManager Heartbeat: DB, Redis, and Services Healthy at "2026-10-09T17:22:02.8266616+03:00"
2026-10-09 17:23:02.846 +03:00 [INF] ServiceManager Heartbeat: DB, Redis, and Services Healthy at "2026-10-09T17:23:02.8458394+03:00"
2026-10-09 17:24:02.865 +03:00 [INF] ServiceManager Heartbeat: DB, Redis, and Services Healthy at "2026-10-09T17:24:02.8653459+03:00"
2026-10-09 17:25:02.879 +03:00 [INF] ServiceManager Heartbeat: DB, Redis, and Services Healthy at "2026-10-09T17:25:02.8797287+03:00"
2026-10-09 17:26:02.896 +03:00 [INF] ServiceManager Heartbeat: DB, Redis, and Services Healthy at "2026-10-09T17:26:02.8959536+03:00"
2026-10-09 17:27:02.913 +03:00 [INF] ServiceManager Heartbeat: DB, Redis, and Services Healthy at "2026-10-09T17:27:02.9137189+03:00"
2026-10-09 17:28:02.921 +03:00 [INF] ServiceManager Heartbeat: DB, Redis, and Services Healthy at "2026-10-09T17:28:02.9216571+03:00"
2026-10-09 17:29:02.925 +03:00 [INF] ServiceManager Heartbeat: DB, Redis, and Services Healthy at "2026-10-09T17:29:02.9256531+03:00"
2026-10-09 17:30:02.933 +03:00 [INF] ServiceManager Heartbeat: DB, Redis, and Services Healthy at "2026-10-09T17:30:02.9336376+03:00"
2026-10-09 17:31:02.951 +03:00 [INF] ServiceManager Heartbeat: DB, Redis, and Services Healthy at "2026-10-09T17:31:02.9515353+03:00"
2026-10-09 17:32:02.964 +03:00 [INF] ServiceManager Heartbeat: DB, Redis, and Services Healthy at "2026-10-09T17:32:02.9643681+03:00"
2026-10-09 17:33:02.982 +03:00 [INF] ServiceManager Heartbeat: DB, Redis, and Services Healthy at "2026-10-09T17:33:02.9829149+03:00"
2026-10-09 17:34:02.991 +03:00 [INF] ServiceManager Heartbeat: DB, Redis, and Services Healthy at "2026-10-09T17:34:02.9917640+03:00"
2026-10-09 17:35:03.010 +03:00 [INF] ServiceManager Heartbeat: DB, Redis, and Services Healthy at "2026-10-09T17:35:03.0103528+03:00"
2026-10-09 17:36:03.018 +03:00 [INF] ServiceManager Heartbeat: DB, Redis, and Services Healthy at "2026-10-09T17:36:03.0183655+03:00"
2026-10-09 17:37:03.040 +03:00 [INF] ServiceManager Heartbeat: DB, Redis, and Services Healthy at "2026-10-09T17:37:03.0404812+03:00"
2026-10-09 17:38:03.049 +03:00 [INF] ServiceManager Heartbeat: DB, Redis, and Services Healthy at "2026-10-09T17:38:03.0495321+03:00"
2026-10-09 17:39:03.064 +03:00 [INF] ServiceManager Heartbeat: DB, Redis, and Services Healthy at "2026-10-09T17:39:03.0640781+03:00"
2026-10-09 17:40:03.073 +03:00 [INF] ServiceManager Heartbeat: DB, Redis, and Services Healthy at "2026-10-09T17:40:03.0736434+03:00"
2026-10-09 17:41:03.082 +03:00 [INF] ServiceManager Heartbeat: DB, Redis, and Services Healthy at "2026-10-09T17:41:03.0827942+03:00"
2026-10-09 17:42:03.090 +03:00 [INF] ServiceManager Heartbeat: DB, Redis, and Services Healthy at "2026-10-09T17:42:03.0904901+03:00"
2026-10-09 17:43:03.109 +03:00 [INF] ServiceManager Heartbeat: DB, Redis, and Services Healthy at "2026-10-09T17:43:03.1089804+03:00"
2026-10-09 17:44:03.123 +03:00 [INF] ServiceManager Heartbeat: DB, Redis, and Services Healthy at "2026-10-09T17:44:03.1236447+03:00"
2026-10-09 17:45:03.129 +03:00 [INF] ServiceManager Heartbeat: DB, Redis, and Services Healthy at "2026-10-09T17:45:03.1292333+03:00"
2026-10-09 17:46:03.142 +03:00 [INF] ServiceManager Heartbeat: DB, Redis, and Services Healthy at "2026-10-09T17:46:03.1425265+03:00"
2026-10-09 17:47:03.162 +03:00 [INF] ServiceManager Heartbeat: DB, Redis, and Services Healthy at "2026-10-09T17:47:03.1627884+03:00"
2026-10-09 17:48:03.179 +03:00 [INF] ServiceManager Heartbeat: DB, Redis, and Services Healthy at "2026-10-09T17:48:03.1798365+03:00"
2026-10-09 17:49:03.187 +03:00 [INF] ServiceManager Heartbeat: DB, Redis, and Services Healthy at "2026-10-09T17:49:03.1874316+03:00"
2026-10-09 17:50:03.204 +03:00 [INF] ServiceManager Heartbeat: DB, Redis, and Services Healthy at "2026-10-09T17:50:03.2042691+03:00"
2026-10-09 17:51:03.220 +03:00 [INF] ServiceManager Heartbeat: DB, Redis, and Services Healthy at "2026-10-09T17:51:03.2199388+03:00"
2026-10-09 17:52:03.231 +03:00 [INF] ServiceManager Heartbeat: DB, Redis, and Services Healthy at "2026-10-09T17:52:03.2315089+03:00"
2026-10-09 17:53:03.240 +03:00 [INF] ServiceManager Heartbeat: DB, Redis, and Services Healthy at "2026-10-09T17:53:03.2404022+03:00"
2026-10-09 17:54:03.249 +03:00 [INF] ServiceManager Heartbeat: DB, Redis, and Services Healthy at "2026-10-09T17:54:03.2489593+03:00"
2026-10-09 17:55:03.253 +03:00 [INF] ServiceManager Heartbeat: DB, Redis, and Services Healthy at "2026-10-09T17:55:03.2533988+03:00"
2026-10-09 17:56:03.264 +03:00 [INF] ServiceManager Heartbeat: DB, Redis, and Services Healthy at "2026-10-09T17:56:03.2643595+03:00"
2026-10-09 17:57:03.270 +03:00 [INF] ServiceManager Heartbeat: DB, Redis, and Services Healthy at "2026-10-09T17:57:03.2706417+03:00"
2026-10-09 17:58:03.279 +03:00 [INF] ServiceManager Heartbeat: DB, Redis, and Services Healthy at "2026-10-09T17:58:03.2796914+03:00"
2026-10-09 17:59:03.297 +03:00 [INF] ServiceManager Heartbeat: DB, Redis, and Services Healthy at "2026-10-09T17:59:03.2974598+03:00"
2026-10-09 18:00:03.309 +03:00 [INF] ServiceManager Heartbeat: DB, Redis, and Services Healthy at "2026-10-09T18:00:03.3092957+03:00"
2026-10-09 18:01:03.321 +03:00 [INF] ServiceManager Heartbeat: DB, Redis, and Services Healthy at "2026-10-09T18:01:03.3219052+03:00"
2026-10-09 18:02:03.326 +03:00 [INF] ServiceManager Heartbeat: DB, Redis, and Services Healthy at "2026-10-09T18:02:03.3267250+03:00"
2026-10-09 18:03:03.342 +03:00 [INF] ServiceManager Heartbeat: DB, Redis, and Services Healthy at "2026-10-09T18:03:03.3426539+03:00"
2026-10-09 18:04:03.349 +03:00 [INF] ServiceManager Heartbeat: DB, Redis, and Services Healthy at "2026-10-09T18:04:03.3493758+03:00"
2026-10-09 18:05:03.365 +03:00 [INF] ServiceManager Heartbeat: DB, Redis, and Services Healthy at "2026-10-09T18:05:03.3651507+03:00"
2026-10-09 18:06:03.389 +03:00 [INF] ServiceManager Heartbeat: DB, Redis, and Services Healthy at "2026-10-09T18:06:03.3889611+03:00"
2026-10-09 18:07:03.403 +03:00 [INF] ServiceManager Heartbeat: DB, Redis, and Services Healthy at "2026-10-09T18:07:03.4037105+03:00"
2026-10-09 18:07:53.990 +03:00 [INF] Application is shutting down...
