2026-09-29 12:30:16.443 +03:00 [INF] ServiceManager Heartbeat: DB, Redis, and Services Healthy at "2026-09-29T12:30:16.3649439+03:00"
2026-09-29 12:30:16.728 +03:00 [INF] Application started. Press Ctrl+C to shut down.
2026-09-29 12:30:16.742 +03:00 [INF] Hosting environment: Development
2026-09-29 12:30:16.744 +03:00 [INF] Content root path: C:\Users\ASUS\source\repos\CMS\src\CMS.ServiceManager
2026-09-29 12:31:16.713 +03:00 [INF] ServiceManager Heartbeat: DB, Redis, and Services Healthy at "2026-09-29T12:31:16.7131048+03:00"
2026-09-29 12:32:16.766 +03:00 [INF] ServiceManager Heartbeat: DB, Redis, and Services Healthy at "2026-09-29T12:32:16.7660046+03:00"
2026-09-29 12:33:17.097 +03:00 [INF] ServiceManager Heartbeat: DB, Redis, and Services Healthy at "2026-09-29T12:33:17.0971457+03:00"
2026-09-29 12:34:18.292 +03:00 [INF] ServiceManager Heartbeat: DB, Redis, and Services Healthy at "2026-09-29T12:34:18.2926377+03:00"
2026-09-29 12:35:18.945 +03:00 [INF] ServiceManager Heartbeat: DB, Redis, and Services Healthy at "2026-09-29T12:35:18.9456163+03:00"
2026-09-29 12:36:19.427 +03:00 [INF] ServiceManager Heartbeat: DB, Redis, and Services Healthy at "2026-09-29T12:36:19.4227091+03:00"
2026-09-29 12:37:19.667 +03:00 [INF] ServiceManager Heartbeat: DB, Redis, and Services Healthy at "2026-09-29T12:37:19.6678378+03:00"
2026-09-29 12:38:19.732 +03:00 [INF] ServiceManager Heartbeat: DB, Redis, and Services Healthy at "2026-09-29T12:38:19.7324476+03:00"
2026-09-29 12:39:20.105 +03:00 [INF] ServiceManager Heartbeat: DB, Redis, and Services Healthy at "2026-09-29T12:39:20.1039862+03:00"
2026-09-29 12:40:20.135 +03:00 [INF] ServiceManager Heartbeat: DB, Redis, and Services Healthy at "2026-09-29T12:40:20.1355478+03:00"
2026-09-29 12:41:20.511 +03:00 [INF] ServiceManager Heartbeat: DB, Redis, and Services Healthy at "2026-09-29T12:41:20.5110379+03:00"
2026-09-29 12:42:21.449 +03:00 [INF] ServiceManager Heartbeat: DB, Redis, and Services Healthy at "2026-09-29T12:42:21.4491080+03:00"
2026-09-29 12:43:21.613 +03:00 [INF] ServiceManager Heartbeat: DB, Redis, and Services Healthy at "2026-09-29T12:43:21.6134693+03:00"
2026-09-29 12:44:21.895 +03:00 [INF] ServiceManager Heartbeat: DB, Redis, and Services Healthy at "2026-09-29T12:44:21.8954619+03:00"
2026-09-29 12:45:22.120 +03:00 [INF] ServiceManager Heartbeat: DB, Redis, and Services Healthy at "2026-09-29T12:45:22.1201536+03:00"
2026-09-29 12:46:22.307 +03:00 [INF] ServiceManager Heartbeat: DB, Redis, and Services Healthy at "2026-09-29T12:46:22.3065617+03:00"
2026-09-29 12:47:22.342 +03:00 [INF] ServiceManager Heartbeat: DB, Redis, and Services Healthy at "2026-09-29T12:47:22.3425824+03:00"
2026-09-29 12:48:22.888 +03:00 [INF] ServiceManager Heartbeat: DB, Redis, and Services Healthy at "2026-09-29T12:48:22.8882639+03:00"
2026-09-29 12:49:23.183 +03:00 [INF] ServiceManager Heartbeat: DB, Redis, and Services Healthy at "2026-09-29T12:49:23.1829113+03:00"
2026-09-29 12:50:23.633 +03:00 [INF] ServiceManager Heartbeat: DB, Redis, and Services Healthy at "2026-09-29T12:50:23.6336220+03:00"
2026-09-29 12:51:23.724 +03:00 [INF] ServiceManager Heartbeat: DB, Redis, and Services Healthy at "2026-09-29T12:51:23.7247855+03:00"
2026-09-29 12:52:23.947 +03:00 [INF] ServiceManager Heartbeat: DB, Redis, and Services Healthy at "2026-09-29T12:52:23.9474365+03:00"
2026-09-29 12:53:24.297 +03:00 [INF] ServiceManager Heartbeat: DB, Redis, and Services Healthy at "2026-09-29T12:53:24.2974964+03:00"
2026-09-29 12:54:25.100 +03:00 [INF] ServiceManager Heartbeat: DB, Redis, and Services Healthy at "2026-09-29T12:54:25.1007791+03:00"
2026-09-29 12:55:25.765 +03:00 [INF] ServiceManager Heartbeat: DB, Redis, and Services Healthy at "2026-09-29T12:55:25.7656837+03:00"
2026-09-29 12:56:25.850 +03:00 [INF] ServiceManager Heartbeat: DB, Redis, and Services Healthy at "2026-09-29T12:56:25.8506343+03:00"
2026-09-29 12:57:26.140 +03:00 [INF] ServiceManager Heartbeat: DB, Redis, and Services Healthy at "2026-09-29T12:57:26.1400568+03:00"
2026-09-29 12:58:26.977 +03:00 [INF] ServiceManager Heartbeat: DB, Redis, and Services Healthy at "2026-09-29T12:58:26.9772968+03:00"
2026-09-29 12:59:28.208 +03:00 [INF] ServiceManager Heartbeat: DB, Redis, and Services Healthy at "2026-09-29T12:59:28.2082489+03:00"
2026-09-29 13:00:28.236 +03:00 [INF] ServiceManager Heartbeat: DB, Redis, and Services Healthy at "2026-09-29T13:00:28.2367041+03:00"
2026-09-29 13:01:28.440 +03:00 [INF] ServiceManager Heartbeat: DB, Redis, and Services Healthy at "2026-09-29T13:01:28.4401196+03:00"
2026-09-29 13:02:28.669 +03:00 [INF] ServiceManager Heartbeat: DB, Redis, and Services Healthy at "2026-09-29T13:02:28.6698163+03:00"
2026-09-29 13:03:29.186 +03:00 [INF] ServiceManager Heartbeat: DB, Redis, and Services Healthy at "2026-09-29T13:03:29.1869276+03:00"
2026-09-29 13:04:30.156 +03:00 [INF] ServiceManager Heartbeat: DB, Redis, and Services Healthy at "2026-09-29T13:04:30.1564047+03:00"
2026-09-29 13:05:30.368 +03:00 [INF] ServiceManager Heartbeat: DB, Redis, and Services Healthy at "2026-09-29T13:05:30.3685437+03:00"
2026-09-29 13:06:30.771 +03:00 [INF] ServiceManager Heartbeat: DB, Redis, and Services Healthy at "2026-09-29T13:06:30.7718567+03:00"
2026-09-29 13:07:30.982 +03:00 [INF] ServiceManager Heartbeat: DB, Redis, and Services Healthy at "2026-09-29T13:07:30.9823096+03:00"
2026-09-29 13:08:31.077 +03:00 [INF] ServiceManager Heartbeat: DB, Redis, and Services Healthy at "2026-09-29T13:08:31.0769556+03:00"
2026-09-29 13:09:31.160 +03:00 [INF] ServiceManager Heartbeat: DB, Redis, and Services Healthy at "2026-09-29T13:09:31.1605754+03:00"
2026-09-29 13:10:32.542 +03:00 [INF] ServiceManager Heartbeat: DB, Redis, and Services Healthy at "2026-09-29T13:10:32.5421755+03:00"
2026-09-29 13:11:32.833 +03:00 [INF] ServiceManager Heartbeat: DB, Redis, and Services Healthy at "2026-09-29T13:11:32.8338661+03:00"
2026-09-29 13:12:33.273 +03:00 [INF] ServiceManager Heartbeat: DB, Redis, and Services Healthy at "2026-09-29T13:12:33.2733090+03:00"
2026-09-29 13:13:34.379 +03:00 [INF] ServiceManager Heartbeat: DB, Redis, and Services Healthy at "2026-09-29T13:13:34.3794342+03:00"
2026-09-29 13:14:34.399 +03:00 [INF] ServiceManager Heartbeat: DB, Redis, and Services Healthy at "2026-09-29T13:14:34.3937641+03:00"
2026-09-29 13:15:34.432 +03:00 [INF] ServiceManager Heartbeat: DB, Redis, and Services Healthy at "2026-09-29T13:15:34.4323246+03:00"
2026-09-29 13:16:34.918 +03:00 [INF] ServiceManager Heartbeat: DB, Redis, and Services Healthy at "2026-09-29T13:16:34.9178173+03:00"
2026-09-29 13:17:35.362 +03:00 [INF] ServiceManager Heartbeat: DB, Redis, and Services Healthy at "2026-09-29T13:17:35.3622256+03:00"
2026-09-29 13:18:35.424 +03:00 [INF] ServiceManager Heartbeat: DB, Redis, and Services Healthy at "2026-09-29T13:18:35.4242360+03:00"
2026-09-29 13:19:35.571 +03:00 [INF] ServiceManager Heartbeat: DB, Redis, and Services Healthy at "2026-09-29T13:19:35.5716958+03:00"
2026-09-29 13:20:35.854 +03:00 [INF] ServiceManager Heartbeat: DB, Redis, and Services Healthy at "2026-09-29T13:20:35.8540847+03:00"
2026-09-29 13:21:36.073 +03:00 [INF] ServiceManager Heartbeat: DB, Redis, and Services Healthy at "2026-09-29T13:21:36.0736194+03:00"
2026-09-29 13:22:36.096 +03:00 [INF] ServiceManager Heartbeat: DB, Redis, and Services Healthy at "2026-09-29T13:22:36.0959449+03:00"
2026-09-29 13:23:36.819 +03:00 [INF] ServiceManager Heartbeat: DB, Redis, and Services Healthy at "2026-09-29T13:23:36.8198636+03:00"
2026-09-29 13:24:37.520 +03:00 [INF] ServiceManager Heartbeat: DB, Redis, and Services Healthy at "2026-09-29T13:24:37.5204418+03:00"
2026-09-29 13:25:37.540 +03:00 [INF] ServiceManager Heartbeat: DB, Redis, and Services Healthy at "2026-09-29T13:25:37.5408702+03:00"
2026-09-29 13:26:37.553 +03:00 [INF] ServiceManager Heartbeat: DB, Redis, and Services Healthy at "2026-09-29T13:26:37.5536557+03:00"
2026-09-29 13:27:37.621 +03:00 [INF] ServiceManager Heartbeat: DB, Redis, and Services Healthy at "2026-09-29T13:27:37.6214402+03:00"
2026-09-29 13:28:38.232 +03:00 [INF] ServiceManager Heartbeat: DB, Redis, and Services Healthy at "2026-09-29T13:28:38.2320744+03:00"
2026-09-29 13:29:40.506 +03:00 [INF] ServiceManager Heartbeat: DB, Redis, and Services Healthy at "2026-09-29T13:29:40.5061062+03:00"
2026-09-29 13:30:43.256 +03:00 [INF] ServiceManager Heartbeat: DB, Redis, and Services Healthy at "2026-09-29T13:30:43.2556784+03:00"
2026-09-29 13:31:43.564 +03:00 [INF] ServiceManager Heartbeat: DB, Redis, and Services Healthy at "2026-09-29T13:31:43.5646161+03:00"
2026-09-29 13:32:43.794 +03:00 [INF] ServiceManager Heartbeat: DB, Redis, and Services Healthy at "2026-09-29T13:32:43.7947268+03:00"
2026-09-29 13:33:44.165 +03:00 [INF] ServiceManager Heartbeat: DB, Redis, and Services Healthy at "2026-09-29T13:33:44.1655934+03:00"
2026-09-29 13:34:44.275 +03:00 [INF] ServiceManager Heartbeat: DB, Redis, and Services Healthy at "2026-09-29T13:34:44.2753042+03:00"
2026-09-29 13:35:44.319 +03:00 [INF] ServiceManager Heartbeat: DB, Redis, and Services Healthy at "2026-09-29T13:35:44.3194229+03:00"
2026-09-29 13:36:44.362 +03:00 [INF] ServiceManager Heartbeat: DB, Redis, and Services Healthy at "2026-09-29T13:36:44.3623817+03:00"
2026-09-29 13:37:44.388 +03:00 [INF] ServiceManager Heartbeat: DB, Redis, and Services Healthy at "2026-09-29T13:37:44.3888701+03:00"
2026-09-29 13:38:44.662 +03:00 [INF] ServiceManager Heartbeat: DB, Redis, and Services Healthy at "2026-09-29T13:38:44.6625349+03:00"
2026-09-29 13:39:44.715 +03:00 [INF] ServiceManager Heartbeat: DB, Redis, and Services Healthy at "2026-09-29T13:39:44.7159596+03:00"
2026-09-29 13:40:44.723 +03:00 [INF] ServiceManager Heartbeat: DB, Redis, and Services Healthy at "2026-09-29T13:40:44.7239652+03:00"
2026-09-29 13:41:44.745 +03:00 [INF] ServiceManager Heartbeat: DB, Redis, and Services Healthy at "2026-09-29T13:41:44.7450328+03:00"
2026-09-29 13:42:45.814 +03:00 [INF] ServiceManager Heartbeat: DB, Redis, and Services Healthy at "2026-09-29T13:42:45.8148945+03:00"
2026-09-29 13:43:46.263 +03:00 [INF] ServiceManager Heartbeat: DB, Redis, and Services Healthy at "2026-09-29T13:43:46.2631045+03:00"
2026-09-29 13:44:46.282 +03:00 [INF] ServiceManager Heartbeat: DB, Redis, and Services Healthy at "2026-09-29T13:44:46.2821018+03:00"
2026-09-29 13:45:46.301 +03:00 [INF] ServiceManager Heartbeat: DB, Redis, and Services Healthy at "2026-09-29T13:45:46.3015128+03:00"
2026-09-29 13:46:46.306 +03:00 [INF] ServiceManager Heartbeat: DB, Redis, and Services Healthy at "2026-09-29T13:46:46.3067392+03:00"
2026-09-29 13:47:46.324 +03:00 [INF] ServiceManager Heartbeat: DB, Redis, and Services Healthy at "2026-09-29T13:47:46.3244257+03:00"
2026-09-29 13:48:46.345 +03:00 [INF] ServiceManager Heartbeat: DB, Redis, and Services Healthy at "2026-09-29T13:48:46.3457121+03:00"
2026-09-29 13:49:46.365 +03:00 [INF] ServiceManager Heartbeat: DB, Redis, and Services Healthy at "2026-09-29T13:49:46.3650913+03:00"
2026-09-29 13:50:46.381 +03:00 [INF] ServiceManager Heartbeat: DB, Redis, and Services Healthy at "2026-09-29T13:50:46.3811773+03:00"
2026-09-29 13:51:46.389 +03:00 [INF] ServiceManager Heartbeat: DB, Redis, and Services Healthy at "2026-09-29T13:51:46.3899639+03:00"
2026-09-29 13:52:46.408 +03:00 [INF] ServiceManager Heartbeat: DB, Redis, and Services Healthy at "2026-09-29T13:52:46.4080621+03:00"
2026-09-29 13:53:46.974 +03:00 [INF] ServiceManager Heartbeat: DB, Redis, and Services Healthy at "2026-09-29T13:53:46.9746931+03:00"
2026-09-29 13:54:46.987 +03:00 [INF] ServiceManager Heartbeat: DB, Redis, and Services Healthy at "2026-09-29T13:54:46.9878395+03:00"
2026-09-29 13:55:47.005 +03:00 [INF] ServiceManager Heartbeat: DB, Redis, and Services Healthy at "2026-09-29T13:55:47.0058368+03:00"
2026-09-29 13:56:47.028 +03:00 [INF] ServiceManager Heartbeat: DB, Redis, and Services Healthy at "2026-09-29T13:56:47.0285403+03:00"
2026-09-29 13:57:47.197 +03:00 [INF] ServiceManager Heartbeat: DB, Redis, and Services Healthy at "2026-09-29T13:57:47.1971307+03:00"
2026-09-29 13:58:47.209 +03:00 [INF] ServiceManager Heartbeat: DB, Redis, and Services Healthy at "2026-09-29T13:58:47.2097205+03:00"
2026-09-29 13:59:47.259 +03:00 [INF] ServiceManager Heartbeat: DB, Redis, and Services Healthy at "2026-09-29T13:59:47.2598235+03:00"
2026-09-29 14:00:47.279 +03:00 [INF] ServiceManager Heartbeat: DB, Redis, and Services Healthy at "2026-09-29T14:00:47.2796018+03:00"
2026-09-29 14:01:47.292 +03:00 [INF] ServiceManager Heartbeat: DB, Redis, and Services Healthy at "2026-09-29T14:01:47.2923657+03:00"
2026-09-29 14:02:47.300 +03:00 [INF] ServiceManager Heartbeat: DB, Redis, and Services Healthy at "2026-09-29T14:02:47.3003732+03:00"
2026-09-29 14:03:47.317 +03:00 [INF] ServiceManager Heartbeat: DB, Redis, and Services Healthy at "2026-09-29T14:03:47.3171801+03:00"
2026-09-29 14:04:47.910 +03:00 [INF] ServiceManager Heartbeat: DB, Redis, and Services Healthy at "2026-09-29T14:04:47.9102768+03:00"
2026-09-29 14:05:48.237 +03:00 [INF] ServiceManager Heartbeat: DB, Redis, and Services Healthy at "2026-09-29T14:05:48.2376933+03:00"
2026-09-29 14:06:48.245 +03:00 [INF] ServiceManager Heartbeat: DB, Redis, and Services Healthy at "2026-09-29T14:06:48.2451696+03:00"
2026-09-29 17:21:56.180 +03:00 [INF] ServiceManager Heartbeat: DB, Redis, and Services Healthy at "2026-09-29T17:21:56.1809191+03:00"
2026-09-29 17:22:56.199 +03:00 [INF] ServiceManager Heartbeat: DB, Redis, and Services Healthy at "2026-09-29T17:22:56.1994973+03:00"
2026-09-29 17:23:56.564 +03:00 [INF] ServiceManager Heartbeat: DB, Redis, and Services Healthy at "2026-09-29T17:23:56.5644285+03:00"
2026-09-29 17:24:56.576 +03:00 [INF] ServiceManager Heartbeat: DB, Redis, and Services Healthy at "2026-09-29T17:24:56.5764909+03:00"
2026-09-29 17:25:56.593 +03:00 [INF] ServiceManager Heartbeat: DB, Redis, and Services Healthy at "2026-09-29T17:25:56.5932856+03:00"
2026-09-29 17:26:56.611 +03:00 [INF] ServiceManager Heartbeat: DB, Redis, and Services Healthy at "2026-09-29T17:26:56.6117468+03:00"
2026-09-29 17:27:56.615 +03:00 [INF] ServiceManager Heartbeat: DB, Redis, and Services Healthy at "2026-09-29T17:27:56.6154760+03:00"
2026-09-29 17:28:56.633 +03:00 [INF] ServiceManager Heartbeat: DB, Redis, and Services Healthy at "2026-09-29T17:28:56.6339040+03:00"
2026-09-29 17:29:56.641 +03:00 [INF] ServiceManager Heartbeat: DB, Redis, and Services Healthy at "2026-09-29T17:29:56.6416767+03:00"
2026-09-29 17:30:56.645 +03:00 [INF] ServiceManager Heartbeat: DB, Redis, and Services Healthy at "2026-09-29T17:30:56.6456872+03:00"
2026-09-29 17:31:56.662 +03:00 [INF] ServiceManager Heartbeat: DB, Redis, and Services Healthy at "2026-09-29T17:31:56.6621982+03:00"
2026-09-29 22:40:44.576 +03:00 [INF] ServiceManager Heartbeat: DB, Redis, and Services Healthy at "2026-09-29T22:40:44.5766574+03:00"
2026-09-29 22:41:44.579 +03:00 [INF] ServiceManager Heartbeat: DB, Redis, and Services Healthy at "2026-09-29T22:41:44.5799399+03:00"
2026-09-29 22:42:44.592 +03:00 [INF] ServiceManager Heartbeat: DB, Redis, and Services Healthy at "2026-09-29T22:42:44.5920063+03:00"
2026-09-29 22:43:44.598 +03:00 [INF] ServiceManager Heartbeat: DB, Redis, and Services Healthy at "2026-09-29T22:43:44.5989613+03:00"
2026-09-29 22:44:44.614 +03:00 [INF] ServiceManager Heartbeat: DB, Redis, and Services Healthy at "2026-09-29T22:44:44.6146702+03:00"
2026-09-29 22:45:44.619 +03:00 [INF] ServiceManager Heartbeat: DB, Redis, and Services Healthy at "2026-09-29T22:45:44.6190909+03:00"
2026-09-29 22:46:44.628 +03:00 [INF] ServiceManager Heartbeat: DB, Redis, and Services Healthy at "2026-09-29T22:46:44.6285919+03:00"
2026-09-29 22:47:44.641 +03:00 [INF] ServiceManager Heartbeat: DB, Redis, and Services Healthy at "2026-09-29T22:47:44.6418756+03:00"
2026-09-29 22:48:44.653 +03:00 [INF] ServiceManager Heartbeat: DB, Redis, and Services Healthy at "2026-09-29T22:48:44.6534277+03:00"
2026-09-29 22:49:44.664 +03:00 [INF] ServiceManager Heartbeat: DB, Redis, and Services Healthy at "2026-09-29T22:49:44.6647796+03:00"
2026-09-29 22:50:44.670 +03:00 [INF] ServiceManager Heartbeat: DB, Redis, and Services Healthy at "2026-09-29T22:50:44.6700856+03:00"
2026-09-29 22:51:44.683 +03:00 [INF] ServiceManager Heartbeat: DB, Redis, and Services Healthy at "2026-09-29T22:51:44.6833709+03:00"
2026-09-29 22:52:44.693 +03:00 [INF] ServiceManager Heartbeat: DB, Redis, and Services Healthy at "2026-09-29T22:52:44.6934401+03:00"
2026-09-29 22:53:44.702 +03:00 [INF] ServiceManager Heartbeat: DB, Redis, and Services Healthy at "2026-09-29T22:53:44.7023253+03:00"
2026-09-29 22:54:44.716 +03:00 [INF] ServiceManager Heartbeat: DB, Redis, and Services Healthy at "2026-09-29T22:54:44.7166242+03:00"
2026-09-29 22:55:44.735 +03:00 [INF] ServiceManager Heartbeat: DB, Redis, and Services Healthy at "2026-09-29T22:55:44.7353791+03:00"
2026-09-29 22:56:44.740 +03:00 [INF] ServiceManager Heartbeat: DB, Redis, and Services Healthy at "2026-09-29T22:56:44.7407346+03:00"
2026-09-29 22:57:44.748 +03:00 [INF] ServiceManager Heartbeat: DB, Redis, and Services Healthy at "2026-09-29T22:57:44.7480277+03:00"
2026-09-29 22:58:44.752 +03:00 [INF] ServiceManager Heartbeat: DB, Redis, and Services Healthy at "2026-09-29T22:58:44.7528231+03:00"
2026-09-29 22:59:44.764 +03:00 [INF] ServiceManager Heartbeat: DB, Redis, and Services Healthy at "2026-09-29T22:59:44.7647823+03:00"
2026-09-29 23:00:44.769 +03:00 [INF] ServiceManager Heartbeat: DB, Redis, and Services Healthy at "2026-09-29T23:00:44.7692753+03:00"
2026-09-29 23:01:44.782 +03:00 [INF] ServiceManager Heartbeat: DB, Redis, and Services Healthy at "2026-09-29T23:01:44.7825269+03:00"
2026-09-29 23:02:14.937 +03:00 [INF] Application is shutting down...
