2026-09-09 08:58:55.448 +03:00 [INF] ServiceManager Heartbeat: DB, Redis, and Services Healthy at "2026-09-09T08:58:55.4488796+03:00"
2026-09-09 08:59:55.760 +03:00 [INF] ServiceManager Heartbeat: DB, Redis, and Services Healthy at "2026-09-09T08:59:55.7605415+03:00"
2026-09-09 09:00:55.788 +03:00 [INF] ServiceManager Heartbeat: DB, Redis, and Services Healthy at "2026-09-09T09:00:55.7883047+03:00"
2026-09-09 09:01:55.945 +03:00 [INF] ServiceManager Heartbeat: DB, Redis, and Services Healthy at "2026-09-09T09:01:55.9453408+03:00"
2026-09-09 09:02:55.952 +03:00 [INF] ServiceManager Heartbeat: DB, Redis, and Services Healthy at "2026-09-09T09:02:55.9520424+03:00"
2026-09-09 09:03:55.970 +03:00 [INF] ServiceManager Heartbeat: DB, Redis, and Services Healthy at "2026-09-09T09:03:55.9702870+03:00"
2026-09-09 09:04:56.046 +03:00 [INF] ServiceManager Heartbeat: DB, Redis, and Services Healthy at "2026-09-09T09:04:56.0466290+03:00"
2026-09-09 09:05:56.437 +03:00 [INF] ServiceManager Heartbeat: DB, Redis, and Services Healthy at "2026-09-09T09:05:56.4368126+03:00"
2026-09-09 09:06:56.641 +03:00 [INF] ServiceManager Heartbeat: DB, Redis, and Services Healthy at "2026-09-09T09:06:56.6417476+03:00"
2026-09-09 09:07:56.701 +03:00 [INF] ServiceManager Heartbeat: DB, Redis, and Services Healthy at "2026-09-09T09:07:56.7011972+03:00"
2026-09-09 09:08:57.342 +03:00 [INF] ServiceManager Heartbeat: DB, Redis, and Services Healthy at "2026-09-09T09:08:57.3424718+03:00"
2026-09-09 09:09:57.404 +03:00 [INF] ServiceManager Heartbeat: DB, Redis, and Services Healthy at "2026-09-09T09:09:57.4042655+03:00"
2026-09-09 09:10:57.537 +03:00 [INF] ServiceManager Heartbeat: DB, Redis, and Services Healthy at "2026-09-09T09:10:57.5376114+03:00"
2026-09-09 09:11:57.554 +03:00 [INF] ServiceManager Heartbeat: DB, Redis, and Services Healthy at "2026-09-09T09:11:57.5548578+03:00"
2026-09-09 09:12:57.566 +03:00 [INF] ServiceManager Heartbeat: DB, Redis, and Services Healthy at "2026-09-09T09:12:57.5662049+03:00"
2026-09-09 09:13:57.580 +03:00 [INF] ServiceManager Heartbeat: DB, Redis, and Services Healthy at "2026-09-09T09:13:57.5805122+03:00"
2026-09-09 09:14:57.602 +03:00 [INF] ServiceManager Heartbeat: DB, Redis, and Services Healthy at "2026-09-09T09:14:57.6020043+03:00"
2026-09-09 09:15:57.613 +03:00 [INF] ServiceManager Heartbeat: DB, Redis, and Services Healthy at "2026-09-09T09:15:57.6135889+03:00"
2026-09-09 09:16:57.635 +03:00 [INF] ServiceManager Heartbeat: DB, Redis, and Services Healthy at "2026-09-09T09:16:57.6355917+03:00"
2026-09-09 09:17:57.654 +03:00 [INF] ServiceManager Heartbeat: DB, Redis, and Services Healthy at "2026-09-09T09:17:57.6547749+03:00"
2026-09-09 09:18:57.672 +03:00 [INF] ServiceManager Heartbeat: DB, Redis, and Services Healthy at "2026-09-09T09:18:57.6721905+03:00"
2026-09-09 09:19:57.690 +03:00 [INF] ServiceManager Heartbeat: DB, Redis, and Services Healthy at "2026-09-09T09:19:57.6901654+03:00"
2026-09-09 09:20:57.716 +03:00 [INF] ServiceManager Heartbeat: DB, Redis, and Services Healthy at "2026-09-09T09:20:57.7168122+03:00"
2026-09-09 09:21:57.735 +03:00 [INF] ServiceManager Heartbeat: DB, Redis, and Services Healthy at "2026-09-09T09:21:57.7350485+03:00"
2026-09-09 09:22:57.759 +03:00 [INF] ServiceManager Heartbeat: DB, Redis, and Services Healthy at "2026-09-09T09:22:57.7597264+03:00"
2026-09-09 09:23:57.791 +03:00 [INF] ServiceManager Heartbeat: DB, Redis, and Services Healthy at "2026-09-09T09:23:57.7918746+03:00"
2026-09-09 09:24:58.111 +03:00 [INF] ServiceManager Heartbeat: DB, Redis, and Services Healthy at "2026-09-09T09:24:58.1115830+03:00"
2026-09-09 09:25:58.121 +03:00 [INF] ServiceManager Heartbeat: DB, Redis, and Services Healthy at "2026-09-09T09:25:58.1213169+03:00"
2026-09-09 09:26:58.143 +03:00 [INF] ServiceManager Heartbeat: DB, Redis, and Services Healthy at "2026-09-09T09:26:58.1432849+03:00"
2026-09-09 09:27:58.688 +03:00 [INF] ServiceManager Heartbeat: DB, Redis, and Services Healthy at "2026-09-09T09:27:58.6886347+03:00"
2026-09-09 09:28:58.751 +03:00 [INF] ServiceManager Heartbeat: DB, Redis, and Services Healthy at "2026-09-09T09:28:58.7517186+03:00"
2026-09-09 09:29:58.776 +03:00 [INF] ServiceManager Heartbeat: DB, Redis, and Services Healthy at "2026-09-09T09:29:58.7767394+03:00"
2026-09-09 09:30:58.798 +03:00 [INF] ServiceManager Heartbeat: DB, Redis, and Services Healthy at "2026-09-09T09:30:58.7980827+03:00"
2026-09-09 11:35:41.474 +03:00 [INF] ServiceManager Heartbeat: DB, Redis, and Services Healthy at "2026-09-09T11:35:41.4749644+03:00"
2026-09-09 11:36:41.480 +03:00 [INF] ServiceManager Heartbeat: DB, Redis, and Services Healthy at "2026-09-09T11:36:41.4805596+03:00"
2026-09-09 11:37:41.706 +03:00 [INF] ServiceManager Heartbeat: DB, Redis, and Services Healthy at "2026-09-09T11:37:41.7069084+03:00"
2026-09-09 11:38:41.825 +03:00 [INF] ServiceManager Heartbeat: DB, Redis, and Services Healthy at "2026-09-09T11:38:41.8258583+03:00"
2026-09-09 11:39:41.846 +03:00 [INF] ServiceManager Heartbeat: DB, Redis, and Services Healthy at "2026-09-09T11:39:41.8465455+03:00"
2026-09-09 11:40:41.858 +03:00 [INF] ServiceManager Heartbeat: DB, Redis, and Services Healthy at "2026-09-09T11:40:41.8582902+03:00"
2026-09-09 11:41:41.875 +03:00 [INF] ServiceManager Heartbeat: DB, Redis, and Services Healthy at "2026-09-09T11:41:41.8758375+03:00"
2026-09-09 11:42:41.935 +03:00 [INF] ServiceManager Heartbeat: DB, Redis, and Services Healthy at "2026-09-09T11:42:41.9351381+03:00"
2026-09-09 11:42:48.299 +03:00 [INF] Application is shutting down...
2026-09-09 11:42:48.353 +03:00 [ERR] LabInstrumentListenerWorker error
System.Threading.Tasks.TaskCanceledException: A task was canceled.
   at CMS.ServiceManager.Workers.LabInstrumentListenerWorker.ExecuteAsync(CancellationToken stoppingToken) in C:\Users\ASUS\source\repos\CMS\src\CMS.ServiceManager\Workers\Workers.cs:line 81
2026-09-09 11:44:35.024 +03:00 [INF] ServiceManager Heartbeat: DB, Redis, and Services Healthy at "2026-09-09T11:44:34.9654703+03:00"
2026-09-09 11:44:35.136 +03:00 [INF] Starting LabInstrumentListenerWorker TCP listener on Port 2575 (HL7)...
2026-09-09 11:44:35.155 +03:00 [INF] Application started. Press Ctrl+C to shut down.
2026-09-09 11:44:35.158 +03:00 [INF] Hosting environment: Development
2026-09-09 11:44:35.162 +03:00 [INF] Content root path: C:\Users\ASUS\source\repos\CMS\src\CMS.ServiceManager
