2026-09-03 10:01:08.085 +03:00 [INF] ServiceManager Heartbeat: DB, Redis, and Services Healthy at "2026-09-03T10:01:08.0853104+03:00"
2026-09-03 10:02:08.094 +03:00 [INF] ServiceManager Heartbeat: DB, Redis, and Services Healthy at "2026-09-03T10:02:08.0944944+03:00"
2026-09-03 10:03:08.106 +03:00 [INF] ServiceManager Heartbeat: DB, Redis, and Services Healthy at "2026-09-03T10:03:08.1058918+03:00"
2026-09-03 10:04:08.114 +03:00 [INF] ServiceManager Heartbeat: DB, Redis, and Services Healthy at "2026-09-03T10:04:08.1140671+03:00"
2026-09-03 10:05:08.132 +03:00 [INF] ServiceManager Heartbeat: DB, Redis, and Services Healthy at "2026-09-03T10:05:08.1315848+03:00"
2026-09-03 10:06:08.146 +03:00 [INF] ServiceManager Heartbeat: DB, Redis, and Services Healthy at "2026-09-03T10:06:08.1460890+03:00"
2026-09-03 10:07:08.157 +03:00 [INF] ServiceManager Heartbeat: DB, Redis, and Services Healthy at "2026-09-03T10:07:08.1579489+03:00"
2026-09-03 10:08:08.168 +03:00 [INF] ServiceManager Heartbeat: DB, Redis, and Services Healthy at "2026-09-03T10:08:08.1684815+03:00"
2026-09-03 10:09:08.178 +03:00 [INF] ServiceManager Heartbeat: DB, Redis, and Services Healthy at "2026-09-03T10:09:08.1777847+03:00"
2026-09-03 10:10:08.218 +03:00 [INF] ServiceManager Heartbeat: DB, Redis, and Services Healthy at "2026-09-03T10:10:08.2180539+03:00"
2026-09-03 10:11:08.223 +03:00 [INF] ServiceManager Heartbeat: DB, Redis, and Services Healthy at "2026-09-03T10:11:08.2230849+03:00"
2026-09-03 10:12:08.226 +03:00 [INF] ServiceManager Heartbeat: DB, Redis, and Services Healthy at "2026-09-03T10:12:08.2267170+03:00"
2026-09-03 10:13:08.231 +03:00 [INF] ServiceManager Heartbeat: DB, Redis, and Services Healthy at "2026-09-03T10:13:08.2311230+03:00"
2026-09-03 10:14:08.248 +03:00 [INF] ServiceManager Heartbeat: DB, Redis, and Services Healthy at "2026-09-03T10:14:08.2480828+03:00"
2026-09-03 10:15:08.262 +03:00 [INF] ServiceManager Heartbeat: DB, Redis, and Services Healthy at "2026-09-03T10:15:08.2622882+03:00"
2026-09-03 10:16:08.265 +03:00 [INF] ServiceManager Heartbeat: DB, Redis, and Services Healthy at "2026-09-03T10:16:08.2651247+03:00"
2026-09-03 10:17:09.695 +03:00 [INF] ServiceManager Heartbeat: DB, Redis, and Services Healthy at "2026-09-03T10:17:09.6951661+03:00"
2026-09-03 10:18:09.707 +03:00 [INF] ServiceManager Heartbeat: DB, Redis, and Services Healthy at "2026-09-03T10:18:09.7070036+03:00"
2026-09-03 10:19:09.716 +03:00 [INF] ServiceManager Heartbeat: DB, Redis, and Services Healthy at "2026-09-03T10:19:09.7164834+03:00"
2026-09-03 10:20:09.735 +03:00 [INF] ServiceManager Heartbeat: DB, Redis, and Services Healthy at "2026-09-03T10:20:09.7349929+03:00"
2026-09-03 10:21:09.744 +03:00 [INF] ServiceManager Heartbeat: DB, Redis, and Services Healthy at "2026-09-03T10:21:09.7449055+03:00"
2026-09-03 10:22:09.753 +03:00 [INF] ServiceManager Heartbeat: DB, Redis, and Services Healthy at "2026-09-03T10:22:09.7533548+03:00"
2026-09-03 10:23:09.763 +03:00 [INF] ServiceManager Heartbeat: DB, Redis, and Services Healthy at "2026-09-03T10:23:09.7629309+03:00"
2026-09-03 10:24:09.768 +03:00 [INF] ServiceManager Heartbeat: DB, Redis, and Services Healthy at "2026-09-03T10:24:09.7680708+03:00"
2026-09-03 10:25:09.780 +03:00 [INF] ServiceManager Heartbeat: DB, Redis, and Services Healthy at "2026-09-03T10:25:09.7805003+03:00"
2026-09-03 10:26:09.785 +03:00 [INF] ServiceManager Heartbeat: DB, Redis, and Services Healthy at "2026-09-03T10:26:09.7855142+03:00"
2026-09-03 10:27:09.801 +03:00 [INF] ServiceManager Heartbeat: DB, Redis, and Services Healthy at "2026-09-03T10:27:09.8017076+03:00"
2026-09-03 10:28:09.815 +03:00 [INF] ServiceManager Heartbeat: DB, Redis, and Services Healthy at "2026-09-03T10:28:09.8152611+03:00"
2026-09-03 10:29:09.834 +03:00 [INF] ServiceManager Heartbeat: DB, Redis, and Services Healthy at "2026-09-03T10:29:09.8343733+03:00"
2026-09-03 10:30:09.846 +03:00 [INF] ServiceManager Heartbeat: DB, Redis, and Services Healthy at "2026-09-03T10:30:09.8468359+03:00"
2026-09-03 10:31:09.854 +03:00 [INF] ServiceManager Heartbeat: DB, Redis, and Services Healthy at "2026-09-03T10:31:09.8538062+03:00"
2026-09-03 10:32:09.857 +03:00 [INF] ServiceManager Heartbeat: DB, Redis, and Services Healthy at "2026-09-03T10:32:09.8576075+03:00"
2026-09-03 10:33:09.871 +03:00 [INF] ServiceManager Heartbeat: DB, Redis, and Services Healthy at "2026-09-03T10:33:09.8707908+03:00"
2026-09-03 10:34:09.882 +03:00 [INF] ServiceManager Heartbeat: DB, Redis, and Services Healthy at "2026-09-03T10:34:09.8815758+03:00"
2026-09-03 10:35:09.901 +03:00 [INF] ServiceManager Heartbeat: DB, Redis, and Services Healthy at "2026-09-03T10:35:09.9010991+03:00"
2026-09-03 10:36:09.910 +03:00 [INF] ServiceManager Heartbeat: DB, Redis, and Services Healthy at "2026-09-03T10:36:09.9103446+03:00"
2026-09-03 10:37:09.919 +03:00 [INF] ServiceManager Heartbeat: DB, Redis, and Services Healthy at "2026-09-03T10:37:09.9193318+03:00"
2026-09-03 10:38:09.937 +03:00 [INF] ServiceManager Heartbeat: DB, Redis, and Services Healthy at "2026-09-03T10:38:09.9374479+03:00"
2026-09-03 10:39:09.956 +03:00 [INF] ServiceManager Heartbeat: DB, Redis, and Services Healthy at "2026-09-03T10:39:09.9563437+03:00"
2026-09-03 10:40:09.972 +03:00 [INF] ServiceManager Heartbeat: DB, Redis, and Services Healthy at "2026-09-03T10:40:09.9721470+03:00"
2026-09-03 10:41:09.976 +03:00 [INF] ServiceManager Heartbeat: DB, Redis, and Services Healthy at "2026-09-03T10:41:09.9760926+03:00"
2026-09-03 10:42:09.983 +03:00 [INF] ServiceManager Heartbeat: DB, Redis, and Services Healthy at "2026-09-03T10:42:09.9836746+03:00"
2026-09-03 10:43:09.996 +03:00 [INF] ServiceManager Heartbeat: DB, Redis, and Services Healthy at "2026-09-03T10:43:09.9964736+03:00"
2026-09-03 10:44:10.015 +03:00 [INF] ServiceManager Heartbeat: DB, Redis, and Services Healthy at "2026-09-03T10:44:10.0155771+03:00"
2026-09-03 10:45:10.021 +03:00 [INF] ServiceManager Heartbeat: DB, Redis, and Services Healthy at "2026-09-03T10:45:10.0219794+03:00"
2026-09-03 10:46:10.037 +03:00 [INF] ServiceManager Heartbeat: DB, Redis, and Services Healthy at "2026-09-03T10:46:10.0375498+03:00"
2026-09-03 10:47:10.046 +03:00 [INF] ServiceManager Heartbeat: DB, Redis, and Services Healthy at "2026-09-03T10:47:10.0463075+03:00"
2026-09-03 10:48:10.054 +03:00 [INF] ServiceManager Heartbeat: DB, Redis, and Services Healthy at "2026-09-03T10:48:10.0541962+03:00"
2026-09-03 10:49:10.065 +03:00 [INF] ServiceManager Heartbeat: DB, Redis, and Services Healthy at "2026-09-03T10:49:10.0654834+03:00"
2026-09-03 10:50:10.075 +03:00 [INF] ServiceManager Heartbeat: DB, Redis, and Services Healthy at "2026-09-03T10:50:10.0750799+03:00"
2026-09-03 10:51:10.081 +03:00 [INF] ServiceManager Heartbeat: DB, Redis, and Services Healthy at "2026-09-03T10:51:10.0810621+03:00"
2026-09-03 10:52:10.086 +03:00 [INF] ServiceManager Heartbeat: DB, Redis, and Services Healthy at "2026-09-03T10:52:10.0866065+03:00"
2026-09-03 10:52:22.629 +03:00 [INF] Application is shutting down...
2026-09-03 10:52:22.647 +03:00 [ERR] LabInstrumentListenerWorker error
System.Threading.Tasks.TaskCanceledException: A task was canceled.
   at CMS.ServiceManager.Workers.LabInstrumentListenerWorker.ExecuteAsync(CancellationToken stoppingToken) in C:\Users\ASUS\source\repos\CMS\src\CMS.ServiceManager\Workers\Workers.cs:line 81
2026-09-03 11:56:18.789 +03:00 [INF] ServiceManager Heartbeat: DB, Redis, and Services Healthy at "2026-09-03T11:56:18.7349978+03:00"
2026-09-03 11:56:18.913 +03:00 [INF] Starting LabInstrumentListenerWorker TCP listener on Port 2575 (HL7)...
2026-09-03 11:56:18.930 +03:00 [INF] Application started. Press Ctrl+C to shut down.
2026-09-03 11:56:18.932 +03:00 [INF] Hosting environment: Development
2026-09-03 11:56:18.935 +03:00 [INF] Content root path: C:\Users\ASUS\source\repos\CMS\src\CMS.ServiceManager
2026-09-03 11:57:18.912 +03:00 [INF] ServiceManager Heartbeat: DB, Redis, and Services Healthy at "2026-09-03T11:57:18.9120696+03:00"
2026-09-03 11:58:18.921 +03:00 [INF] ServiceManager Heartbeat: DB, Redis, and Services Healthy at "2026-09-03T11:58:18.9214559+03:00"
2026-09-03 11:59:18.939 +03:00 [INF] ServiceManager Heartbeat: DB, Redis, and Services Healthy at "2026-09-03T11:59:18.9389898+03:00"
2026-09-03 12:00:18.970 +03:00 [INF] ServiceManager Heartbeat: DB, Redis, and Services Healthy at "2026-09-03T12:00:18.9700256+03:00"
2026-09-03 12:01:19.017 +03:00 [INF] ServiceManager Heartbeat: DB, Redis, and Services Healthy at "2026-09-03T12:01:19.0167590+03:00"
2026-09-03 12:02:19.051 +03:00 [INF] ServiceManager Heartbeat: DB, Redis, and Services Healthy at "2026-09-03T12:02:19.0511839+03:00"
2026-09-03 12:03:19.067 +03:00 [INF] ServiceManager Heartbeat: DB, Redis, and Services Healthy at "2026-09-03T12:03:19.0676739+03:00"
2026-09-03 12:04:19.072 +03:00 [INF] ServiceManager Heartbeat: DB, Redis, and Services Healthy at "2026-09-03T12:04:19.0725673+03:00"
2026-09-03 12:05:19.095 +03:00 [INF] ServiceManager Heartbeat: DB, Redis, and Services Healthy at "2026-09-03T12:05:19.0949009+03:00"
2026-09-03 12:06:19.103 +03:00 [INF] ServiceManager Heartbeat: DB, Redis, and Services Healthy at "2026-09-03T12:06:19.1028643+03:00"
2026-09-03 12:07:19.138 +03:00 [INF] ServiceManager Heartbeat: DB, Redis, and Services Healthy at "2026-09-03T12:07:19.1388362+03:00"
2026-09-03 12:08:19.152 +03:00 [INF] ServiceManager Heartbeat: DB, Redis, and Services Healthy at "2026-09-03T12:08:19.1525371+03:00"
2026-09-03 12:09:19.163 +03:00 [INF] ServiceManager Heartbeat: DB, Redis, and Services Healthy at "2026-09-03T12:09:19.1632239+03:00"
2026-09-03 12:10:19.164 +03:00 [INF] ServiceManager Heartbeat: DB, Redis, and Services Healthy at "2026-09-03T12:10:19.1646351+03:00"
2026-09-03 12:11:19.178 +03:00 [INF] ServiceManager Heartbeat: DB, Redis, and Services Healthy at "2026-09-03T12:11:19.1782583+03:00"
2026-09-03 12:12:19.206 +03:00 [INF] ServiceManager Heartbeat: DB, Redis, and Services Healthy at "2026-09-03T12:12:19.2066546+03:00"
2026-09-03 12:13:19.230 +03:00 [INF] ServiceManager Heartbeat: DB, Redis, and Services Healthy at "2026-09-03T12:13:19.2307088+03:00"
2026-09-03 12:14:19.235 +03:00 [INF] ServiceManager Heartbeat: DB, Redis, and Services Healthy at "2026-09-03T12:14:19.2355638+03:00"
2026-09-03 12:15:19.251 +03:00 [INF] ServiceManager Heartbeat: DB, Redis, and Services Healthy at "2026-09-03T12:15:19.2517495+03:00"
2026-09-03 12:16:19.267 +03:00 [INF] ServiceManager Heartbeat: DB, Redis, and Services Healthy at "2026-09-03T12:16:19.2669017+03:00"
2026-09-03 12:17:19.280 +03:00 [INF] ServiceManager Heartbeat: DB, Redis, and Services Healthy at "2026-09-03T12:17:19.2808469+03:00"
2026-09-03 12:18:19.314 +03:00 [INF] ServiceManager Heartbeat: DB, Redis, and Services Healthy at "2026-09-03T12:18:19.3140496+03:00"
2026-09-03 12:19:19.319 +03:00 [INF] ServiceManager Heartbeat: DB, Redis, and Services Healthy at "2026-09-03T12:19:19.3196522+03:00"
2026-09-03 12:20:19.340 +03:00 [INF] ServiceManager Heartbeat: DB, Redis, and Services Healthy at "2026-09-03T12:20:19.3399545+03:00"
2026-09-03 12:21:19.398 +03:00 [INF] ServiceManager Heartbeat: DB, Redis, and Services Healthy at "2026-09-03T12:21:19.3980443+03:00"
2026-09-03 12:22:19.448 +03:00 [INF] ServiceManager Heartbeat: DB, Redis, and Services Healthy at "2026-09-03T12:22:19.4483374+03:00"
2026-09-03 12:23:19.454 +03:00 [INF] ServiceManager Heartbeat: DB, Redis, and Services Healthy at "2026-09-03T12:23:19.4542902+03:00"
2026-09-03 12:24:19.458 +03:00 [INF] ServiceManager Heartbeat: DB, Redis, and Services Healthy at "2026-09-03T12:24:19.4584776+03:00"
2026-09-03 12:25:19.463 +03:00 [INF] ServiceManager Heartbeat: DB, Redis, and Services Healthy at "2026-09-03T12:25:19.4632141+03:00"
2026-09-03 12:26:19.482 +03:00 [INF] ServiceManager Heartbeat: DB, Redis, and Services Healthy at "2026-09-03T12:26:19.4821592+03:00"
2026-09-03 12:27:19.499 +03:00 [INF] ServiceManager Heartbeat: DB, Redis, and Services Healthy at "2026-09-03T12:27:19.4987166+03:00"
2026-09-03 12:28:19.569 +03:00 [INF] ServiceManager Heartbeat: DB, Redis, and Services Healthy at "2026-09-03T12:28:19.5689957+03:00"
2026-09-03 12:29:19.753 +03:00 [INF] ServiceManager Heartbeat: DB, Redis, and Services Healthy at "2026-09-03T12:29:19.7537875+03:00"
2026-09-03 12:30:19.794 +03:00 [INF] ServiceManager Heartbeat: DB, Redis, and Services Healthy at "2026-09-03T12:30:19.7945035+03:00"
2026-09-03 12:31:19.799 +03:00 [INF] ServiceManager Heartbeat: DB, Redis, and Services Healthy at "2026-09-03T12:31:19.7990304+03:00"
2026-09-03 12:32:19.813 +03:00 [INF] ServiceManager Heartbeat: DB, Redis, and Services Healthy at "2026-09-03T12:32:19.8136520+03:00"
2026-09-03 12:33:19.850 +03:00 [INF] ServiceManager Heartbeat: DB, Redis, and Services Healthy at "2026-09-03T12:33:19.8502104+03:00"
2026-09-03 12:34:19.857 +03:00 [INF] ServiceManager Heartbeat: DB, Redis, and Services Healthy at "2026-09-03T12:34:19.8578554+03:00"
2026-09-03 12:35:19.878 +03:00 [INF] ServiceManager Heartbeat: DB, Redis, and Services Healthy at "2026-09-03T12:35:19.8784251+03:00"
2026-09-03 12:36:19.884 +03:00 [INF] ServiceManager Heartbeat: DB, Redis, and Services Healthy at "2026-09-03T12:36:19.8847569+03:00"
2026-09-03 12:37:19.901 +03:00 [INF] ServiceManager Heartbeat: DB, Redis, and Services Healthy at "2026-09-03T12:37:19.9015073+03:00"
2026-09-03 12:38:20.117 +03:00 [INF] ServiceManager Heartbeat: DB, Redis, and Services Healthy at "2026-09-03T12:38:20.1170572+03:00"
2026-09-03 12:39:20.125 +03:00 [INF] ServiceManager Heartbeat: DB, Redis, and Services Healthy at "2026-09-03T12:39:20.1255944+03:00"
2026-09-03 12:40:20.146 +03:00 [INF] ServiceManager Heartbeat: DB, Redis, and Services Healthy at "2026-09-03T12:40:20.1468753+03:00"
2026-09-03 12:41:20.181 +03:00 [INF] ServiceManager Heartbeat: DB, Redis, and Services Healthy at "2026-09-03T12:41:20.1817543+03:00"
2026-09-03 12:42:20.188 +03:00 [INF] ServiceManager Heartbeat: DB, Redis, and Services Healthy at "2026-09-03T12:42:20.1886856+03:00"
2026-09-03 12:43:20.198 +03:00 [INF] ServiceManager Heartbeat: DB, Redis, and Services Healthy at "2026-09-03T12:43:20.1984097+03:00"
2026-09-03 12:44:20.205 +03:00 [INF] ServiceManager Heartbeat: DB, Redis, and Services Healthy at "2026-09-03T12:44:20.2052148+03:00"
2026-09-03 12:45:20.225 +03:00 [INF] ServiceManager Heartbeat: DB, Redis, and Services Healthy at "2026-09-03T12:45:20.2252683+03:00"
2026-09-03 12:45:31.147 +03:00 [INF] Application is shutting down...
2026-09-03 12:45:31.172 +03:00 [ERR] LabInstrumentListenerWorker error
System.Threading.Tasks.TaskCanceledException: A task was canceled.
   at CMS.ServiceManager.Workers.LabInstrumentListenerWorker.ExecuteAsync(CancellationToken stoppingToken) in C:\Users\ASUS\source\repos\CMS\src\CMS.ServiceManager\Workers\Workers.cs:line 81
2026-09-03 13:22:16.307 +03:00 [INF] ServiceManager Heartbeat: DB, Redis, and Services Healthy at "2026-09-03T13:22:16.2437773+03:00"
2026-09-03 13:22:16.426 +03:00 [INF] Starting LabInstrumentListenerWorker TCP listener on Port 2575 (HL7)...
2026-09-03 13:22:16.442 +03:00 [INF] Application started. Press Ctrl+C to shut down.
2026-09-03 13:22:16.444 +03:00 [INF] Hosting environment: Development
2026-09-03 13:22:16.447 +03:00 [INF] Content root path: C:\Users\ASUS\source\repos\CMS\src\CMS.ServiceManager
2026-09-03 13:23:16.418 +03:00 [INF] ServiceManager Heartbeat: DB, Redis, and Services Healthy at "2026-09-03T13:23:16.4181100+03:00"
2026-09-03 13:24:16.429 +03:00 [INF] ServiceManager Heartbeat: DB, Redis, and Services Healthy at "2026-09-03T13:24:16.4296544+03:00"
2026-09-03 13:25:16.484 +03:00 [INF] ServiceManager Heartbeat: DB, Redis, and Services Healthy at "2026-09-03T13:25:16.4843469+03:00"
2026-09-03 13:26:16.504 +03:00 [INF] ServiceManager Heartbeat: DB, Redis, and Services Healthy at "2026-09-03T13:26:16.5036821+03:00"
2026-09-03 13:27:16.520 +03:00 [INF] ServiceManager Heartbeat: DB, Redis, and Services Healthy at "2026-09-03T13:27:16.5198664+03:00"
2026-09-03 13:28:16.531 +03:00 [INF] ServiceManager Heartbeat: DB, Redis, and Services Healthy at "2026-09-03T13:28:16.5311838+03:00"
2026-09-03 13:29:16.537 +03:00 [INF] ServiceManager Heartbeat: DB, Redis, and Services Healthy at "2026-09-03T13:29:16.5372921+03:00"
2026-09-03 13:30:16.552 +03:00 [INF] ServiceManager Heartbeat: DB, Redis, and Services Healthy at "2026-09-03T13:30:16.5517318+03:00"
2026-09-03 13:31:16.705 +03:00 [INF] ServiceManager Heartbeat: DB, Redis, and Services Healthy at "2026-09-03T13:31:16.7054622+03:00"
2026-09-03 13:32:16.717 +03:00 [INF] ServiceManager Heartbeat: DB, Redis, and Services Healthy at "2026-09-03T13:32:16.7168342+03:00"
2026-09-03 13:33:16.728 +03:00 [INF] ServiceManager Heartbeat: DB, Redis, and Services Healthy at "2026-09-03T13:33:16.7287836+03:00"
2026-09-03 13:34:16.745 +03:00 [INF] ServiceManager Heartbeat: DB, Redis, and Services Healthy at "2026-09-03T13:34:16.7451324+03:00"
2026-09-03 13:35:16.763 +03:00 [INF] ServiceManager Heartbeat: DB, Redis, and Services Healthy at "2026-09-03T13:35:16.7633078+03:00"
2026-09-03 13:36:16.772 +03:00 [INF] ServiceManager Heartbeat: DB, Redis, and Services Healthy at "2026-09-03T13:36:16.7724902+03:00"
2026-09-03 13:37:13.228 +03:00 [INF] Application is shutting down...
2026-09-03 13:37:13.243 +03:00 [ERR] LabInstrumentListenerWorker error
System.Threading.Tasks.TaskCanceledException: A task was canceled.
   at CMS.ServiceManager.Workers.LabInstrumentListenerWorker.ExecuteAsync(CancellationToken stoppingToken) in C:\Users\ASUS\source\repos\CMS\src\CMS.ServiceManager\Workers\Workers.cs:line 81
2026-09-03 15:41:48.061 +03:00 [INF] ServiceManager Heartbeat: DB, Redis, and Services Healthy at "2026-09-03T15:41:48.0059042+03:00"
2026-09-03 15:41:48.184 +03:00 [INF] Starting LabInstrumentListenerWorker TCP listener on Port 2575 (HL7)...
2026-09-03 15:41:48.201 +03:00 [INF] Application started. Press Ctrl+C to shut down.
2026-09-03 15:41:48.205 +03:00 [INF] Hosting environment: Development
2026-09-03 15:41:48.208 +03:00 [INF] Content root path: C:\Users\ASUS\source\repos\CMS\src\CMS.ServiceManager
2026-09-03 15:42:48.182 +03:00 [INF] ServiceManager Heartbeat: DB, Redis, and Services Healthy at "2026-09-03T15:42:48.1809750+03:00"
2026-09-03 15:43:48.217 +03:00 [INF] ServiceManager Heartbeat: DB, Redis, and Services Healthy at "2026-09-03T15:43:48.2167148+03:00"
2026-09-03 15:44:48.281 +03:00 [INF] ServiceManager Heartbeat: DB, Redis, and Services Healthy at "2026-09-03T15:44:48.2810111+03:00"
2026-09-03 15:45:48.309 +03:00 [INF] ServiceManager Heartbeat: DB, Redis, and Services Healthy at "2026-09-03T15:45:48.3092013+03:00"
2026-09-03 15:46:48.324 +03:00 [INF] ServiceManager Heartbeat: DB, Redis, and Services Healthy at "2026-09-03T15:46:48.3238233+03:00"
2026-09-03 15:47:48.338 +03:00 [INF] ServiceManager Heartbeat: DB, Redis, and Services Healthy at "2026-09-03T15:47:48.3376749+03:00"
2026-09-03 15:48:48.354 +03:00 [INF] ServiceManager Heartbeat: DB, Redis, and Services Healthy at "2026-09-03T15:48:48.3547469+03:00"
2026-09-03 15:49:48.364 +03:00 [INF] ServiceManager Heartbeat: DB, Redis, and Services Healthy at "2026-09-03T15:49:48.3639164+03:00"
2026-09-03 15:50:48.390 +03:00 [INF] ServiceManager Heartbeat: DB, Redis, and Services Healthy at "2026-09-03T15:50:48.3905174+03:00"
2026-09-03 15:51:48.406 +03:00 [INF] ServiceManager Heartbeat: DB, Redis, and Services Healthy at "2026-09-03T15:51:48.4064519+03:00"
2026-09-03 15:52:48.436 +03:00 [INF] ServiceManager Heartbeat: DB, Redis, and Services Healthy at "2026-09-03T15:52:48.4362841+03:00"
2026-09-03 15:53:48.442 +03:00 [INF] ServiceManager Heartbeat: DB, Redis, and Services Healthy at "2026-09-03T15:53:48.4424436+03:00"
2026-09-03 15:54:48.503 +03:00 [INF] ServiceManager Heartbeat: DB, Redis, and Services Healthy at "2026-09-03T15:54:48.5035211+03:00"
2026-09-03 15:55:48.556 +03:00 [INF] ServiceManager Heartbeat: DB, Redis, and Services Healthy at "2026-09-03T15:55:48.5564507+03:00"
2026-09-03 15:56:48.609 +03:00 [INF] ServiceManager Heartbeat: DB, Redis, and Services Healthy at "2026-09-03T15:56:48.6096990+03:00"
2026-09-03 15:57:48.626 +03:00 [INF] ServiceManager Heartbeat: DB, Redis, and Services Healthy at "2026-09-03T15:57:48.6259210+03:00"
2026-09-03 15:58:48.697 +03:00 [INF] ServiceManager Heartbeat: DB, Redis, and Services Healthy at "2026-09-03T15:58:48.6974179+03:00"
2026-09-03 15:59:49.661 +03:00 [INF] ServiceManager Heartbeat: DB, Redis, and Services Healthy at "2026-09-03T15:59:49.6614354+03:00"
2026-09-03 16:00:49.753 +03:00 [INF] ServiceManager Heartbeat: DB, Redis, and Services Healthy at "2026-09-03T16:00:49.7528299+03:00"
2026-09-03 16:01:50.131 +03:00 [INF] ServiceManager Heartbeat: DB, Redis, and Services Healthy at "2026-09-03T16:01:50.1310178+03:00"
2026-09-03 16:02:50.138 +03:00 [INF] ServiceManager Heartbeat: DB, Redis, and Services Healthy at "2026-09-03T16:02:50.1387650+03:00"
2026-09-03 16:03:50.152 +03:00 [INF] ServiceManager Heartbeat: DB, Redis, and Services Healthy at "2026-09-03T16:03:50.1526369+03:00"
2026-09-03 16:04:50.163 +03:00 [INF] ServiceManager Heartbeat: DB, Redis, and Services Healthy at "2026-09-03T16:04:50.1638684+03:00"
2026-09-03 16:05:50.171 +03:00 [INF] ServiceManager Heartbeat: DB, Redis, and Services Healthy at "2026-09-03T16:05:50.1717314+03:00"
2026-09-03 16:06:50.894 +03:00 [INF] ServiceManager Heartbeat: DB, Redis, and Services Healthy at "2026-09-03T16:06:50.8940325+03:00"
2026-09-03 16:07:50.934 +03:00 [INF] ServiceManager Heartbeat: DB, Redis, and Services Healthy at "2026-09-03T16:07:50.9340210+03:00"
2026-09-03 16:08:50.954 +03:00 [INF] ServiceManager Heartbeat: DB, Redis, and Services Healthy at "2026-09-03T16:08:50.9539431+03:00"
2026-09-03 16:09:50.966 +03:00 [INF] ServiceManager Heartbeat: DB, Redis, and Services Healthy at "2026-09-03T16:09:50.9663453+03:00"
2026-09-03 16:10:50.981 +03:00 [INF] ServiceManager Heartbeat: DB, Redis, and Services Healthy at "2026-09-03T16:10:50.9817787+03:00"
2026-09-03 16:11:50.989 +03:00 [INF] ServiceManager Heartbeat: DB, Redis, and Services Healthy at "2026-09-03T16:11:50.9890194+03:00"
2026-09-03 16:12:51.072 +03:00 [INF] ServiceManager Heartbeat: DB, Redis, and Services Healthy at "2026-09-03T16:12:51.0723560+03:00"
2026-09-03 16:13:51.078 +03:00 [INF] ServiceManager Heartbeat: DB, Redis, and Services Healthy at "2026-09-03T16:13:51.0782832+03:00"
2026-09-03 16:14:51.093 +03:00 [INF] ServiceManager Heartbeat: DB, Redis, and Services Healthy at "2026-09-03T16:14:51.0936717+03:00"
2026-09-03 16:15:51.109 +03:00 [INF] ServiceManager Heartbeat: DB, Redis, and Services Healthy at "2026-09-03T16:15:51.1099288+03:00"
2026-09-03 16:16:51.118 +03:00 [INF] ServiceManager Heartbeat: DB, Redis, and Services Healthy at "2026-09-03T16:16:51.1189136+03:00"
2026-09-03 16:17:51.135 +03:00 [INF] ServiceManager Heartbeat: DB, Redis, and Services Healthy at "2026-09-03T16:17:51.1359307+03:00"
2026-09-03 16:18:51.151 +03:00 [INF] ServiceManager Heartbeat: DB, Redis, and Services Healthy at "2026-09-03T16:18:51.1511769+03:00"
2026-09-03 16:19:51.166 +03:00 [INF] ServiceManager Heartbeat: DB, Redis, and Services Healthy at "2026-09-03T16:19:51.1663057+03:00"
2026-09-03 16:20:51.182 +03:00 [INF] ServiceManager Heartbeat: DB, Redis, and Services Healthy at "2026-09-03T16:20:51.1828075+03:00"
2026-09-03 16:21:51.199 +03:00 [INF] ServiceManager Heartbeat: DB, Redis, and Services Healthy at "2026-09-03T16:21:51.1990680+03:00"
2026-09-03 16:22:51.204 +03:00 [INF] ServiceManager Heartbeat: DB, Redis, and Services Healthy at "2026-09-03T16:22:51.2043164+03:00"
2026-09-03 16:23:51.222 +03:00 [INF] ServiceManager Heartbeat: DB, Redis, and Services Healthy at "2026-09-03T16:23:51.2229036+03:00"
2026-09-03 16:24:51.226 +03:00 [INF] ServiceManager Heartbeat: DB, Redis, and Services Healthy at "2026-09-03T16:24:51.2265428+03:00"
2026-09-03 16:25:51.234 +03:00 [INF] ServiceManager Heartbeat: DB, Redis, and Services Healthy at "2026-09-03T16:25:51.2340979+03:00"
2026-09-03 16:26:51.248 +03:00 [INF] ServiceManager Heartbeat: DB, Redis, and Services Healthy at "2026-09-03T16:26:51.2480976+03:00"
2026-09-03 16:27:51.256 +03:00 [INF] ServiceManager Heartbeat: DB, Redis, and Services Healthy at "2026-09-03T16:27:51.2560042+03:00"
2026-09-03 16:28:51.261 +03:00 [INF] ServiceManager Heartbeat: DB, Redis, and Services Healthy at "2026-09-03T16:28:51.2609768+03:00"
2026-09-03 16:29:51.273 +03:00 [INF] ServiceManager Heartbeat: DB, Redis, and Services Healthy at "2026-09-03T16:29:51.2735634+03:00"
2026-09-03 16:30:51.278 +03:00 [INF] ServiceManager Heartbeat: DB, Redis, and Services Healthy at "2026-09-03T16:30:51.2784661+03:00"
2026-09-03 16:31:51.284 +03:00 [INF] ServiceManager Heartbeat: DB, Redis, and Services Healthy at "2026-09-03T16:31:51.2844222+03:00"
2026-09-03 16:32:51.288 +03:00 [INF] ServiceManager Heartbeat: DB, Redis, and Services Healthy at "2026-09-03T16:32:51.2883159+03:00"
2026-09-03 16:33:51.304 +03:00 [INF] ServiceManager Heartbeat: DB, Redis, and Services Healthy at "2026-09-03T16:33:51.3042252+03:00"
2026-09-03 16:34:51.320 +03:00 [INF] ServiceManager Heartbeat: DB, Redis, and Services Healthy at "2026-09-03T16:34:51.3206741+03:00"
2026-09-03 16:35:51.326 +03:00 [INF] ServiceManager Heartbeat: DB, Redis, and Services Healthy at "2026-09-03T16:35:51.3263843+03:00"
2026-09-03 16:36:51.342 +03:00 [INF] ServiceManager Heartbeat: DB, Redis, and Services Healthy at "2026-09-03T16:36:51.3425577+03:00"
2026-09-03 16:37:51.348 +03:00 [INF] ServiceManager Heartbeat: DB, Redis, and Services Healthy at "2026-09-03T16:37:51.3487052+03:00"
2026-09-03 16:38:51.366 +03:00 [INF] ServiceManager Heartbeat: DB, Redis, and Services Healthy at "2026-09-03T16:38:51.3669079+03:00"
2026-09-03 16:39:51.380 +03:00 [INF] ServiceManager Heartbeat: DB, Redis, and Services Healthy at "2026-09-03T16:39:51.3806253+03:00"
2026-09-03 16:40:51.383 +03:00 [INF] ServiceManager Heartbeat: DB, Redis, and Services Healthy at "2026-09-03T16:40:51.3836325+03:00"
2026-09-03 16:41:51.400 +03:00 [INF] ServiceManager Heartbeat: DB, Redis, and Services Healthy at "2026-09-03T16:41:51.4003772+03:00"
2026-09-03 16:42:51.411 +03:00 [INF] ServiceManager Heartbeat: DB, Redis, and Services Healthy at "2026-09-03T16:42:51.4115080+03:00"
2026-09-03 16:43:51.428 +03:00 [INF] ServiceManager Heartbeat: DB, Redis, and Services Healthy at "2026-09-03T16:43:51.4287416+03:00"
2026-09-03 16:44:51.445 +03:00 [INF] ServiceManager Heartbeat: DB, Redis, and Services Healthy at "2026-09-03T16:44:51.4449845+03:00"
2026-09-03 16:45:51.456 +03:00 [INF] ServiceManager Heartbeat: DB, Redis, and Services Healthy at "2026-09-03T16:45:51.4566240+03:00"
2026-09-03 16:46:51.470 +03:00 [INF] ServiceManager Heartbeat: DB, Redis, and Services Healthy at "2026-09-03T16:46:51.4708303+03:00"
2026-09-03 16:47:51.481 +03:00 [INF] ServiceManager Heartbeat: DB, Redis, and Services Healthy at "2026-09-03T16:47:51.4812983+03:00"
2026-09-03 16:48:51.491 +03:00 [INF] ServiceManager Heartbeat: DB, Redis, and Services Healthy at "2026-09-03T16:48:51.4912691+03:00"
2026-09-03 16:49:51.503 +03:00 [INF] ServiceManager Heartbeat: DB, Redis, and Services Healthy at "2026-09-03T16:49:51.5030660+03:00"
2026-09-03 16:50:51.508 +03:00 [INF] ServiceManager Heartbeat: DB, Redis, and Services Healthy at "2026-09-03T16:50:51.5082397+03:00"
2026-09-03 16:51:51.517 +03:00 [INF] ServiceManager Heartbeat: DB, Redis, and Services Healthy at "2026-09-03T16:51:51.5172591+03:00"
2026-09-03 16:52:51.533 +03:00 [INF] ServiceManager Heartbeat: DB, Redis, and Services Healthy at "2026-09-03T16:52:51.5337806+03:00"
2026-09-03 16:53:51.548 +03:00 [INF] ServiceManager Heartbeat: DB, Redis, and Services Healthy at "2026-09-03T16:53:51.5480483+03:00"
2026-09-03 16:54:51.556 +03:00 [INF] ServiceManager Heartbeat: DB, Redis, and Services Healthy at "2026-09-03T16:54:51.5567002+03:00"
2026-09-03 16:55:51.561 +03:00 [INF] ServiceManager Heartbeat: DB, Redis, and Services Healthy at "2026-09-03T16:55:51.5617782+03:00"
2026-09-03 16:56:51.579 +03:00 [INF] ServiceManager Heartbeat: DB, Redis, and Services Healthy at "2026-09-03T16:56:51.5791364+03:00"
2026-09-03 16:57:51.586 +03:00 [INF] ServiceManager Heartbeat: DB, Redis, and Services Healthy at "2026-09-03T16:57:51.5867963+03:00"
2026-09-03 16:58:51.591 +03:00 [INF] ServiceManager Heartbeat: DB, Redis, and Services Healthy at "2026-09-03T16:58:51.5919218+03:00"
2026-09-03 16:59:51.605 +03:00 [INF] ServiceManager Heartbeat: DB, Redis, and Services Healthy at "2026-09-03T16:59:51.6056337+03:00"
2026-09-03 17:00:51.621 +03:00 [INF] ServiceManager Heartbeat: DB, Redis, and Services Healthy at "2026-09-03T17:00:51.6217590+03:00"
2026-09-03 17:01:51.634 +03:00 [INF] ServiceManager Heartbeat: DB, Redis, and Services Healthy at "2026-09-03T17:01:51.6346020+03:00"
2026-09-03 17:02:51.645 +03:00 [INF] ServiceManager Heartbeat: DB, Redis, and Services Healthy at "2026-09-03T17:02:51.6455546+03:00"
2026-09-03 17:03:51.651 +03:00 [INF] ServiceManager Heartbeat: DB, Redis, and Services Healthy at "2026-09-03T17:03:51.6518583+03:00"
2026-09-03 17:04:51.660 +03:00 [INF] ServiceManager Heartbeat: DB, Redis, and Services Healthy at "2026-09-03T17:04:51.6604923+03:00"
2026-09-03 17:05:51.673 +03:00 [INF] ServiceManager Heartbeat: DB, Redis, and Services Healthy at "2026-09-03T17:05:51.6734297+03:00"
2026-09-03 17:06:51.690 +03:00 [INF] ServiceManager Heartbeat: DB, Redis, and Services Healthy at "2026-09-03T17:06:51.6907126+03:00"
2026-09-03 17:07:51.709 +03:00 [INF] ServiceManager Heartbeat: DB, Redis, and Services Healthy at "2026-09-03T17:07:51.7093522+03:00"
2026-09-03 17:08:51.724 +03:00 [INF] ServiceManager Heartbeat: DB, Redis, and Services Healthy at "2026-09-03T17:08:51.7243926+03:00"
2026-09-03 17:09:51.733 +03:00 [INF] ServiceManager Heartbeat: DB, Redis, and Services Healthy at "2026-09-03T17:09:51.7336298+03:00"
2026-09-03 17:10:51.737 +03:00 [INF] ServiceManager Heartbeat: DB, Redis, and Services Healthy at "2026-09-03T17:10:51.7377168+03:00"
2026-09-03 17:11:51.751 +03:00 [INF] ServiceManager Heartbeat: DB, Redis, and Services Healthy at "2026-09-03T17:11:51.7512272+03:00"
2026-09-03 17:12:51.760 +03:00 [INF] ServiceManager Heartbeat: DB, Redis, and Services Healthy at "2026-09-03T17:12:51.7606175+03:00"
2026-09-03 17:13:51.773 +03:00 [INF] ServiceManager Heartbeat: DB, Redis, and Services Healthy at "2026-09-03T17:13:51.7738901+03:00"
