2026-10-06 00:18:18.890 +03:00 [INF] ServiceManager Heartbeat: DB, Redis, and Services Healthy at "2026-10-06T00:18:18.8261253+03:00"
2026-10-06 00:18:19.029 +03:00 [INF] Application started. Press Ctrl+C to shut down.
2026-10-06 00:18:19.032 +03:00 [INF] Hosting environment: Development
2026-10-06 00:18:19.035 +03:00 [INF] Content root path: C:\Users\ASUS\source\repos\CMS\src\CMS.ServiceManager
2026-10-06 00:19:19.020 +03:00 [INF] ServiceManager Heartbeat: DB, Redis, and Services Healthy at "2026-10-06T00:19:19.0198399+03:00"
2026-10-06 00:20:19.034 +03:00 [INF] ServiceManager Heartbeat: DB, Redis, and Services Healthy at "2026-10-06T00:20:19.0340059+03:00"
2026-10-06 00:21:19.045 +03:00 [INF] ServiceManager Heartbeat: DB, Redis, and Services Healthy at "2026-10-06T00:21:19.0457707+03:00"
2026-10-06 00:22:19.063 +03:00 [INF] ServiceManager Heartbeat: DB, Redis, and Services Healthy at "2026-10-06T00:22:19.0635059+03:00"
2026-10-06 00:23:19.085 +03:00 [INF] ServiceManager Heartbeat: DB, Redis, and Services Healthy at "2026-10-06T00:23:19.0851813+03:00"
2026-10-06 00:24:19.121 +03:00 [INF] ServiceManager Heartbeat: DB, Redis, and Services Healthy at "2026-10-06T00:24:19.1213107+03:00"
2026-10-06 00:25:19.131 +03:00 [INF] ServiceManager Heartbeat: DB, Redis, and Services Healthy at "2026-10-06T00:25:19.1313196+03:00"
2026-10-06 00:26:19.139 +03:00 [INF] ServiceManager Heartbeat: DB, Redis, and Services Healthy at "2026-10-06T00:26:19.1390476+03:00"
2026-10-06 00:27:19.151 +03:00 [INF] ServiceManager Heartbeat: DB, Redis, and Services Healthy at "2026-10-06T00:27:19.1515831+03:00"
2026-10-06 00:28:19.166 +03:00 [INF] ServiceManager Heartbeat: DB, Redis, and Services Healthy at "2026-10-06T00:28:19.1660178+03:00"
2026-10-06 00:29:19.187 +03:00 [INF] ServiceManager Heartbeat: DB, Redis, and Services Healthy at "2026-10-06T00:29:19.1870142+03:00"
2026-10-06 00:30:19.196 +03:00 [INF] ServiceManager Heartbeat: DB, Redis, and Services Healthy at "2026-10-06T00:30:19.1960934+03:00"
2026-10-06 00:31:19.204 +03:00 [INF] ServiceManager Heartbeat: DB, Redis, and Services Healthy at "2026-10-06T00:31:19.2047896+03:00"
2026-10-06 00:32:19.220 +03:00 [INF] ServiceManager Heartbeat: DB, Redis, and Services Healthy at "2026-10-06T00:32:19.2200084+03:00"
2026-10-06 00:33:19.269 +03:00 [INF] ServiceManager Heartbeat: DB, Redis, and Services Healthy at "2026-10-06T00:33:19.2697598+03:00"
2026-10-06 00:34:19.337 +03:00 [INF] ServiceManager Heartbeat: DB, Redis, and Services Healthy at "2026-10-06T00:34:19.3372491+03:00"
2026-10-06 00:35:19.344 +03:00 [INF] ServiceManager Heartbeat: DB, Redis, and Services Healthy at "2026-10-06T00:35:19.3446870+03:00"
2026-10-06 00:36:19.365 +03:00 [INF] ServiceManager Heartbeat: DB, Redis, and Services Healthy at "2026-10-06T00:36:19.3652048+03:00"
2026-10-06 00:37:19.375 +03:00 [INF] ServiceManager Heartbeat: DB, Redis, and Services Healthy at "2026-10-06T00:37:19.3750853+03:00"
2026-10-06 00:38:19.383 +03:00 [INF] ServiceManager Heartbeat: DB, Redis, and Services Healthy at "2026-10-06T00:38:19.3827685+03:00"
2026-10-06 00:39:19.391 +03:00 [INF] ServiceManager Heartbeat: DB, Redis, and Services Healthy at "2026-10-06T00:39:19.3915422+03:00"
2026-10-06 00:40:19.406 +03:00 [INF] ServiceManager Heartbeat: DB, Redis, and Services Healthy at "2026-10-06T00:40:19.4061098+03:00"
2026-10-06 00:41:19.417 +03:00 [INF] ServiceManager Heartbeat: DB, Redis, and Services Healthy at "2026-10-06T00:41:19.4171072+03:00"
2026-10-06 00:42:19.434 +03:00 [INF] ServiceManager Heartbeat: DB, Redis, and Services Healthy at "2026-10-06T00:42:19.4347664+03:00"
2026-10-06 00:43:19.441 +03:00 [INF] ServiceManager Heartbeat: DB, Redis, and Services Healthy at "2026-10-06T00:43:19.4410213+03:00"
2026-10-06 00:44:19.458 +03:00 [INF] ServiceManager Heartbeat: DB, Redis, and Services Healthy at "2026-10-06T00:44:19.4588165+03:00"
2026-10-06 10:38:48.118 +03:00 [INF] ServiceManager Heartbeat: DB, Redis, and Services Healthy at "2026-10-06T10:38:48.1185694+03:00"
2026-10-06 10:39:48.125 +03:00 [INF] ServiceManager Heartbeat: DB, Redis, and Services Healthy at "2026-10-06T10:39:48.1256636+03:00"
2026-10-06 10:40:48.146 +03:00 [INF] ServiceManager Heartbeat: DB, Redis, and Services Healthy at "2026-10-06T10:40:48.1463492+03:00"
2026-10-06 12:29:22.412 +03:00 [INF] ServiceManager Heartbeat: DB, Redis, and Services Healthy at "2026-10-06T12:29:22.4004180+03:00"
2026-10-06 12:30:22.450 +03:00 [INF] ServiceManager Heartbeat: DB, Redis, and Services Healthy at "2026-10-06T12:30:22.4481272+03:00"
2026-10-06 12:31:22.472 +03:00 [INF] ServiceManager Heartbeat: DB, Redis, and Services Healthy at "2026-10-06T12:31:22.4724298+03:00"
2026-10-06 12:32:22.486 +03:00 [INF] ServiceManager Heartbeat: DB, Redis, and Services Healthy at "2026-10-06T12:32:22.4863029+03:00"
2026-10-06 12:33:22.530 +03:00 [INF] ServiceManager Heartbeat: DB, Redis, and Services Healthy at "2026-10-06T12:33:22.5302439+03:00"
2026-10-06 12:34:22.577 +03:00 [INF] ServiceManager Heartbeat: DB, Redis, and Services Healthy at "2026-10-06T12:34:22.5779330+03:00"
2026-10-06 12:35:22.593 +03:00 [INF] ServiceManager Heartbeat: DB, Redis, and Services Healthy at "2026-10-06T12:35:22.5938680+03:00"
2026-10-06 12:36:22.606 +03:00 [INF] ServiceManager Heartbeat: DB, Redis, and Services Healthy at "2026-10-06T12:36:22.6063591+03:00"
2026-10-06 12:36:50.151 +03:00 [INF] Application is shutting down...
2026-10-06 13:24:40.813 +03:00 [INF] ServiceManager Heartbeat: DB, Redis, and Services Healthy at "2026-10-06T13:24:40.7511333+03:00"
2026-10-06 13:24:40.975 +03:00 [INF] Application started. Press Ctrl+C to shut down.
2026-10-06 13:24:40.980 +03:00 [INF] Hosting environment: Development
2026-10-06 13:24:40.983 +03:00 [INF] Content root path: C:\Users\ASUS\source\repos\CMS\src\CMS.ServiceManager
2026-10-06 13:25:41.047 +03:00 [INF] ServiceManager Heartbeat: DB, Redis, and Services Healthy at "2026-10-06T13:25:41.0473145+03:00"
2026-10-06 13:26:41.197 +03:00 [INF] ServiceManager Heartbeat: DB, Redis, and Services Healthy at "2026-10-06T13:26:41.1971050+03:00"
2026-10-06 13:27:41.296 +03:00 [INF] ServiceManager Heartbeat: DB, Redis, and Services Healthy at "2026-10-06T13:27:41.2959336+03:00"
2026-10-06 13:28:41.349 +03:00 [INF] ServiceManager Heartbeat: DB, Redis, and Services Healthy at "2026-10-06T13:28:41.3487350+03:00"
2026-10-06 13:29:41.457 +03:00 [INF] ServiceManager Heartbeat: DB, Redis, and Services Healthy at "2026-10-06T13:29:41.4570947+03:00"
2026-10-06 13:30:41.992 +03:00 [INF] ServiceManager Heartbeat: DB, Redis, and Services Healthy at "2026-10-06T13:30:41.9909262+03:00"
2026-10-06 13:31:42.175 +03:00 [INF] ServiceManager Heartbeat: DB, Redis, and Services Healthy at "2026-10-06T13:31:42.1756212+03:00"
2026-10-06 13:32:42.805 +03:00 [INF] ServiceManager Heartbeat: DB, Redis, and Services Healthy at "2026-10-06T13:32:42.8058009+03:00"
2026-10-06 13:33:42.962 +03:00 [INF] ServiceManager Heartbeat: DB, Redis, and Services Healthy at "2026-10-06T13:33:42.9626640+03:00"
2026-10-06 13:34:43.034 +03:00 [INF] ServiceManager Heartbeat: DB, Redis, and Services Healthy at "2026-10-06T13:34:43.0343641+03:00"
2026-10-06 13:35:43.133 +03:00 [INF] ServiceManager Heartbeat: DB, Redis, and Services Healthy at "2026-10-06T13:35:43.1336059+03:00"
2026-10-06 13:35:55.821 +03:00 [INF] Application is shutting down...
2026-10-06 13:40:35.616 +03:00 [INF] ServiceManager Heartbeat: DB, Redis, and Services Healthy at "2026-10-06T13:40:35.4683207+03:00"
2026-10-06 13:40:35.754 +03:00 [INF] Application started. Press Ctrl+C to shut down.
2026-10-06 13:40:35.757 +03:00 [INF] Hosting environment: Development
2026-10-06 13:40:35.760 +03:00 [INF] Content root path: C:\Users\ASUS\source\repos\CMS\src\CMS.ServiceManager
2026-10-06 13:41:35.757 +03:00 [INF] ServiceManager Heartbeat: DB, Redis, and Services Healthy at "2026-10-06T13:41:35.7575966+03:00"
2026-10-06 13:42:35.842 +03:00 [INF] ServiceManager Heartbeat: DB, Redis, and Services Healthy at "2026-10-06T13:42:35.8422663+03:00"
2026-10-06 13:43:36.382 +03:00 [INF] ServiceManager Heartbeat: DB, Redis, and Services Healthy at "2026-10-06T13:43:36.3825805+03:00"
2026-10-06 13:44:19.274 +03:00 [INF] Application is shutting down...
2026-10-06 13:48:19.407 +03:00 [INF] ServiceManager Heartbeat: DB, Redis, and Services Healthy at "2026-10-06T13:48:19.3480719+03:00"
2026-10-06 13:48:19.516 +03:00 [INF] Application started. Press Ctrl+C to shut down.
2026-10-06 13:48:19.520 +03:00 [INF] Hosting environment: Development
2026-10-06 13:48:19.524 +03:00 [INF] Content root path: C:\Users\ASUS\source\repos\CMS\src\CMS.ServiceManager
2026-10-06 13:49:19.518 +03:00 [INF] ServiceManager Heartbeat: DB, Redis, and Services Healthy at "2026-10-06T13:49:19.5187193+03:00"
2026-10-06 13:50:19.563 +03:00 [INF] ServiceManager Heartbeat: DB, Redis, and Services Healthy at "2026-10-06T13:50:19.5636030+03:00"
2026-10-06 13:51:19.582 +03:00 [INF] ServiceManager Heartbeat: DB, Redis, and Services Healthy at "2026-10-06T13:51:19.5819355+03:00"
2026-10-06 13:52:19.606 +03:00 [INF] ServiceManager Heartbeat: DB, Redis, and Services Healthy at "2026-10-06T13:52:19.6057776+03:00"
2026-10-06 13:53:19.685 +03:00 [INF] ServiceManager Heartbeat: DB, Redis, and Services Healthy at "2026-10-06T13:53:19.6848056+03:00"
2026-10-06 13:54:20.171 +03:00 [INF] ServiceManager Heartbeat: DB, Redis, and Services Healthy at "2026-10-06T13:54:20.1710724+03:00"
2026-10-06 13:54:55.259 +03:00 [INF] Application is shutting down...
