2026-09-06 00:19:38.825 +03:00 [INF] ServiceManager Heartbeat: DB, Redis, and Services Healthy at "2026-09-06T00:19:38.7634415+03:00"
2026-09-06 00:19:39.014 +03:00 [INF] Starting LabInstrumentListenerWorker TCP listener on Port 2575 (HL7)...
2026-09-06 00:19:39.032 +03:00 [INF] Application started. Press Ctrl+C to shut down.
2026-09-06 00:19:39.035 +03:00 [INF] Hosting environment: Development
2026-09-06 00:19:39.038 +03:00 [INF] Content root path: C:\Users\ASUS\source\repos\CMS\src\CMS.ServiceManager
2026-09-06 00:20:38.995 +03:00 [INF] ServiceManager Heartbeat: DB, Redis, and Services Healthy at "2026-09-06T00:20:38.9953285+03:00"
2026-09-06 00:21:39.076 +03:00 [INF] ServiceManager Heartbeat: DB, Redis, and Services Healthy at "2026-09-06T00:21:39.0753238+03:00"
2026-09-06 00:22:39.257 +03:00 [INF] ServiceManager Heartbeat: DB, Redis, and Services Healthy at "2026-09-06T00:22:39.2572712+03:00"
2026-09-06 00:23:39.270 +03:00 [INF] ServiceManager Heartbeat: DB, Redis, and Services Healthy at "2026-09-06T00:23:39.2702393+03:00"
2026-09-06 00:24:39.280 +03:00 [INF] ServiceManager Heartbeat: DB, Redis, and Services Healthy at "2026-09-06T00:24:39.2807526+03:00"
2026-09-06 00:25:39.291 +03:00 [INF] ServiceManager Heartbeat: DB, Redis, and Services Healthy at "2026-09-06T00:25:39.2912353+03:00"
2026-09-06 00:26:39.316 +03:00 [INF] ServiceManager Heartbeat: DB, Redis, and Services Healthy at "2026-09-06T00:26:39.3161872+03:00"
2026-09-06 00:27:39.339 +03:00 [INF] ServiceManager Heartbeat: DB, Redis, and Services Healthy at "2026-09-06T00:27:39.3377422+03:00"
2026-09-06 00:28:39.356 +03:00 [INF] ServiceManager Heartbeat: DB, Redis, and Services Healthy at "2026-09-06T00:28:39.3565026+03:00"
2026-09-06 00:29:39.376 +03:00 [INF] ServiceManager Heartbeat: DB, Redis, and Services Healthy at "2026-09-06T00:29:39.3763501+03:00"
2026-09-06 00:30:39.387 +03:00 [INF] ServiceManager Heartbeat: DB, Redis, and Services Healthy at "2026-09-06T00:30:39.3870793+03:00"
2026-09-06 00:31:39.448 +03:00 [INF] ServiceManager Heartbeat: DB, Redis, and Services Healthy at "2026-09-06T00:31:39.4479563+03:00"
2026-09-06 00:32:39.465 +03:00 [INF] ServiceManager Heartbeat: DB, Redis, and Services Healthy at "2026-09-06T00:32:39.4651323+03:00"
2026-09-06 00:33:39.513 +03:00 [INF] ServiceManager Heartbeat: DB, Redis, and Services Healthy at "2026-09-06T00:33:39.5129833+03:00"
2026-09-06 00:34:39.553 +03:00 [INF] ServiceManager Heartbeat: DB, Redis, and Services Healthy at "2026-09-06T00:34:39.5530679+03:00"
2026-09-06 00:35:39.714 +03:00 [INF] ServiceManager Heartbeat: DB, Redis, and Services Healthy at "2026-09-06T00:35:39.7144235+03:00"
2026-09-06 00:36:39.721 +03:00 [INF] ServiceManager Heartbeat: DB, Redis, and Services Healthy at "2026-09-06T00:36:39.7217668+03:00"
2026-09-06 00:37:39.793 +03:00 [INF] ServiceManager Heartbeat: DB, Redis, and Services Healthy at "2026-09-06T00:37:39.7930956+03:00"
2026-09-06 00:38:39.799 +03:00 [INF] ServiceManager Heartbeat: DB, Redis, and Services Healthy at "2026-09-06T00:38:39.7998611+03:00"
2026-09-06 00:39:39.812 +03:00 [INF] ServiceManager Heartbeat: DB, Redis, and Services Healthy at "2026-09-06T00:39:39.8117907+03:00"
2026-09-06 00:40:39.854 +03:00 [INF] ServiceManager Heartbeat: DB, Redis, and Services Healthy at "2026-09-06T00:40:39.8544202+03:00"
2026-09-06 00:41:39.895 +03:00 [INF] ServiceManager Heartbeat: DB, Redis, and Services Healthy at "2026-09-06T00:41:39.8953066+03:00"
2026-09-06 00:42:39.908 +03:00 [INF] ServiceManager Heartbeat: DB, Redis, and Services Healthy at "2026-09-06T00:42:39.9082182+03:00"
2026-09-06 00:43:39.930 +03:00 [INF] ServiceManager Heartbeat: DB, Redis, and Services Healthy at "2026-09-06T00:43:39.9302312+03:00"
2026-09-06 00:44:39.940 +03:00 [INF] ServiceManager Heartbeat: DB, Redis, and Services Healthy at "2026-09-06T00:44:39.9406980+03:00"
2026-09-06 00:45:39.955 +03:00 [INF] ServiceManager Heartbeat: DB, Redis, and Services Healthy at "2026-09-06T00:45:39.9555053+03:00"
2026-09-06 00:46:39.962 +03:00 [INF] ServiceManager Heartbeat: DB, Redis, and Services Healthy at "2026-09-06T00:46:39.9619644+03:00"
2026-09-06 00:47:40.021 +03:00 [INF] ServiceManager Heartbeat: DB, Redis, and Services Healthy at "2026-09-06T00:47:40.0214222+03:00"
2026-09-06 00:48:40.043 +03:00 [INF] ServiceManager Heartbeat: DB, Redis, and Services Healthy at "2026-09-06T00:48:40.0439084+03:00"
2026-09-06 10:55:14.772 +03:00 [INF] ServiceManager Heartbeat: DB, Redis, and Services Healthy at "2026-09-06T10:55:14.7721320+03:00"
2026-09-06 11:00:51.672 +03:00 [INF] ServiceManager Heartbeat: DB, Redis, and Services Healthy at "2026-09-06T11:00:51.6719722+03:00"
2026-09-06 11:01:51.676 +03:00 [INF] ServiceManager Heartbeat: DB, Redis, and Services Healthy at "2026-09-06T11:01:51.6763521+03:00"
2026-09-06 11:02:51.695 +03:00 [INF] ServiceManager Heartbeat: DB, Redis, and Services Healthy at "2026-09-06T11:02:51.6953332+03:00"
2026-09-06 11:03:51.707 +03:00 [INF] ServiceManager Heartbeat: DB, Redis, and Services Healthy at "2026-09-06T11:03:51.7073850+03:00"
2026-09-06 11:04:51.719 +03:00 [INF] ServiceManager Heartbeat: DB, Redis, and Services Healthy at "2026-09-06T11:04:51.7198778+03:00"
2026-09-06 11:05:51.722 +03:00 [INF] ServiceManager Heartbeat: DB, Redis, and Services Healthy at "2026-09-06T11:05:51.7228718+03:00"
2026-09-06 11:06:51.728 +03:00 [INF] ServiceManager Heartbeat: DB, Redis, and Services Healthy at "2026-09-06T11:06:51.7287143+03:00"
2026-09-06 11:07:51.735 +03:00 [INF] ServiceManager Heartbeat: DB, Redis, and Services Healthy at "2026-09-06T11:07:51.7353700+03:00"
2026-09-06 11:08:51.752 +03:00 [INF] ServiceManager Heartbeat: DB, Redis, and Services Healthy at "2026-09-06T11:08:51.7524930+03:00"
2026-09-06 11:09:51.768 +03:00 [INF] ServiceManager Heartbeat: DB, Redis, and Services Healthy at "2026-09-06T11:09:51.7682025+03:00"
2026-09-06 11:10:51.779 +03:00 [INF] ServiceManager Heartbeat: DB, Redis, and Services Healthy at "2026-09-06T11:10:51.7792118+03:00"
2026-09-06 11:11:51.787 +03:00 [INF] ServiceManager Heartbeat: DB, Redis, and Services Healthy at "2026-09-06T11:11:51.7874074+03:00"
2026-09-06 11:12:51.792 +03:00 [INF] ServiceManager Heartbeat: DB, Redis, and Services Healthy at "2026-09-06T11:12:51.7920725+03:00"
2026-09-06 11:13:51.797 +03:00 [INF] ServiceManager Heartbeat: DB, Redis, and Services Healthy at "2026-09-06T11:13:51.7975622+03:00"
2026-09-06 11:14:51.804 +03:00 [INF] ServiceManager Heartbeat: DB, Redis, and Services Healthy at "2026-09-06T11:14:51.8042213+03:00"
2026-09-06 11:15:51.814 +03:00 [INF] ServiceManager Heartbeat: DB, Redis, and Services Healthy at "2026-09-06T11:15:51.8144859+03:00"
2026-09-06 11:16:51.825 +03:00 [INF] ServiceManager Heartbeat: DB, Redis, and Services Healthy at "2026-09-06T11:16:51.8253931+03:00"
2026-09-06 11:17:51.833 +03:00 [INF] ServiceManager Heartbeat: DB, Redis, and Services Healthy at "2026-09-06T11:17:51.8332564+03:00"
2026-09-06 11:18:51.848 +03:00 [INF] ServiceManager Heartbeat: DB, Redis, and Services Healthy at "2026-09-06T11:18:51.8486668+03:00"
2026-09-06 11:19:51.856 +03:00 [INF] ServiceManager Heartbeat: DB, Redis, and Services Healthy at "2026-09-06T11:19:51.8562441+03:00"
2026-09-06 11:20:51.870 +03:00 [INF] ServiceManager Heartbeat: DB, Redis, and Services Healthy at "2026-09-06T11:20:51.8707112+03:00"
2026-09-06 11:21:51.874 +03:00 [INF] ServiceManager Heartbeat: DB, Redis, and Services Healthy at "2026-09-06T11:21:51.8746131+03:00"
2026-09-06 11:22:51.887 +03:00 [INF] ServiceManager Heartbeat: DB, Redis, and Services Healthy at "2026-09-06T11:22:51.8870938+03:00"
2026-09-06 11:23:51.898 +03:00 [INF] ServiceManager Heartbeat: DB, Redis, and Services Healthy at "2026-09-06T11:23:51.8983646+03:00"
2026-09-06 11:24:51.907 +03:00 [INF] ServiceManager Heartbeat: DB, Redis, and Services Healthy at "2026-09-06T11:24:51.9077152+03:00"
2026-09-06 11:25:51.915 +03:00 [INF] ServiceManager Heartbeat: DB, Redis, and Services Healthy at "2026-09-06T11:25:51.9155551+03:00"
2026-09-06 11:26:51.922 +03:00 [INF] ServiceManager Heartbeat: DB, Redis, and Services Healthy at "2026-09-06T11:26:51.9227069+03:00"
2026-09-06 11:27:51.926 +03:00 [INF] ServiceManager Heartbeat: DB, Redis, and Services Healthy at "2026-09-06T11:27:51.9262902+03:00"
2026-09-06 11:28:51.937 +03:00 [INF] ServiceManager Heartbeat: DB, Redis, and Services Healthy at "2026-09-06T11:28:51.9378746+03:00"
2026-09-06 11:29:51.944 +03:00 [INF] ServiceManager Heartbeat: DB, Redis, and Services Healthy at "2026-09-06T11:29:51.9440626+03:00"
2026-09-06 11:30:51.964 +03:00 [INF] ServiceManager Heartbeat: DB, Redis, and Services Healthy at "2026-09-06T11:30:51.9641229+03:00"
2026-09-06 11:31:51.981 +03:00 [INF] ServiceManager Heartbeat: DB, Redis, and Services Healthy at "2026-09-06T11:31:51.9810576+03:00"
2026-09-06 11:32:51.990 +03:00 [INF] ServiceManager Heartbeat: DB, Redis, and Services Healthy at "2026-09-06T11:32:51.9901796+03:00"
2026-09-06 11:33:51.994 +03:00 [INF] ServiceManager Heartbeat: DB, Redis, and Services Healthy at "2026-09-06T11:33:51.9947136+03:00"
2026-09-06 11:34:52.009 +03:00 [INF] ServiceManager Heartbeat: DB, Redis, and Services Healthy at "2026-09-06T11:34:52.0099272+03:00"
2026-09-06 11:35:52.012 +03:00 [INF] ServiceManager Heartbeat: DB, Redis, and Services Healthy at "2026-09-06T11:35:52.0129167+03:00"
2026-09-06 11:36:52.030 +03:00 [INF] ServiceManager Heartbeat: DB, Redis, and Services Healthy at "2026-09-06T11:36:52.0307086+03:00"
2026-09-06 11:37:52.041 +03:00 [INF] ServiceManager Heartbeat: DB, Redis, and Services Healthy at "2026-09-06T11:37:52.0416511+03:00"
2026-09-06 11:38:52.056 +03:00 [INF] ServiceManager Heartbeat: DB, Redis, and Services Healthy at "2026-09-06T11:38:52.0567581+03:00"
2026-09-06 11:39:52.066 +03:00 [INF] ServiceManager Heartbeat: DB, Redis, and Services Healthy at "2026-09-06T11:39:52.0660393+03:00"
2026-09-06 11:40:52.069 +03:00 [INF] ServiceManager Heartbeat: DB, Redis, and Services Healthy at "2026-09-06T11:40:52.0694182+03:00"
2026-09-06 11:41:52.084 +03:00 [INF] ServiceManager Heartbeat: DB, Redis, and Services Healthy at "2026-09-06T11:41:52.0840315+03:00"
2026-09-06 11:42:52.095 +03:00 [INF] ServiceManager Heartbeat: DB, Redis, and Services Healthy at "2026-09-06T11:42:52.0957589+03:00"
2026-09-06 11:43:52.108 +03:00 [INF] ServiceManager Heartbeat: DB, Redis, and Services Healthy at "2026-09-06T11:43:52.1089018+03:00"
2026-09-06 11:44:52.115 +03:00 [INF] ServiceManager Heartbeat: DB, Redis, and Services Healthy at "2026-09-06T11:44:52.1152968+03:00"
2026-09-06 11:45:52.127 +03:00 [INF] ServiceManager Heartbeat: DB, Redis, and Services Healthy at "2026-09-06T11:45:52.1278334+03:00"
2026-09-06 11:46:52.143 +03:00 [INF] ServiceManager Heartbeat: DB, Redis, and Services Healthy at "2026-09-06T11:46:52.1436925+03:00"
2026-09-06 11:47:52.156 +03:00 [INF] ServiceManager Heartbeat: DB, Redis, and Services Healthy at "2026-09-06T11:47:52.1561627+03:00"
2026-09-06 11:48:52.329 +03:00 [INF] ServiceManager Heartbeat: DB, Redis, and Services Healthy at "2026-09-06T11:48:52.3296715+03:00"
2026-09-06 11:49:52.350 +03:00 [INF] ServiceManager Heartbeat: DB, Redis, and Services Healthy at "2026-09-06T11:49:52.3500849+03:00"
2026-09-06 11:50:52.376 +03:00 [INF] ServiceManager Heartbeat: DB, Redis, and Services Healthy at "2026-09-06T11:50:52.3762094+03:00"
2026-09-06 11:51:52.461 +03:00 [INF] ServiceManager Heartbeat: DB, Redis, and Services Healthy at "2026-09-06T11:51:52.4611437+03:00"
2026-09-06 11:52:52.468 +03:00 [INF] ServiceManager Heartbeat: DB, Redis, and Services Healthy at "2026-09-06T11:52:52.4684554+03:00"
2026-09-06 11:53:52.634 +03:00 [INF] ServiceManager Heartbeat: DB, Redis, and Services Healthy at "2026-09-06T11:53:52.6342001+03:00"
2026-09-06 11:54:52.663 +03:00 [INF] ServiceManager Heartbeat: DB, Redis, and Services Healthy at "2026-09-06T11:54:52.6637301+03:00"
2026-09-06 11:55:53.787 +03:00 [INF] ServiceManager Heartbeat: DB, Redis, and Services Healthy at "2026-09-06T11:55:53.7870600+03:00"
2026-09-06 11:56:53.857 +03:00 [INF] ServiceManager Heartbeat: DB, Redis, and Services Healthy at "2026-09-06T11:56:53.8573130+03:00"
2026-09-06 11:57:53.886 +03:00 [INF] ServiceManager Heartbeat: DB, Redis, and Services Healthy at "2026-09-06T11:57:53.8863078+03:00"
2026-09-06 11:58:53.899 +03:00 [INF] ServiceManager Heartbeat: DB, Redis, and Services Healthy at "2026-09-06T11:58:53.8992534+03:00"
2026-09-06 11:59:53.916 +03:00 [INF] ServiceManager Heartbeat: DB, Redis, and Services Healthy at "2026-09-06T11:59:53.9168051+03:00"
2026-09-06 12:00:53.932 +03:00 [INF] ServiceManager Heartbeat: DB, Redis, and Services Healthy at "2026-09-06T12:00:53.9310197+03:00"
2026-09-06 12:01:53.940 +03:00 [INF] ServiceManager Heartbeat: DB, Redis, and Services Healthy at "2026-09-06T12:01:53.9403419+03:00"
2026-09-06 12:02:53.965 +03:00 [INF] ServiceManager Heartbeat: DB, Redis, and Services Healthy at "2026-09-06T12:02:53.9650661+03:00"
2026-09-06 12:03:53.980 +03:00 [INF] ServiceManager Heartbeat: DB, Redis, and Services Healthy at "2026-09-06T12:03:53.9806421+03:00"
2026-09-06 12:04:53.998 +03:00 [INF] ServiceManager Heartbeat: DB, Redis, and Services Healthy at "2026-09-06T12:04:53.9981929+03:00"
2026-09-06 12:05:54.018 +03:00 [INF] ServiceManager Heartbeat: DB, Redis, and Services Healthy at "2026-09-06T12:05:54.0186197+03:00"
2026-09-06 12:06:54.026 +03:00 [INF] ServiceManager Heartbeat: DB, Redis, and Services Healthy at "2026-09-06T12:06:54.0267406+03:00"
2026-09-06 12:07:54.041 +03:00 [INF] ServiceManager Heartbeat: DB, Redis, and Services Healthy at "2026-09-06T12:07:54.0414401+03:00"
2026-09-06 12:08:54.048 +03:00 [INF] ServiceManager Heartbeat: DB, Redis, and Services Healthy at "2026-09-06T12:08:54.0485485+03:00"
2026-09-06 12:09:54.061 +03:00 [INF] ServiceManager Heartbeat: DB, Redis, and Services Healthy at "2026-09-06T12:09:54.0610031+03:00"
2026-09-06 12:10:54.071 +03:00 [INF] ServiceManager Heartbeat: DB, Redis, and Services Healthy at "2026-09-06T12:10:54.0715565+03:00"
2026-09-06 12:11:54.081 +03:00 [INF] ServiceManager Heartbeat: DB, Redis, and Services Healthy at "2026-09-06T12:11:54.0817721+03:00"
2026-09-06 12:12:54.097 +03:00 [INF] ServiceManager Heartbeat: DB, Redis, and Services Healthy at "2026-09-06T12:12:54.0976193+03:00"
2026-09-06 12:13:54.114 +03:00 [INF] ServiceManager Heartbeat: DB, Redis, and Services Healthy at "2026-09-06T12:13:54.1140139+03:00"
2026-09-06 12:14:54.134 +03:00 [INF] ServiceManager Heartbeat: DB, Redis, and Services Healthy at "2026-09-06T12:14:54.1348605+03:00"
2026-09-06 12:15:54.151 +03:00 [INF] ServiceManager Heartbeat: DB, Redis, and Services Healthy at "2026-09-06T12:15:54.1513836+03:00"
2026-09-06 12:16:54.165 +03:00 [INF] ServiceManager Heartbeat: DB, Redis, and Services Healthy at "2026-09-06T12:16:54.1655788+03:00"
2026-09-06 12:17:54.180 +03:00 [INF] ServiceManager Heartbeat: DB, Redis, and Services Healthy at "2026-09-06T12:17:54.1802185+03:00"
2026-09-06 12:18:54.196 +03:00 [INF] ServiceManager Heartbeat: DB, Redis, and Services Healthy at "2026-09-06T12:18:54.1965010+03:00"
2026-09-06 12:19:54.204 +03:00 [INF] ServiceManager Heartbeat: DB, Redis, and Services Healthy at "2026-09-06T12:19:54.2040530+03:00"
2026-09-06 12:20:54.213 +03:00 [INF] ServiceManager Heartbeat: DB, Redis, and Services Healthy at "2026-09-06T12:20:54.2130289+03:00"
2026-09-06 12:21:54.227 +03:00 [INF] ServiceManager Heartbeat: DB, Redis, and Services Healthy at "2026-09-06T12:21:54.2270607+03:00"
2026-09-06 12:22:54.240 +03:00 [INF] ServiceManager Heartbeat: DB, Redis, and Services Healthy at "2026-09-06T12:22:54.2400304+03:00"
2026-09-06 12:23:54.248 +03:00 [INF] ServiceManager Heartbeat: DB, Redis, and Services Healthy at "2026-09-06T12:23:54.2488071+03:00"
2026-09-06 12:24:54.260 +03:00 [INF] ServiceManager Heartbeat: DB, Redis, and Services Healthy at "2026-09-06T12:24:54.2599981+03:00"
2026-09-06 12:25:54.264 +03:00 [INF] ServiceManager Heartbeat: DB, Redis, and Services Healthy at "2026-09-06T12:25:54.2639854+03:00"
2026-09-06 12:26:54.279 +03:00 [INF] ServiceManager Heartbeat: DB, Redis, and Services Healthy at "2026-09-06T12:26:54.2793124+03:00"
2026-09-06 12:27:54.290 +03:00 [INF] ServiceManager Heartbeat: DB, Redis, and Services Healthy at "2026-09-06T12:27:54.2909447+03:00"
2026-09-06 12:28:54.325 +03:00 [INF] ServiceManager Heartbeat: DB, Redis, and Services Healthy at "2026-09-06T12:28:54.3254862+03:00"
2026-09-06 12:29:54.334 +03:00 [INF] ServiceManager Heartbeat: DB, Redis, and Services Healthy at "2026-09-06T12:29:54.3348638+03:00"
2026-09-06 12:30:54.356 +03:00 [INF] ServiceManager Heartbeat: DB, Redis, and Services Healthy at "2026-09-06T12:30:54.3564189+03:00"
2026-09-06 12:31:54.401 +03:00 [INF] ServiceManager Heartbeat: DB, Redis, and Services Healthy at "2026-09-06T12:31:54.4011325+03:00"
2026-09-06 12:32:54.407 +03:00 [INF] ServiceManager Heartbeat: DB, Redis, and Services Healthy at "2026-09-06T12:32:54.4073879+03:00"
2026-09-06 12:33:54.420 +03:00 [INF] ServiceManager Heartbeat: DB, Redis, and Services Healthy at "2026-09-06T12:33:54.4206443+03:00"
2026-09-06 12:34:54.429 +03:00 [INF] ServiceManager Heartbeat: DB, Redis, and Services Healthy at "2026-09-06T12:34:54.4299461+03:00"
2026-09-06 12:35:54.439 +03:00 [INF] ServiceManager Heartbeat: DB, Redis, and Services Healthy at "2026-09-06T12:35:54.4396660+03:00"
2026-09-06 12:36:54.449 +03:00 [INF] ServiceManager Heartbeat: DB, Redis, and Services Healthy at "2026-09-06T12:36:54.4493481+03:00"
2026-09-06 12:37:54.458 +03:00 [INF] ServiceManager Heartbeat: DB, Redis, and Services Healthy at "2026-09-06T12:37:54.4589078+03:00"
2026-09-06 12:38:54.470 +03:00 [INF] ServiceManager Heartbeat: DB, Redis, and Services Healthy at "2026-09-06T12:38:54.4704106+03:00"
2026-09-06 12:39:54.484 +03:00 [INF] ServiceManager Heartbeat: DB, Redis, and Services Healthy at "2026-09-06T12:39:54.4848850+03:00"
2026-09-06 12:40:54.498 +03:00 [INF] ServiceManager Heartbeat: DB, Redis, and Services Healthy at "2026-09-06T12:40:54.4979981+03:00"
2026-09-06 12:41:54.501 +03:00 [INF] ServiceManager Heartbeat: DB, Redis, and Services Healthy at "2026-09-06T12:41:54.5016804+03:00"
2026-09-06 12:42:54.515 +03:00 [INF] ServiceManager Heartbeat: DB, Redis, and Services Healthy at "2026-09-06T12:42:54.5156483+03:00"
2026-09-06 12:43:54.524 +03:00 [INF] ServiceManager Heartbeat: DB, Redis, and Services Healthy at "2026-09-06T12:43:54.5243639+03:00"
2026-09-06 12:44:54.538 +03:00 [INF] ServiceManager Heartbeat: DB, Redis, and Services Healthy at "2026-09-06T12:44:54.5383107+03:00"
2026-09-06 12:45:54.542 +03:00 [INF] ServiceManager Heartbeat: DB, Redis, and Services Healthy at "2026-09-06T12:45:54.5429648+03:00"
2026-09-06 12:46:54.553 +03:00 [INF] ServiceManager Heartbeat: DB, Redis, and Services Healthy at "2026-09-06T12:46:54.5534430+03:00"
2026-09-06 12:47:54.572 +03:00 [INF] ServiceManager Heartbeat: DB, Redis, and Services Healthy at "2026-09-06T12:47:54.5720202+03:00"
2026-09-06 12:48:54.578 +03:00 [INF] ServiceManager Heartbeat: DB, Redis, and Services Healthy at "2026-09-06T12:48:54.5786105+03:00"
2026-09-06 12:49:54.591 +03:00 [INF] ServiceManager Heartbeat: DB, Redis, and Services Healthy at "2026-09-06T12:49:54.5917676+03:00"
2026-09-06 12:50:54.608 +03:00 [INF] ServiceManager Heartbeat: DB, Redis, and Services Healthy at "2026-09-06T12:50:54.6088673+03:00"
2026-09-06 12:51:54.613 +03:00 [INF] ServiceManager Heartbeat: DB, Redis, and Services Healthy at "2026-09-06T12:51:54.6134455+03:00"
2026-09-06 12:52:54.625 +03:00 [INF] ServiceManager Heartbeat: DB, Redis, and Services Healthy at "2026-09-06T12:52:54.6251011+03:00"
2026-09-06 12:53:54.638 +03:00 [INF] ServiceManager Heartbeat: DB, Redis, and Services Healthy at "2026-09-06T12:53:54.6386095+03:00"
2026-09-06 12:54:54.647 +03:00 [INF] ServiceManager Heartbeat: DB, Redis, and Services Healthy at "2026-09-06T12:54:54.6478333+03:00"
2026-09-06 12:55:54.657 +03:00 [INF] ServiceManager Heartbeat: DB, Redis, and Services Healthy at "2026-09-06T12:55:54.6577356+03:00"
2026-09-06 12:56:54.669 +03:00 [INF] ServiceManager Heartbeat: DB, Redis, and Services Healthy at "2026-09-06T12:56:54.6692031+03:00"
2026-09-06 12:57:54.677 +03:00 [INF] ServiceManager Heartbeat: DB, Redis, and Services Healthy at "2026-09-06T12:57:54.6770776+03:00"
2026-09-06 12:58:54.692 +03:00 [INF] ServiceManager Heartbeat: DB, Redis, and Services Healthy at "2026-09-06T12:58:54.6929267+03:00"
2026-09-06 12:59:54.702 +03:00 [INF] ServiceManager Heartbeat: DB, Redis, and Services Healthy at "2026-09-06T12:59:54.7022566+03:00"
2026-09-06 13:00:54.719 +03:00 [INF] ServiceManager Heartbeat: DB, Redis, and Services Healthy at "2026-09-06T13:00:54.7190001+03:00"
2026-09-06 13:01:54.729 +03:00 [INF] ServiceManager Heartbeat: DB, Redis, and Services Healthy at "2026-09-06T13:01:54.7296739+03:00"
2026-09-06 13:02:54.747 +03:00 [INF] ServiceManager Heartbeat: DB, Redis, and Services Healthy at "2026-09-06T13:02:54.7472474+03:00"
2026-09-06 13:03:54.750 +03:00 [INF] ServiceManager Heartbeat: DB, Redis, and Services Healthy at "2026-09-06T13:03:54.7505345+03:00"
2026-09-06 13:04:54.761 +03:00 [INF] ServiceManager Heartbeat: DB, Redis, and Services Healthy at "2026-09-06T13:04:54.7611175+03:00"
2026-09-06 13:05:54.768 +03:00 [INF] ServiceManager Heartbeat: DB, Redis, and Services Healthy at "2026-09-06T13:05:54.7685909+03:00"
2026-09-06 13:06:54.771 +03:00 [INF] ServiceManager Heartbeat: DB, Redis, and Services Healthy at "2026-09-06T13:06:54.7719254+03:00"
2026-09-06 13:07:54.774 +03:00 [INF] ServiceManager Heartbeat: DB, Redis, and Services Healthy at "2026-09-06T13:07:54.7747985+03:00"
2026-09-06 13:08:54.790 +03:00 [INF] ServiceManager Heartbeat: DB, Redis, and Services Healthy at "2026-09-06T13:08:54.7909593+03:00"
2026-09-06 13:09:54.804 +03:00 [INF] ServiceManager Heartbeat: DB, Redis, and Services Healthy at "2026-09-06T13:09:54.8048671+03:00"
2026-09-06 13:10:54.810 +03:00 [INF] ServiceManager Heartbeat: DB, Redis, and Services Healthy at "2026-09-06T13:10:54.8102006+03:00"
2026-09-06 13:11:54.815 +03:00 [INF] ServiceManager Heartbeat: DB, Redis, and Services Healthy at "2026-09-06T13:11:54.8155444+03:00"
2026-09-06 13:12:54.821 +03:00 [INF] ServiceManager Heartbeat: DB, Redis, and Services Healthy at "2026-09-06T13:12:54.8211445+03:00"
2026-09-06 13:13:54.832 +03:00 [INF] ServiceManager Heartbeat: DB, Redis, and Services Healthy at "2026-09-06T13:13:54.8325527+03:00"
2026-09-06 13:14:54.841 +03:00 [INF] ServiceManager Heartbeat: DB, Redis, and Services Healthy at "2026-09-06T13:14:54.8415319+03:00"
2026-09-06 13:15:54.853 +03:00 [INF] ServiceManager Heartbeat: DB, Redis, and Services Healthy at "2026-09-06T13:15:54.8538998+03:00"
2026-09-06 13:16:54.859 +03:00 [INF] ServiceManager Heartbeat: DB, Redis, and Services Healthy at "2026-09-06T13:16:54.8591694+03:00"
2026-09-06 13:17:54.868 +03:00 [INF] ServiceManager Heartbeat: DB, Redis, and Services Healthy at "2026-09-06T13:17:54.8680122+03:00"
2026-09-06 13:18:54.884 +03:00 [INF] ServiceManager Heartbeat: DB, Redis, and Services Healthy at "2026-09-06T13:18:54.8846947+03:00"
2026-09-06 13:19:54.895 +03:00 [INF] ServiceManager Heartbeat: DB, Redis, and Services Healthy at "2026-09-06T13:19:54.8955232+03:00"
2026-09-06 13:20:54.907 +03:00 [INF] ServiceManager Heartbeat: DB, Redis, and Services Healthy at "2026-09-06T13:20:54.9075788+03:00"
2026-09-06 13:21:54.924 +03:00 [INF] ServiceManager Heartbeat: DB, Redis, and Services Healthy at "2026-09-06T13:21:54.9247300+03:00"
2026-09-06 13:22:54.938 +03:00 [INF] ServiceManager Heartbeat: DB, Redis, and Services Healthy at "2026-09-06T13:22:54.9384450+03:00"
2026-09-06 13:23:54.946 +03:00 [INF] ServiceManager Heartbeat: DB, Redis, and Services Healthy at "2026-09-06T13:23:54.9460253+03:00"
2026-09-06 13:24:54.956 +03:00 [INF] ServiceManager Heartbeat: DB, Redis, and Services Healthy at "2026-09-06T13:24:54.9566767+03:00"
2026-09-06 13:25:54.963 +03:00 [INF] ServiceManager Heartbeat: DB, Redis, and Services Healthy at "2026-09-06T13:25:54.9638184+03:00"
2026-09-06 13:26:54.973 +03:00 [INF] ServiceManager Heartbeat: DB, Redis, and Services Healthy at "2026-09-06T13:26:54.9736909+03:00"
2026-09-06 13:27:54.985 +03:00 [INF] ServiceManager Heartbeat: DB, Redis, and Services Healthy at "2026-09-06T13:27:54.9854561+03:00"
2026-09-06 13:28:55.001 +03:00 [INF] ServiceManager Heartbeat: DB, Redis, and Services Healthy at "2026-09-06T13:28:55.0013772+03:00"
2026-09-06 13:29:55.019 +03:00 [INF] ServiceManager Heartbeat: DB, Redis, and Services Healthy at "2026-09-06T13:29:55.0194928+03:00"
2026-09-06 13:30:55.035 +03:00 [INF] ServiceManager Heartbeat: DB, Redis, and Services Healthy at "2026-09-06T13:30:55.0354955+03:00"
2026-09-06 13:31:55.046 +03:00 [INF] ServiceManager Heartbeat: DB, Redis, and Services Healthy at "2026-09-06T13:31:55.0469292+03:00"
2026-09-06 13:32:55.064 +03:00 [INF] ServiceManager Heartbeat: DB, Redis, and Services Healthy at "2026-09-06T13:32:55.0648677+03:00"
2026-09-06 13:33:55.076 +03:00 [INF] ServiceManager Heartbeat: DB, Redis, and Services Healthy at "2026-09-06T13:33:55.0768992+03:00"
2026-09-06 13:34:55.084 +03:00 [INF] ServiceManager Heartbeat: DB, Redis, and Services Healthy at "2026-09-06T13:34:55.0848541+03:00"
2026-09-06 13:35:55.096 +03:00 [INF] ServiceManager Heartbeat: DB, Redis, and Services Healthy at "2026-09-06T13:35:55.0968117+03:00"
2026-09-06 13:36:55.108 +03:00 [INF] ServiceManager Heartbeat: DB, Redis, and Services Healthy at "2026-09-06T13:36:55.1080096+03:00"
2026-09-06 13:37:55.120 +03:00 [INF] ServiceManager Heartbeat: DB, Redis, and Services Healthy at "2026-09-06T13:37:55.1201973+03:00"
2026-09-06 13:38:55.135 +03:00 [INF] ServiceManager Heartbeat: DB, Redis, and Services Healthy at "2026-09-06T13:38:55.1355875+03:00"
2026-09-06 13:39:55.141 +03:00 [INF] ServiceManager Heartbeat: DB, Redis, and Services Healthy at "2026-09-06T13:39:55.1418499+03:00"
2026-09-06 13:40:55.153 +03:00 [INF] ServiceManager Heartbeat: DB, Redis, and Services Healthy at "2026-09-06T13:40:55.1534507+03:00"
2026-09-06 13:41:55.169 +03:00 [INF] ServiceManager Heartbeat: DB, Redis, and Services Healthy at "2026-09-06T13:41:55.1694401+03:00"
2026-09-06 13:42:55.186 +03:00 [INF] ServiceManager Heartbeat: DB, Redis, and Services Healthy at "2026-09-06T13:42:55.1868781+03:00"
2026-09-06 13:43:55.199 +03:00 [INF] ServiceManager Heartbeat: DB, Redis, and Services Healthy at "2026-09-06T13:43:55.1998021+03:00"
2026-09-06 13:44:55.207 +03:00 [INF] ServiceManager Heartbeat: DB, Redis, and Services Healthy at "2026-09-06T13:44:55.2076345+03:00"
2026-09-06 13:45:55.221 +03:00 [INF] ServiceManager Heartbeat: DB, Redis, and Services Healthy at "2026-09-06T13:45:55.2218609+03:00"
2026-09-06 13:46:55.231 +03:00 [INF] ServiceManager Heartbeat: DB, Redis, and Services Healthy at "2026-09-06T13:46:55.2318446+03:00"
2026-09-06 13:47:55.239 +03:00 [INF] ServiceManager Heartbeat: DB, Redis, and Services Healthy at "2026-09-06T13:47:55.2389916+03:00"
2026-09-06 13:48:55.256 +03:00 [INF] ServiceManager Heartbeat: DB, Redis, and Services Healthy at "2026-09-06T13:48:55.2564133+03:00"
2026-09-06 13:49:55.270 +03:00 [INF] ServiceManager Heartbeat: DB, Redis, and Services Healthy at "2026-09-06T13:49:55.2705241+03:00"
2026-09-06 13:50:55.281 +03:00 [INF] ServiceManager Heartbeat: DB, Redis, and Services Healthy at "2026-09-06T13:50:55.2812642+03:00"
2026-09-06 13:51:55.303 +03:00 [INF] ServiceManager Heartbeat: DB, Redis, and Services Healthy at "2026-09-06T13:51:55.3032303+03:00"
2026-09-06 13:52:55.320 +03:00 [INF] ServiceManager Heartbeat: DB, Redis, and Services Healthy at "2026-09-06T13:52:55.3209138+03:00"
2026-09-06 13:53:55.325 +03:00 [INF] ServiceManager Heartbeat: DB, Redis, and Services Healthy at "2026-09-06T13:53:55.3257125+03:00"
2026-09-06 13:54:55.335 +03:00 [INF] ServiceManager Heartbeat: DB, Redis, and Services Healthy at "2026-09-06T13:54:55.3353897+03:00"
2026-09-06 13:55:55.338 +03:00 [INF] ServiceManager Heartbeat: DB, Redis, and Services Healthy at "2026-09-06T13:55:55.3382188+03:00"
2026-09-06 13:56:55.351 +03:00 [INF] ServiceManager Heartbeat: DB, Redis, and Services Healthy at "2026-09-06T13:56:55.3519598+03:00"
2026-09-06 13:57:55.359 +03:00 [INF] ServiceManager Heartbeat: DB, Redis, and Services Healthy at "2026-09-06T13:57:55.3589943+03:00"
2026-09-06 13:58:55.376 +03:00 [INF] ServiceManager Heartbeat: DB, Redis, and Services Healthy at "2026-09-06T13:58:55.3760502+03:00"
2026-09-06 13:59:55.385 +03:00 [INF] ServiceManager Heartbeat: DB, Redis, and Services Healthy at "2026-09-06T13:59:55.3852978+03:00"
2026-09-06 14:00:55.402 +03:00 [INF] ServiceManager Heartbeat: DB, Redis, and Services Healthy at "2026-09-06T14:00:55.4024538+03:00"
2026-09-06 14:01:55.415 +03:00 [INF] ServiceManager Heartbeat: DB, Redis, and Services Healthy at "2026-09-06T14:01:55.4152839+03:00"
2026-09-06 14:02:55.432 +03:00 [INF] ServiceManager Heartbeat: DB, Redis, and Services Healthy at "2026-09-06T14:02:55.4324790+03:00"
2026-09-06 14:03:55.435 +03:00 [INF] ServiceManager Heartbeat: DB, Redis, and Services Healthy at "2026-09-06T14:03:55.4351116+03:00"
2026-09-06 14:04:55.440 +03:00 [INF] ServiceManager Heartbeat: DB, Redis, and Services Healthy at "2026-09-06T14:04:55.4407907+03:00"
2026-09-06 14:05:55.444 +03:00 [INF] ServiceManager Heartbeat: DB, Redis, and Services Healthy at "2026-09-06T14:05:55.4447756+03:00"
2026-09-06 14:06:55.460 +03:00 [INF] ServiceManager Heartbeat: DB, Redis, and Services Healthy at "2026-09-06T14:06:55.4605478+03:00"
2026-09-06 14:07:55.477 +03:00 [INF] ServiceManager Heartbeat: DB, Redis, and Services Healthy at "2026-09-06T14:07:55.4777261+03:00"
2026-09-06 14:08:55.493 +03:00 [INF] ServiceManager Heartbeat: DB, Redis, and Services Healthy at "2026-09-06T14:08:55.4930383+03:00"
2026-09-06 14:09:55.501 +03:00 [INF] ServiceManager Heartbeat: DB, Redis, and Services Healthy at "2026-09-06T14:09:55.5019028+03:00"
2026-09-06 14:10:55.516 +03:00 [INF] ServiceManager Heartbeat: DB, Redis, and Services Healthy at "2026-09-06T14:10:55.5165517+03:00"
2026-09-06 14:11:55.531 +03:00 [INF] ServiceManager Heartbeat: DB, Redis, and Services Healthy at "2026-09-06T14:11:55.5312621+03:00"
2026-09-06 14:12:55.537 +03:00 [INF] ServiceManager Heartbeat: DB, Redis, and Services Healthy at "2026-09-06T14:12:55.5375560+03:00"
2026-09-06 14:13:55.542 +03:00 [INF] ServiceManager Heartbeat: DB, Redis, and Services Healthy at "2026-09-06T14:13:55.5420883+03:00"
2026-09-06 14:14:55.552 +03:00 [INF] ServiceManager Heartbeat: DB, Redis, and Services Healthy at "2026-09-06T14:14:55.5527153+03:00"
2026-09-06 14:15:55.559 +03:00 [INF] ServiceManager Heartbeat: DB, Redis, and Services Healthy at "2026-09-06T14:15:55.5594624+03:00"
2026-09-06 14:16:55.565 +03:00 [INF] ServiceManager Heartbeat: DB, Redis, and Services Healthy at "2026-09-06T14:16:55.5656541+03:00"
2026-09-06 14:17:55.584 +03:00 [INF] ServiceManager Heartbeat: DB, Redis, and Services Healthy at "2026-09-06T14:17:55.5845604+03:00"
2026-09-06 14:18:55.602 +03:00 [INF] ServiceManager Heartbeat: DB, Redis, and Services Healthy at "2026-09-06T14:18:55.6024714+03:00"
2026-09-06 14:19:55.607 +03:00 [INF] ServiceManager Heartbeat: DB, Redis, and Services Healthy at "2026-09-06T14:19:55.6078759+03:00"
2026-09-06 14:20:55.613 +03:00 [INF] ServiceManager Heartbeat: DB, Redis, and Services Healthy at "2026-09-06T14:20:55.6132058+03:00"
2026-09-06 14:21:55.625 +03:00 [INF] ServiceManager Heartbeat: DB, Redis, and Services Healthy at "2026-09-06T14:21:55.6256775+03:00"
2026-09-06 14:22:55.633 +03:00 [INF] ServiceManager Heartbeat: DB, Redis, and Services Healthy at "2026-09-06T14:22:55.6335647+03:00"
2026-09-06 14:23:55.643 +03:00 [INF] ServiceManager Heartbeat: DB, Redis, and Services Healthy at "2026-09-06T14:23:55.6437357+03:00"
2026-09-06 14:24:55.657 +03:00 [INF] ServiceManager Heartbeat: DB, Redis, and Services Healthy at "2026-09-06T14:24:55.6577530+03:00"
2026-09-06 14:25:55.675 +03:00 [INF] ServiceManager Heartbeat: DB, Redis, and Services Healthy at "2026-09-06T14:25:55.6755445+03:00"
2026-09-06 14:26:55.680 +03:00 [INF] ServiceManager Heartbeat: DB, Redis, and Services Healthy at "2026-09-06T14:26:55.6800510+03:00"
2026-09-06 14:27:55.692 +03:00 [INF] ServiceManager Heartbeat: DB, Redis, and Services Healthy at "2026-09-06T14:27:55.6929193+03:00"
2026-09-06 14:28:55.704 +03:00 [INF] ServiceManager Heartbeat: DB, Redis, and Services Healthy at "2026-09-06T14:28:55.7040000+03:00"
2026-09-06 14:29:55.717 +03:00 [INF] ServiceManager Heartbeat: DB, Redis, and Services Healthy at "2026-09-06T14:29:55.7170507+03:00"
2026-09-06 14:30:55.721 +03:00 [INF] ServiceManager Heartbeat: DB, Redis, and Services Healthy at "2026-09-06T14:30:55.7212289+03:00"
2026-09-06 14:31:55.738 +03:00 [INF] ServiceManager Heartbeat: DB, Redis, and Services Healthy at "2026-09-06T14:31:55.7383516+03:00"
2026-09-06 14:32:55.747 +03:00 [INF] ServiceManager Heartbeat: DB, Redis, and Services Healthy at "2026-09-06T14:32:55.7473915+03:00"
2026-09-06 14:33:55.752 +03:00 [INF] ServiceManager Heartbeat: DB, Redis, and Services Healthy at "2026-09-06T14:33:55.7521512+03:00"
2026-09-06 14:34:55.770 +03:00 [INF] ServiceManager Heartbeat: DB, Redis, and Services Healthy at "2026-09-06T14:34:55.7707040+03:00"
2026-09-06 14:35:55.781 +03:00 [INF] ServiceManager Heartbeat: DB, Redis, and Services Healthy at "2026-09-06T14:35:55.7815949+03:00"
2026-09-06 14:36:55.819 +03:00 [INF] ServiceManager Heartbeat: DB, Redis, and Services Healthy at "2026-09-06T14:36:55.8195489+03:00"
2026-09-06 14:37:55.839 +03:00 [INF] ServiceManager Heartbeat: DB, Redis, and Services Healthy at "2026-09-06T14:37:55.8394474+03:00"
2026-09-06 14:38:55.852 +03:00 [INF] ServiceManager Heartbeat: DB, Redis, and Services Healthy at "2026-09-06T14:38:55.8520430+03:00"
2026-09-06 14:39:55.862 +03:00 [INF] ServiceManager Heartbeat: DB, Redis, and Services Healthy at "2026-09-06T14:39:55.8628445+03:00"
2026-09-06 14:40:55.871 +03:00 [INF] ServiceManager Heartbeat: DB, Redis, and Services Healthy at "2026-09-06T14:40:55.8711904+03:00"
2026-09-06 14:41:55.889 +03:00 [INF] ServiceManager Heartbeat: DB, Redis, and Services Healthy at "2026-09-06T14:41:55.8897170+03:00"
2026-09-06 14:42:55.900 +03:00 [INF] ServiceManager Heartbeat: DB, Redis, and Services Healthy at "2026-09-06T14:42:55.9007584+03:00"
2026-09-06 14:43:55.912 +03:00 [INF] ServiceManager Heartbeat: DB, Redis, and Services Healthy at "2026-09-06T14:43:55.9119887+03:00"
2026-09-06 14:44:55.929 +03:00 [INF] ServiceManager Heartbeat: DB, Redis, and Services Healthy at "2026-09-06T14:44:55.9294445+03:00"
2026-09-06 14:45:55.932 +03:00 [INF] ServiceManager Heartbeat: DB, Redis, and Services Healthy at "2026-09-06T14:45:55.9325567+03:00"
2026-09-06 14:46:55.946 +03:00 [INF] ServiceManager Heartbeat: DB, Redis, and Services Healthy at "2026-09-06T14:46:55.9459904+03:00"
2026-09-06 14:47:55.951 +03:00 [INF] ServiceManager Heartbeat: DB, Redis, and Services Healthy at "2026-09-06T14:47:55.9511525+03:00"
2026-09-06 14:48:55.961 +03:00 [INF] ServiceManager Heartbeat: DB, Redis, and Services Healthy at "2026-09-06T14:48:55.9619279+03:00"
2026-09-06 14:49:55.993 +03:00 [INF] ServiceManager Heartbeat: DB, Redis, and Services Healthy at "2026-09-06T14:49:55.9936401+03:00"
2026-09-06 14:50:56.008 +03:00 [INF] ServiceManager Heartbeat: DB, Redis, and Services Healthy at "2026-09-06T14:50:56.0082138+03:00"
2026-09-06 14:51:56.019 +03:00 [INF] ServiceManager Heartbeat: DB, Redis, and Services Healthy at "2026-09-06T14:51:56.0195214+03:00"
2026-09-06 14:52:56.021 +03:00 [INF] ServiceManager Heartbeat: DB, Redis, and Services Healthy at "2026-09-06T14:52:56.0219536+03:00"
2026-09-06 14:53:56.035 +03:00 [INF] ServiceManager Heartbeat: DB, Redis, and Services Healthy at "2026-09-06T14:53:56.0357027+03:00"
2026-09-06 14:54:56.051 +03:00 [INF] ServiceManager Heartbeat: DB, Redis, and Services Healthy at "2026-09-06T14:54:56.0516578+03:00"
2026-09-06 14:55:56.061 +03:00 [INF] ServiceManager Heartbeat: DB, Redis, and Services Healthy at "2026-09-06T14:55:56.0616819+03:00"
2026-09-06 14:56:56.075 +03:00 [INF] ServiceManager Heartbeat: DB, Redis, and Services Healthy at "2026-09-06T14:56:56.0751966+03:00"
2026-09-06 14:57:56.085 +03:00 [INF] ServiceManager Heartbeat: DB, Redis, and Services Healthy at "2026-09-06T14:57:56.0851658+03:00"
2026-09-06 14:58:56.092 +03:00 [INF] ServiceManager Heartbeat: DB, Redis, and Services Healthy at "2026-09-06T14:58:56.0923396+03:00"
2026-09-06 14:59:56.096 +03:00 [INF] ServiceManager Heartbeat: DB, Redis, and Services Healthy at "2026-09-06T14:59:56.0961648+03:00"
2026-09-06 15:00:56.105 +03:00 [INF] ServiceManager Heartbeat: DB, Redis, and Services Healthy at "2026-09-06T15:00:56.1050734+03:00"
2026-09-06 15:01:56.112 +03:00 [INF] ServiceManager Heartbeat: DB, Redis, and Services Healthy at "2026-09-06T15:01:56.1126188+03:00"
2026-09-06 15:02:56.118 +03:00 [INF] ServiceManager Heartbeat: DB, Redis, and Services Healthy at "2026-09-06T15:02:56.1187053+03:00"
2026-09-06 15:03:56.129 +03:00 [INF] ServiceManager Heartbeat: DB, Redis, and Services Healthy at "2026-09-06T15:03:56.1295892+03:00"
2026-09-06 15:04:56.147 +03:00 [INF] ServiceManager Heartbeat: DB, Redis, and Services Healthy at "2026-09-06T15:04:56.1478742+03:00"
2026-09-06 15:05:56.158 +03:00 [INF] ServiceManager Heartbeat: DB, Redis, and Services Healthy at "2026-09-06T15:05:56.1585586+03:00"
2026-09-06 15:06:56.174 +03:00 [INF] ServiceManager Heartbeat: DB, Redis, and Services Healthy at "2026-09-06T15:06:56.1741486+03:00"
2026-09-06 15:07:56.185 +03:00 [INF] ServiceManager Heartbeat: DB, Redis, and Services Healthy at "2026-09-06T15:07:56.1852028+03:00"
2026-09-06 15:08:56.201 +03:00 [INF] ServiceManager Heartbeat: DB, Redis, and Services Healthy at "2026-09-06T15:08:56.2013143+03:00"
2026-09-06 15:09:56.220 +03:00 [INF] ServiceManager Heartbeat: DB, Redis, and Services Healthy at "2026-09-06T15:09:56.2208315+03:00"
2026-09-06 15:10:56.228 +03:00 [INF] ServiceManager Heartbeat: DB, Redis, and Services Healthy at "2026-09-06T15:10:56.2281100+03:00"
2026-09-06 15:11:56.239 +03:00 [INF] ServiceManager Heartbeat: DB, Redis, and Services Healthy at "2026-09-06T15:11:56.2392425+03:00"
2026-09-06 15:12:56.251 +03:00 [INF] ServiceManager Heartbeat: DB, Redis, and Services Healthy at "2026-09-06T15:12:56.2511251+03:00"
2026-09-06 15:13:56.263 +03:00 [INF] ServiceManager Heartbeat: DB, Redis, and Services Healthy at "2026-09-06T15:13:56.2633715+03:00"
2026-09-06 15:14:56.279 +03:00 [INF] ServiceManager Heartbeat: DB, Redis, and Services Healthy at "2026-09-06T15:14:56.2790152+03:00"
2026-09-06 15:15:56.283 +03:00 [INF] ServiceManager Heartbeat: DB, Redis, and Services Healthy at "2026-09-06T15:15:56.2835405+03:00"
2026-09-06 15:16:56.289 +03:00 [INF] ServiceManager Heartbeat: DB, Redis, and Services Healthy at "2026-09-06T15:16:56.2892806+03:00"
2026-09-06 15:17:56.302 +03:00 [INF] ServiceManager Heartbeat: DB, Redis, and Services Healthy at "2026-09-06T15:17:56.3021651+03:00"
2026-09-06 15:18:56.315 +03:00 [INF] ServiceManager Heartbeat: DB, Redis, and Services Healthy at "2026-09-06T15:18:56.3155956+03:00"
2026-09-06 15:19:56.332 +03:00 [INF] ServiceManager Heartbeat: DB, Redis, and Services Healthy at "2026-09-06T15:19:56.3329248+03:00"
2026-09-06 15:20:56.343 +03:00 [INF] ServiceManager Heartbeat: DB, Redis, and Services Healthy at "2026-09-06T15:20:56.3432580+03:00"
2026-09-06 15:21:56.349 +03:00 [INF] ServiceManager Heartbeat: DB, Redis, and Services Healthy at "2026-09-06T15:21:56.3496304+03:00"
2026-09-06 15:22:56.355 +03:00 [INF] ServiceManager Heartbeat: DB, Redis, and Services Healthy at "2026-09-06T15:22:56.3549989+03:00"
2026-09-06 15:23:56.369 +03:00 [INF] ServiceManager Heartbeat: DB, Redis, and Services Healthy at "2026-09-06T15:23:56.3692099+03:00"
2026-09-06 15:24:56.381 +03:00 [INF] ServiceManager Heartbeat: DB, Redis, and Services Healthy at "2026-09-06T15:24:56.3815126+03:00"
2026-09-06 15:25:56.385 +03:00 [INF] ServiceManager Heartbeat: DB, Redis, and Services Healthy at "2026-09-06T15:25:56.3850889+03:00"
2026-09-06 15:26:56.398 +03:00 [INF] ServiceManager Heartbeat: DB, Redis, and Services Healthy at "2026-09-06T15:26:56.3985347+03:00"
2026-09-06 15:27:56.410 +03:00 [INF] ServiceManager Heartbeat: DB, Redis, and Services Healthy at "2026-09-06T15:27:56.4104321+03:00"
2026-09-06 15:28:56.423 +03:00 [INF] ServiceManager Heartbeat: DB, Redis, and Services Healthy at "2026-09-06T15:28:56.4237836+03:00"
2026-09-06 15:29:56.437 +03:00 [INF] ServiceManager Heartbeat: DB, Redis, and Services Healthy at "2026-09-06T15:29:56.4372290+03:00"
2026-09-06 15:30:56.451 +03:00 [INF] ServiceManager Heartbeat: DB, Redis, and Services Healthy at "2026-09-06T15:30:56.4513198+03:00"
2026-09-06 15:31:56.455 +03:00 [INF] ServiceManager Heartbeat: DB, Redis, and Services Healthy at "2026-09-06T15:31:56.4558701+03:00"
2026-09-06 15:32:56.460 +03:00 [INF] ServiceManager Heartbeat: DB, Redis, and Services Healthy at "2026-09-06T15:32:56.4606753+03:00"
2026-09-06 15:33:56.466 +03:00 [INF] ServiceManager Heartbeat: DB, Redis, and Services Healthy at "2026-09-06T15:33:56.4663615+03:00"
2026-09-06 15:34:56.484 +03:00 [INF] ServiceManager Heartbeat: DB, Redis, and Services Healthy at "2026-09-06T15:34:56.4847829+03:00"
2026-09-06 15:35:56.489 +03:00 [INF] ServiceManager Heartbeat: DB, Redis, and Services Healthy at "2026-09-06T15:35:56.4896153+03:00"
2026-09-06 15:36:56.495 +03:00 [INF] ServiceManager Heartbeat: DB, Redis, and Services Healthy at "2026-09-06T15:36:56.4957654+03:00"
2026-09-06 15:37:56.508 +03:00 [INF] ServiceManager Heartbeat: DB, Redis, and Services Healthy at "2026-09-06T15:37:56.5082711+03:00"
2026-09-06 15:38:56.513 +03:00 [INF] ServiceManager Heartbeat: DB, Redis, and Services Healthy at "2026-09-06T15:38:56.5134558+03:00"
2026-09-06 15:39:56.522 +03:00 [INF] ServiceManager Heartbeat: DB, Redis, and Services Healthy at "2026-09-06T15:39:56.5229518+03:00"
2026-09-06 15:40:56.537 +03:00 [INF] ServiceManager Heartbeat: DB, Redis, and Services Healthy at "2026-09-06T15:40:56.5379420+03:00"
2026-09-06 15:41:56.544 +03:00 [INF] ServiceManager Heartbeat: DB, Redis, and Services Healthy at "2026-09-06T15:41:56.5444191+03:00"
2026-09-06 15:42:56.558 +03:00 [INF] ServiceManager Heartbeat: DB, Redis, and Services Healthy at "2026-09-06T15:42:56.5584723+03:00"
2026-09-06 15:43:56.567 +03:00 [INF] ServiceManager Heartbeat: DB, Redis, and Services Healthy at "2026-09-06T15:43:56.5678410+03:00"
2026-09-06 15:44:56.585 +03:00 [INF] ServiceManager Heartbeat: DB, Redis, and Services Healthy at "2026-09-06T15:44:56.5855475+03:00"
2026-09-06 15:45:56.595 +03:00 [INF] ServiceManager Heartbeat: DB, Redis, and Services Healthy at "2026-09-06T15:45:56.5952575+03:00"
2026-09-06 15:46:56.600 +03:00 [INF] ServiceManager Heartbeat: DB, Redis, and Services Healthy at "2026-09-06T15:46:56.6000572+03:00"
2026-09-06 15:47:56.612 +03:00 [INF] ServiceManager Heartbeat: DB, Redis, and Services Healthy at "2026-09-06T15:47:56.6128907+03:00"
2026-09-06 15:48:56.618 +03:00 [INF] ServiceManager Heartbeat: DB, Redis, and Services Healthy at "2026-09-06T15:48:56.6187362+03:00"
2026-09-06 15:49:56.632 +03:00 [INF] ServiceManager Heartbeat: DB, Redis, and Services Healthy at "2026-09-06T15:49:56.6324154+03:00"
2026-09-06 15:50:56.637 +03:00 [INF] ServiceManager Heartbeat: DB, Redis, and Services Healthy at "2026-09-06T15:50:56.6373991+03:00"
2026-09-06 15:51:56.650 +03:00 [INF] ServiceManager Heartbeat: DB, Redis, and Services Healthy at "2026-09-06T15:51:56.6503783+03:00"
2026-09-06 15:52:56.669 +03:00 [INF] ServiceManager Heartbeat: DB, Redis, and Services Healthy at "2026-09-06T15:52:56.6691816+03:00"
2026-09-06 15:53:56.679 +03:00 [INF] ServiceManager Heartbeat: DB, Redis, and Services Healthy at "2026-09-06T15:53:56.6798438+03:00"
2026-09-06 15:54:56.688 +03:00 [INF] ServiceManager Heartbeat: DB, Redis, and Services Healthy at "2026-09-06T15:54:56.6884444+03:00"
2026-09-06 15:55:56.695 +03:00 [INF] ServiceManager Heartbeat: DB, Redis, and Services Healthy at "2026-09-06T15:55:56.6954615+03:00"
2026-09-06 15:56:56.707 +03:00 [INF] ServiceManager Heartbeat: DB, Redis, and Services Healthy at "2026-09-06T15:56:56.7074862+03:00"
2026-09-06 15:57:56.715 +03:00 [INF] ServiceManager Heartbeat: DB, Redis, and Services Healthy at "2026-09-06T15:57:56.7156462+03:00"
2026-09-06 15:58:56.734 +03:00 [INF] ServiceManager Heartbeat: DB, Redis, and Services Healthy at "2026-09-06T15:58:56.7341947+03:00"
2026-09-06 15:59:56.743 +03:00 [INF] ServiceManager Heartbeat: DB, Redis, and Services Healthy at "2026-09-06T15:59:56.7433572+03:00"
2026-09-06 16:00:56.760 +03:00 [INF] ServiceManager Heartbeat: DB, Redis, and Services Healthy at "2026-09-06T16:00:56.7607774+03:00"
2026-09-06 16:01:56.778 +03:00 [INF] ServiceManager Heartbeat: DB, Redis, and Services Healthy at "2026-09-06T16:01:56.7787802+03:00"
2026-09-06 16:02:56.781 +03:00 [INF] ServiceManager Heartbeat: DB, Redis, and Services Healthy at "2026-09-06T16:02:56.7819298+03:00"
2026-09-06 16:03:56.796 +03:00 [INF] ServiceManager Heartbeat: DB, Redis, and Services Healthy at "2026-09-06T16:03:56.7963725+03:00"
2026-09-06 16:04:56.808 +03:00 [INF] ServiceManager Heartbeat: DB, Redis, and Services Healthy at "2026-09-06T16:04:56.8088101+03:00"
2026-09-06 16:05:56.820 +03:00 [INF] ServiceManager Heartbeat: DB, Redis, and Services Healthy at "2026-09-06T16:05:56.8201938+03:00"
2026-09-06 16:06:56.831 +03:00 [INF] ServiceManager Heartbeat: DB, Redis, and Services Healthy at "2026-09-06T16:06:56.8311528+03:00"
2026-09-06 16:07:56.843 +03:00 [INF] ServiceManager Heartbeat: DB, Redis, and Services Healthy at "2026-09-06T16:07:56.8434088+03:00"
2026-09-06 16:08:56.860 +03:00 [INF] ServiceManager Heartbeat: DB, Redis, and Services Healthy at "2026-09-06T16:08:56.8606817+03:00"
2026-09-06 16:09:56.879 +03:00 [INF] ServiceManager Heartbeat: DB, Redis, and Services Healthy at "2026-09-06T16:09:56.8794895+03:00"
2026-09-06 16:10:56.891 +03:00 [INF] ServiceManager Heartbeat: DB, Redis, and Services Healthy at "2026-09-06T16:10:56.8910807+03:00"
2026-09-06 16:11:56.905 +03:00 [INF] ServiceManager Heartbeat: DB, Redis, and Services Healthy at "2026-09-06T16:11:56.9050503+03:00"
2026-09-06 16:12:56.924 +03:00 [INF] ServiceManager Heartbeat: DB, Redis, and Services Healthy at "2026-09-06T16:12:56.9242506+03:00"
2026-09-06 16:13:56.934 +03:00 [INF] ServiceManager Heartbeat: DB, Redis, and Services Healthy at "2026-09-06T16:13:56.9341728+03:00"
2026-09-06 16:14:56.949 +03:00 [INF] ServiceManager Heartbeat: DB, Redis, and Services Healthy at "2026-09-06T16:14:56.9492725+03:00"
2026-09-06 16:15:56.953 +03:00 [INF] ServiceManager Heartbeat: DB, Redis, and Services Healthy at "2026-09-06T16:15:56.9533533+03:00"
2026-09-06 16:16:56.968 +03:00 [INF] ServiceManager Heartbeat: DB, Redis, and Services Healthy at "2026-09-06T16:16:56.9680547+03:00"
2026-09-06 16:17:56.981 +03:00 [INF] ServiceManager Heartbeat: DB, Redis, and Services Healthy at "2026-09-06T16:17:56.9818866+03:00"
2026-09-06 16:18:56.993 +03:00 [INF] ServiceManager Heartbeat: DB, Redis, and Services Healthy at "2026-09-06T16:18:56.9931196+03:00"
2026-09-06 16:19:56.999 +03:00 [INF] ServiceManager Heartbeat: DB, Redis, and Services Healthy at "2026-09-06T16:19:56.9997719+03:00"
2026-09-06 16:20:57.012 +03:00 [INF] ServiceManager Heartbeat: DB, Redis, and Services Healthy at "2026-09-06T16:20:57.0125746+03:00"
2026-09-06 16:21:57.028 +03:00 [INF] ServiceManager Heartbeat: DB, Redis, and Services Healthy at "2026-09-06T16:21:57.0288964+03:00"
2026-09-06 16:22:57.048 +03:00 [INF] ServiceManager Heartbeat: DB, Redis, and Services Healthy at "2026-09-06T16:22:57.0482472+03:00"
2026-09-06 16:23:57.056 +03:00 [INF] ServiceManager Heartbeat: DB, Redis, and Services Healthy at "2026-09-06T16:23:57.0560863+03:00"
2026-09-06 16:24:57.063 +03:00 [INF] ServiceManager Heartbeat: DB, Redis, and Services Healthy at "2026-09-06T16:24:57.0635469+03:00"
2026-09-06 16:25:57.069 +03:00 [INF] ServiceManager Heartbeat: DB, Redis, and Services Healthy at "2026-09-06T16:25:57.0690368+03:00"
2026-09-06 16:26:57.084 +03:00 [INF] ServiceManager Heartbeat: DB, Redis, and Services Healthy at "2026-09-06T16:26:57.0849182+03:00"
2026-09-06 16:27:57.102 +03:00 [INF] ServiceManager Heartbeat: DB, Redis, and Services Healthy at "2026-09-06T16:27:57.1025522+03:00"
2026-09-06 16:28:57.114 +03:00 [INF] ServiceManager Heartbeat: DB, Redis, and Services Healthy at "2026-09-06T16:28:57.1148452+03:00"
2026-09-06 16:29:57.127 +03:00 [INF] ServiceManager Heartbeat: DB, Redis, and Services Healthy at "2026-09-06T16:29:57.1271358+03:00"
2026-09-06 16:30:57.141 +03:00 [INF] ServiceManager Heartbeat: DB, Redis, and Services Healthy at "2026-09-06T16:30:57.1414547+03:00"
2026-09-06 16:31:57.155 +03:00 [INF] ServiceManager Heartbeat: DB, Redis, and Services Healthy at "2026-09-06T16:31:57.1552947+03:00"
2026-09-06 16:32:57.174 +03:00 [INF] ServiceManager Heartbeat: DB, Redis, and Services Healthy at "2026-09-06T16:32:57.1749102+03:00"
2026-09-06 16:33:57.179 +03:00 [INF] ServiceManager Heartbeat: DB, Redis, and Services Healthy at "2026-09-06T16:33:57.1793071+03:00"
2026-09-06 16:34:57.189 +03:00 [INF] ServiceManager Heartbeat: DB, Redis, and Services Healthy at "2026-09-06T16:34:57.1889929+03:00"
2026-09-06 16:35:57.197 +03:00 [INF] ServiceManager Heartbeat: DB, Redis, and Services Healthy at "2026-09-06T16:35:57.1972730+03:00"
2026-09-06 16:36:57.215 +03:00 [INF] ServiceManager Heartbeat: DB, Redis, and Services Healthy at "2026-09-06T16:36:57.2159523+03:00"
2026-09-06 16:37:57.232 +03:00 [INF] ServiceManager Heartbeat: DB, Redis, and Services Healthy at "2026-09-06T16:37:57.2326986+03:00"
2026-09-06 16:38:57.242 +03:00 [INF] ServiceManager Heartbeat: DB, Redis, and Services Healthy at "2026-09-06T16:38:57.2428600+03:00"
2026-09-06 16:39:57.258 +03:00 [INF] ServiceManager Heartbeat: DB, Redis, and Services Healthy at "2026-09-06T16:39:57.2581271+03:00"
2026-09-06 16:40:57.272 +03:00 [INF] ServiceManager Heartbeat: DB, Redis, and Services Healthy at "2026-09-06T16:40:57.2729196+03:00"
2026-09-06 16:41:57.288 +03:00 [INF] ServiceManager Heartbeat: DB, Redis, and Services Healthy at "2026-09-06T16:41:57.2881025+03:00"
2026-09-06 16:42:57.305 +03:00 [INF] ServiceManager Heartbeat: DB, Redis, and Services Healthy at "2026-09-06T16:42:57.3053592+03:00"
2026-09-06 16:43:57.313 +03:00 [INF] ServiceManager Heartbeat: DB, Redis, and Services Healthy at "2026-09-06T16:43:57.3133513+03:00"
2026-09-06 16:44:57.329 +03:00 [INF] ServiceManager Heartbeat: DB, Redis, and Services Healthy at "2026-09-06T16:44:57.3297546+03:00"
2026-09-06 16:45:57.335 +03:00 [INF] ServiceManager Heartbeat: DB, Redis, and Services Healthy at "2026-09-06T16:45:57.3355249+03:00"
2026-09-06 16:46:57.342 +03:00 [INF] ServiceManager Heartbeat: DB, Redis, and Services Healthy at "2026-09-06T16:46:57.3424693+03:00"
2026-09-06 16:47:57.351 +03:00 [INF] ServiceManager Heartbeat: DB, Redis, and Services Healthy at "2026-09-06T16:47:57.3512817+03:00"
2026-09-06 16:48:57.358 +03:00 [INF] ServiceManager Heartbeat: DB, Redis, and Services Healthy at "2026-09-06T16:48:57.3584979+03:00"
2026-09-06 16:49:57.364 +03:00 [INF] ServiceManager Heartbeat: DB, Redis, and Services Healthy at "2026-09-06T16:49:57.3647968+03:00"
2026-09-06 16:50:57.369 +03:00 [INF] ServiceManager Heartbeat: DB, Redis, and Services Healthy at "2026-09-06T16:50:57.3694813+03:00"
2026-09-06 16:51:57.384 +03:00 [INF] ServiceManager Heartbeat: DB, Redis, and Services Healthy at "2026-09-06T16:51:57.3844898+03:00"
2026-09-06 16:52:57.397 +03:00 [INF] ServiceManager Heartbeat: DB, Redis, and Services Healthy at "2026-09-06T16:52:57.3978030+03:00"
2026-09-06 16:53:57.401 +03:00 [INF] ServiceManager Heartbeat: DB, Redis, and Services Healthy at "2026-09-06T16:53:57.4018242+03:00"
2026-09-06 16:54:57.412 +03:00 [INF] ServiceManager Heartbeat: DB, Redis, and Services Healthy at "2026-09-06T16:54:57.4123771+03:00"
2026-09-06 16:55:57.422 +03:00 [INF] ServiceManager Heartbeat: DB, Redis, and Services Healthy at "2026-09-06T16:55:57.4229088+03:00"
2026-09-06 16:56:57.441 +03:00 [INF] ServiceManager Heartbeat: DB, Redis, and Services Healthy at "2026-09-06T16:56:57.4410409+03:00"
2026-09-06 16:57:57.453 +03:00 [INF] ServiceManager Heartbeat: DB, Redis, and Services Healthy at "2026-09-06T16:57:57.4530407+03:00"
2026-09-06 16:58:57.456 +03:00 [INF] ServiceManager Heartbeat: DB, Redis, and Services Healthy at "2026-09-06T16:58:57.4568200+03:00"
2026-09-06 16:59:57.465 +03:00 [INF] ServiceManager Heartbeat: DB, Redis, and Services Healthy at "2026-09-06T16:59:57.4653280+03:00"
2026-09-06 17:00:57.481 +03:00 [INF] ServiceManager Heartbeat: DB, Redis, and Services Healthy at "2026-09-06T17:00:57.4814800+03:00"
2026-09-06 17:01:57.496 +03:00 [INF] ServiceManager Heartbeat: DB, Redis, and Services Healthy at "2026-09-06T17:01:57.4969614+03:00"
2026-09-06 17:02:57.512 +03:00 [INF] ServiceManager Heartbeat: DB, Redis, and Services Healthy at "2026-09-06T17:02:57.5122017+03:00"
2026-09-06 17:03:57.522 +03:00 [INF] ServiceManager Heartbeat: DB, Redis, and Services Healthy at "2026-09-06T17:03:57.5227778+03:00"
2026-09-06 17:04:57.534 +03:00 [INF] ServiceManager Heartbeat: DB, Redis, and Services Healthy at "2026-09-06T17:04:57.5341936+03:00"
2026-09-06 17:05:57.548 +03:00 [INF] ServiceManager Heartbeat: DB, Redis, and Services Healthy at "2026-09-06T17:05:57.5484993+03:00"
2026-09-06 17:06:57.556 +03:00 [INF] ServiceManager Heartbeat: DB, Redis, and Services Healthy at "2026-09-06T17:06:57.5566602+03:00"
2026-09-06 17:07:57.566 +03:00 [INF] ServiceManager Heartbeat: DB, Redis, and Services Healthy at "2026-09-06T17:07:57.5667497+03:00"
2026-09-06 17:08:57.580 +03:00 [INF] ServiceManager Heartbeat: DB, Redis, and Services Healthy at "2026-09-06T17:08:57.5806667+03:00"
2026-09-06 17:09:57.598 +03:00 [INF] ServiceManager Heartbeat: DB, Redis, and Services Healthy at "2026-09-06T17:09:57.5979932+03:00"
2026-09-06 17:10:57.607 +03:00 [INF] ServiceManager Heartbeat: DB, Redis, and Services Healthy at "2026-09-06T17:10:57.6077630+03:00"
2026-09-06 17:11:57.614 +03:00 [INF] ServiceManager Heartbeat: DB, Redis, and Services Healthy at "2026-09-06T17:11:57.6148129+03:00"
2026-09-06 17:12:57.630 +03:00 [INF] ServiceManager Heartbeat: DB, Redis, and Services Healthy at "2026-09-06T17:12:57.6302040+03:00"
2026-09-06 17:13:57.647 +03:00 [INF] ServiceManager Heartbeat: DB, Redis, and Services Healthy at "2026-09-06T17:13:57.6473222+03:00"
2026-09-06 17:14:57.656 +03:00 [INF] ServiceManager Heartbeat: DB, Redis, and Services Healthy at "2026-09-06T17:14:57.6560376+03:00"
2026-09-06 17:15:57.658 +03:00 [INF] ServiceManager Heartbeat: DB, Redis, and Services Healthy at "2026-09-06T17:15:57.6586530+03:00"
2026-09-06 17:16:57.663 +03:00 [INF] ServiceManager Heartbeat: DB, Redis, and Services Healthy at "2026-09-06T17:16:57.6631048+03:00"
2026-09-06 17:17:57.680 +03:00 [INF] ServiceManager Heartbeat: DB, Redis, and Services Healthy at "2026-09-06T17:17:57.6801100+03:00"
2026-09-06 17:18:57.699 +03:00 [INF] ServiceManager Heartbeat: DB, Redis, and Services Healthy at "2026-09-06T17:18:57.6997755+03:00"
2026-09-06 17:19:57.712 +03:00 [INF] ServiceManager Heartbeat: DB, Redis, and Services Healthy at "2026-09-06T17:19:57.7128638+03:00"
2026-09-06 17:20:57.723 +03:00 [INF] ServiceManager Heartbeat: DB, Redis, and Services Healthy at "2026-09-06T17:20:57.7237519+03:00"
2026-09-06 17:21:57.740 +03:00 [INF] ServiceManager Heartbeat: DB, Redis, and Services Healthy at "2026-09-06T17:21:57.7408783+03:00"
2026-09-06 17:22:57.756 +03:00 [INF] ServiceManager Heartbeat: DB, Redis, and Services Healthy at "2026-09-06T17:22:57.7562847+03:00"
2026-09-06 17:23:57.766 +03:00 [INF] ServiceManager Heartbeat: DB, Redis, and Services Healthy at "2026-09-06T17:23:57.7663950+03:00"
2026-09-06 17:24:57.772 +03:00 [INF] ServiceManager Heartbeat: DB, Redis, and Services Healthy at "2026-09-06T17:24:57.7727813+03:00"
2026-09-06 17:25:57.779 +03:00 [INF] ServiceManager Heartbeat: DB, Redis, and Services Healthy at "2026-09-06T17:25:57.7796127+03:00"
2026-09-06 17:26:57.797 +03:00 [INF] ServiceManager Heartbeat: DB, Redis, and Services Healthy at "2026-09-06T17:26:57.7971335+03:00"
2026-09-06 17:27:57.810 +03:00 [INF] ServiceManager Heartbeat: DB, Redis, and Services Healthy at "2026-09-06T17:27:57.8106402+03:00"
2026-09-06 17:28:57.822 +03:00 [INF] ServiceManager Heartbeat: DB, Redis, and Services Healthy at "2026-09-06T17:28:57.8221736+03:00"
2026-09-06 17:29:57.836 +03:00 [INF] ServiceManager Heartbeat: DB, Redis, and Services Healthy at "2026-09-06T17:29:57.8366671+03:00"
2026-09-06 17:30:57.846 +03:00 [INF] ServiceManager Heartbeat: DB, Redis, and Services Healthy at "2026-09-06T17:30:57.8469420+03:00"
2026-09-06 17:31:57.862 +03:00 [INF] ServiceManager Heartbeat: DB, Redis, and Services Healthy at "2026-09-06T17:31:57.8629511+03:00"
2026-09-06 17:32:57.872 +03:00 [INF] ServiceManager Heartbeat: DB, Redis, and Services Healthy at "2026-09-06T17:32:57.8727450+03:00"
2026-09-06 17:33:57.884 +03:00 [INF] ServiceManager Heartbeat: DB, Redis, and Services Healthy at "2026-09-06T17:33:57.8849670+03:00"
2026-09-06 17:34:57.897 +03:00 [INF] ServiceManager Heartbeat: DB, Redis, and Services Healthy at "2026-09-06T17:34:57.8977626+03:00"
2026-09-06 17:35:57.901 +03:00 [INF] ServiceManager Heartbeat: DB, Redis, and Services Healthy at "2026-09-06T17:35:57.9012076+03:00"
2026-09-06 17:36:57.909 +03:00 [INF] ServiceManager Heartbeat: DB, Redis, and Services Healthy at "2026-09-06T17:36:57.9091786+03:00"
2026-09-06 17:37:57.916 +03:00 [INF] ServiceManager Heartbeat: DB, Redis, and Services Healthy at "2026-09-06T17:37:57.9166705+03:00"
2026-09-06 17:38:57.921 +03:00 [INF] ServiceManager Heartbeat: DB, Redis, and Services Healthy at "2026-09-06T17:38:57.9215916+03:00"
2026-09-06 17:39:57.932 +03:00 [INF] ServiceManager Heartbeat: DB, Redis, and Services Healthy at "2026-09-06T17:39:57.9323840+03:00"
2026-09-06 17:40:57.940 +03:00 [INF] ServiceManager Heartbeat: DB, Redis, and Services Healthy at "2026-09-06T17:40:57.9406908+03:00"
2026-09-06 17:41:57.954 +03:00 [INF] ServiceManager Heartbeat: DB, Redis, and Services Healthy at "2026-09-06T17:41:57.9540194+03:00"
2026-09-06 17:42:57.958 +03:00 [INF] ServiceManager Heartbeat: DB, Redis, and Services Healthy at "2026-09-06T17:42:57.9583925+03:00"
2026-09-06 17:43:58.005 +03:00 [INF] ServiceManager Heartbeat: DB, Redis, and Services Healthy at "2026-09-06T17:43:58.0057353+03:00"
2026-09-06 17:44:58.021 +03:00 [INF] ServiceManager Heartbeat: DB, Redis, and Services Healthy at "2026-09-06T17:44:58.0213128+03:00"
2026-09-06 17:45:58.031 +03:00 [INF] ServiceManager Heartbeat: DB, Redis, and Services Healthy at "2026-09-06T17:45:58.0316013+03:00"
2026-09-06 17:46:58.046 +03:00 [INF] ServiceManager Heartbeat: DB, Redis, and Services Healthy at "2026-09-06T17:46:58.0462766+03:00"
2026-09-06 17:47:58.057 +03:00 [INF] ServiceManager Heartbeat: DB, Redis, and Services Healthy at "2026-09-06T17:47:58.0572283+03:00"
2026-09-06 17:48:58.065 +03:00 [INF] ServiceManager Heartbeat: DB, Redis, and Services Healthy at "2026-09-06T17:48:58.0653775+03:00"
2026-09-06 17:49:58.075 +03:00 [INF] ServiceManager Heartbeat: DB, Redis, and Services Healthy at "2026-09-06T17:49:58.0752353+03:00"
2026-09-06 17:50:58.082 +03:00 [INF] ServiceManager Heartbeat: DB, Redis, and Services Healthy at "2026-09-06T17:50:58.0824587+03:00"
2026-09-06 17:51:58.096 +03:00 [INF] ServiceManager Heartbeat: DB, Redis, and Services Healthy at "2026-09-06T17:51:58.0964145+03:00"
2026-09-06 17:52:58.103 +03:00 [INF] ServiceManager Heartbeat: DB, Redis, and Services Healthy at "2026-09-06T17:52:58.1031357+03:00"
2026-09-06 17:53:58.119 +03:00 [INF] ServiceManager Heartbeat: DB, Redis, and Services Healthy at "2026-09-06T17:53:58.1198075+03:00"
2026-09-06 17:54:58.128 +03:00 [INF] ServiceManager Heartbeat: DB, Redis, and Services Healthy at "2026-09-06T17:54:58.1288186+03:00"
2026-09-06 17:55:58.137 +03:00 [INF] ServiceManager Heartbeat: DB, Redis, and Services Healthy at "2026-09-06T17:55:58.1374538+03:00"
2026-09-06 17:56:58.150 +03:00 [INF] ServiceManager Heartbeat: DB, Redis, and Services Healthy at "2026-09-06T17:56:58.1500060+03:00"
2026-09-06 17:57:58.166 +03:00 [INF] ServiceManager Heartbeat: DB, Redis, and Services Healthy at "2026-09-06T17:57:58.1663020+03:00"
2026-09-06 17:58:58.185 +03:00 [INF] ServiceManager Heartbeat: DB, Redis, and Services Healthy at "2026-09-06T17:58:58.1854076+03:00"
2026-09-06 17:59:58.191 +03:00 [INF] ServiceManager Heartbeat: DB, Redis, and Services Healthy at "2026-09-06T17:59:58.1919089+03:00"
2026-09-06 18:00:58.205 +03:00 [INF] ServiceManager Heartbeat: DB, Redis, and Services Healthy at "2026-09-06T18:00:58.2053687+03:00"
2026-09-06 18:01:58.213 +03:00 [INF] ServiceManager Heartbeat: DB, Redis, and Services Healthy at "2026-09-06T18:01:58.2132556+03:00"
2026-09-06 18:02:58.230 +03:00 [INF] ServiceManager Heartbeat: DB, Redis, and Services Healthy at "2026-09-06T18:02:58.2308326+03:00"
2026-09-06 18:03:58.244 +03:00 [INF] ServiceManager Heartbeat: DB, Redis, and Services Healthy at "2026-09-06T18:03:58.2441914+03:00"
2026-09-06 18:04:58.259 +03:00 [INF] ServiceManager Heartbeat: DB, Redis, and Services Healthy at "2026-09-06T18:04:58.2596839+03:00"
2026-09-06 18:05:58.266 +03:00 [INF] ServiceManager Heartbeat: DB, Redis, and Services Healthy at "2026-09-06T18:05:58.2666105+03:00"
2026-09-06 18:06:58.285 +03:00 [INF] ServiceManager Heartbeat: DB, Redis, and Services Healthy at "2026-09-06T18:06:58.2854426+03:00"
2026-09-06 18:07:58.301 +03:00 [INF] ServiceManager Heartbeat: DB, Redis, and Services Healthy at "2026-09-06T18:07:58.3018971+03:00"
2026-09-06 18:08:58.316 +03:00 [INF] ServiceManager Heartbeat: DB, Redis, and Services Healthy at "2026-09-06T18:08:58.3163306+03:00"
2026-09-06 18:09:58.329 +03:00 [INF] ServiceManager Heartbeat: DB, Redis, and Services Healthy at "2026-09-06T18:09:58.3290127+03:00"
2026-09-06 18:10:58.341 +03:00 [INF] ServiceManager Heartbeat: DB, Redis, and Services Healthy at "2026-09-06T18:10:58.3411947+03:00"
2026-09-06 18:11:58.357 +03:00 [INF] ServiceManager Heartbeat: DB, Redis, and Services Healthy at "2026-09-06T18:11:58.3577441+03:00"
2026-09-06 18:12:58.367 +03:00 [INF] ServiceManager Heartbeat: DB, Redis, and Services Healthy at "2026-09-06T18:12:58.3673572+03:00"
2026-09-06 18:13:58.370 +03:00 [INF] ServiceManager Heartbeat: DB, Redis, and Services Healthy at "2026-09-06T18:13:58.3709666+03:00"
2026-09-06 18:14:58.376 +03:00 [INF] ServiceManager Heartbeat: DB, Redis, and Services Healthy at "2026-09-06T18:14:58.3761124+03:00"
2026-09-06 18:15:58.380 +03:00 [INF] ServiceManager Heartbeat: DB, Redis, and Services Healthy at "2026-09-06T18:15:58.3809710+03:00"
2026-09-06 18:16:58.385 +03:00 [INF] ServiceManager Heartbeat: DB, Redis, and Services Healthy at "2026-09-06T18:16:58.3854578+03:00"
2026-09-06 18:17:58.392 +03:00 [INF] ServiceManager Heartbeat: DB, Redis, and Services Healthy at "2026-09-06T18:17:58.3922809+03:00"
2026-09-06 18:18:58.409 +03:00 [INF] ServiceManager Heartbeat: DB, Redis, and Services Healthy at "2026-09-06T18:18:58.4099065+03:00"
2026-09-06 18:19:58.414 +03:00 [INF] ServiceManager Heartbeat: DB, Redis, and Services Healthy at "2026-09-06T18:19:58.4142519+03:00"
2026-09-06 18:20:58.419 +03:00 [INF] ServiceManager Heartbeat: DB, Redis, and Services Healthy at "2026-09-06T18:20:58.4199232+03:00"
2026-09-06 18:21:58.432 +03:00 [INF] ServiceManager Heartbeat: DB, Redis, and Services Healthy at "2026-09-06T18:21:58.4325472+03:00"
2026-09-06 18:22:58.446 +03:00 [INF] ServiceManager Heartbeat: DB, Redis, and Services Healthy at "2026-09-06T18:22:58.4460552+03:00"
2026-09-06 18:23:58.456 +03:00 [INF] ServiceManager Heartbeat: DB, Redis, and Services Healthy at "2026-09-06T18:23:58.4569629+03:00"
2026-09-06 18:24:58.459 +03:00 [INF] ServiceManager Heartbeat: DB, Redis, and Services Healthy at "2026-09-06T18:24:58.4592112+03:00"
2026-09-06 18:25:58.467 +03:00 [INF] ServiceManager Heartbeat: DB, Redis, and Services Healthy at "2026-09-06T18:25:58.4670874+03:00"
2026-09-06 18:26:58.479 +03:00 [INF] ServiceManager Heartbeat: DB, Redis, and Services Healthy at "2026-09-06T18:26:58.4791512+03:00"
2026-09-06 18:27:58.497 +03:00 [INF] ServiceManager Heartbeat: DB, Redis, and Services Healthy at "2026-09-06T18:27:58.4978434+03:00"
2026-09-06 18:28:58.509 +03:00 [INF] ServiceManager Heartbeat: DB, Redis, and Services Healthy at "2026-09-06T18:28:58.5095724+03:00"
2026-09-06 18:29:58.529 +03:00 [INF] ServiceManager Heartbeat: DB, Redis, and Services Healthy at "2026-09-06T18:29:58.5291534+03:00"
2026-09-06 18:30:58.535 +03:00 [INF] ServiceManager Heartbeat: DB, Redis, and Services Healthy at "2026-09-06T18:30:58.5356123+03:00"
2026-09-06 18:31:58.545 +03:00 [INF] ServiceManager Heartbeat: DB, Redis, and Services Healthy at "2026-09-06T18:31:58.5457789+03:00"
2026-09-06 18:32:58.563 +03:00 [INF] ServiceManager Heartbeat: DB, Redis, and Services Healthy at "2026-09-06T18:32:58.5631976+03:00"
2026-09-06 18:33:58.582 +03:00 [INF] ServiceManager Heartbeat: DB, Redis, and Services Healthy at "2026-09-06T18:33:58.5822416+03:00"
2026-09-06 18:34:58.591 +03:00 [INF] ServiceManager Heartbeat: DB, Redis, and Services Healthy at "2026-09-06T18:34:58.5915254+03:00"
2026-09-06 18:35:58.602 +03:00 [INF] ServiceManager Heartbeat: DB, Redis, and Services Healthy at "2026-09-06T18:35:58.6022692+03:00"
2026-09-06 18:36:58.605 +03:00 [INF] ServiceManager Heartbeat: DB, Redis, and Services Healthy at "2026-09-06T18:36:58.6056632+03:00"
2026-09-06 18:37:58.615 +03:00 [INF] ServiceManager Heartbeat: DB, Redis, and Services Healthy at "2026-09-06T18:37:58.6157260+03:00"
2026-09-06 18:38:58.620 +03:00 [INF] ServiceManager Heartbeat: DB, Redis, and Services Healthy at "2026-09-06T18:38:58.6209577+03:00"
2026-09-06 18:39:58.631 +03:00 [INF] ServiceManager Heartbeat: DB, Redis, and Services Healthy at "2026-09-06T18:39:58.6316355+03:00"
2026-09-06 18:40:58.643 +03:00 [INF] ServiceManager Heartbeat: DB, Redis, and Services Healthy at "2026-09-06T18:40:58.6432007+03:00"
2026-09-06 18:41:58.647 +03:00 [INF] ServiceManager Heartbeat: DB, Redis, and Services Healthy at "2026-09-06T18:41:58.6472440+03:00"
2026-09-06 18:42:58.662 +03:00 [INF] ServiceManager Heartbeat: DB, Redis, and Services Healthy at "2026-09-06T18:42:58.6629218+03:00"
2026-09-06 18:43:58.678 +03:00 [INF] ServiceManager Heartbeat: DB, Redis, and Services Healthy at "2026-09-06T18:43:58.6785290+03:00"
2026-09-06 18:44:58.692 +03:00 [INF] ServiceManager Heartbeat: DB, Redis, and Services Healthy at "2026-09-06T18:44:58.6920137+03:00"
2026-09-06 18:45:58.707 +03:00 [INF] ServiceManager Heartbeat: DB, Redis, and Services Healthy at "2026-09-06T18:45:58.7073294+03:00"
2026-09-06 18:46:58.710 +03:00 [INF] ServiceManager Heartbeat: DB, Redis, and Services Healthy at "2026-09-06T18:46:58.7105596+03:00"
2026-09-06 18:47:58.727 +03:00 [INF] ServiceManager Heartbeat: DB, Redis, and Services Healthy at "2026-09-06T18:47:58.7272724+03:00"
2026-09-06 18:48:58.739 +03:00 [INF] ServiceManager Heartbeat: DB, Redis, and Services Healthy at "2026-09-06T18:48:58.7391300+03:00"
2026-09-06 18:49:58.757 +03:00 [INF] ServiceManager Heartbeat: DB, Redis, and Services Healthy at "2026-09-06T18:49:58.7579247+03:00"
2026-09-06 18:50:58.763 +03:00 [INF] ServiceManager Heartbeat: DB, Redis, and Services Healthy at "2026-09-06T18:50:58.7637401+03:00"
2026-09-06 18:51:58.779 +03:00 [INF] ServiceManager Heartbeat: DB, Redis, and Services Healthy at "2026-09-06T18:51:58.7798065+03:00"
2026-09-06 18:52:58.794 +03:00 [INF] ServiceManager Heartbeat: DB, Redis, and Services Healthy at "2026-09-06T18:52:58.7947006+03:00"
2026-09-06 18:53:58.807 +03:00 [INF] ServiceManager Heartbeat: DB, Redis, and Services Healthy at "2026-09-06T18:53:58.8074242+03:00"
2026-09-06 18:54:58.824 +03:00 [INF] ServiceManager Heartbeat: DB, Redis, and Services Healthy at "2026-09-06T18:54:58.8241041+03:00"
2026-09-06 18:55:58.838 +03:00 [INF] ServiceManager Heartbeat: DB, Redis, and Services Healthy at "2026-09-06T18:55:58.8382574+03:00"
2026-09-06 18:56:58.847 +03:00 [INF] ServiceManager Heartbeat: DB, Redis, and Services Healthy at "2026-09-06T18:56:58.8472294+03:00"
2026-09-06 18:57:58.868 +03:00 [INF] ServiceManager Heartbeat: DB, Redis, and Services Healthy at "2026-09-06T18:57:58.8688621+03:00"
2026-09-06 18:58:58.882 +03:00 [INF] ServiceManager Heartbeat: DB, Redis, and Services Healthy at "2026-09-06T18:58:58.8825489+03:00"
2026-09-06 18:59:58.888 +03:00 [INF] ServiceManager Heartbeat: DB, Redis, and Services Healthy at "2026-09-06T18:59:58.8889389+03:00"
2026-09-06 19:00:58.897 +03:00 [INF] ServiceManager Heartbeat: DB, Redis, and Services Healthy at "2026-09-06T19:00:58.8979236+03:00"
2026-09-06 19:01:58.905 +03:00 [INF] ServiceManager Heartbeat: DB, Redis, and Services Healthy at "2026-09-06T19:01:58.9057041+03:00"
2026-09-06 19:02:58.919 +03:00 [INF] ServiceManager Heartbeat: DB, Redis, and Services Healthy at "2026-09-06T19:02:58.9192828+03:00"
2026-09-06 19:03:58.932 +03:00 [INF] ServiceManager Heartbeat: DB, Redis, and Services Healthy at "2026-09-06T19:03:58.9327659+03:00"
2026-09-06 19:04:58.945 +03:00 [INF] ServiceManager Heartbeat: DB, Redis, and Services Healthy at "2026-09-06T19:04:58.9454285+03:00"
2026-09-06 19:05:58.957 +03:00 [INF] ServiceManager Heartbeat: DB, Redis, and Services Healthy at "2026-09-06T19:05:58.9570339+03:00"
2026-09-06 19:06:58.966 +03:00 [INF] ServiceManager Heartbeat: DB, Redis, and Services Healthy at "2026-09-06T19:06:58.9663465+03:00"
2026-09-06 19:07:59.003 +03:00 [INF] ServiceManager Heartbeat: DB, Redis, and Services Healthy at "2026-09-06T19:07:59.0035132+03:00"
2026-09-06 19:08:59.016 +03:00 [INF] ServiceManager Heartbeat: DB, Redis, and Services Healthy at "2026-09-06T19:08:59.0168577+03:00"
2026-09-06 19:09:59.024 +03:00 [INF] ServiceManager Heartbeat: DB, Redis, and Services Healthy at "2026-09-06T19:09:59.0240738+03:00"
2026-09-06 19:10:59.034 +03:00 [INF] ServiceManager Heartbeat: DB, Redis, and Services Healthy at "2026-09-06T19:10:59.0349238+03:00"
2026-09-06 19:11:59.044 +03:00 [INF] ServiceManager Heartbeat: DB, Redis, and Services Healthy at "2026-09-06T19:11:59.0445655+03:00"
2026-09-06 19:12:59.058 +03:00 [INF] ServiceManager Heartbeat: DB, Redis, and Services Healthy at "2026-09-06T19:12:59.0581769+03:00"
2026-09-06 19:13:59.069 +03:00 [INF] ServiceManager Heartbeat: DB, Redis, and Services Healthy at "2026-09-06T19:13:59.0690209+03:00"
2026-09-06 19:14:59.077 +03:00 [INF] ServiceManager Heartbeat: DB, Redis, and Services Healthy at "2026-09-06T19:14:59.0770107+03:00"
2026-09-06 19:15:59.094 +03:00 [INF] ServiceManager Heartbeat: DB, Redis, and Services Healthy at "2026-09-06T19:15:59.0948472+03:00"
2026-09-06 19:16:59.100 +03:00 [INF] ServiceManager Heartbeat: DB, Redis, and Services Healthy at "2026-09-06T19:16:59.1009159+03:00"
2026-09-06 19:17:59.112 +03:00 [INF] ServiceManager Heartbeat: DB, Redis, and Services Healthy at "2026-09-06T19:17:59.1127206+03:00"
2026-09-06 19:18:59.125 +03:00 [INF] ServiceManager Heartbeat: DB, Redis, and Services Healthy at "2026-09-06T19:18:59.1254284+03:00"
2026-09-06 19:19:59.137 +03:00 [INF] ServiceManager Heartbeat: DB, Redis, and Services Healthy at "2026-09-06T19:19:59.1376198+03:00"
2026-09-06 19:20:59.143 +03:00 [INF] ServiceManager Heartbeat: DB, Redis, and Services Healthy at "2026-09-06T19:20:59.1434823+03:00"
2026-09-06 19:21:59.153 +03:00 [INF] ServiceManager Heartbeat: DB, Redis, and Services Healthy at "2026-09-06T19:21:59.1534520+03:00"
2026-09-06 19:22:59.157 +03:00 [INF] ServiceManager Heartbeat: DB, Redis, and Services Healthy at "2026-09-06T19:22:59.1576476+03:00"
2026-09-06 19:23:59.170 +03:00 [INF] ServiceManager Heartbeat: DB, Redis, and Services Healthy at "2026-09-06T19:23:59.1706167+03:00"
2026-09-06 19:24:59.184 +03:00 [INF] ServiceManager Heartbeat: DB, Redis, and Services Healthy at "2026-09-06T19:24:59.1842747+03:00"
2026-09-06 19:25:59.191 +03:00 [INF] ServiceManager Heartbeat: DB, Redis, and Services Healthy at "2026-09-06T19:25:59.1915794+03:00"
2026-09-06 19:26:59.208 +03:00 [INF] ServiceManager Heartbeat: DB, Redis, and Services Healthy at "2026-09-06T19:26:59.2089107+03:00"
2026-09-06 19:27:59.230 +03:00 [INF] ServiceManager Heartbeat: DB, Redis, and Services Healthy at "2026-09-06T19:27:59.2307339+03:00"
2026-09-06 19:28:59.250 +03:00 [INF] ServiceManager Heartbeat: DB, Redis, and Services Healthy at "2026-09-06T19:28:59.2501326+03:00"
2026-09-06 19:29:59.256 +03:00 [INF] ServiceManager Heartbeat: DB, Redis, and Services Healthy at "2026-09-06T19:29:59.2560507+03:00"
2026-09-06 19:30:59.262 +03:00 [INF] ServiceManager Heartbeat: DB, Redis, and Services Healthy at "2026-09-06T19:30:59.2624484+03:00"
2026-09-06 19:31:59.268 +03:00 [INF] ServiceManager Heartbeat: DB, Redis, and Services Healthy at "2026-09-06T19:31:59.2682539+03:00"
2026-09-06 19:32:59.277 +03:00 [INF] ServiceManager Heartbeat: DB, Redis, and Services Healthy at "2026-09-06T19:32:59.2772953+03:00"
2026-09-06 19:33:59.289 +03:00 [INF] ServiceManager Heartbeat: DB, Redis, and Services Healthy at "2026-09-06T19:33:59.2890900+03:00"
2026-09-06 19:34:59.301 +03:00 [INF] ServiceManager Heartbeat: DB, Redis, and Services Healthy at "2026-09-06T19:34:59.3010444+03:00"
2026-09-06 19:35:59.306 +03:00 [INF] ServiceManager Heartbeat: DB, Redis, and Services Healthy at "2026-09-06T19:35:59.3063659+03:00"
2026-09-06 19:36:59.325 +03:00 [INF] ServiceManager Heartbeat: DB, Redis, and Services Healthy at "2026-09-06T19:36:59.3259078+03:00"
2026-09-06 19:37:59.332 +03:00 [INF] ServiceManager Heartbeat: DB, Redis, and Services Healthy at "2026-09-06T19:37:59.3324316+03:00"
2026-09-06 19:38:59.346 +03:00 [INF] ServiceManager Heartbeat: DB, Redis, and Services Healthy at "2026-09-06T19:38:59.3468865+03:00"
2026-09-06 19:39:59.359 +03:00 [INF] ServiceManager Heartbeat: DB, Redis, and Services Healthy at "2026-09-06T19:39:59.3590167+03:00"
2026-09-06 19:40:59.375 +03:00 [INF] ServiceManager Heartbeat: DB, Redis, and Services Healthy at "2026-09-06T19:40:59.3759105+03:00"
2026-09-06 19:41:59.393 +03:00 [INF] ServiceManager Heartbeat: DB, Redis, and Services Healthy at "2026-09-06T19:41:59.3937462+03:00"
2026-09-06 19:42:59.397 +03:00 [INF] ServiceManager Heartbeat: DB, Redis, and Services Healthy at "2026-09-06T19:42:59.3972402+03:00"
2026-09-06 19:43:59.406 +03:00 [INF] ServiceManager Heartbeat: DB, Redis, and Services Healthy at "2026-09-06T19:43:59.4066063+03:00"
2026-09-06 19:44:59.424 +03:00 [INF] ServiceManager Heartbeat: DB, Redis, and Services Healthy at "2026-09-06T19:44:59.4240144+03:00"
2026-09-06 19:45:59.435 +03:00 [INF] ServiceManager Heartbeat: DB, Redis, and Services Healthy at "2026-09-06T19:45:59.4352683+03:00"
2026-09-06 19:46:59.444 +03:00 [INF] ServiceManager Heartbeat: DB, Redis, and Services Healthy at "2026-09-06T19:46:59.4443798+03:00"
2026-09-06 19:47:59.452 +03:00 [INF] ServiceManager Heartbeat: DB, Redis, and Services Healthy at "2026-09-06T19:47:59.4527306+03:00"
2026-09-06 19:48:59.457 +03:00 [INF] ServiceManager Heartbeat: DB, Redis, and Services Healthy at "2026-09-06T19:48:59.4576503+03:00"
2026-09-06 19:49:59.471 +03:00 [INF] ServiceManager Heartbeat: DB, Redis, and Services Healthy at "2026-09-06T19:49:59.4718698+03:00"
2026-09-06 19:50:59.487 +03:00 [INF] ServiceManager Heartbeat: DB, Redis, and Services Healthy at "2026-09-06T19:50:59.4870212+03:00"
2026-09-06 19:51:59.493 +03:00 [INF] ServiceManager Heartbeat: DB, Redis, and Services Healthy at "2026-09-06T19:51:59.4932458+03:00"
2026-09-06 19:52:59.509 +03:00 [INF] ServiceManager Heartbeat: DB, Redis, and Services Healthy at "2026-09-06T19:52:59.5097926+03:00"
2026-09-06 19:53:59.513 +03:00 [INF] ServiceManager Heartbeat: DB, Redis, and Services Healthy at "2026-09-06T19:53:59.5138279+03:00"
2026-09-06 19:54:59.528 +03:00 [INF] ServiceManager Heartbeat: DB, Redis, and Services Healthy at "2026-09-06T19:54:59.5287368+03:00"
2026-09-06 19:55:59.539 +03:00 [INF] ServiceManager Heartbeat: DB, Redis, and Services Healthy at "2026-09-06T19:55:59.5397855+03:00"
2026-09-06 19:56:59.553 +03:00 [INF] ServiceManager Heartbeat: DB, Redis, and Services Healthy at "2026-09-06T19:56:59.5531640+03:00"
2026-09-06 19:57:59.568 +03:00 [INF] ServiceManager Heartbeat: DB, Redis, and Services Healthy at "2026-09-06T19:57:59.5681377+03:00"
2026-09-06 19:58:59.582 +03:00 [INF] ServiceManager Heartbeat: DB, Redis, and Services Healthy at "2026-09-06T19:58:59.5825404+03:00"
2026-09-06 19:59:59.589 +03:00 [INF] ServiceManager Heartbeat: DB, Redis, and Services Healthy at "2026-09-06T19:59:59.5895017+03:00"
2026-09-06 20:00:59.593 +03:00 [INF] ServiceManager Heartbeat: DB, Redis, and Services Healthy at "2026-09-06T20:00:59.5939584+03:00"
2026-09-06 20:01:59.608 +03:00 [INF] ServiceManager Heartbeat: DB, Redis, and Services Healthy at "2026-09-06T20:01:59.6088125+03:00"
2026-09-06 20:02:59.621 +03:00 [INF] ServiceManager Heartbeat: DB, Redis, and Services Healthy at "2026-09-06T20:02:59.6210905+03:00"
2026-09-06 20:03:59.627 +03:00 [INF] ServiceManager Heartbeat: DB, Redis, and Services Healthy at "2026-09-06T20:03:59.6277939+03:00"
2026-09-06 20:04:59.644 +03:00 [INF] ServiceManager Heartbeat: DB, Redis, and Services Healthy at "2026-09-06T20:04:59.6442773+03:00"
2026-09-06 20:05:59.649 +03:00 [INF] ServiceManager Heartbeat: DB, Redis, and Services Healthy at "2026-09-06T20:05:59.6493550+03:00"
2026-09-06 20:06:59.667 +03:00 [INF] ServiceManager Heartbeat: DB, Redis, and Services Healthy at "2026-09-06T20:06:59.6674608+03:00"
2026-09-06 20:07:59.675 +03:00 [INF] ServiceManager Heartbeat: DB, Redis, and Services Healthy at "2026-09-06T20:07:59.6754143+03:00"
2026-09-06 20:08:59.680 +03:00 [INF] ServiceManager Heartbeat: DB, Redis, and Services Healthy at "2026-09-06T20:08:59.6808004+03:00"
2026-09-06 20:09:59.683 +03:00 [INF] ServiceManager Heartbeat: DB, Redis, and Services Healthy at "2026-09-06T20:09:59.6832294+03:00"
2026-09-06 20:10:59.693 +03:00 [INF] ServiceManager Heartbeat: DB, Redis, and Services Healthy at "2026-09-06T20:10:59.6930451+03:00"
2026-09-06 20:11:59.708 +03:00 [INF] ServiceManager Heartbeat: DB, Redis, and Services Healthy at "2026-09-06T20:11:59.7084646+03:00"
2026-09-06 20:12:59.728 +03:00 [INF] ServiceManager Heartbeat: DB, Redis, and Services Healthy at "2026-09-06T20:12:59.7279966+03:00"
2026-09-06 20:13:59.740 +03:00 [INF] ServiceManager Heartbeat: DB, Redis, and Services Healthy at "2026-09-06T20:13:59.7401603+03:00"
2026-09-06 20:14:59.751 +03:00 [INF] ServiceManager Heartbeat: DB, Redis, and Services Healthy at "2026-09-06T20:14:59.7510429+03:00"
2026-09-06 20:15:59.764 +03:00 [INF] ServiceManager Heartbeat: DB, Redis, and Services Healthy at "2026-09-06T20:15:59.7641333+03:00"
2026-09-06 20:16:59.780 +03:00 [INF] ServiceManager Heartbeat: DB, Redis, and Services Healthy at "2026-09-06T20:16:59.7806505+03:00"
2026-09-06 20:17:59.788 +03:00 [INF] ServiceManager Heartbeat: DB, Redis, and Services Healthy at "2026-09-06T20:17:59.7889286+03:00"
2026-09-06 20:18:59.801 +03:00 [INF] ServiceManager Heartbeat: DB, Redis, and Services Healthy at "2026-09-06T20:18:59.8014866+03:00"
2026-09-06 20:19:59.803 +03:00 [INF] ServiceManager Heartbeat: DB, Redis, and Services Healthy at "2026-09-06T20:19:59.8039138+03:00"
2026-09-06 20:20:59.817 +03:00 [INF] ServiceManager Heartbeat: DB, Redis, and Services Healthy at "2026-09-06T20:20:59.8176659+03:00"
2026-09-06 20:21:59.823 +03:00 [INF] ServiceManager Heartbeat: DB, Redis, and Services Healthy at "2026-09-06T20:21:59.8235625+03:00"
2026-09-06 20:22:59.825 +03:00 [INF] ServiceManager Heartbeat: DB, Redis, and Services Healthy at "2026-09-06T20:22:59.8256283+03:00"
2026-09-06 20:23:59.840 +03:00 [INF] ServiceManager Heartbeat: DB, Redis, and Services Healthy at "2026-09-06T20:23:59.8406207+03:00"
2026-09-06 20:24:59.845 +03:00 [INF] ServiceManager Heartbeat: DB, Redis, and Services Healthy at "2026-09-06T20:24:59.8459773+03:00"
2026-09-06 20:25:59.849 +03:00 [INF] ServiceManager Heartbeat: DB, Redis, and Services Healthy at "2026-09-06T20:25:59.8495464+03:00"
2026-09-06 20:26:59.855 +03:00 [INF] ServiceManager Heartbeat: DB, Redis, and Services Healthy at "2026-09-06T20:26:59.8550338+03:00"
2026-09-06 20:27:59.859 +03:00 [INF] ServiceManager Heartbeat: DB, Redis, and Services Healthy at "2026-09-06T20:27:59.8589411+03:00"
2026-09-06 20:28:59.879 +03:00 [INF] ServiceManager Heartbeat: DB, Redis, and Services Healthy at "2026-09-06T20:28:59.8792839+03:00"
2026-09-06 20:29:59.880 +03:00 [INF] ServiceManager Heartbeat: DB, Redis, and Services Healthy at "2026-09-06T20:29:59.8807814+03:00"
2026-09-06 20:30:59.888 +03:00 [INF] ServiceManager Heartbeat: DB, Redis, and Services Healthy at "2026-09-06T20:30:59.8883629+03:00"
2026-09-06 20:31:59.890 +03:00 [INF] ServiceManager Heartbeat: DB, Redis, and Services Healthy at "2026-09-06T20:31:59.8909298+03:00"
2026-09-06 20:32:59.896 +03:00 [INF] ServiceManager Heartbeat: DB, Redis, and Services Healthy at "2026-09-06T20:32:59.8964411+03:00"
2026-09-06 20:33:59.901 +03:00 [INF] ServiceManager Heartbeat: DB, Redis, and Services Healthy at "2026-09-06T20:33:59.9013046+03:00"
2026-09-06 20:34:59.902 +03:00 [INF] ServiceManager Heartbeat: DB, Redis, and Services Healthy at "2026-09-06T20:34:59.9021759+03:00"
2026-09-06 20:35:59.914 +03:00 [INF] ServiceManager Heartbeat: DB, Redis, and Services Healthy at "2026-09-06T20:35:59.9144670+03:00"
2026-09-06 20:36:59.929 +03:00 [INF] ServiceManager Heartbeat: DB, Redis, and Services Healthy at "2026-09-06T20:36:59.9296476+03:00"
2026-09-06 20:37:59.935 +03:00 [INF] ServiceManager Heartbeat: DB, Redis, and Services Healthy at "2026-09-06T20:37:59.9351340+03:00"
2026-09-06 20:38:59.951 +03:00 [INF] ServiceManager Heartbeat: DB, Redis, and Services Healthy at "2026-09-06T20:38:59.9510809+03:00"
2026-09-06 20:39:59.960 +03:00 [INF] ServiceManager Heartbeat: DB, Redis, and Services Healthy at "2026-09-06T20:39:59.9604467+03:00"
2026-09-06 20:40:59.963 +03:00 [INF] ServiceManager Heartbeat: DB, Redis, and Services Healthy at "2026-09-06T20:40:59.9639729+03:00"
2026-09-06 20:41:59.973 +03:00 [INF] ServiceManager Heartbeat: DB, Redis, and Services Healthy at "2026-09-06T20:41:59.9736082+03:00"
2026-09-06 20:42:59.977 +03:00 [INF] ServiceManager Heartbeat: DB, Redis, and Services Healthy at "2026-09-06T20:42:59.9770320+03:00"
2026-09-06 20:43:59.991 +03:00 [INF] ServiceManager Heartbeat: DB, Redis, and Services Healthy at "2026-09-06T20:43:59.9910730+03:00"
2026-09-06 20:45:00.005 +03:00 [INF] ServiceManager Heartbeat: DB, Redis, and Services Healthy at "2026-09-06T20:45:00.0049189+03:00"
2026-09-06 20:46:00.014 +03:00 [INF] ServiceManager Heartbeat: DB, Redis, and Services Healthy at "2026-09-06T20:46:00.0149622+03:00"
2026-09-06 20:47:00.020 +03:00 [INF] ServiceManager Heartbeat: DB, Redis, and Services Healthy at "2026-09-06T20:47:00.0205826+03:00"
2026-09-06 20:48:00.024 +03:00 [INF] ServiceManager Heartbeat: DB, Redis, and Services Healthy at "2026-09-06T20:48:00.0247181+03:00"
2026-09-06 20:49:00.031 +03:00 [INF] ServiceManager Heartbeat: DB, Redis, and Services Healthy at "2026-09-06T20:49:00.0313591+03:00"
2026-09-06 20:50:00.041 +03:00 [INF] ServiceManager Heartbeat: DB, Redis, and Services Healthy at "2026-09-06T20:50:00.0415600+03:00"
2026-09-06 20:51:00.052 +03:00 [INF] ServiceManager Heartbeat: DB, Redis, and Services Healthy at "2026-09-06T20:51:00.0527028+03:00"
2026-09-06 20:52:00.056 +03:00 [INF] ServiceManager Heartbeat: DB, Redis, and Services Healthy at "2026-09-06T20:52:00.0563999+03:00"
2026-09-06 20:53:00.056 +03:00 [INF] ServiceManager Heartbeat: DB, Redis, and Services Healthy at "2026-09-06T20:53:00.0568099+03:00"
2026-09-06 20:54:00.063 +03:00 [INF] ServiceManager Heartbeat: DB, Redis, and Services Healthy at "2026-09-06T20:54:00.0634204+03:00"
2026-09-06 20:55:00.079 +03:00 [INF] ServiceManager Heartbeat: DB, Redis, and Services Healthy at "2026-09-06T20:55:00.0796489+03:00"
2026-09-06 20:56:00.097 +03:00 [INF] ServiceManager Heartbeat: DB, Redis, and Services Healthy at "2026-09-06T20:56:00.0975179+03:00"
2026-09-06 20:57:00.218 +03:00 [INF] ServiceManager Heartbeat: DB, Redis, and Services Healthy at "2026-09-06T20:57:00.2184911+03:00"
2026-09-06 20:58:00.223 +03:00 [INF] ServiceManager Heartbeat: DB, Redis, and Services Healthy at "2026-09-06T20:58:00.2236300+03:00"
2026-09-06 20:59:00.231 +03:00 [INF] ServiceManager Heartbeat: DB, Redis, and Services Healthy at "2026-09-06T20:59:00.2318343+03:00"
2026-09-06 21:00:00.241 +03:00 [INF] ServiceManager Heartbeat: DB, Redis, and Services Healthy at "2026-09-06T21:00:00.2418003+03:00"
2026-09-06 21:01:00.249 +03:00 [INF] ServiceManager Heartbeat: DB, Redis, and Services Healthy at "2026-09-06T21:01:00.2495930+03:00"
2026-09-06 21:02:00.261 +03:00 [INF] ServiceManager Heartbeat: DB, Redis, and Services Healthy at "2026-09-06T21:02:00.2615254+03:00"
2026-09-06 21:03:00.272 +03:00 [INF] ServiceManager Heartbeat: DB, Redis, and Services Healthy at "2026-09-06T21:03:00.2723741+03:00"
2026-09-06 21:04:00.275 +03:00 [INF] ServiceManager Heartbeat: DB, Redis, and Services Healthy at "2026-09-06T21:04:00.2758708+03:00"
2026-09-06 21:05:00.278 +03:00 [INF] ServiceManager Heartbeat: DB, Redis, and Services Healthy at "2026-09-06T21:05:00.2786759+03:00"
2026-09-06 21:06:00.290 +03:00 [INF] ServiceManager Heartbeat: DB, Redis, and Services Healthy at "2026-09-06T21:06:00.2904869+03:00"
2026-09-06 21:07:00.301 +03:00 [INF] ServiceManager Heartbeat: DB, Redis, and Services Healthy at "2026-09-06T21:07:00.3012998+03:00"
2026-09-06 21:08:00.303 +03:00 [INF] ServiceManager Heartbeat: DB, Redis, and Services Healthy at "2026-09-06T21:08:00.3030081+03:00"
2026-09-06 21:09:00.313 +03:00 [INF] ServiceManager Heartbeat: DB, Redis, and Services Healthy at "2026-09-06T21:09:00.3135545+03:00"
2026-09-06 21:10:00.326 +03:00 [INF] ServiceManager Heartbeat: DB, Redis, and Services Healthy at "2026-09-06T21:10:00.3261606+03:00"
2026-09-06 21:11:00.342 +03:00 [INF] ServiceManager Heartbeat: DB, Redis, and Services Healthy at "2026-09-06T21:11:00.3421839+03:00"
2026-09-06 21:12:00.361 +03:00 [INF] ServiceManager Heartbeat: DB, Redis, and Services Healthy at "2026-09-06T21:12:00.3614362+03:00"
2026-09-06 21:13:00.375 +03:00 [INF] ServiceManager Heartbeat: DB, Redis, and Services Healthy at "2026-09-06T21:13:00.3751805+03:00"
2026-09-06 21:14:00.383 +03:00 [INF] ServiceManager Heartbeat: DB, Redis, and Services Healthy at "2026-09-06T21:14:00.3831953+03:00"
2026-09-06 21:15:00.394 +03:00 [INF] ServiceManager Heartbeat: DB, Redis, and Services Healthy at "2026-09-06T21:15:00.3948663+03:00"
2026-09-06 21:16:00.400 +03:00 [INF] ServiceManager Heartbeat: DB, Redis, and Services Healthy at "2026-09-06T21:16:00.4009256+03:00"
2026-09-06 21:17:00.402 +03:00 [INF] ServiceManager Heartbeat: DB, Redis, and Services Healthy at "2026-09-06T21:17:00.4026020+03:00"
2026-09-06 21:18:00.415 +03:00 [INF] ServiceManager Heartbeat: DB, Redis, and Services Healthy at "2026-09-06T21:18:00.4153957+03:00"
2026-09-06 21:19:00.429 +03:00 [INF] ServiceManager Heartbeat: DB, Redis, and Services Healthy at "2026-09-06T21:19:00.4292755+03:00"
2026-09-06 21:20:00.432 +03:00 [INF] ServiceManager Heartbeat: DB, Redis, and Services Healthy at "2026-09-06T21:20:00.4321947+03:00"
2026-09-06 21:21:00.439 +03:00 [INF] ServiceManager Heartbeat: DB, Redis, and Services Healthy at "2026-09-06T21:21:00.4396332+03:00"
2026-09-06 21:22:00.446 +03:00 [INF] ServiceManager Heartbeat: DB, Redis, and Services Healthy at "2026-09-06T21:22:00.4462256+03:00"
2026-09-06 21:23:00.460 +03:00 [INF] ServiceManager Heartbeat: DB, Redis, and Services Healthy at "2026-09-06T21:23:00.4604772+03:00"
2026-09-06 21:24:00.464 +03:00 [INF] ServiceManager Heartbeat: DB, Redis, and Services Healthy at "2026-09-06T21:24:00.4645998+03:00"
2026-09-06 21:25:00.467 +03:00 [INF] ServiceManager Heartbeat: DB, Redis, and Services Healthy at "2026-09-06T21:25:00.4677841+03:00"
2026-09-06 21:26:00.481 +03:00 [INF] ServiceManager Heartbeat: DB, Redis, and Services Healthy at "2026-09-06T21:26:00.4814601+03:00"
2026-09-06 21:27:00.499 +03:00 [INF] ServiceManager Heartbeat: DB, Redis, and Services Healthy at "2026-09-06T21:27:00.4991697+03:00"
2026-09-06 21:28:00.509 +03:00 [INF] ServiceManager Heartbeat: DB, Redis, and Services Healthy at "2026-09-06T21:28:00.5096149+03:00"
2026-09-06 21:29:00.524 +03:00 [INF] ServiceManager Heartbeat: DB, Redis, and Services Healthy at "2026-09-06T21:29:00.5245329+03:00"
2026-09-06 21:30:00.543 +03:00 [INF] ServiceManager Heartbeat: DB, Redis, and Services Healthy at "2026-09-06T21:30:00.5435823+03:00"
2026-09-06 21:31:00.562 +03:00 [INF] ServiceManager Heartbeat: DB, Redis, and Services Healthy at "2026-09-06T21:31:00.5620856+03:00"
2026-09-06 21:32:00.567 +03:00 [INF] ServiceManager Heartbeat: DB, Redis, and Services Healthy at "2026-09-06T21:32:00.5679103+03:00"
2026-09-06 21:33:00.578 +03:00 [INF] ServiceManager Heartbeat: DB, Redis, and Services Healthy at "2026-09-06T21:33:00.5780235+03:00"
2026-09-06 21:34:00.594 +03:00 [INF] ServiceManager Heartbeat: DB, Redis, and Services Healthy at "2026-09-06T21:34:00.5943142+03:00"
2026-09-06 21:35:00.606 +03:00 [INF] ServiceManager Heartbeat: DB, Redis, and Services Healthy at "2026-09-06T21:35:00.6062652+03:00"
2026-09-06 21:36:00.615 +03:00 [INF] ServiceManager Heartbeat: DB, Redis, and Services Healthy at "2026-09-06T21:36:00.6159649+03:00"
2026-09-06 21:37:00.620 +03:00 [INF] ServiceManager Heartbeat: DB, Redis, and Services Healthy at "2026-09-06T21:37:00.6203357+03:00"
2026-09-06 21:38:00.623 +03:00 [INF] ServiceManager Heartbeat: DB, Redis, and Services Healthy at "2026-09-06T21:38:00.6230600+03:00"
2026-09-06 21:39:00.635 +03:00 [INF] ServiceManager Heartbeat: DB, Redis, and Services Healthy at "2026-09-06T21:39:00.6358800+03:00"
2026-09-06 21:40:00.643 +03:00 [INF] ServiceManager Heartbeat: DB, Redis, and Services Healthy at "2026-09-06T21:40:00.6436071+03:00"
2026-09-06 21:41:00.652 +03:00 [INF] ServiceManager Heartbeat: DB, Redis, and Services Healthy at "2026-09-06T21:41:00.6529763+03:00"
2026-09-06 21:42:00.661 +03:00 [INF] ServiceManager Heartbeat: DB, Redis, and Services Healthy at "2026-09-06T21:42:00.6610017+03:00"
2026-09-06 21:43:00.671 +03:00 [INF] ServiceManager Heartbeat: DB, Redis, and Services Healthy at "2026-09-06T21:43:00.6711545+03:00"
2026-09-06 21:44:00.680 +03:00 [INF] ServiceManager Heartbeat: DB, Redis, and Services Healthy at "2026-09-06T21:44:00.6800937+03:00"
2026-09-06 21:45:00.696 +03:00 [INF] ServiceManager Heartbeat: DB, Redis, and Services Healthy at "2026-09-06T21:45:00.6966306+03:00"
2026-09-06 21:46:00.711 +03:00 [INF] ServiceManager Heartbeat: DB, Redis, and Services Healthy at "2026-09-06T21:46:00.7111813+03:00"
2026-09-06 21:47:00.716 +03:00 [INF] ServiceManager Heartbeat: DB, Redis, and Services Healthy at "2026-09-06T21:47:00.7163451+03:00"
2026-09-06 21:48:00.727 +03:00 [INF] ServiceManager Heartbeat: DB, Redis, and Services Healthy at "2026-09-06T21:48:00.7271839+03:00"
2026-09-06 21:49:00.738 +03:00 [INF] ServiceManager Heartbeat: DB, Redis, and Services Healthy at "2026-09-06T21:49:00.7387167+03:00"
2026-09-06 21:50:00.744 +03:00 [INF] ServiceManager Heartbeat: DB, Redis, and Services Healthy at "2026-09-06T21:50:00.7443113+03:00"
2026-09-06 21:51:00.754 +03:00 [INF] ServiceManager Heartbeat: DB, Redis, and Services Healthy at "2026-09-06T21:51:00.7546880+03:00"
2026-09-06 21:52:00.769 +03:00 [INF] ServiceManager Heartbeat: DB, Redis, and Services Healthy at "2026-09-06T21:52:00.7696552+03:00"
2026-09-06 21:53:00.784 +03:00 [INF] ServiceManager Heartbeat: DB, Redis, and Services Healthy at "2026-09-06T21:53:00.7847332+03:00"
2026-09-06 21:54:00.795 +03:00 [INF] ServiceManager Heartbeat: DB, Redis, and Services Healthy at "2026-09-06T21:54:00.7953727+03:00"
2026-09-06 21:55:00.811 +03:00 [INF] ServiceManager Heartbeat: DB, Redis, and Services Healthy at "2026-09-06T21:55:00.8114539+03:00"
2026-09-06 21:56:00.815 +03:00 [INF] ServiceManager Heartbeat: DB, Redis, and Services Healthy at "2026-09-06T21:56:00.8151663+03:00"
2026-09-06 21:57:00.823 +03:00 [INF] ServiceManager Heartbeat: DB, Redis, and Services Healthy at "2026-09-06T21:57:00.8238351+03:00"
2026-09-06 21:58:00.836 +03:00 [INF] ServiceManager Heartbeat: DB, Redis, and Services Healthy at "2026-09-06T21:58:00.8362108+03:00"
2026-09-06 21:59:00.841 +03:00 [INF] ServiceManager Heartbeat: DB, Redis, and Services Healthy at "2026-09-06T21:59:00.8410644+03:00"
2026-09-06 22:00:00.848 +03:00 [INF] ServiceManager Heartbeat: DB, Redis, and Services Healthy at "2026-09-06T22:00:00.8489563+03:00"
2026-09-06 22:01:00.858 +03:00 [INF] ServiceManager Heartbeat: DB, Redis, and Services Healthy at "2026-09-06T22:01:00.8580681+03:00"
2026-09-06 22:02:00.876 +03:00 [INF] ServiceManager Heartbeat: DB, Redis, and Services Healthy at "2026-09-06T22:02:00.8764009+03:00"
2026-09-06 22:03:00.888 +03:00 [INF] ServiceManager Heartbeat: DB, Redis, and Services Healthy at "2026-09-06T22:03:00.8887401+03:00"
2026-09-06 22:04:00.900 +03:00 [INF] ServiceManager Heartbeat: DB, Redis, and Services Healthy at "2026-09-06T22:04:00.9009593+03:00"
2026-09-06 22:05:00.916 +03:00 [INF] ServiceManager Heartbeat: DB, Redis, and Services Healthy at "2026-09-06T22:05:00.9160186+03:00"
2026-09-06 22:06:00.919 +03:00 [INF] ServiceManager Heartbeat: DB, Redis, and Services Healthy at "2026-09-06T22:06:00.9190181+03:00"
2026-09-06 22:07:00.930 +03:00 [INF] ServiceManager Heartbeat: DB, Redis, and Services Healthy at "2026-09-06T22:07:00.9302168+03:00"
2026-09-06 22:08:00.936 +03:00 [INF] ServiceManager Heartbeat: DB, Redis, and Services Healthy at "2026-09-06T22:08:00.9366458+03:00"
2026-09-06 22:09:00.953 +03:00 [INF] ServiceManager Heartbeat: DB, Redis, and Services Healthy at "2026-09-06T22:09:00.9538679+03:00"
2026-09-06 22:10:00.956 +03:00 [INF] ServiceManager Heartbeat: DB, Redis, and Services Healthy at "2026-09-06T22:10:00.9562358+03:00"
2026-09-06 22:11:00.962 +03:00 [INF] ServiceManager Heartbeat: DB, Redis, and Services Healthy at "2026-09-06T22:11:00.9628687+03:00"
2026-09-06 22:12:00.980 +03:00 [INF] ServiceManager Heartbeat: DB, Redis, and Services Healthy at "2026-09-06T22:12:00.9802282+03:00"
2026-09-06 22:13:00.987 +03:00 [INF] ServiceManager Heartbeat: DB, Redis, and Services Healthy at "2026-09-06T22:13:00.9870315+03:00"
2026-09-06 22:14:00.993 +03:00 [INF] ServiceManager Heartbeat: DB, Redis, and Services Healthy at "2026-09-06T22:14:00.9934862+03:00"
2026-09-06 22:15:01.008 +03:00 [INF] ServiceManager Heartbeat: DB, Redis, and Services Healthy at "2026-09-06T22:15:01.0084428+03:00"
2026-09-06 22:16:01.026 +03:00 [INF] ServiceManager Heartbeat: DB, Redis, and Services Healthy at "2026-09-06T22:16:01.0263246+03:00"
2026-09-06 22:17:01.043 +03:00 [INF] ServiceManager Heartbeat: DB, Redis, and Services Healthy at "2026-09-06T22:17:01.0433100+03:00"
2026-09-06 22:18:01.054 +03:00 [INF] ServiceManager Heartbeat: DB, Redis, and Services Healthy at "2026-09-06T22:18:01.0543321+03:00"
2026-09-06 22:19:01.063 +03:00 [INF] ServiceManager Heartbeat: DB, Redis, and Services Healthy at "2026-09-06T22:19:01.0635290+03:00"
2026-09-06 22:20:01.078 +03:00 [INF] ServiceManager Heartbeat: DB, Redis, and Services Healthy at "2026-09-06T22:20:01.0784044+03:00"
2026-09-06 22:20:48.623 +03:00 [INF] Application is shutting down...
2026-09-06 22:20:48.651 +03:00 [ERR] LabInstrumentListenerWorker error
System.Threading.Tasks.TaskCanceledException: A task was canceled.
   at CMS.ServiceManager.Workers.LabInstrumentListenerWorker.ExecuteAsync(CancellationToken stoppingToken) in C:\Users\ASUS\source\repos\CMS\src\CMS.ServiceManager\Workers\Workers.cs:line 81
