2026-08-31 16:44:32.383 +03:00 [INF] ServiceManager Heartbeat: DB, Redis, and Services Healthy at "2026-08-31T16:44:32.3227633+03:00"
2026-08-31 16:44:32.502 +03:00 [INF] Starting LabInstrumentListenerWorker TCP listener on Port 2575 (HL7)...
2026-08-31 16:44:32.517 +03:00 [INF] Application started. Press Ctrl+C to shut down.
2026-08-31 16:44:32.519 +03:00 [INF] Hosting environment: Development
2026-08-31 16:44:32.521 +03:00 [INF] Content root path: C:\Users\ASUS\source\repos\CMS\src\CMS.ServiceManager
2026-08-31 16:45:32.503 +03:00 [INF] ServiceManager Heartbeat: DB, Redis, and Services Healthy at "2026-08-31T16:45:32.5026410+03:00"
2026-08-31 16:46:32.511 +03:00 [INF] ServiceManager Heartbeat: DB, Redis, and Services Healthy at "2026-08-31T16:46:32.5105897+03:00"
2026-08-31 16:47:32.571 +03:00 [INF] ServiceManager Heartbeat: DB, Redis, and Services Healthy at "2026-08-31T16:47:32.5712722+03:00"
2026-08-31 16:48:32.579 +03:00 [INF] ServiceManager Heartbeat: DB, Redis, and Services Healthy at "2026-08-31T16:48:32.5786844+03:00"
2026-08-31 16:49:32.596 +03:00 [INF] ServiceManager Heartbeat: DB, Redis, and Services Healthy at "2026-08-31T16:49:32.5960066+03:00"
2026-08-31 16:50:32.619 +03:00 [INF] ServiceManager Heartbeat: DB, Redis, and Services Healthy at "2026-08-31T16:50:32.6196629+03:00"
2026-08-31 21:35:33.032 +03:00 [INF] Received raw HL7 message from lab analyzer!
2026-08-31 21:35:33.035 +03:00 [INF] Parsing HL7 ORU_R01 message
2026-08-31 21:35:33.039 +03:00 [ERR] HL7 ORU parsing error
NHapi.Base.Parser.EncodingNotSupportedException: Determine encoding for message. The following is the first 50 chars of the message for reference, although this may not be where the issue is: GET / HTTP/1.1
Host: localhost:2575
Connection: 
   at NHapi.Base.Parser.ParserBase.Parse(String message, ParserOptions parserOptions)
   at NHapi.Base.Parser.ParserBase.Parse(String message)
   at CMS.Infrastructure.LabIntegration.Hl7Adapter.ParseOruMessageAsync(String hl7RawMessage) in C:\Users\ASUS\source\repos\CMS\src\CMS.Infrastructure\LabIntegration\LabAdapters.cs:line 25
2026-08-31 21:35:34.100 +03:00 [INF] Received raw HL7 message from lab analyzer!
2026-08-31 21:35:34.102 +03:00 [INF] Parsing HL7 ORU_R01 message
2026-08-31 21:35:34.104 +03:00 [ERR] HL7 ORU parsing error
NHapi.Base.Parser.EncodingNotSupportedException: Determine encoding for message. The following is the first 50 chars of the message for reference, although this may not be where the issue is: GET / HTTP/1.1
Host: localhost:2575
Connection: 
   at NHapi.Base.Parser.ParserBase.Parse(String message, ParserOptions parserOptions)
   at NHapi.Base.Parser.ParserBase.Parse(String message)
   at CMS.Infrastructure.LabIntegration.Hl7Adapter.ParseOruMessageAsync(String hl7RawMessage) in C:\Users\ASUS\source\repos\CMS\src\CMS.Infrastructure\LabIntegration\LabAdapters.cs:line 25
2026-08-31 21:35:34.611 +03:00 [INF] Received raw HL7 message from lab analyzer!
2026-08-31 21:35:34.612 +03:00 [INF] Parsing HL7 ORU_R01 message
2026-08-31 21:35:34.613 +03:00 [ERR] HL7 ORU parsing error
NHapi.Base.Parser.EncodingNotSupportedException: Determine encoding for message. The following is the first 50 chars of the message for reference, although this may not be where the issue is: GET / HTTP/1.1
Host: localhost:2575
Connection: 
   at NHapi.Base.Parser.ParserBase.Parse(String message, ParserOptions parserOptions)
   at NHapi.Base.Parser.ParserBase.Parse(String message)
   at CMS.Infrastructure.LabIntegration.Hl7Adapter.ParseOruMessageAsync(String hl7RawMessage) in C:\Users\ASUS\source\repos\CMS\src\CMS.Infrastructure\LabIntegration\LabAdapters.cs:line 25
2026-08-31 21:35:35.126 +03:00 [INF] Received raw HL7 message from lab analyzer!
2026-08-31 21:35:35.128 +03:00 [INF] Parsing HL7 ORU_R01 message
2026-08-31 21:35:35.130 +03:00 [ERR] HL7 ORU parsing error
NHapi.Base.Parser.EncodingNotSupportedException: Determine encoding for message. The following is the first 50 chars of the message for reference, although this may not be where the issue is: GET / HTTP/1.1
Host: localhost:2575
Connection: 
   at NHapi.Base.Parser.ParserBase.Parse(String message, ParserOptions parserOptions)
   at NHapi.Base.Parser.ParserBase.Parse(String message)
   at CMS.Infrastructure.LabIntegration.Hl7Adapter.ParseOruMessageAsync(String hl7RawMessage) in C:\Users\ASUS\source\repos\CMS\src\CMS.Infrastructure\LabIntegration\LabAdapters.cs:line 25
2026-08-31 21:35:45.546 +03:00 [INF] ServiceManager Heartbeat: DB, Redis, and Services Healthy at "2026-08-31T21:35:45.5465796+03:00"
2026-08-31 21:36:45.635 +03:00 [INF] ServiceManager Heartbeat: DB, Redis, and Services Healthy at "2026-08-31T21:36:45.6351734+03:00"
2026-08-31 21:37:45.814 +03:00 [INF] ServiceManager Heartbeat: DB, Redis, and Services Healthy at "2026-08-31T21:37:45.8140183+03:00"
2026-08-31 21:38:45.826 +03:00 [INF] ServiceManager Heartbeat: DB, Redis, and Services Healthy at "2026-08-31T21:38:45.8259136+03:00"
2026-08-31 21:39:45.840 +03:00 [INF] ServiceManager Heartbeat: DB, Redis, and Services Healthy at "2026-08-31T21:39:45.8405909+03:00"
2026-08-31 21:40:45.857 +03:00 [INF] ServiceManager Heartbeat: DB, Redis, and Services Healthy at "2026-08-31T21:40:45.8572791+03:00"
2026-08-31 21:41:45.912 +03:00 [INF] ServiceManager Heartbeat: DB, Redis, and Services Healthy at "2026-08-31T21:41:45.9116511+03:00"
2026-08-31 21:42:45.927 +03:00 [INF] ServiceManager Heartbeat: DB, Redis, and Services Healthy at "2026-08-31T21:42:45.9269235+03:00"
2026-08-31 21:43:45.942 +03:00 [INF] ServiceManager Heartbeat: DB, Redis, and Services Healthy at "2026-08-31T21:43:45.9424174+03:00"
2026-08-31 21:44:45.990 +03:00 [INF] ServiceManager Heartbeat: DB, Redis, and Services Healthy at "2026-08-31T21:44:45.9898591+03:00"
2026-08-31 21:45:46.006 +03:00 [INF] ServiceManager Heartbeat: DB, Redis, and Services Healthy at "2026-08-31T21:45:46.0064770+03:00"
2026-08-31 21:46:46.023 +03:00 [INF] ServiceManager Heartbeat: DB, Redis, and Services Healthy at "2026-08-31T21:46:46.0233379+03:00"
2026-08-31 21:47:46.044 +03:00 [INF] ServiceManager Heartbeat: DB, Redis, and Services Healthy at "2026-08-31T21:47:46.0445888+03:00"
2026-08-31 21:48:46.057 +03:00 [INF] ServiceManager Heartbeat: DB, Redis, and Services Healthy at "2026-08-31T21:48:46.0572853+03:00"
2026-08-31 21:49:46.061 +03:00 [INF] ServiceManager Heartbeat: DB, Redis, and Services Healthy at "2026-08-31T21:49:46.0613626+03:00"
2026-08-31 21:50:46.077 +03:00 [INF] ServiceManager Heartbeat: DB, Redis, and Services Healthy at "2026-08-31T21:50:46.0777368+03:00"
2026-08-31 21:51:46.088 +03:00 [INF] ServiceManager Heartbeat: DB, Redis, and Services Healthy at "2026-08-31T21:51:46.0881403+03:00"
2026-08-31 21:52:46.105 +03:00 [INF] ServiceManager Heartbeat: DB, Redis, and Services Healthy at "2026-08-31T21:52:46.1045017+03:00"
2026-08-31 21:53:46.111 +03:00 [INF] ServiceManager Heartbeat: DB, Redis, and Services Healthy at "2026-08-31T21:53:46.1115892+03:00"
2026-08-31 21:54:46.128 +03:00 [INF] ServiceManager Heartbeat: DB, Redis, and Services Healthy at "2026-08-31T21:54:46.1279322+03:00"
2026-08-31 21:55:46.313 +03:00 [INF] ServiceManager Heartbeat: DB, Redis, and Services Healthy at "2026-08-31T21:55:46.3105132+03:00"
2026-08-31 21:56:46.639 +03:00 [INF] ServiceManager Heartbeat: DB, Redis, and Services Healthy at "2026-08-31T21:56:46.6387563+03:00"
2026-08-31 21:57:46.654 +03:00 [INF] ServiceManager Heartbeat: DB, Redis, and Services Healthy at "2026-08-31T21:57:46.6537674+03:00"
2026-08-31 21:58:46.667 +03:00 [INF] ServiceManager Heartbeat: DB, Redis, and Services Healthy at "2026-08-31T21:58:46.6673605+03:00"
2026-08-31 21:59:46.679 +03:00 [INF] ServiceManager Heartbeat: DB, Redis, and Services Healthy at "2026-08-31T21:59:46.6793500+03:00"
2026-08-31 22:00:46.683 +03:00 [INF] ServiceManager Heartbeat: DB, Redis, and Services Healthy at "2026-08-31T22:00:46.6836449+03:00"
2026-08-31 22:01:46.705 +03:00 [INF] ServiceManager Heartbeat: DB, Redis, and Services Healthy at "2026-08-31T22:01:46.7050484+03:00"
2026-08-31 22:02:46.711 +03:00 [INF] ServiceManager Heartbeat: DB, Redis, and Services Healthy at "2026-08-31T22:02:46.7114796+03:00"
2026-08-31 22:03:46.732 +03:00 [INF] ServiceManager Heartbeat: DB, Redis, and Services Healthy at "2026-08-31T22:03:46.7327935+03:00"
2026-08-31 22:04:46.747 +03:00 [INF] ServiceManager Heartbeat: DB, Redis, and Services Healthy at "2026-08-31T22:04:46.7468113+03:00"
2026-08-31 22:05:46.757 +03:00 [INF] ServiceManager Heartbeat: DB, Redis, and Services Healthy at "2026-08-31T22:05:46.7573918+03:00"
2026-08-31 22:06:46.777 +03:00 [INF] ServiceManager Heartbeat: DB, Redis, and Services Healthy at "2026-08-31T22:06:46.7778266+03:00"
2026-08-31 22:07:46.806 +03:00 [INF] ServiceManager Heartbeat: DB, Redis, and Services Healthy at "2026-08-31T22:07:46.8057663+03:00"
2026-08-31 22:08:46.819 +03:00 [INF] ServiceManager Heartbeat: DB, Redis, and Services Healthy at "2026-08-31T22:08:46.8196450+03:00"
2026-08-31 22:09:46.832 +03:00 [INF] ServiceManager Heartbeat: DB, Redis, and Services Healthy at "2026-08-31T22:09:46.8320302+03:00"
2026-08-31 22:10:46.850 +03:00 [INF] ServiceManager Heartbeat: DB, Redis, and Services Healthy at "2026-08-31T22:10:46.8499536+03:00"
2026-08-31 22:11:46.853 +03:00 [INF] ServiceManager Heartbeat: DB, Redis, and Services Healthy at "2026-08-31T22:11:46.8535234+03:00"
2026-08-31 22:12:46.865 +03:00 [INF] ServiceManager Heartbeat: DB, Redis, and Services Healthy at "2026-08-31T22:12:46.8656423+03:00"
2026-08-31 22:13:46.874 +03:00 [INF] ServiceManager Heartbeat: DB, Redis, and Services Healthy at "2026-08-31T22:13:46.8746126+03:00"
2026-08-31 22:14:46.896 +03:00 [INF] ServiceManager Heartbeat: DB, Redis, and Services Healthy at "2026-08-31T22:14:46.8960804+03:00"
2026-08-31 22:15:46.901 +03:00 [INF] ServiceManager Heartbeat: DB, Redis, and Services Healthy at "2026-08-31T22:15:46.9013856+03:00"
2026-08-31 22:16:46.913 +03:00 [INF] ServiceManager Heartbeat: DB, Redis, and Services Healthy at "2026-08-31T22:16:46.9129985+03:00"
2026-08-31 22:17:46.931 +03:00 [INF] ServiceManager Heartbeat: DB, Redis, and Services Healthy at "2026-08-31T22:17:46.9315290+03:00"
2026-08-31 22:18:46.934 +03:00 [INF] ServiceManager Heartbeat: DB, Redis, and Services Healthy at "2026-08-31T22:18:46.9347091+03:00"
2026-08-31 22:19:46.948 +03:00 [INF] ServiceManager Heartbeat: DB, Redis, and Services Healthy at "2026-08-31T22:19:46.9488546+03:00"
2026-08-31 22:20:46.963 +03:00 [INF] ServiceManager Heartbeat: DB, Redis, and Services Healthy at "2026-08-31T22:20:46.9629418+03:00"
2026-08-31 22:21:46.983 +03:00 [INF] ServiceManager Heartbeat: DB, Redis, and Services Healthy at "2026-08-31T22:21:46.9836740+03:00"
2026-08-31 22:22:46.998 +03:00 [INF] ServiceManager Heartbeat: DB, Redis, and Services Healthy at "2026-08-31T22:22:46.9982359+03:00"
2026-08-31 22:23:47.010 +03:00 [INF] ServiceManager Heartbeat: DB, Redis, and Services Healthy at "2026-08-31T22:23:47.0106200+03:00"
2026-08-31 22:24:47.043 +03:00 [INF] ServiceManager Heartbeat: DB, Redis, and Services Healthy at "2026-08-31T22:24:47.0435577+03:00"
2026-08-31 22:25:47.057 +03:00 [INF] ServiceManager Heartbeat: DB, Redis, and Services Healthy at "2026-08-31T22:25:47.0577439+03:00"
2026-08-31 22:26:47.073 +03:00 [INF] ServiceManager Heartbeat: DB, Redis, and Services Healthy at "2026-08-31T22:26:47.0731200+03:00"
2026-08-31 22:27:47.081 +03:00 [INF] ServiceManager Heartbeat: DB, Redis, and Services Healthy at "2026-08-31T22:27:47.0813788+03:00"
2026-08-31 22:28:47.097 +03:00 [INF] ServiceManager Heartbeat: DB, Redis, and Services Healthy at "2026-08-31T22:28:47.0975653+03:00"
2026-08-31 22:29:47.118 +03:00 [INF] ServiceManager Heartbeat: DB, Redis, and Services Healthy at "2026-08-31T22:29:47.1182788+03:00"
2026-08-31 22:30:47.140 +03:00 [INF] ServiceManager Heartbeat: DB, Redis, and Services Healthy at "2026-08-31T22:30:47.1409211+03:00"
2026-08-31 22:31:47.195 +03:00 [INF] ServiceManager Heartbeat: DB, Redis, and Services Healthy at "2026-08-31T22:31:47.1928845+03:00"
2026-08-31 22:32:47.244 +03:00 [INF] ServiceManager Heartbeat: DB, Redis, and Services Healthy at "2026-08-31T22:32:47.2448696+03:00"
2026-08-31 22:33:47.258 +03:00 [INF] ServiceManager Heartbeat: DB, Redis, and Services Healthy at "2026-08-31T22:33:47.2584020+03:00"
2026-08-31 22:34:47.274 +03:00 [INF] ServiceManager Heartbeat: DB, Redis, and Services Healthy at "2026-08-31T22:34:47.2743018+03:00"
2026-08-31 22:35:47.401 +03:00 [INF] ServiceManager Heartbeat: DB, Redis, and Services Healthy at "2026-08-31T22:35:47.4015007+03:00"
2026-08-31 22:36:47.764 +03:00 [INF] ServiceManager Heartbeat: DB, Redis, and Services Healthy at "2026-08-31T22:36:47.7644647+03:00"
2026-08-31 22:37:47.773 +03:00 [INF] ServiceManager Heartbeat: DB, Redis, and Services Healthy at "2026-08-31T22:37:47.7735897+03:00"
2026-08-31 22:38:47.792 +03:00 [INF] ServiceManager Heartbeat: DB, Redis, and Services Healthy at "2026-08-31T22:38:47.7922165+03:00"
2026-08-31 22:39:47.804 +03:00 [INF] ServiceManager Heartbeat: DB, Redis, and Services Healthy at "2026-08-31T22:39:47.8039481+03:00"
2026-08-31 22:40:47.821 +03:00 [INF] ServiceManager Heartbeat: DB, Redis, and Services Healthy at "2026-08-31T22:40:47.8216691+03:00"
2026-08-31 22:41:47.829 +03:00 [INF] ServiceManager Heartbeat: DB, Redis, and Services Healthy at "2026-08-31T22:41:47.8295121+03:00"
2026-08-31 22:42:47.851 +03:00 [INF] ServiceManager Heartbeat: DB, Redis, and Services Healthy at "2026-08-31T22:42:47.8514070+03:00"
2026-08-31 22:43:47.865 +03:00 [INF] ServiceManager Heartbeat: DB, Redis, and Services Healthy at "2026-08-31T22:43:47.8651361+03:00"
2026-08-31 22:44:47.871 +03:00 [INF] ServiceManager Heartbeat: DB, Redis, and Services Healthy at "2026-08-31T22:44:47.8713292+03:00"
2026-08-31 22:45:47.885 +03:00 [INF] ServiceManager Heartbeat: DB, Redis, and Services Healthy at "2026-08-31T22:45:47.8853967+03:00"
2026-08-31 22:46:47.906 +03:00 [INF] ServiceManager Heartbeat: DB, Redis, and Services Healthy at "2026-08-31T22:46:47.9067943+03:00"
2026-08-31 22:47:47.916 +03:00 [INF] ServiceManager Heartbeat: DB, Redis, and Services Healthy at "2026-08-31T22:47:47.9162291+03:00"
2026-08-31 22:48:47.940 +03:00 [INF] ServiceManager Heartbeat: DB, Redis, and Services Healthy at "2026-08-31T22:48:47.9407244+03:00"
2026-08-31 22:49:48.242 +03:00 [INF] ServiceManager Heartbeat: DB, Redis, and Services Healthy at "2026-08-31T22:49:48.2426632+03:00"
2026-08-31 22:50:48.259 +03:00 [INF] ServiceManager Heartbeat: DB, Redis, and Services Healthy at "2026-08-31T22:50:48.2593213+03:00"
2026-08-31 22:51:48.268 +03:00 [INF] ServiceManager Heartbeat: DB, Redis, and Services Healthy at "2026-08-31T22:51:48.2688576+03:00"
2026-08-31 22:52:48.382 +03:00 [INF] ServiceManager Heartbeat: DB, Redis, and Services Healthy at "2026-08-31T22:52:48.3828764+03:00"
2026-08-31 22:53:48.817 +03:00 [INF] ServiceManager Heartbeat: DB, Redis, and Services Healthy at "2026-08-31T22:53:48.8174435+03:00"
2026-08-31 22:54:49.537 +03:00 [INF] ServiceManager Heartbeat: DB, Redis, and Services Healthy at "2026-08-31T22:54:49.5370399+03:00"
2026-08-31 22:55:49.549 +03:00 [INF] ServiceManager Heartbeat: DB, Redis, and Services Healthy at "2026-08-31T22:55:49.5491013+03:00"
2026-08-31 22:56:49.564 +03:00 [INF] ServiceManager Heartbeat: DB, Redis, and Services Healthy at "2026-08-31T22:56:49.5644258+03:00"
2026-08-31 22:57:49.590 +03:00 [INF] ServiceManager Heartbeat: DB, Redis, and Services Healthy at "2026-08-31T22:57:49.5906459+03:00"
2026-08-31 22:58:49.629 +03:00 [INF] ServiceManager Heartbeat: DB, Redis, and Services Healthy at "2026-08-31T22:58:49.6297799+03:00"
2026-08-31 22:59:49.656 +03:00 [INF] ServiceManager Heartbeat: DB, Redis, and Services Healthy at "2026-08-31T22:59:49.6562040+03:00"
2026-08-31 23:00:49.684 +03:00 [INF] ServiceManager Heartbeat: DB, Redis, and Services Healthy at "2026-08-31T23:00:49.6841363+03:00"
2026-08-31 23:01:49.700 +03:00 [INF] ServiceManager Heartbeat: DB, Redis, and Services Healthy at "2026-08-31T23:01:49.7001791+03:00"
2026-08-31 23:02:49.716 +03:00 [INF] ServiceManager Heartbeat: DB, Redis, and Services Healthy at "2026-08-31T23:02:49.7164699+03:00"
2026-08-31 23:03:49.728 +03:00 [INF] ServiceManager Heartbeat: DB, Redis, and Services Healthy at "2026-08-31T23:03:49.7280672+03:00"
2026-08-31 23:04:49.736 +03:00 [INF] ServiceManager Heartbeat: DB, Redis, and Services Healthy at "2026-08-31T23:04:49.7362233+03:00"
2026-08-31 23:05:49.752 +03:00 [INF] ServiceManager Heartbeat: DB, Redis, and Services Healthy at "2026-08-31T23:05:49.7529498+03:00"
2026-08-31 23:06:49.801 +03:00 [INF] ServiceManager Heartbeat: DB, Redis, and Services Healthy at "2026-08-31T23:06:49.8015311+03:00"
2026-08-31 23:07:49.826 +03:00 [INF] ServiceManager Heartbeat: DB, Redis, and Services Healthy at "2026-08-31T23:07:49.8262102+03:00"
2026-08-31 23:08:49.834 +03:00 [INF] ServiceManager Heartbeat: DB, Redis, and Services Healthy at "2026-08-31T23:08:49.8349306+03:00"
2026-08-31 23:09:49.841 +03:00 [INF] ServiceManager Heartbeat: DB, Redis, and Services Healthy at "2026-08-31T23:09:49.8414098+03:00"
2026-08-31 23:10:49.847 +03:00 [INF] ServiceManager Heartbeat: DB, Redis, and Services Healthy at "2026-08-31T23:10:49.8475394+03:00"
2026-08-31 23:11:49.861 +03:00 [INF] ServiceManager Heartbeat: DB, Redis, and Services Healthy at "2026-08-31T23:11:49.8618226+03:00"
2026-08-31 23:12:49.879 +03:00 [INF] ServiceManager Heartbeat: DB, Redis, and Services Healthy at "2026-08-31T23:12:49.8796590+03:00"
2026-08-31 23:13:49.884 +03:00 [INF] ServiceManager Heartbeat: DB, Redis, and Services Healthy at "2026-08-31T23:13:49.8846936+03:00"
2026-08-31 23:14:49.894 +03:00 [INF] ServiceManager Heartbeat: DB, Redis, and Services Healthy at "2026-08-31T23:14:49.8947082+03:00"
2026-08-31 23:15:49.903 +03:00 [INF] ServiceManager Heartbeat: DB, Redis, and Services Healthy at "2026-08-31T23:15:49.9033397+03:00"
2026-08-31 23:16:49.917 +03:00 [INF] ServiceManager Heartbeat: DB, Redis, and Services Healthy at "2026-08-31T23:16:49.9171863+03:00"
2026-08-31 23:17:49.920 +03:00 [INF] ServiceManager Heartbeat: DB, Redis, and Services Healthy at "2026-08-31T23:17:49.9206954+03:00"
2026-08-31 23:18:49.936 +03:00 [INF] ServiceManager Heartbeat: DB, Redis, and Services Healthy at "2026-08-31T23:18:49.9369009+03:00"
2026-08-31 23:19:49.942 +03:00 [INF] ServiceManager Heartbeat: DB, Redis, and Services Healthy at "2026-08-31T23:19:49.9422952+03:00"
2026-08-31 23:20:49.958 +03:00 [INF] ServiceManager Heartbeat: DB, Redis, and Services Healthy at "2026-08-31T23:20:49.9583261+03:00"
2026-08-31 23:21:49.977 +03:00 [INF] ServiceManager Heartbeat: DB, Redis, and Services Healthy at "2026-08-31T23:21:49.9775547+03:00"
2026-08-31 23:22:49.993 +03:00 [INF] ServiceManager Heartbeat: DB, Redis, and Services Healthy at "2026-08-31T23:22:49.9930496+03:00"
2026-08-31 23:23:50.026 +03:00 [INF] ServiceManager Heartbeat: DB, Redis, and Services Healthy at "2026-08-31T23:23:50.0261826+03:00"
2026-08-31 23:24:50.034 +03:00 [INF] ServiceManager Heartbeat: DB, Redis, and Services Healthy at "2026-08-31T23:24:50.0341512+03:00"
2026-08-31 23:25:50.043 +03:00 [INF] ServiceManager Heartbeat: DB, Redis, and Services Healthy at "2026-08-31T23:25:50.0438420+03:00"
2026-08-31 23:26:50.054 +03:00 [INF] ServiceManager Heartbeat: DB, Redis, and Services Healthy at "2026-08-31T23:26:50.0545683+03:00"
2026-08-31 23:27:50.062 +03:00 [INF] ServiceManager Heartbeat: DB, Redis, and Services Healthy at "2026-08-31T23:27:50.0623543+03:00"
2026-08-31 23:28:48.559 +03:00 [INF] Application is shutting down...
2026-08-31 23:28:48.569 +03:00 [ERR] LabInstrumentListenerWorker error
System.Threading.Tasks.TaskCanceledException: A task was canceled.
   at CMS.ServiceManager.Workers.LabInstrumentListenerWorker.ExecuteAsync(CancellationToken stoppingToken) in C:\Users\ASUS\source\repos\CMS\src\CMS.ServiceManager\Workers\Workers.cs:line 81
