2026-09-08 09:55:58.060 +03:00 [INF] ServiceManager Heartbeat: DB, Redis, and Services Healthy at "2026-09-08T09:55:58.0603316+03:00"
2026-09-08 09:56:58.066 +03:00 [INF] ServiceManager Heartbeat: DB, Redis, and Services Healthy at "2026-09-08T09:56:58.0665131+03:00"
2026-09-08 09:57:58.834 +03:00 [INF] ServiceManager Heartbeat: DB, Redis, and Services Healthy at "2026-09-08T09:57:58.8342573+03:00"
2026-09-08 09:58:58.849 +03:00 [INF] ServiceManager Heartbeat: DB, Redis, and Services Healthy at "2026-09-08T09:58:58.8484867+03:00"
2026-09-08 09:59:58.860 +03:00 [INF] ServiceManager Heartbeat: DB, Redis, and Services Healthy at "2026-09-08T09:59:58.8595998+03:00"
2026-09-08 10:00:58.880 +03:00 [INF] ServiceManager Heartbeat: DB, Redis, and Services Healthy at "2026-09-08T10:00:58.8799538+03:00"
2026-09-08 10:01:58.905 +03:00 [INF] ServiceManager Heartbeat: DB, Redis, and Services Healthy at "2026-09-08T10:01:58.9052750+03:00"
2026-09-08 10:02:58.974 +03:00 [INF] ServiceManager Heartbeat: DB, Redis, and Services Healthy at "2026-09-08T10:02:58.9746822+03:00"
2026-09-08 10:03:58.989 +03:00 [INF] ServiceManager Heartbeat: DB, Redis, and Services Healthy at "2026-09-08T10:03:58.9892397+03:00"
2026-09-08 10:04:59.004 +03:00 [INF] ServiceManager Heartbeat: DB, Redis, and Services Healthy at "2026-09-08T10:04:59.0045330+03:00"
2026-09-08 10:05:59.213 +03:00 [INF] ServiceManager Heartbeat: DB, Redis, and Services Healthy at "2026-09-08T10:05:59.2136785+03:00"
2026-09-08 10:06:59.379 +03:00 [INF] ServiceManager Heartbeat: DB, Redis, and Services Healthy at "2026-09-08T10:06:59.3797609+03:00"
2026-09-08 10:08:00.641 +03:00 [INF] ServiceManager Heartbeat: DB, Redis, and Services Healthy at "2026-09-08T10:08:00.6409989+03:00"
2026-09-08 10:09:02.286 +03:00 [INF] ServiceManager Heartbeat: DB, Redis, and Services Healthy at "2026-09-08T10:09:02.2860568+03:00"
2026-09-08 10:10:02.315 +03:00 [INF] ServiceManager Heartbeat: DB, Redis, and Services Healthy at "2026-09-08T10:10:02.3156918+03:00"
2026-09-08 10:11:02.330 +03:00 [INF] ServiceManager Heartbeat: DB, Redis, and Services Healthy at "2026-09-08T10:11:02.3301434+03:00"
2026-09-08 10:12:02.336 +03:00 [INF] ServiceManager Heartbeat: DB, Redis, and Services Healthy at "2026-09-08T10:12:02.3360908+03:00"
2026-09-08 10:13:02.353 +03:00 [INF] ServiceManager Heartbeat: DB, Redis, and Services Healthy at "2026-09-08T10:13:02.3530689+03:00"
2026-09-08 10:14:02.374 +03:00 [INF] ServiceManager Heartbeat: DB, Redis, and Services Healthy at "2026-09-08T10:14:02.3745943+03:00"
2026-09-08 10:15:02.382 +03:00 [INF] ServiceManager Heartbeat: DB, Redis, and Services Healthy at "2026-09-08T10:15:02.3826612+03:00"
2026-09-08 10:16:02.389 +03:00 [INF] ServiceManager Heartbeat: DB, Redis, and Services Healthy at "2026-09-08T10:16:02.3890468+03:00"
2026-09-08 10:17:02.401 +03:00 [INF] ServiceManager Heartbeat: DB, Redis, and Services Healthy at "2026-09-08T10:17:02.4014119+03:00"
2026-09-08 10:18:02.401 +03:00 [INF] ServiceManager Heartbeat: DB, Redis, and Services Healthy at "2026-09-08T10:18:02.4004789+03:00"
2026-09-08 10:19:02.406 +03:00 [INF] ServiceManager Heartbeat: DB, Redis, and Services Healthy at "2026-09-08T10:19:02.4063400+03:00"
2026-09-08 10:20:02.445 +03:00 [INF] ServiceManager Heartbeat: DB, Redis, and Services Healthy at "2026-09-08T10:20:02.4454784+03:00"
2026-09-08 10:21:02.455 +03:00 [INF] ServiceManager Heartbeat: DB, Redis, and Services Healthy at "2026-09-08T10:21:02.4554730+03:00"
2026-09-08 10:22:02.466 +03:00 [INF] ServiceManager Heartbeat: DB, Redis, and Services Healthy at "2026-09-08T10:22:02.4660264+03:00"
2026-09-08 10:23:02.477 +03:00 [INF] ServiceManager Heartbeat: DB, Redis, and Services Healthy at "2026-09-08T10:23:02.4773448+03:00"
2026-09-08 10:24:02.483 +03:00 [INF] ServiceManager Heartbeat: DB, Redis, and Services Healthy at "2026-09-08T10:24:02.4829922+03:00"
2026-09-08 10:25:02.486 +03:00 [INF] ServiceManager Heartbeat: DB, Redis, and Services Healthy at "2026-09-08T10:25:02.4865071+03:00"
2026-09-08 10:26:02.496 +03:00 [INF] ServiceManager Heartbeat: DB, Redis, and Services Healthy at "2026-09-08T10:26:02.4955482+03:00"
2026-09-08 10:27:02.507 +03:00 [INF] ServiceManager Heartbeat: DB, Redis, and Services Healthy at "2026-09-08T10:27:02.5075128+03:00"
2026-09-08 10:28:02.506 +03:00 [INF] ServiceManager Heartbeat: DB, Redis, and Services Healthy at "2026-09-08T10:28:02.5061448+03:00"
2026-09-08 10:29:02.507 +03:00 [INF] ServiceManager Heartbeat: DB, Redis, and Services Healthy at "2026-09-08T10:29:02.5076725+03:00"
2026-09-08 10:30:02.505 +03:00 [INF] ServiceManager Heartbeat: DB, Redis, and Services Healthy at "2026-09-08T10:30:02.5054035+03:00"
2026-09-08 10:31:02.510 +03:00 [INF] ServiceManager Heartbeat: DB, Redis, and Services Healthy at "2026-09-08T10:31:02.5103900+03:00"
2026-09-08 10:32:02.511 +03:00 [INF] ServiceManager Heartbeat: DB, Redis, and Services Healthy at "2026-09-08T10:32:02.5118743+03:00"
2026-09-08 10:33:02.515 +03:00 [INF] ServiceManager Heartbeat: DB, Redis, and Services Healthy at "2026-09-08T10:33:02.5151672+03:00"
2026-09-08 10:34:02.520 +03:00 [INF] ServiceManager Heartbeat: DB, Redis, and Services Healthy at "2026-09-08T10:34:02.5202740+03:00"
2026-09-08 10:35:02.526 +03:00 [INF] ServiceManager Heartbeat: DB, Redis, and Services Healthy at "2026-09-08T10:35:02.5264321+03:00"
2026-09-08 10:36:02.527 +03:00 [INF] ServiceManager Heartbeat: DB, Redis, and Services Healthy at "2026-09-08T10:36:02.5276053+03:00"
2026-09-08 10:37:02.541 +03:00 [INF] ServiceManager Heartbeat: DB, Redis, and Services Healthy at "2026-09-08T10:37:02.5417108+03:00"
2026-09-08 10:38:02.544 +03:00 [INF] ServiceManager Heartbeat: DB, Redis, and Services Healthy at "2026-09-08T10:38:02.5448214+03:00"
2026-09-08 10:39:02.554 +03:00 [INF] ServiceManager Heartbeat: DB, Redis, and Services Healthy at "2026-09-08T10:39:02.5549139+03:00"
2026-09-08 10:40:02.568 +03:00 [INF] ServiceManager Heartbeat: DB, Redis, and Services Healthy at "2026-09-08T10:40:02.5681082+03:00"
2026-09-08 10:41:02.580 +03:00 [INF] ServiceManager Heartbeat: DB, Redis, and Services Healthy at "2026-09-08T10:41:02.5807628+03:00"
2026-09-08 10:42:02.584 +03:00 [INF] ServiceManager Heartbeat: DB, Redis, and Services Healthy at "2026-09-08T10:42:02.5842811+03:00"
2026-09-08 10:43:02.584 +03:00 [INF] ServiceManager Heartbeat: DB, Redis, and Services Healthy at "2026-09-08T10:43:02.5843863+03:00"
2026-09-08 10:43:46.642 +03:00 [INF] Application is shutting down...
2026-09-08 10:43:46.656 +03:00 [ERR] LabInstrumentListenerWorker error
System.Threading.Tasks.TaskCanceledException: A task was canceled.
   at CMS.ServiceManager.Workers.LabInstrumentListenerWorker.ExecuteAsync(CancellationToken stoppingToken) in C:\Users\ASUS\source\repos\CMS\src\CMS.ServiceManager\Workers\Workers.cs:line 81
2026-09-08 10:45:21.835 +03:00 [INF] ServiceManager Heartbeat: DB, Redis, and Services Healthy at "2026-09-08T10:45:21.7904473+03:00"
2026-09-08 10:45:21.937 +03:00 [INF] Starting LabInstrumentListenerWorker TCP listener on Port 2575 (HL7)...
2026-09-08 10:45:21.952 +03:00 [INF] Application started. Press Ctrl+C to shut down.
2026-09-08 10:45:21.955 +03:00 [INF] Hosting environment: Development
2026-09-08 10:45:21.957 +03:00 [INF] Content root path: C:\Users\ASUS\source\repos\CMS\src\CMS.ServiceManager
2026-09-08 10:46:21.938 +03:00 [INF] ServiceManager Heartbeat: DB, Redis, and Services Healthy at "2026-09-08T10:46:21.9381226+03:00"
2026-09-08 10:47:21.942 +03:00 [INF] ServiceManager Heartbeat: DB, Redis, and Services Healthy at "2026-09-08T10:47:21.9420833+03:00"
2026-09-08 10:48:21.947 +03:00 [INF] ServiceManager Heartbeat: DB, Redis, and Services Healthy at "2026-09-08T10:48:21.9474748+03:00"
2026-09-08 10:49:21.956 +03:00 [INF] ServiceManager Heartbeat: DB, Redis, and Services Healthy at "2026-09-08T10:49:21.9562793+03:00"
2026-09-08 10:50:21.969 +03:00 [INF] ServiceManager Heartbeat: DB, Redis, and Services Healthy at "2026-09-08T10:50:21.9695320+03:00"
2026-09-08 10:51:21.978 +03:00 [INF] ServiceManager Heartbeat: DB, Redis, and Services Healthy at "2026-09-08T10:51:21.9783933+03:00"
2026-09-08 10:52:21.993 +03:00 [INF] ServiceManager Heartbeat: DB, Redis, and Services Healthy at "2026-09-08T10:52:21.9937022+03:00"
2026-09-08 10:53:22.004 +03:00 [INF] ServiceManager Heartbeat: DB, Redis, and Services Healthy at "2026-09-08T10:53:22.0038430+03:00"
2026-09-08 10:54:22.015 +03:00 [INF] ServiceManager Heartbeat: DB, Redis, and Services Healthy at "2026-09-08T10:54:22.0155611+03:00"
2026-09-08 10:55:22.026 +03:00 [INF] ServiceManager Heartbeat: DB, Redis, and Services Healthy at "2026-09-08T10:55:22.0259440+03:00"
2026-09-08 10:56:22.032 +03:00 [INF] ServiceManager Heartbeat: DB, Redis, and Services Healthy at "2026-09-08T10:56:22.0323145+03:00"
2026-09-08 10:57:22.034 +03:00 [INF] ServiceManager Heartbeat: DB, Redis, and Services Healthy at "2026-09-08T10:57:22.0337813+03:00"
2026-09-08 11:07:43.091 +03:00 [INF] ServiceManager Heartbeat: DB, Redis, and Services Healthy at "2026-09-08T11:07:43.0912716+03:00"
2026-09-08 11:08:43.098 +03:00 [INF] ServiceManager Heartbeat: DB, Redis, and Services Healthy at "2026-09-08T11:08:43.0980802+03:00"
2026-09-08 11:09:43.109 +03:00 [INF] ServiceManager Heartbeat: DB, Redis, and Services Healthy at "2026-09-08T11:09:43.1092540+03:00"
2026-09-08 11:10:43.113 +03:00 [INF] ServiceManager Heartbeat: DB, Redis, and Services Healthy at "2026-09-08T11:10:43.1129987+03:00"
2026-09-08 11:11:43.122 +03:00 [INF] ServiceManager Heartbeat: DB, Redis, and Services Healthy at "2026-09-08T11:11:43.1220209+03:00"
2026-09-08 11:12:43.140 +03:00 [INF] ServiceManager Heartbeat: DB, Redis, and Services Healthy at "2026-09-08T11:12:43.1399467+03:00"
2026-09-08 11:13:43.155 +03:00 [INF] ServiceManager Heartbeat: DB, Redis, and Services Healthy at "2026-09-08T11:13:43.1549999+03:00"
2026-09-08 11:14:43.164 +03:00 [INF] ServiceManager Heartbeat: DB, Redis, and Services Healthy at "2026-09-08T11:14:43.1636968+03:00"
2026-09-08 11:15:43.177 +03:00 [INF] ServiceManager Heartbeat: DB, Redis, and Services Healthy at "2026-09-08T11:15:43.1774956+03:00"
2026-09-08 11:16:43.192 +03:00 [INF] ServiceManager Heartbeat: DB, Redis, and Services Healthy at "2026-09-08T11:16:43.1928039+03:00"
2026-09-08 11:17:43.203 +03:00 [INF] ServiceManager Heartbeat: DB, Redis, and Services Healthy at "2026-09-08T11:17:43.2036876+03:00"
2026-09-08 11:18:43.217 +03:00 [INF] ServiceManager Heartbeat: DB, Redis, and Services Healthy at "2026-09-08T11:18:43.2174499+03:00"
2026-09-08 11:19:43.235 +03:00 [INF] ServiceManager Heartbeat: DB, Redis, and Services Healthy at "2026-09-08T11:19:43.2358203+03:00"
2026-09-08 11:20:43.249 +03:00 [INF] ServiceManager Heartbeat: DB, Redis, and Services Healthy at "2026-09-08T11:20:43.2495834+03:00"
2026-09-08 11:21:43.261 +03:00 [INF] ServiceManager Heartbeat: DB, Redis, and Services Healthy at "2026-09-08T11:21:43.2610084+03:00"
2026-09-08 11:22:43.267 +03:00 [INF] ServiceManager Heartbeat: DB, Redis, and Services Healthy at "2026-09-08T11:22:43.2675807+03:00"
2026-09-08 11:23:43.274 +03:00 [INF] ServiceManager Heartbeat: DB, Redis, and Services Healthy at "2026-09-08T11:23:43.2741444+03:00"
2026-09-08 11:24:43.293 +03:00 [INF] ServiceManager Heartbeat: DB, Redis, and Services Healthy at "2026-09-08T11:24:43.2932451+03:00"
2026-09-08 11:25:43.297 +03:00 [INF] ServiceManager Heartbeat: DB, Redis, and Services Healthy at "2026-09-08T11:25:43.2967279+03:00"
2026-09-08 11:34:05.451 +03:00 [INF] ServiceManager Heartbeat: DB, Redis, and Services Healthy at "2026-09-08T11:34:05.4519594+03:00"
2026-09-08 11:35:05.465 +03:00 [INF] ServiceManager Heartbeat: DB, Redis, and Services Healthy at "2026-09-08T11:35:05.4654698+03:00"
2026-09-08 11:36:05.489 +03:00 [INF] ServiceManager Heartbeat: DB, Redis, and Services Healthy at "2026-09-08T11:36:05.4890657+03:00"
2026-09-08 11:37:05.503 +03:00 [INF] ServiceManager Heartbeat: DB, Redis, and Services Healthy at "2026-09-08T11:37:05.5029576+03:00"
2026-09-08 11:38:05.522 +03:00 [INF] ServiceManager Heartbeat: DB, Redis, and Services Healthy at "2026-09-08T11:38:05.5221114+03:00"
2026-09-08 11:39:05.534 +03:00 [INF] ServiceManager Heartbeat: DB, Redis, and Services Healthy at "2026-09-08T11:39:05.5343426+03:00"
2026-09-08 11:40:05.546 +03:00 [INF] ServiceManager Heartbeat: DB, Redis, and Services Healthy at "2026-09-08T11:40:05.5461966+03:00"
2026-09-08 11:41:05.560 +03:00 [INF] ServiceManager Heartbeat: DB, Redis, and Services Healthy at "2026-09-08T11:41:05.5603212+03:00"
2026-09-08 11:42:05.569 +03:00 [INF] ServiceManager Heartbeat: DB, Redis, and Services Healthy at "2026-09-08T11:42:05.5689824+03:00"
2026-09-08 11:43:05.586 +03:00 [INF] ServiceManager Heartbeat: DB, Redis, and Services Healthy at "2026-09-08T11:43:05.5862355+03:00"
2026-09-08 11:44:05.596 +03:00 [INF] ServiceManager Heartbeat: DB, Redis, and Services Healthy at "2026-09-08T11:44:05.5959776+03:00"
2026-09-08 11:45:05.611 +03:00 [INF] ServiceManager Heartbeat: DB, Redis, and Services Healthy at "2026-09-08T11:45:05.6112208+03:00"
2026-09-08 11:46:05.621 +03:00 [INF] ServiceManager Heartbeat: DB, Redis, and Services Healthy at "2026-09-08T11:46:05.6214723+03:00"
2026-09-08 11:47:05.638 +03:00 [INF] ServiceManager Heartbeat: DB, Redis, and Services Healthy at "2026-09-08T11:47:05.6389399+03:00"
2026-09-08 11:48:05.651 +03:00 [INF] ServiceManager Heartbeat: DB, Redis, and Services Healthy at "2026-09-08T11:48:05.6513463+03:00"
2026-09-08 11:49:05.658 +03:00 [INF] ServiceManager Heartbeat: DB, Redis, and Services Healthy at "2026-09-08T11:49:05.6587473+03:00"
2026-09-08 11:50:05.666 +03:00 [INF] ServiceManager Heartbeat: DB, Redis, and Services Healthy at "2026-09-08T11:50:05.6664076+03:00"
2026-09-08 11:51:05.685 +03:00 [INF] ServiceManager Heartbeat: DB, Redis, and Services Healthy at "2026-09-08T11:51:05.6855565+03:00"
2026-09-08 11:52:05.697 +03:00 [INF] ServiceManager Heartbeat: DB, Redis, and Services Healthy at "2026-09-08T11:52:05.6974240+03:00"
2026-09-08 11:53:05.718 +03:00 [INF] ServiceManager Heartbeat: DB, Redis, and Services Healthy at "2026-09-08T11:53:05.7184217+03:00"
2026-09-08 11:54:05.728 +03:00 [INF] ServiceManager Heartbeat: DB, Redis, and Services Healthy at "2026-09-08T11:54:05.7282357+03:00"
2026-09-08 11:55:05.741 +03:00 [INF] ServiceManager Heartbeat: DB, Redis, and Services Healthy at "2026-09-08T11:55:05.7412451+03:00"
2026-09-08 11:56:05.797 +03:00 [INF] ServiceManager Heartbeat: DB, Redis, and Services Healthy at "2026-09-08T11:56:05.7970038+03:00"
2026-09-08 11:57:05.811 +03:00 [INF] ServiceManager Heartbeat: DB, Redis, and Services Healthy at "2026-09-08T11:57:05.8116492+03:00"
2026-09-08 11:58:05.832 +03:00 [INF] ServiceManager Heartbeat: DB, Redis, and Services Healthy at "2026-09-08T11:58:05.8328904+03:00"
2026-09-08 11:59:05.848 +03:00 [INF] ServiceManager Heartbeat: DB, Redis, and Services Healthy at "2026-09-08T11:59:05.8487554+03:00"
2026-09-08 12:00:05.863 +03:00 [INF] ServiceManager Heartbeat: DB, Redis, and Services Healthy at "2026-09-08T12:00:05.8634628+03:00"
2026-09-08 12:01:05.878 +03:00 [INF] ServiceManager Heartbeat: DB, Redis, and Services Healthy at "2026-09-08T12:01:05.8780868+03:00"
2026-09-08 12:02:05.904 +03:00 [INF] ServiceManager Heartbeat: DB, Redis, and Services Healthy at "2026-09-08T12:02:05.9038117+03:00"
2026-09-08 12:03:05.945 +03:00 [INF] ServiceManager Heartbeat: DB, Redis, and Services Healthy at "2026-09-08T12:03:05.9452492+03:00"
2026-09-08 12:04:06.042 +03:00 [INF] ServiceManager Heartbeat: DB, Redis, and Services Healthy at "2026-09-08T12:04:06.0425861+03:00"
2026-09-08 12:05:06.053 +03:00 [INF] ServiceManager Heartbeat: DB, Redis, and Services Healthy at "2026-09-08T12:05:06.0539389+03:00"
2026-09-08 12:06:06.065 +03:00 [INF] ServiceManager Heartbeat: DB, Redis, and Services Healthy at "2026-09-08T12:06:06.0654570+03:00"
2026-09-08 12:07:06.074 +03:00 [INF] ServiceManager Heartbeat: DB, Redis, and Services Healthy at "2026-09-08T12:07:06.0744623+03:00"
2026-09-08 12:08:06.095 +03:00 [INF] ServiceManager Heartbeat: DB, Redis, and Services Healthy at "2026-09-08T12:08:06.0959471+03:00"
2026-09-08 12:09:06.114 +03:00 [INF] ServiceManager Heartbeat: DB, Redis, and Services Healthy at "2026-09-08T12:09:06.1147274+03:00"
2026-09-08 12:10:06.132 +03:00 [INF] ServiceManager Heartbeat: DB, Redis, and Services Healthy at "2026-09-08T12:10:06.1323594+03:00"
2026-09-08 12:11:06.144 +03:00 [INF] ServiceManager Heartbeat: DB, Redis, and Services Healthy at "2026-09-08T12:11:06.1444404+03:00"
2026-09-08 12:12:06.168 +03:00 [INF] ServiceManager Heartbeat: DB, Redis, and Services Healthy at "2026-09-08T12:12:06.1686893+03:00"
2026-09-08 12:13:06.202 +03:00 [INF] ServiceManager Heartbeat: DB, Redis, and Services Healthy at "2026-09-08T12:13:06.2024036+03:00"
2026-09-08 12:14:06.221 +03:00 [INF] ServiceManager Heartbeat: DB, Redis, and Services Healthy at "2026-09-08T12:14:06.2216657+03:00"
2026-09-08 12:15:06.227 +03:00 [INF] ServiceManager Heartbeat: DB, Redis, and Services Healthy at "2026-09-08T12:15:06.2275324+03:00"
2026-09-08 12:16:06.243 +03:00 [INF] ServiceManager Heartbeat: DB, Redis, and Services Healthy at "2026-09-08T12:16:06.2431438+03:00"
2026-09-08 12:17:06.251 +03:00 [INF] ServiceManager Heartbeat: DB, Redis, and Services Healthy at "2026-09-08T12:17:06.2511627+03:00"
2026-09-08 12:18:06.268 +03:00 [INF] ServiceManager Heartbeat: DB, Redis, and Services Healthy at "2026-09-08T12:18:06.2685234+03:00"
2026-09-08 12:19:06.273 +03:00 [INF] ServiceManager Heartbeat: DB, Redis, and Services Healthy at "2026-09-08T12:19:06.2739612+03:00"
2026-09-08 12:20:06.286 +03:00 [INF] ServiceManager Heartbeat: DB, Redis, and Services Healthy at "2026-09-08T12:20:06.2864754+03:00"
2026-09-08 12:21:06.298 +03:00 [INF] ServiceManager Heartbeat: DB, Redis, and Services Healthy at "2026-09-08T12:21:06.2980746+03:00"
2026-09-08 12:22:06.315 +03:00 [INF] ServiceManager Heartbeat: DB, Redis, and Services Healthy at "2026-09-08T12:22:06.3158807+03:00"
2026-09-08 12:23:06.321 +03:00 [INF] ServiceManager Heartbeat: DB, Redis, and Services Healthy at "2026-09-08T12:23:06.3211414+03:00"
2026-09-08 12:24:06.327 +03:00 [INF] ServiceManager Heartbeat: DB, Redis, and Services Healthy at "2026-09-08T12:24:06.3271022+03:00"
2026-09-08 12:25:06.342 +03:00 [INF] ServiceManager Heartbeat: DB, Redis, and Services Healthy at "2026-09-08T12:25:06.3425179+03:00"
2026-09-08 12:26:06.348 +03:00 [INF] ServiceManager Heartbeat: DB, Redis, and Services Healthy at "2026-09-08T12:26:06.3484443+03:00"
2026-09-08 12:27:06.357 +03:00 [INF] ServiceManager Heartbeat: DB, Redis, and Services Healthy at "2026-09-08T12:27:06.3572371+03:00"
2026-09-08 12:28:06.364 +03:00 [INF] ServiceManager Heartbeat: DB, Redis, and Services Healthy at "2026-09-08T12:28:06.3644679+03:00"
2026-09-08 12:29:06.377 +03:00 [INF] ServiceManager Heartbeat: DB, Redis, and Services Healthy at "2026-09-08T12:29:06.3771250+03:00"
2026-09-08 12:30:06.386 +03:00 [INF] ServiceManager Heartbeat: DB, Redis, and Services Healthy at "2026-09-08T12:30:06.3862200+03:00"
2026-09-08 12:31:06.397 +03:00 [INF] ServiceManager Heartbeat: DB, Redis, and Services Healthy at "2026-09-08T12:31:06.3978732+03:00"
2026-09-08 12:32:06.407 +03:00 [INF] ServiceManager Heartbeat: DB, Redis, and Services Healthy at "2026-09-08T12:32:06.4070655+03:00"
2026-09-08 12:33:06.416 +03:00 [INF] ServiceManager Heartbeat: DB, Redis, and Services Healthy at "2026-09-08T12:33:06.4164467+03:00"
2026-09-08 12:34:06.427 +03:00 [INF] ServiceManager Heartbeat: DB, Redis, and Services Healthy at "2026-09-08T12:34:06.4277880+03:00"
2026-09-08 12:35:06.440 +03:00 [INF] ServiceManager Heartbeat: DB, Redis, and Services Healthy at "2026-09-08T12:35:06.4399908+03:00"
2026-09-08 12:36:06.458 +03:00 [INF] ServiceManager Heartbeat: DB, Redis, and Services Healthy at "2026-09-08T12:36:06.4587767+03:00"
2026-09-08 12:37:06.464 +03:00 [INF] ServiceManager Heartbeat: DB, Redis, and Services Healthy at "2026-09-08T12:37:06.4648690+03:00"
2026-09-08 12:38:06.477 +03:00 [INF] ServiceManager Heartbeat: DB, Redis, and Services Healthy at "2026-09-08T12:38:06.4770635+03:00"
2026-09-08 12:39:06.509 +03:00 [INF] ServiceManager Heartbeat: DB, Redis, and Services Healthy at "2026-09-08T12:39:06.5095697+03:00"
2026-09-08 12:40:06.531 +03:00 [INF] ServiceManager Heartbeat: DB, Redis, and Services Healthy at "2026-09-08T12:40:06.5312124+03:00"
2026-09-08 12:41:06.545 +03:00 [INF] ServiceManager Heartbeat: DB, Redis, and Services Healthy at "2026-09-08T12:41:06.5452489+03:00"
2026-09-08 12:42:06.560 +03:00 [INF] ServiceManager Heartbeat: DB, Redis, and Services Healthy at "2026-09-08T12:42:06.5607323+03:00"
2026-09-08 12:43:06.569 +03:00 [INF] ServiceManager Heartbeat: DB, Redis, and Services Healthy at "2026-09-08T12:43:06.5691663+03:00"
2026-09-08 12:44:06.590 +03:00 [INF] ServiceManager Heartbeat: DB, Redis, and Services Healthy at "2026-09-08T12:44:06.5900728+03:00"
2026-09-08 12:47:50.543 +03:00 [INF] ServiceManager Heartbeat: DB, Redis, and Services Healthy at "2026-09-08T12:47:50.5435897+03:00"
2026-09-08 12:58:23.868 +03:00 [INF] ServiceManager Heartbeat: DB, Redis, and Services Healthy at "2026-09-08T12:58:23.8680997+03:00"
2026-09-08 12:59:23.881 +03:00 [INF] ServiceManager Heartbeat: DB, Redis, and Services Healthy at "2026-09-08T12:59:23.8819533+03:00"
2026-09-08 13:00:23.886 +03:00 [INF] ServiceManager Heartbeat: DB, Redis, and Services Healthy at "2026-09-08T13:00:23.8861493+03:00"
2026-09-08 13:01:23.901 +03:00 [INF] ServiceManager Heartbeat: DB, Redis, and Services Healthy at "2026-09-08T13:01:23.9010716+03:00"
2026-09-08 13:02:23.919 +03:00 [INF] ServiceManager Heartbeat: DB, Redis, and Services Healthy at "2026-09-08T13:02:23.9193278+03:00"
2026-09-08 13:03:23.928 +03:00 [INF] ServiceManager Heartbeat: DB, Redis, and Services Healthy at "2026-09-08T13:03:23.9284005+03:00"
2026-09-08 13:04:23.975 +03:00 [INF] ServiceManager Heartbeat: DB, Redis, and Services Healthy at "2026-09-08T13:04:23.9751402+03:00"
2026-09-08 13:05:23.988 +03:00 [INF] ServiceManager Heartbeat: DB, Redis, and Services Healthy at "2026-09-08T13:05:23.9888649+03:00"
2026-09-08 13:06:24.019 +03:00 [INF] ServiceManager Heartbeat: DB, Redis, and Services Healthy at "2026-09-08T13:06:24.0193160+03:00"
2026-09-08 13:07:24.049 +03:00 [INF] ServiceManager Heartbeat: DB, Redis, and Services Healthy at "2026-09-08T13:07:24.0490506+03:00"
2026-09-08 13:08:24.068 +03:00 [INF] ServiceManager Heartbeat: DB, Redis, and Services Healthy at "2026-09-08T13:08:24.0687944+03:00"
2026-09-08 13:09:24.099 +03:00 [INF] ServiceManager Heartbeat: DB, Redis, and Services Healthy at "2026-09-08T13:09:24.0992881+03:00"
2026-09-08 13:10:24.124 +03:00 [INF] ServiceManager Heartbeat: DB, Redis, and Services Healthy at "2026-09-08T13:10:24.1241568+03:00"
2026-09-08 13:11:24.141 +03:00 [INF] ServiceManager Heartbeat: DB, Redis, and Services Healthy at "2026-09-08T13:11:24.1417401+03:00"
2026-09-08 13:12:24.149 +03:00 [INF] ServiceManager Heartbeat: DB, Redis, and Services Healthy at "2026-09-08T13:12:24.1496115+03:00"
2026-09-08 13:13:24.161 +03:00 [INF] ServiceManager Heartbeat: DB, Redis, and Services Healthy at "2026-09-08T13:13:24.1614055+03:00"
2026-09-08 13:14:24.172 +03:00 [INF] ServiceManager Heartbeat: DB, Redis, and Services Healthy at "2026-09-08T13:14:24.1729409+03:00"
2026-09-08 13:15:24.185 +03:00 [INF] ServiceManager Heartbeat: DB, Redis, and Services Healthy at "2026-09-08T13:15:24.1852702+03:00"
2026-09-08 13:16:24.198 +03:00 [INF] ServiceManager Heartbeat: DB, Redis, and Services Healthy at "2026-09-08T13:16:24.1984432+03:00"
2026-09-08 13:17:24.214 +03:00 [INF] ServiceManager Heartbeat: DB, Redis, and Services Healthy at "2026-09-08T13:17:24.2146707+03:00"
2026-09-08 13:18:24.226 +03:00 [INF] ServiceManager Heartbeat: DB, Redis, and Services Healthy at "2026-09-08T13:18:24.2263255+03:00"
2026-09-08 13:19:24.243 +03:00 [INF] ServiceManager Heartbeat: DB, Redis, and Services Healthy at "2026-09-08T13:19:24.2437854+03:00"
2026-09-08 13:20:24.254 +03:00 [INF] ServiceManager Heartbeat: DB, Redis, and Services Healthy at "2026-09-08T13:20:24.2546013+03:00"
2026-09-08 13:21:24.273 +03:00 [INF] ServiceManager Heartbeat: DB, Redis, and Services Healthy at "2026-09-08T13:21:24.2738896+03:00"
2026-09-08 13:22:24.288 +03:00 [INF] ServiceManager Heartbeat: DB, Redis, and Services Healthy at "2026-09-08T13:22:24.2883500+03:00"
2026-09-08 13:23:24.321 +03:00 [INF] ServiceManager Heartbeat: DB, Redis, and Services Healthy at "2026-09-08T13:23:24.3213808+03:00"
2026-09-08 13:24:24.340 +03:00 [INF] ServiceManager Heartbeat: DB, Redis, and Services Healthy at "2026-09-08T13:24:24.3402177+03:00"
2026-09-08 13:25:24.355 +03:00 [INF] ServiceManager Heartbeat: DB, Redis, and Services Healthy at "2026-09-08T13:25:24.3559333+03:00"
2026-09-08 13:26:24.387 +03:00 [INF] ServiceManager Heartbeat: DB, Redis, and Services Healthy at "2026-09-08T13:26:24.3879107+03:00"
2026-09-08 13:27:24.397 +03:00 [INF] ServiceManager Heartbeat: DB, Redis, and Services Healthy at "2026-09-08T13:27:24.3979709+03:00"
2026-09-08 13:28:24.412 +03:00 [INF] ServiceManager Heartbeat: DB, Redis, and Services Healthy at "2026-09-08T13:28:24.4129069+03:00"
2026-09-08 13:29:24.464 +03:00 [INF] ServiceManager Heartbeat: DB, Redis, and Services Healthy at "2026-09-08T13:29:24.4641614+03:00"
2026-09-08 13:30:24.479 +03:00 [INF] ServiceManager Heartbeat: DB, Redis, and Services Healthy at "2026-09-08T13:30:24.4790879+03:00"
2026-09-08 13:31:24.488 +03:00 [INF] ServiceManager Heartbeat: DB, Redis, and Services Healthy at "2026-09-08T13:31:24.4886285+03:00"
2026-09-08 13:32:24.504 +03:00 [INF] ServiceManager Heartbeat: DB, Redis, and Services Healthy at "2026-09-08T13:32:24.5040868+03:00"
2026-09-08 13:33:24.513 +03:00 [INF] ServiceManager Heartbeat: DB, Redis, and Services Healthy at "2026-09-08T13:33:24.5130362+03:00"
2026-09-08 13:34:24.530 +03:00 [INF] ServiceManager Heartbeat: DB, Redis, and Services Healthy at "2026-09-08T13:34:24.5301503+03:00"
2026-09-08 13:35:24.553 +03:00 [INF] ServiceManager Heartbeat: DB, Redis, and Services Healthy at "2026-09-08T13:35:24.5532071+03:00"
2026-09-08 13:36:24.641 +03:00 [INF] ServiceManager Heartbeat: DB, Redis, and Services Healthy at "2026-09-08T13:36:24.6418532+03:00"
2026-09-08 13:37:24.658 +03:00 [INF] ServiceManager Heartbeat: DB, Redis, and Services Healthy at "2026-09-08T13:37:24.6585931+03:00"
2026-09-08 13:38:24.691 +03:00 [INF] ServiceManager Heartbeat: DB, Redis, and Services Healthy at "2026-09-08T13:38:24.6917009+03:00"
2026-09-08 13:39:24.882 +03:00 [INF] ServiceManager Heartbeat: DB, Redis, and Services Healthy at "2026-09-08T13:39:24.8824905+03:00"
2026-09-08 13:40:24.894 +03:00 [INF] ServiceManager Heartbeat: DB, Redis, and Services Healthy at "2026-09-08T13:40:24.8941976+03:00"
2026-09-08 13:41:24.903 +03:00 [INF] ServiceManager Heartbeat: DB, Redis, and Services Healthy at "2026-09-08T13:41:24.9035993+03:00"
2026-09-08 13:42:24.915 +03:00 [INF] ServiceManager Heartbeat: DB, Redis, and Services Healthy at "2026-09-08T13:42:24.9152156+03:00"
2026-09-08 13:43:24.919 +03:00 [INF] ServiceManager Heartbeat: DB, Redis, and Services Healthy at "2026-09-08T13:43:24.9193320+03:00"
2026-09-08 13:44:24.931 +03:00 [INF] ServiceManager Heartbeat: DB, Redis, and Services Healthy at "2026-09-08T13:44:24.9311124+03:00"
2026-09-08 13:45:24.934 +03:00 [INF] ServiceManager Heartbeat: DB, Redis, and Services Healthy at "2026-09-08T13:45:24.9348866+03:00"
2026-09-08 13:46:24.962 +03:00 [INF] ServiceManager Heartbeat: DB, Redis, and Services Healthy at "2026-09-08T13:46:24.9628171+03:00"
2026-09-08 13:47:25.041 +03:00 [INF] ServiceManager Heartbeat: DB, Redis, and Services Healthy at "2026-09-08T13:47:25.0416573+03:00"
2026-09-08 13:48:25.052 +03:00 [INF] ServiceManager Heartbeat: DB, Redis, and Services Healthy at "2026-09-08T13:48:25.0529119+03:00"
2026-09-08 13:49:25.074 +03:00 [INF] ServiceManager Heartbeat: DB, Redis, and Services Healthy at "2026-09-08T13:49:25.0746706+03:00"
2026-09-08 13:50:25.163 +03:00 [INF] ServiceManager Heartbeat: DB, Redis, and Services Healthy at "2026-09-08T13:50:25.1635658+03:00"
2026-09-08 13:51:25.173 +03:00 [INF] ServiceManager Heartbeat: DB, Redis, and Services Healthy at "2026-09-08T13:51:25.1731053+03:00"
2026-09-08 13:52:25.183 +03:00 [INF] ServiceManager Heartbeat: DB, Redis, and Services Healthy at "2026-09-08T13:52:25.1831508+03:00"
2026-09-08 13:53:25.195 +03:00 [INF] ServiceManager Heartbeat: DB, Redis, and Services Healthy at "2026-09-08T13:53:25.1955330+03:00"
2026-09-08 13:54:25.238 +03:00 [INF] ServiceManager Heartbeat: DB, Redis, and Services Healthy at "2026-09-08T13:54:25.2382070+03:00"
2026-09-08 13:55:25.433 +03:00 [INF] ServiceManager Heartbeat: DB, Redis, and Services Healthy at "2026-09-08T13:55:25.4334388+03:00"
2026-09-08 13:56:25.540 +03:00 [INF] ServiceManager Heartbeat: DB, Redis, and Services Healthy at "2026-09-08T13:56:25.5401976+03:00"
2026-09-08 13:57:25.556 +03:00 [INF] ServiceManager Heartbeat: DB, Redis, and Services Healthy at "2026-09-08T13:57:25.5564409+03:00"
2026-09-08 13:58:25.571 +03:00 [INF] ServiceManager Heartbeat: DB, Redis, and Services Healthy at "2026-09-08T13:58:25.5712802+03:00"
2026-09-08 13:59:25.579 +03:00 [INF] ServiceManager Heartbeat: DB, Redis, and Services Healthy at "2026-09-08T13:59:25.5792112+03:00"
2026-09-08 14:00:25.588 +03:00 [INF] ServiceManager Heartbeat: DB, Redis, and Services Healthy at "2026-09-08T14:00:25.5881590+03:00"
2026-09-08 14:01:25.598 +03:00 [INF] ServiceManager Heartbeat: DB, Redis, and Services Healthy at "2026-09-08T14:01:25.5989358+03:00"
2026-09-08 14:02:25.610 +03:00 [INF] ServiceManager Heartbeat: DB, Redis, and Services Healthy at "2026-09-08T14:02:25.6100629+03:00"
2026-09-08 14:03:25.623 +03:00 [INF] ServiceManager Heartbeat: DB, Redis, and Services Healthy at "2026-09-08T14:03:25.6230523+03:00"
2026-09-08 14:04:25.638 +03:00 [INF] ServiceManager Heartbeat: DB, Redis, and Services Healthy at "2026-09-08T14:04:25.6381202+03:00"
2026-09-08 14:05:25.667 +03:00 [INF] ServiceManager Heartbeat: DB, Redis, and Services Healthy at "2026-09-08T14:05:25.6671729+03:00"
2026-09-08 14:06:25.674 +03:00 [INF] ServiceManager Heartbeat: DB, Redis, and Services Healthy at "2026-09-08T14:06:25.6743837+03:00"
2026-09-08 14:07:25.692 +03:00 [INF] ServiceManager Heartbeat: DB, Redis, and Services Healthy at "2026-09-08T14:07:25.6927217+03:00"
2026-09-08 14:08:25.710 +03:00 [INF] ServiceManager Heartbeat: DB, Redis, and Services Healthy at "2026-09-08T14:08:25.7104181+03:00"
2026-09-08 14:09:25.726 +03:00 [INF] ServiceManager Heartbeat: DB, Redis, and Services Healthy at "2026-09-08T14:09:25.7263390+03:00"
2026-09-08 14:10:25.744 +03:00 [INF] ServiceManager Heartbeat: DB, Redis, and Services Healthy at "2026-09-08T14:10:25.7440849+03:00"
2026-09-08 14:11:25.761 +03:00 [INF] ServiceManager Heartbeat: DB, Redis, and Services Healthy at "2026-09-08T14:11:25.7612503+03:00"
2026-09-08 14:12:25.772 +03:00 [INF] ServiceManager Heartbeat: DB, Redis, and Services Healthy at "2026-09-08T14:12:25.7724395+03:00"
2026-09-08 14:13:25.804 +03:00 [INF] ServiceManager Heartbeat: DB, Redis, and Services Healthy at "2026-09-08T14:13:25.8049623+03:00"
2026-09-08 14:14:25.815 +03:00 [INF] ServiceManager Heartbeat: DB, Redis, and Services Healthy at "2026-09-08T14:14:25.8149818+03:00"
2026-09-08 14:15:25.826 +03:00 [INF] ServiceManager Heartbeat: DB, Redis, and Services Healthy at "2026-09-08T14:15:25.8268057+03:00"
2026-09-08 14:16:25.836 +03:00 [INF] ServiceManager Heartbeat: DB, Redis, and Services Healthy at "2026-09-08T14:16:25.8363987+03:00"
2026-09-08 14:17:25.868 +03:00 [INF] ServiceManager Heartbeat: DB, Redis, and Services Healthy at "2026-09-08T14:17:25.8683549+03:00"
2026-09-08 14:18:25.887 +03:00 [INF] ServiceManager Heartbeat: DB, Redis, and Services Healthy at "2026-09-08T14:18:25.8873970+03:00"
2026-09-08 14:19:25.899 +03:00 [INF] ServiceManager Heartbeat: DB, Redis, and Services Healthy at "2026-09-08T14:19:25.8992795+03:00"
2026-09-08 14:20:25.909 +03:00 [INF] ServiceManager Heartbeat: DB, Redis, and Services Healthy at "2026-09-08T14:20:25.9095086+03:00"
2026-09-08 14:21:25.914 +03:00 [INF] ServiceManager Heartbeat: DB, Redis, and Services Healthy at "2026-09-08T14:21:25.9145345+03:00"
2026-09-08 14:22:25.927 +03:00 [INF] ServiceManager Heartbeat: DB, Redis, and Services Healthy at "2026-09-08T14:22:25.9277351+03:00"
2026-09-08 14:23:25.937 +03:00 [INF] ServiceManager Heartbeat: DB, Redis, and Services Healthy at "2026-09-08T14:23:25.9370939+03:00"
2026-09-08 14:24:25.951 +03:00 [INF] ServiceManager Heartbeat: DB, Redis, and Services Healthy at "2026-09-08T14:24:25.9512477+03:00"
2026-09-08 14:25:25.965 +03:00 [INF] ServiceManager Heartbeat: DB, Redis, and Services Healthy at "2026-09-08T14:25:25.9656297+03:00"
2026-09-08 14:26:25.981 +03:00 [INF] ServiceManager Heartbeat: DB, Redis, and Services Healthy at "2026-09-08T14:26:25.9814503+03:00"
2026-09-08 14:27:25.992 +03:00 [INF] ServiceManager Heartbeat: DB, Redis, and Services Healthy at "2026-09-08T14:27:25.9925260+03:00"
2026-09-08 14:28:26.007 +03:00 [INF] ServiceManager Heartbeat: DB, Redis, and Services Healthy at "2026-09-08T14:28:26.0077999+03:00"
2026-09-08 14:29:26.045 +03:00 [INF] ServiceManager Heartbeat: DB, Redis, and Services Healthy at "2026-09-08T14:29:26.0450384+03:00"
2026-09-08 14:30:26.060 +03:00 [INF] ServiceManager Heartbeat: DB, Redis, and Services Healthy at "2026-09-08T14:30:26.0603141+03:00"
2026-09-08 14:31:26.077 +03:00 [INF] ServiceManager Heartbeat: DB, Redis, and Services Healthy at "2026-09-08T14:31:26.0779655+03:00"
2026-09-08 14:32:26.092 +03:00 [INF] ServiceManager Heartbeat: DB, Redis, and Services Healthy at "2026-09-08T14:32:26.0920588+03:00"
2026-09-08 14:33:26.108 +03:00 [INF] ServiceManager Heartbeat: DB, Redis, and Services Healthy at "2026-09-08T14:33:26.1087074+03:00"
2026-09-08 14:34:26.128 +03:00 [INF] ServiceManager Heartbeat: DB, Redis, and Services Healthy at "2026-09-08T14:34:26.1286059+03:00"
2026-09-08 14:35:26.169 +03:00 [INF] ServiceManager Heartbeat: DB, Redis, and Services Healthy at "2026-09-08T14:35:26.1697392+03:00"
2026-09-08 14:36:26.374 +03:00 [INF] ServiceManager Heartbeat: DB, Redis, and Services Healthy at "2026-09-08T14:36:26.3744317+03:00"
2026-09-08 14:37:26.393 +03:00 [INF] ServiceManager Heartbeat: DB, Redis, and Services Healthy at "2026-09-08T14:37:26.3931565+03:00"
2026-09-08 14:38:26.411 +03:00 [INF] ServiceManager Heartbeat: DB, Redis, and Services Healthy at "2026-09-08T14:38:26.4110734+03:00"
2026-09-08 14:39:26.443 +03:00 [INF] ServiceManager Heartbeat: DB, Redis, and Services Healthy at "2026-09-08T14:39:26.4435610+03:00"
2026-09-08 14:40:26.457 +03:00 [INF] ServiceManager Heartbeat: DB, Redis, and Services Healthy at "2026-09-08T14:40:26.4570663+03:00"
2026-09-08 14:41:26.470 +03:00 [INF] ServiceManager Heartbeat: DB, Redis, and Services Healthy at "2026-09-08T14:41:26.4701730+03:00"
2026-09-08 14:42:26.476 +03:00 [INF] ServiceManager Heartbeat: DB, Redis, and Services Healthy at "2026-09-08T14:42:26.4762635+03:00"
2026-09-08 14:43:26.481 +03:00 [INF] ServiceManager Heartbeat: DB, Redis, and Services Healthy at "2026-09-08T14:43:26.4810766+03:00"
2026-09-08 14:44:26.491 +03:00 [INF] ServiceManager Heartbeat: DB, Redis, and Services Healthy at "2026-09-08T14:44:26.4918991+03:00"
2026-09-08 14:45:26.499 +03:00 [INF] ServiceManager Heartbeat: DB, Redis, and Services Healthy at "2026-09-08T14:45:26.4991422+03:00"
2026-09-08 14:46:26.537 +03:00 [INF] ServiceManager Heartbeat: DB, Redis, and Services Healthy at "2026-09-08T14:46:26.5372175+03:00"
2026-09-08 14:47:26.550 +03:00 [INF] ServiceManager Heartbeat: DB, Redis, and Services Healthy at "2026-09-08T14:47:26.5504401+03:00"
2026-09-08 14:48:26.560 +03:00 [INF] ServiceManager Heartbeat: DB, Redis, and Services Healthy at "2026-09-08T14:48:26.5600303+03:00"
2026-09-08 14:49:26.575 +03:00 [INF] ServiceManager Heartbeat: DB, Redis, and Services Healthy at "2026-09-08T14:49:26.5758509+03:00"
2026-09-08 14:50:26.592 +03:00 [INF] ServiceManager Heartbeat: DB, Redis, and Services Healthy at "2026-09-08T14:50:26.5923597+03:00"
2026-09-08 14:51:26.601 +03:00 [INF] ServiceManager Heartbeat: DB, Redis, and Services Healthy at "2026-09-08T14:51:26.6012307+03:00"
2026-09-08 14:52:26.612 +03:00 [INF] ServiceManager Heartbeat: DB, Redis, and Services Healthy at "2026-09-08T14:52:26.6120237+03:00"
2026-09-08 14:53:26.625 +03:00 [INF] ServiceManager Heartbeat: DB, Redis, and Services Healthy at "2026-09-08T14:53:26.6253877+03:00"
2026-09-08 14:54:26.633 +03:00 [INF] ServiceManager Heartbeat: DB, Redis, and Services Healthy at "2026-09-08T14:54:26.6337952+03:00"
2026-09-08 14:55:26.646 +03:00 [INF] ServiceManager Heartbeat: DB, Redis, and Services Healthy at "2026-09-08T14:55:26.6463378+03:00"
2026-09-08 14:56:26.650 +03:00 [INF] ServiceManager Heartbeat: DB, Redis, and Services Healthy at "2026-09-08T14:56:26.6501359+03:00"
2026-09-08 14:57:26.664 +03:00 [INF] ServiceManager Heartbeat: DB, Redis, and Services Healthy at "2026-09-08T14:57:26.6643470+03:00"
2026-09-08 14:58:26.680 +03:00 [INF] ServiceManager Heartbeat: DB, Redis, and Services Healthy at "2026-09-08T14:58:26.6807726+03:00"
2026-09-08 14:59:26.691 +03:00 [INF] ServiceManager Heartbeat: DB, Redis, and Services Healthy at "2026-09-08T14:59:26.6919140+03:00"
2026-09-08 15:00:26.702 +03:00 [INF] ServiceManager Heartbeat: DB, Redis, and Services Healthy at "2026-09-08T15:00:26.7020777+03:00"
2026-09-08 15:01:26.719 +03:00 [INF] ServiceManager Heartbeat: DB, Redis, and Services Healthy at "2026-09-08T15:01:26.7197373+03:00"
2026-09-08 15:02:26.730 +03:00 [INF] ServiceManager Heartbeat: DB, Redis, and Services Healthy at "2026-09-08T15:02:26.7308446+03:00"
2026-09-08 15:03:26.738 +03:00 [INF] ServiceManager Heartbeat: DB, Redis, and Services Healthy at "2026-09-08T15:03:26.7384912+03:00"
2026-09-08 15:04:26.755 +03:00 [INF] ServiceManager Heartbeat: DB, Redis, and Services Healthy at "2026-09-08T15:04:26.7550384+03:00"
2026-09-08 15:05:26.770 +03:00 [INF] ServiceManager Heartbeat: DB, Redis, and Services Healthy at "2026-09-08T15:05:26.7706530+03:00"
2026-09-08 15:06:26.775 +03:00 [INF] ServiceManager Heartbeat: DB, Redis, and Services Healthy at "2026-09-08T15:06:26.7755863+03:00"
2026-09-08 15:07:26.792 +03:00 [INF] ServiceManager Heartbeat: DB, Redis, and Services Healthy at "2026-09-08T15:07:26.7928168+03:00"
2026-09-08 15:08:26.810 +03:00 [INF] ServiceManager Heartbeat: DB, Redis, and Services Healthy at "2026-09-08T15:08:26.8105337+03:00"
2026-09-08 15:09:26.824 +03:00 [INF] ServiceManager Heartbeat: DB, Redis, and Services Healthy at "2026-09-08T15:09:26.8244702+03:00"
2026-09-08 15:10:26.836 +03:00 [INF] ServiceManager Heartbeat: DB, Redis, and Services Healthy at "2026-09-08T15:10:26.8361210+03:00"
2026-09-08 15:11:26.844 +03:00 [INF] ServiceManager Heartbeat: DB, Redis, and Services Healthy at "2026-09-08T15:11:26.8444535+03:00"
2026-09-08 15:12:26.854 +03:00 [INF] ServiceManager Heartbeat: DB, Redis, and Services Healthy at "2026-09-08T15:12:26.8540693+03:00"
2026-09-08 15:13:26.864 +03:00 [INF] ServiceManager Heartbeat: DB, Redis, and Services Healthy at "2026-09-08T15:13:26.8645665+03:00"
2026-09-08 15:14:26.876 +03:00 [INF] ServiceManager Heartbeat: DB, Redis, and Services Healthy at "2026-09-08T15:14:26.8764287+03:00"
2026-09-08 15:15:26.884 +03:00 [INF] ServiceManager Heartbeat: DB, Redis, and Services Healthy at "2026-09-08T15:15:26.8844392+03:00"
2026-09-08 15:16:26.893 +03:00 [INF] ServiceManager Heartbeat: DB, Redis, and Services Healthy at "2026-09-08T15:16:26.8931317+03:00"
2026-09-08 15:17:26.902 +03:00 [INF] ServiceManager Heartbeat: DB, Redis, and Services Healthy at "2026-09-08T15:17:26.9019722+03:00"
2026-09-08 15:18:26.908 +03:00 [INF] ServiceManager Heartbeat: DB, Redis, and Services Healthy at "2026-09-08T15:18:26.9083815+03:00"
2026-09-08 15:19:26.914 +03:00 [INF] ServiceManager Heartbeat: DB, Redis, and Services Healthy at "2026-09-08T15:19:26.9140332+03:00"
2026-09-08 15:20:26.922 +03:00 [INF] ServiceManager Heartbeat: DB, Redis, and Services Healthy at "2026-09-08T15:20:26.9222825+03:00"
2026-09-08 15:21:26.934 +03:00 [INF] ServiceManager Heartbeat: DB, Redis, and Services Healthy at "2026-09-08T15:21:26.9344669+03:00"
2026-09-08 15:22:26.939 +03:00 [INF] ServiceManager Heartbeat: DB, Redis, and Services Healthy at "2026-09-08T15:22:26.9398152+03:00"
2026-09-08 15:23:26.945 +03:00 [INF] ServiceManager Heartbeat: DB, Redis, and Services Healthy at "2026-09-08T15:23:26.9458776+03:00"
2026-09-08 15:24:26.957 +03:00 [INF] ServiceManager Heartbeat: DB, Redis, and Services Healthy at "2026-09-08T15:24:26.9574873+03:00"
2026-09-08 15:25:26.973 +03:00 [INF] ServiceManager Heartbeat: DB, Redis, and Services Healthy at "2026-09-08T15:25:26.9735779+03:00"
2026-09-08 15:26:26.992 +03:00 [INF] ServiceManager Heartbeat: DB, Redis, and Services Healthy at "2026-09-08T15:26:26.9925750+03:00"
2026-09-08 15:27:27.008 +03:00 [INF] ServiceManager Heartbeat: DB, Redis, and Services Healthy at "2026-09-08T15:27:27.0085439+03:00"
2026-09-08 15:28:27.013 +03:00 [INF] ServiceManager Heartbeat: DB, Redis, and Services Healthy at "2026-09-08T15:28:27.0134943+03:00"
2026-09-08 15:29:27.021 +03:00 [INF] ServiceManager Heartbeat: DB, Redis, and Services Healthy at "2026-09-08T15:29:27.0218903+03:00"
2026-09-08 15:30:27.041 +03:00 [INF] ServiceManager Heartbeat: DB, Redis, and Services Healthy at "2026-09-08T15:30:27.0412296+03:00"
2026-09-08 15:31:27.097 +03:00 [INF] ServiceManager Heartbeat: DB, Redis, and Services Healthy at "2026-09-08T15:31:27.0972998+03:00"
2026-09-08 15:32:27.112 +03:00 [INF] ServiceManager Heartbeat: DB, Redis, and Services Healthy at "2026-09-08T15:32:27.1128535+03:00"
2026-09-08 15:33:27.128 +03:00 [INF] ServiceManager Heartbeat: DB, Redis, and Services Healthy at "2026-09-08T15:33:27.1280308+03:00"
2026-09-08 15:34:27.141 +03:00 [INF] ServiceManager Heartbeat: DB, Redis, and Services Healthy at "2026-09-08T15:34:27.1416340+03:00"
2026-09-08 15:35:27.148 +03:00 [INF] ServiceManager Heartbeat: DB, Redis, and Services Healthy at "2026-09-08T15:35:27.1480935+03:00"
2026-09-08 15:36:27.162 +03:00 [INF] ServiceManager Heartbeat: DB, Redis, and Services Healthy at "2026-09-08T15:36:27.1621369+03:00"
2026-09-08 15:37:27.173 +03:00 [INF] ServiceManager Heartbeat: DB, Redis, and Services Healthy at "2026-09-08T15:37:27.1739368+03:00"
2026-09-08 15:38:27.183 +03:00 [INF] ServiceManager Heartbeat: DB, Redis, and Services Healthy at "2026-09-08T15:38:27.1834724+03:00"
2026-09-08 15:39:27.188 +03:00 [INF] ServiceManager Heartbeat: DB, Redis, and Services Healthy at "2026-09-08T15:39:27.1884092+03:00"
2026-09-08 15:40:27.203 +03:00 [INF] ServiceManager Heartbeat: DB, Redis, and Services Healthy at "2026-09-08T15:40:27.2034102+03:00"
2026-09-08 15:41:27.208 +03:00 [INF] ServiceManager Heartbeat: DB, Redis, and Services Healthy at "2026-09-08T15:41:27.2085812+03:00"
2026-09-08 15:42:27.218 +03:00 [INF] ServiceManager Heartbeat: DB, Redis, and Services Healthy at "2026-09-08T15:42:27.2186758+03:00"
2026-09-08 15:43:27.224 +03:00 [INF] ServiceManager Heartbeat: DB, Redis, and Services Healthy at "2026-09-08T15:43:27.2244492+03:00"
2026-09-08 15:44:27.236 +03:00 [INF] ServiceManager Heartbeat: DB, Redis, and Services Healthy at "2026-09-08T15:44:27.2365164+03:00"
2026-09-08 15:45:27.247 +03:00 [INF] ServiceManager Heartbeat: DB, Redis, and Services Healthy at "2026-09-08T15:45:27.2476255+03:00"
2026-09-08 15:46:27.257 +03:00 [INF] ServiceManager Heartbeat: DB, Redis, and Services Healthy at "2026-09-08T15:46:27.2574186+03:00"
2026-09-08 15:47:27.271 +03:00 [INF] ServiceManager Heartbeat: DB, Redis, and Services Healthy at "2026-09-08T15:47:27.2712119+03:00"
2026-09-08 15:48:27.286 +03:00 [INF] ServiceManager Heartbeat: DB, Redis, and Services Healthy at "2026-09-08T15:48:27.2861066+03:00"
2026-09-08 15:49:27.300 +03:00 [INF] ServiceManager Heartbeat: DB, Redis, and Services Healthy at "2026-09-08T15:49:27.3005617+03:00"
2026-09-08 15:50:27.309 +03:00 [INF] ServiceManager Heartbeat: DB, Redis, and Services Healthy at "2026-09-08T15:50:27.3092023+03:00"
2026-09-08 15:51:27.320 +03:00 [INF] ServiceManager Heartbeat: DB, Redis, and Services Healthy at "2026-09-08T15:51:27.3200300+03:00"
2026-09-08 15:52:27.336 +03:00 [INF] ServiceManager Heartbeat: DB, Redis, and Services Healthy at "2026-09-08T15:52:27.3360272+03:00"
2026-09-08 15:53:27.342 +03:00 [INF] ServiceManager Heartbeat: DB, Redis, and Services Healthy at "2026-09-08T15:53:27.3429634+03:00"
2026-09-08 15:54:27.363 +03:00 [INF] ServiceManager Heartbeat: DB, Redis, and Services Healthy at "2026-09-08T15:54:27.3635963+03:00"
2026-09-08 15:55:27.403 +03:00 [INF] ServiceManager Heartbeat: DB, Redis, and Services Healthy at "2026-09-08T15:55:27.4031243+03:00"
2026-09-08 15:56:27.639 +03:00 [INF] ServiceManager Heartbeat: DB, Redis, and Services Healthy at "2026-09-08T15:56:27.6390186+03:00"
2026-09-08 15:57:27.657 +03:00 [INF] ServiceManager Heartbeat: DB, Redis, and Services Healthy at "2026-09-08T15:57:27.6570523+03:00"
2026-09-08 15:58:27.664 +03:00 [INF] ServiceManager Heartbeat: DB, Redis, and Services Healthy at "2026-09-08T15:58:27.6645071+03:00"
2026-09-08 15:59:27.684 +03:00 [INF] ServiceManager Heartbeat: DB, Redis, and Services Healthy at "2026-09-08T15:59:27.6842722+03:00"
2026-09-08 16:00:27.693 +03:00 [INF] ServiceManager Heartbeat: DB, Redis, and Services Healthy at "2026-09-08T16:00:27.6931678+03:00"
2026-09-08 16:01:27.707 +03:00 [INF] ServiceManager Heartbeat: DB, Redis, and Services Healthy at "2026-09-08T16:01:27.7075409+03:00"
2026-09-08 16:02:27.727 +03:00 [INF] ServiceManager Heartbeat: DB, Redis, and Services Healthy at "2026-09-08T16:02:27.7274648+03:00"
2026-09-08 16:03:27.742 +03:00 [INF] ServiceManager Heartbeat: DB, Redis, and Services Healthy at "2026-09-08T16:03:27.7421269+03:00"
2026-09-08 16:04:27.756 +03:00 [INF] ServiceManager Heartbeat: DB, Redis, and Services Healthy at "2026-09-08T16:04:27.7569320+03:00"
2026-09-08 16:05:27.922 +03:00 [INF] ServiceManager Heartbeat: DB, Redis, and Services Healthy at "2026-09-08T16:05:27.9228951+03:00"
2026-09-08 16:06:27.938 +03:00 [INF] ServiceManager Heartbeat: DB, Redis, and Services Healthy at "2026-09-08T16:06:27.9380918+03:00"
2026-09-08 16:07:27.968 +03:00 [INF] ServiceManager Heartbeat: DB, Redis, and Services Healthy at "2026-09-08T16:07:27.9687808+03:00"
2026-09-08 16:08:27.986 +03:00 [INF] ServiceManager Heartbeat: DB, Redis, and Services Healthy at "2026-09-08T16:08:27.9868874+03:00"
2026-09-08 16:09:28.012 +03:00 [INF] ServiceManager Heartbeat: DB, Redis, and Services Healthy at "2026-09-08T16:09:28.0123502+03:00"
2026-09-08 16:10:28.025 +03:00 [INF] ServiceManager Heartbeat: DB, Redis, and Services Healthy at "2026-09-08T16:10:28.0250005+03:00"
2026-09-08 16:11:28.045 +03:00 [INF] ServiceManager Heartbeat: DB, Redis, and Services Healthy at "2026-09-08T16:11:28.0453163+03:00"
2026-09-08 16:12:28.064 +03:00 [INF] ServiceManager Heartbeat: DB, Redis, and Services Healthy at "2026-09-08T16:12:28.0646183+03:00"
2026-09-08 16:13:28.075 +03:00 [INF] ServiceManager Heartbeat: DB, Redis, and Services Healthy at "2026-09-08T16:13:28.0751695+03:00"
2026-09-08 16:14:28.080 +03:00 [INF] ServiceManager Heartbeat: DB, Redis, and Services Healthy at "2026-09-08T16:14:28.0807390+03:00"
2026-09-08 16:15:28.097 +03:00 [INF] ServiceManager Heartbeat: DB, Redis, and Services Healthy at "2026-09-08T16:15:28.0972374+03:00"
2026-09-08 16:16:28.113 +03:00 [INF] ServiceManager Heartbeat: DB, Redis, and Services Healthy at "2026-09-08T16:16:28.1135100+03:00"
2026-09-08 16:17:28.121 +03:00 [INF] ServiceManager Heartbeat: DB, Redis, and Services Healthy at "2026-09-08T16:17:28.1210167+03:00"
2026-09-08 16:18:28.129 +03:00 [INF] ServiceManager Heartbeat: DB, Redis, and Services Healthy at "2026-09-08T16:18:28.1292499+03:00"
2026-09-08 16:19:28.148 +03:00 [INF] ServiceManager Heartbeat: DB, Redis, and Services Healthy at "2026-09-08T16:19:28.1485580+03:00"
2026-09-08 16:20:28.155 +03:00 [INF] ServiceManager Heartbeat: DB, Redis, and Services Healthy at "2026-09-08T16:20:28.1552561+03:00"
2026-09-08 16:21:28.174 +03:00 [INF] ServiceManager Heartbeat: DB, Redis, and Services Healthy at "2026-09-08T16:21:28.1740622+03:00"
2026-09-08 16:22:28.208 +03:00 [INF] ServiceManager Heartbeat: DB, Redis, and Services Healthy at "2026-09-08T16:22:28.2087395+03:00"
2026-09-08 16:23:28.262 +03:00 [INF] ServiceManager Heartbeat: DB, Redis, and Services Healthy at "2026-09-08T16:23:28.2621233+03:00"
2026-09-08 16:24:28.277 +03:00 [INF] ServiceManager Heartbeat: DB, Redis, and Services Healthy at "2026-09-08T16:24:28.2779812+03:00"
2026-09-08 16:25:28.286 +03:00 [INF] ServiceManager Heartbeat: DB, Redis, and Services Healthy at "2026-09-08T16:25:28.2869647+03:00"
2026-09-08 16:26:28.305 +03:00 [INF] ServiceManager Heartbeat: DB, Redis, and Services Healthy at "2026-09-08T16:26:28.3050824+03:00"
2026-09-08 16:27:28.324 +03:00 [INF] ServiceManager Heartbeat: DB, Redis, and Services Healthy at "2026-09-08T16:27:28.3240406+03:00"
2026-09-08 16:28:28.336 +03:00 [INF] ServiceManager Heartbeat: DB, Redis, and Services Healthy at "2026-09-08T16:28:28.3361393+03:00"
2026-09-08 16:29:28.344 +03:00 [INF] ServiceManager Heartbeat: DB, Redis, and Services Healthy at "2026-09-08T16:29:28.3444464+03:00"
2026-09-08 16:30:28.356 +03:00 [INF] ServiceManager Heartbeat: DB, Redis, and Services Healthy at "2026-09-08T16:30:28.3565128+03:00"
2026-09-08 16:31:28.371 +03:00 [INF] ServiceManager Heartbeat: DB, Redis, and Services Healthy at "2026-09-08T16:31:28.3709851+03:00"
2026-09-08 16:32:28.380 +03:00 [INF] ServiceManager Heartbeat: DB, Redis, and Services Healthy at "2026-09-08T16:32:28.3801661+03:00"
2026-09-08 16:33:28.396 +03:00 [INF] ServiceManager Heartbeat: DB, Redis, and Services Healthy at "2026-09-08T16:33:28.3963958+03:00"
2026-09-08 16:34:28.448 +03:00 [INF] ServiceManager Heartbeat: DB, Redis, and Services Healthy at "2026-09-08T16:34:28.4477181+03:00"
2026-09-08 16:35:28.473 +03:00 [INF] ServiceManager Heartbeat: DB, Redis, and Services Healthy at "2026-09-08T16:35:28.4732741+03:00"
2026-09-08 16:36:28.524 +03:00 [INF] ServiceManager Heartbeat: DB, Redis, and Services Healthy at "2026-09-08T16:36:28.5241238+03:00"
2026-09-08 16:37:28.544 +03:00 [INF] ServiceManager Heartbeat: DB, Redis, and Services Healthy at "2026-09-08T16:37:28.5442084+03:00"
2026-09-08 16:38:28.561 +03:00 [INF] ServiceManager Heartbeat: DB, Redis, and Services Healthy at "2026-09-08T16:38:28.5617749+03:00"
2026-09-08 16:39:28.581 +03:00 [INF] ServiceManager Heartbeat: DB, Redis, and Services Healthy at "2026-09-08T16:39:28.5815868+03:00"
2026-09-08 16:40:28.631 +03:00 [INF] ServiceManager Heartbeat: DB, Redis, and Services Healthy at "2026-09-08T16:40:28.6316723+03:00"
2026-09-08 16:41:29.042 +03:00 [INF] ServiceManager Heartbeat: DB, Redis, and Services Healthy at "2026-09-08T16:41:29.0428918+03:00"
2026-09-08 16:42:29.059 +03:00 [INF] ServiceManager Heartbeat: DB, Redis, and Services Healthy at "2026-09-08T16:42:29.0593540+03:00"
2026-09-08 16:43:29.072 +03:00 [INF] ServiceManager Heartbeat: DB, Redis, and Services Healthy at "2026-09-08T16:43:29.0722534+03:00"
2026-09-08 16:44:29.104 +03:00 [INF] ServiceManager Heartbeat: DB, Redis, and Services Healthy at "2026-09-08T16:44:29.1048121+03:00"
2026-09-08 16:45:29.123 +03:00 [INF] ServiceManager Heartbeat: DB, Redis, and Services Healthy at "2026-09-08T16:45:29.1232890+03:00"
2026-09-08 16:46:29.150 +03:00 [INF] ServiceManager Heartbeat: DB, Redis, and Services Healthy at "2026-09-08T16:46:29.1499889+03:00"
2026-09-08 16:47:29.226 +03:00 [INF] ServiceManager Heartbeat: DB, Redis, and Services Healthy at "2026-09-08T16:47:29.2266166+03:00"
2026-09-08 16:48:29.235 +03:00 [INF] ServiceManager Heartbeat: DB, Redis, and Services Healthy at "2026-09-08T16:48:29.2356873+03:00"
2026-09-08 16:49:29.262 +03:00 [INF] ServiceManager Heartbeat: DB, Redis, and Services Healthy at "2026-09-08T16:49:29.2629073+03:00"
2026-09-08 16:50:29.344 +03:00 [INF] ServiceManager Heartbeat: DB, Redis, and Services Healthy at "2026-09-08T16:50:29.3443409+03:00"
2026-09-08 16:51:29.356 +03:00 [INF] ServiceManager Heartbeat: DB, Redis, and Services Healthy at "2026-09-08T16:51:29.3559826+03:00"
2026-09-08 16:52:29.363 +03:00 [INF] ServiceManager Heartbeat: DB, Redis, and Services Healthy at "2026-09-08T16:52:29.3632577+03:00"
2026-09-08 16:53:29.411 +03:00 [INF] ServiceManager Heartbeat: DB, Redis, and Services Healthy at "2026-09-08T16:53:29.4114317+03:00"
2026-09-08 16:54:29.447 +03:00 [INF] ServiceManager Heartbeat: DB, Redis, and Services Healthy at "2026-09-08T16:54:29.4477348+03:00"
2026-09-08 16:55:29.456 +03:00 [INF] ServiceManager Heartbeat: DB, Redis, and Services Healthy at "2026-09-08T16:55:29.4567809+03:00"
2026-09-08 16:56:29.572 +03:00 [INF] ServiceManager Heartbeat: DB, Redis, and Services Healthy at "2026-09-08T16:56:29.5725790+03:00"
2026-09-08 16:57:29.582 +03:00 [INF] ServiceManager Heartbeat: DB, Redis, and Services Healthy at "2026-09-08T16:57:29.5821624+03:00"
2026-09-08 16:58:29.589 +03:00 [INF] ServiceManager Heartbeat: DB, Redis, and Services Healthy at "2026-09-08T16:58:29.5892985+03:00"
2026-09-08 16:59:29.593 +03:00 [INF] ServiceManager Heartbeat: DB, Redis, and Services Healthy at "2026-09-08T16:59:29.5938030+03:00"
2026-09-08 17:00:29.605 +03:00 [INF] ServiceManager Heartbeat: DB, Redis, and Services Healthy at "2026-09-08T17:00:29.6053059+03:00"
2026-09-08 17:01:29.619 +03:00 [INF] ServiceManager Heartbeat: DB, Redis, and Services Healthy at "2026-09-08T17:01:29.6197655+03:00"
2026-09-08 17:02:29.628 +03:00 [INF] ServiceManager Heartbeat: DB, Redis, and Services Healthy at "2026-09-08T17:02:29.6286722+03:00"
2026-09-08 17:03:29.640 +03:00 [INF] ServiceManager Heartbeat: DB, Redis, and Services Healthy at "2026-09-08T17:03:29.6407737+03:00"
2026-09-08 17:04:29.658 +03:00 [INF] ServiceManager Heartbeat: DB, Redis, and Services Healthy at "2026-09-08T17:04:29.6585039+03:00"
2026-09-08 17:05:29.699 +03:00 [INF] ServiceManager Heartbeat: DB, Redis, and Services Healthy at "2026-09-08T17:05:29.6995543+03:00"
2026-09-08 17:06:29.744 +03:00 [INF] ServiceManager Heartbeat: DB, Redis, and Services Healthy at "2026-09-08T17:06:29.7440436+03:00"
2026-09-08 17:07:29.763 +03:00 [INF] ServiceManager Heartbeat: DB, Redis, and Services Healthy at "2026-09-08T17:07:29.7637244+03:00"
2026-09-08 17:08:29.953 +03:00 [INF] ServiceManager Heartbeat: DB, Redis, and Services Healthy at "2026-09-08T17:08:29.9529666+03:00"
2026-09-08 17:09:29.970 +03:00 [INF] ServiceManager Heartbeat: DB, Redis, and Services Healthy at "2026-09-08T17:09:29.9703460+03:00"
2026-09-08 17:10:29.988 +03:00 [INF] ServiceManager Heartbeat: DB, Redis, and Services Healthy at "2026-09-08T17:10:29.9883965+03:00"
2026-09-08 17:11:29.998 +03:00 [INF] ServiceManager Heartbeat: DB, Redis, and Services Healthy at "2026-09-08T17:11:29.9980426+03:00"
2026-09-08 17:12:30.010 +03:00 [INF] ServiceManager Heartbeat: DB, Redis, and Services Healthy at "2026-09-08T17:12:30.0104049+03:00"
2026-09-08 17:13:30.035 +03:00 [INF] ServiceManager Heartbeat: DB, Redis, and Services Healthy at "2026-09-08T17:13:30.0352797+03:00"
2026-09-08 17:14:30.052 +03:00 [INF] ServiceManager Heartbeat: DB, Redis, and Services Healthy at "2026-09-08T17:14:30.0518550+03:00"
2026-09-08 17:15:30.067 +03:00 [INF] ServiceManager Heartbeat: DB, Redis, and Services Healthy at "2026-09-08T17:15:30.0675899+03:00"
2026-09-08 17:16:30.086 +03:00 [INF] ServiceManager Heartbeat: DB, Redis, and Services Healthy at "2026-09-08T17:16:30.0865720+03:00"
2026-09-08 17:17:30.121 +03:00 [INF] ServiceManager Heartbeat: DB, Redis, and Services Healthy at "2026-09-08T17:17:30.1210261+03:00"
2026-09-08 17:18:30.160 +03:00 [INF] ServiceManager Heartbeat: DB, Redis, and Services Healthy at "2026-09-08T17:18:30.1603579+03:00"
2026-09-08 17:19:30.179 +03:00 [INF] ServiceManager Heartbeat: DB, Redis, and Services Healthy at "2026-09-08T17:19:30.1793320+03:00"
2026-09-08 17:20:30.213 +03:00 [INF] ServiceManager Heartbeat: DB, Redis, and Services Healthy at "2026-09-08T17:20:30.2133528+03:00"
2026-09-08 17:21:30.229 +03:00 [INF] ServiceManager Heartbeat: DB, Redis, and Services Healthy at "2026-09-08T17:21:30.2299536+03:00"
2026-09-08 18:09:59.988 +03:00 [INF] ServiceManager Heartbeat: DB, Redis, and Services Healthy at "2026-09-08T18:09:59.9888467+03:00"
2026-09-08 18:11:00.007 +03:00 [INF] ServiceManager Heartbeat: DB, Redis, and Services Healthy at "2026-09-08T18:11:00.0074519+03:00"
2026-09-08 18:12:00.022 +03:00 [INF] ServiceManager Heartbeat: DB, Redis, and Services Healthy at "2026-09-08T18:12:00.0221798+03:00"
2026-09-08 18:13:00.042 +03:00 [INF] ServiceManager Heartbeat: DB, Redis, and Services Healthy at "2026-09-08T18:13:00.0423503+03:00"
2026-09-08 18:14:00.061 +03:00 [INF] ServiceManager Heartbeat: DB, Redis, and Services Healthy at "2026-09-08T18:14:00.0615857+03:00"
2026-09-08 18:15:00.077 +03:00 [INF] ServiceManager Heartbeat: DB, Redis, and Services Healthy at "2026-09-08T18:15:00.0772534+03:00"
2026-09-08 18:16:00.115 +03:00 [INF] ServiceManager Heartbeat: DB, Redis, and Services Healthy at "2026-09-08T18:16:00.1150946+03:00"
2026-09-08 18:17:00.125 +03:00 [INF] ServiceManager Heartbeat: DB, Redis, and Services Healthy at "2026-09-08T18:17:00.1252881+03:00"
2026-09-08 18:18:00.138 +03:00 [INF] ServiceManager Heartbeat: DB, Redis, and Services Healthy at "2026-09-08T18:18:00.1380681+03:00"
2026-09-08 18:19:00.142 +03:00 [INF] ServiceManager Heartbeat: DB, Redis, and Services Healthy at "2026-09-08T18:19:00.1420642+03:00"
2026-09-08 18:20:00.160 +03:00 [INF] ServiceManager Heartbeat: DB, Redis, and Services Healthy at "2026-09-08T18:20:00.1602923+03:00"
2026-09-08 18:21:00.165 +03:00 [INF] ServiceManager Heartbeat: DB, Redis, and Services Healthy at "2026-09-08T18:21:00.1653610+03:00"
2026-09-08 18:22:00.174 +03:00 [INF] ServiceManager Heartbeat: DB, Redis, and Services Healthy at "2026-09-08T18:22:00.1749409+03:00"
2026-09-08 18:23:00.181 +03:00 [INF] ServiceManager Heartbeat: DB, Redis, and Services Healthy at "2026-09-08T18:23:00.1819670+03:00"
2026-09-08 18:24:00.196 +03:00 [INF] ServiceManager Heartbeat: DB, Redis, and Services Healthy at "2026-09-08T18:24:00.1966864+03:00"
2026-09-08 18:25:00.209 +03:00 [INF] ServiceManager Heartbeat: DB, Redis, and Services Healthy at "2026-09-08T18:25:00.2097787+03:00"
2026-09-08 18:26:00.227 +03:00 [INF] ServiceManager Heartbeat: DB, Redis, and Services Healthy at "2026-09-08T18:26:00.2276078+03:00"
2026-09-08 18:27:00.238 +03:00 [INF] ServiceManager Heartbeat: DB, Redis, and Services Healthy at "2026-09-08T18:27:00.2389340+03:00"
2026-09-08 18:28:00.242 +03:00 [INF] ServiceManager Heartbeat: DB, Redis, and Services Healthy at "2026-09-08T18:28:00.2426429+03:00"
2026-09-08 18:29:00.249 +03:00 [INF] ServiceManager Heartbeat: DB, Redis, and Services Healthy at "2026-09-08T18:29:00.2490225+03:00"
2026-09-08 18:30:00.261 +03:00 [INF] ServiceManager Heartbeat: DB, Redis, and Services Healthy at "2026-09-08T18:30:00.2611834+03:00"
2026-09-08 18:31:00.265 +03:00 [INF] ServiceManager Heartbeat: DB, Redis, and Services Healthy at "2026-09-08T18:31:00.2650049+03:00"
2026-09-08 18:32:00.281 +03:00 [INF] ServiceManager Heartbeat: DB, Redis, and Services Healthy at "2026-09-08T18:32:00.2809833+03:00"
2026-09-08 18:33:00.296 +03:00 [INF] ServiceManager Heartbeat: DB, Redis, and Services Healthy at "2026-09-08T18:33:00.2961010+03:00"
2026-09-08 18:34:00.312 +03:00 [INF] ServiceManager Heartbeat: DB, Redis, and Services Healthy at "2026-09-08T18:34:00.3122729+03:00"
2026-09-08 18:35:00.329 +03:00 [INF] ServiceManager Heartbeat: DB, Redis, and Services Healthy at "2026-09-08T18:35:00.3290781+03:00"
2026-09-08 18:36:00.340 +03:00 [INF] ServiceManager Heartbeat: DB, Redis, and Services Healthy at "2026-09-08T18:36:00.3405618+03:00"
2026-09-08 18:37:00.354 +03:00 [INF] ServiceManager Heartbeat: DB, Redis, and Services Healthy at "2026-09-08T18:37:00.3549362+03:00"
2026-09-08 18:38:00.370 +03:00 [INF] ServiceManager Heartbeat: DB, Redis, and Services Healthy at "2026-09-08T18:38:00.3705658+03:00"
2026-09-08 18:39:00.384 +03:00 [INF] ServiceManager Heartbeat: DB, Redis, and Services Healthy at "2026-09-08T18:39:00.3842394+03:00"
2026-09-08 18:40:00.399 +03:00 [INF] ServiceManager Heartbeat: DB, Redis, and Services Healthy at "2026-09-08T18:40:00.3993604+03:00"
2026-09-08 18:41:00.403 +03:00 [INF] ServiceManager Heartbeat: DB, Redis, and Services Healthy at "2026-09-08T18:41:00.4033176+03:00"
2026-09-08 18:42:00.420 +03:00 [INF] ServiceManager Heartbeat: DB, Redis, and Services Healthy at "2026-09-08T18:42:00.4201343+03:00"
2026-09-08 18:43:00.435 +03:00 [INF] ServiceManager Heartbeat: DB, Redis, and Services Healthy at "2026-09-08T18:43:00.4359404+03:00"
2026-09-08 18:44:00.439 +03:00 [INF] ServiceManager Heartbeat: DB, Redis, and Services Healthy at "2026-09-08T18:44:00.4392291+03:00"
2026-09-08 18:45:00.447 +03:00 [INF] ServiceManager Heartbeat: DB, Redis, and Services Healthy at "2026-09-08T18:45:00.4472715+03:00"
2026-09-08 18:46:00.464 +03:00 [INF] ServiceManager Heartbeat: DB, Redis, and Services Healthy at "2026-09-08T18:46:00.4641089+03:00"
2026-09-08 18:47:00.482 +03:00 [INF] ServiceManager Heartbeat: DB, Redis, and Services Healthy at "2026-09-08T18:47:00.4821847+03:00"
2026-09-08 18:48:00.499 +03:00 [INF] ServiceManager Heartbeat: DB, Redis, and Services Healthy at "2026-09-08T18:48:00.4998904+03:00"
2026-09-08 18:49:00.517 +03:00 [INF] ServiceManager Heartbeat: DB, Redis, and Services Healthy at "2026-09-08T18:49:00.5173141+03:00"
2026-09-08 18:50:00.526 +03:00 [INF] ServiceManager Heartbeat: DB, Redis, and Services Healthy at "2026-09-08T18:50:00.5261914+03:00"
2026-09-08 18:51:00.532 +03:00 [INF] ServiceManager Heartbeat: DB, Redis, and Services Healthy at "2026-09-08T18:51:00.5320989+03:00"
2026-09-08 18:52:00.550 +03:00 [INF] ServiceManager Heartbeat: DB, Redis, and Services Healthy at "2026-09-08T18:52:00.5505079+03:00"
2026-09-08 18:53:00.560 +03:00 [INF] ServiceManager Heartbeat: DB, Redis, and Services Healthy at "2026-09-08T18:53:00.5605624+03:00"
2026-09-08 18:54:00.571 +03:00 [INF] ServiceManager Heartbeat: DB, Redis, and Services Healthy at "2026-09-08T18:54:00.5719017+03:00"
2026-09-08 18:55:00.583 +03:00 [INF] ServiceManager Heartbeat: DB, Redis, and Services Healthy at "2026-09-08T18:55:00.5834902+03:00"
2026-09-08 18:56:00.594 +03:00 [INF] ServiceManager Heartbeat: DB, Redis, and Services Healthy at "2026-09-08T18:56:00.5949332+03:00"
2026-09-08 18:57:00.602 +03:00 [INF] ServiceManager Heartbeat: DB, Redis, and Services Healthy at "2026-09-08T18:57:00.6029242+03:00"
2026-09-08 18:58:00.615 +03:00 [INF] ServiceManager Heartbeat: DB, Redis, and Services Healthy at "2026-09-08T18:58:00.6154830+03:00"
2026-09-08 18:59:00.622 +03:00 [INF] ServiceManager Heartbeat: DB, Redis, and Services Healthy at "2026-09-08T18:59:00.6229695+03:00"
2026-09-08 19:00:00.643 +03:00 [INF] ServiceManager Heartbeat: DB, Redis, and Services Healthy at "2026-09-08T19:00:00.6434628+03:00"
2026-09-08 19:01:00.649 +03:00 [INF] ServiceManager Heartbeat: DB, Redis, and Services Healthy at "2026-09-08T19:01:00.6496292+03:00"
2026-09-08 19:02:01.725 +03:00 [INF] ServiceManager Heartbeat: DB, Redis, and Services Healthy at "2026-09-08T19:02:01.7259211+03:00"
2026-09-08 19:03:01.738 +03:00 [INF] ServiceManager Heartbeat: DB, Redis, and Services Healthy at "2026-09-08T19:03:01.7387305+03:00"
2026-09-08 19:04:01.750 +03:00 [INF] ServiceManager Heartbeat: DB, Redis, and Services Healthy at "2026-09-08T19:04:01.7501930+03:00"
2026-09-08 19:05:01.762 +03:00 [INF] ServiceManager Heartbeat: DB, Redis, and Services Healthy at "2026-09-08T19:05:01.7622641+03:00"
2026-09-08 19:06:01.777 +03:00 [INF] ServiceManager Heartbeat: DB, Redis, and Services Healthy at "2026-09-08T19:06:01.7773493+03:00"
2026-09-08 19:07:01.789 +03:00 [INF] ServiceManager Heartbeat: DB, Redis, and Services Healthy at "2026-09-08T19:07:01.7898676+03:00"
2026-09-08 19:08:01.808 +03:00 [INF] ServiceManager Heartbeat: DB, Redis, and Services Healthy at "2026-09-08T19:08:01.8085740+03:00"
2026-09-08 19:09:01.822 +03:00 [INF] ServiceManager Heartbeat: DB, Redis, and Services Healthy at "2026-09-08T19:09:01.8221816+03:00"
2026-09-08 19:10:01.829 +03:00 [INF] ServiceManager Heartbeat: DB, Redis, and Services Healthy at "2026-09-08T19:10:01.8291574+03:00"
2026-09-08 19:11:01.843 +03:00 [INF] ServiceManager Heartbeat: DB, Redis, and Services Healthy at "2026-09-08T19:11:01.8437559+03:00"
2026-09-08 19:12:01.849 +03:00 [INF] ServiceManager Heartbeat: DB, Redis, and Services Healthy at "2026-09-08T19:12:01.8498430+03:00"
2026-09-08 19:13:01.854 +03:00 [INF] ServiceManager Heartbeat: DB, Redis, and Services Healthy at "2026-09-08T19:13:01.8541183+03:00"
2026-09-08 19:14:01.859 +03:00 [INF] ServiceManager Heartbeat: DB, Redis, and Services Healthy at "2026-09-08T19:14:01.8596142+03:00"
2026-09-08 19:15:01.867 +03:00 [INF] ServiceManager Heartbeat: DB, Redis, and Services Healthy at "2026-09-08T19:15:01.8674571+03:00"
2026-09-08 19:16:01.875 +03:00 [INF] ServiceManager Heartbeat: DB, Redis, and Services Healthy at "2026-09-08T19:16:01.8756541+03:00"
2026-09-08 19:17:01.882 +03:00 [INF] ServiceManager Heartbeat: DB, Redis, and Services Healthy at "2026-09-08T19:17:01.8821853+03:00"
2026-09-08 19:18:01.900 +03:00 [INF] ServiceManager Heartbeat: DB, Redis, and Services Healthy at "2026-09-08T19:18:01.9007136+03:00"
2026-09-08 19:19:01.905 +03:00 [INF] ServiceManager Heartbeat: DB, Redis, and Services Healthy at "2026-09-08T19:19:01.9053096+03:00"
2026-09-08 19:20:01.913 +03:00 [INF] ServiceManager Heartbeat: DB, Redis, and Services Healthy at "2026-09-08T19:20:01.9130513+03:00"
2026-09-08 19:21:01.929 +03:00 [INF] ServiceManager Heartbeat: DB, Redis, and Services Healthy at "2026-09-08T19:21:01.9295349+03:00"
2026-09-08 19:22:01.935 +03:00 [INF] ServiceManager Heartbeat: DB, Redis, and Services Healthy at "2026-09-08T19:22:01.9357535+03:00"
2026-09-08 19:23:01.945 +03:00 [INF] ServiceManager Heartbeat: DB, Redis, and Services Healthy at "2026-09-08T19:23:01.9453110+03:00"
2026-09-08 19:24:01.951 +03:00 [INF] ServiceManager Heartbeat: DB, Redis, and Services Healthy at "2026-09-08T19:24:01.9510019+03:00"
2026-09-08 19:25:01.961 +03:00 [INF] ServiceManager Heartbeat: DB, Redis, and Services Healthy at "2026-09-08T19:25:01.9612742+03:00"
2026-09-08 19:26:01.975 +03:00 [INF] ServiceManager Heartbeat: DB, Redis, and Services Healthy at "2026-09-08T19:26:01.9757914+03:00"
2026-09-08 19:27:01.991 +03:00 [INF] ServiceManager Heartbeat: DB, Redis, and Services Healthy at "2026-09-08T19:27:01.9912301+03:00"
2026-09-08 19:28:02.001 +03:00 [INF] ServiceManager Heartbeat: DB, Redis, and Services Healthy at "2026-09-08T19:28:02.0017423+03:00"
2026-09-08 19:29:02.011 +03:00 [INF] ServiceManager Heartbeat: DB, Redis, and Services Healthy at "2026-09-08T19:29:02.0118994+03:00"
2026-09-08 19:30:02.028 +03:00 [INF] ServiceManager Heartbeat: DB, Redis, and Services Healthy at "2026-09-08T19:30:02.0285294+03:00"
2026-09-08 19:31:02.034 +03:00 [INF] ServiceManager Heartbeat: DB, Redis, and Services Healthy at "2026-09-08T19:31:02.0342962+03:00"
2026-09-08 19:32:02.041 +03:00 [INF] ServiceManager Heartbeat: DB, Redis, and Services Healthy at "2026-09-08T19:32:02.0413358+03:00"
2026-09-08 19:33:02.058 +03:00 [INF] ServiceManager Heartbeat: DB, Redis, and Services Healthy at "2026-09-08T19:33:02.0581414+03:00"
2026-09-08 19:34:02.061 +03:00 [INF] ServiceManager Heartbeat: DB, Redis, and Services Healthy at "2026-09-08T19:34:02.0615049+03:00"
2026-09-08 19:35:02.078 +03:00 [INF] ServiceManager Heartbeat: DB, Redis, and Services Healthy at "2026-09-08T19:35:02.0786010+03:00"
2026-09-08 19:36:02.094 +03:00 [INF] ServiceManager Heartbeat: DB, Redis, and Services Healthy at "2026-09-08T19:36:02.0944530+03:00"
2026-09-08 19:37:02.112 +03:00 [INF] ServiceManager Heartbeat: DB, Redis, and Services Healthy at "2026-09-08T19:37:02.1125495+03:00"
2026-09-08 19:38:02.121 +03:00 [INF] ServiceManager Heartbeat: DB, Redis, and Services Healthy at "2026-09-08T19:38:02.1215708+03:00"
2026-09-08 19:39:02.140 +03:00 [INF] ServiceManager Heartbeat: DB, Redis, and Services Healthy at "2026-09-08T19:39:02.1406421+03:00"
2026-09-08 19:40:02.159 +03:00 [INF] ServiceManager Heartbeat: DB, Redis, and Services Healthy at "2026-09-08T19:40:02.1594827+03:00"
2026-09-08 19:41:02.163 +03:00 [INF] ServiceManager Heartbeat: DB, Redis, and Services Healthy at "2026-09-08T19:41:02.1634844+03:00"
2026-09-08 19:42:02.171 +03:00 [INF] ServiceManager Heartbeat: DB, Redis, and Services Healthy at "2026-09-08T19:42:02.1712572+03:00"
2026-09-08 19:43:02.181 +03:00 [INF] ServiceManager Heartbeat: DB, Redis, and Services Healthy at "2026-09-08T19:43:02.1819013+03:00"
2026-09-08 19:44:02.191 +03:00 [INF] ServiceManager Heartbeat: DB, Redis, and Services Healthy at "2026-09-08T19:44:02.1912041+03:00"
2026-09-08 19:45:02.196 +03:00 [INF] ServiceManager Heartbeat: DB, Redis, and Services Healthy at "2026-09-08T19:45:02.1960631+03:00"
2026-09-08 19:46:02.211 +03:00 [INF] ServiceManager Heartbeat: DB, Redis, and Services Healthy at "2026-09-08T19:46:02.2117725+03:00"
2026-09-08 19:47:02.216 +03:00 [INF] ServiceManager Heartbeat: DB, Redis, and Services Healthy at "2026-09-08T19:47:02.2162678+03:00"
2026-09-08 19:48:02.227 +03:00 [INF] ServiceManager Heartbeat: DB, Redis, and Services Healthy at "2026-09-08T19:48:02.2273882+03:00"
2026-09-08 19:49:02.243 +03:00 [INF] ServiceManager Heartbeat: DB, Redis, and Services Healthy at "2026-09-08T19:49:02.2434128+03:00"
2026-09-08 19:50:02.253 +03:00 [INF] ServiceManager Heartbeat: DB, Redis, and Services Healthy at "2026-09-08T19:50:02.2538072+03:00"
2026-09-08 19:51:02.268 +03:00 [INF] ServiceManager Heartbeat: DB, Redis, and Services Healthy at "2026-09-08T19:51:02.2687461+03:00"
2026-09-08 19:52:02.272 +03:00 [INF] ServiceManager Heartbeat: DB, Redis, and Services Healthy at "2026-09-08T19:52:02.2720560+03:00"
2026-09-08 19:53:02.283 +03:00 [INF] ServiceManager Heartbeat: DB, Redis, and Services Healthy at "2026-09-08T19:53:02.2836594+03:00"
2026-09-08 19:54:02.292 +03:00 [INF] ServiceManager Heartbeat: DB, Redis, and Services Healthy at "2026-09-08T19:54:02.2925577+03:00"
2026-09-08 19:55:02.310 +03:00 [INF] ServiceManager Heartbeat: DB, Redis, and Services Healthy at "2026-09-08T19:55:02.3104736+03:00"
2026-09-08 19:56:02.322 +03:00 [INF] ServiceManager Heartbeat: DB, Redis, and Services Healthy at "2026-09-08T19:56:02.3226360+03:00"
2026-09-08 19:57:02.326 +03:00 [INF] ServiceManager Heartbeat: DB, Redis, and Services Healthy at "2026-09-08T19:57:02.3263586+03:00"
2026-09-08 19:58:02.339 +03:00 [INF] ServiceManager Heartbeat: DB, Redis, and Services Healthy at "2026-09-08T19:58:02.3398547+03:00"
2026-09-08 19:59:02.356 +03:00 [INF] ServiceManager Heartbeat: DB, Redis, and Services Healthy at "2026-09-08T19:59:02.3567927+03:00"
2026-09-08 20:00:02.372 +03:00 [INF] ServiceManager Heartbeat: DB, Redis, and Services Healthy at "2026-09-08T20:00:02.3728955+03:00"
2026-09-08 20:01:02.384 +03:00 [INF] ServiceManager Heartbeat: DB, Redis, and Services Healthy at "2026-09-08T20:01:02.3847994+03:00"
2026-09-08 20:02:02.393 +03:00 [INF] ServiceManager Heartbeat: DB, Redis, and Services Healthy at "2026-09-08T20:02:02.3935035+03:00"
2026-09-08 20:03:02.405 +03:00 [INF] ServiceManager Heartbeat: DB, Redis, and Services Healthy at "2026-09-08T20:03:02.4059149+03:00"
2026-09-08 20:04:02.420 +03:00 [INF] ServiceManager Heartbeat: DB, Redis, and Services Healthy at "2026-09-08T20:04:02.4206599+03:00"
2026-09-08 20:05:02.428 +03:00 [INF] ServiceManager Heartbeat: DB, Redis, and Services Healthy at "2026-09-08T20:05:02.4280088+03:00"
2026-09-08 20:06:02.439 +03:00 [INF] ServiceManager Heartbeat: DB, Redis, and Services Healthy at "2026-09-08T20:06:02.4392112+03:00"
2026-09-08 20:07:02.458 +03:00 [INF] ServiceManager Heartbeat: DB, Redis, and Services Healthy at "2026-09-08T20:07:02.4586960+03:00"
2026-09-08 20:08:02.473 +03:00 [INF] ServiceManager Heartbeat: DB, Redis, and Services Healthy at "2026-09-08T20:08:02.4732172+03:00"
2026-09-08 20:09:02.489 +03:00 [INF] ServiceManager Heartbeat: DB, Redis, and Services Healthy at "2026-09-08T20:09:02.4897716+03:00"
2026-09-08 20:10:02.506 +03:00 [INF] ServiceManager Heartbeat: DB, Redis, and Services Healthy at "2026-09-08T20:10:02.5061753+03:00"
2026-09-08 20:11:02.513 +03:00 [INF] ServiceManager Heartbeat: DB, Redis, and Services Healthy at "2026-09-08T20:11:02.5137522+03:00"
2026-09-08 20:12:02.520 +03:00 [INF] ServiceManager Heartbeat: DB, Redis, and Services Healthy at "2026-09-08T20:12:02.5209622+03:00"
2026-09-08 20:13:02.532 +03:00 [INF] ServiceManager Heartbeat: DB, Redis, and Services Healthy at "2026-09-08T20:13:02.5326061+03:00"
2026-09-08 20:14:02.546 +03:00 [INF] ServiceManager Heartbeat: DB, Redis, and Services Healthy at "2026-09-08T20:14:02.5466841+03:00"
2026-09-08 20:15:02.566 +03:00 [INF] ServiceManager Heartbeat: DB, Redis, and Services Healthy at "2026-09-08T20:15:02.5665288+03:00"
2026-09-08 20:16:02.577 +03:00 [INF] ServiceManager Heartbeat: DB, Redis, and Services Healthy at "2026-09-08T20:16:02.5773286+03:00"
2026-09-08 20:17:02.602 +03:00 [INF] ServiceManager Heartbeat: DB, Redis, and Services Healthy at "2026-09-08T20:17:02.6020713+03:00"
2026-09-08 20:18:02.619 +03:00 [INF] ServiceManager Heartbeat: DB, Redis, and Services Healthy at "2026-09-08T20:18:02.6190008+03:00"
2026-09-08 20:19:02.631 +03:00 [INF] ServiceManager Heartbeat: DB, Redis, and Services Healthy at "2026-09-08T20:19:02.6316065+03:00"
2026-09-08 20:20:02.644 +03:00 [INF] ServiceManager Heartbeat: DB, Redis, and Services Healthy at "2026-09-08T20:20:02.6442305+03:00"
2026-09-08 20:21:02.660 +03:00 [INF] ServiceManager Heartbeat: DB, Redis, and Services Healthy at "2026-09-08T20:21:02.6604127+03:00"
2026-09-08 20:22:02.676 +03:00 [INF] ServiceManager Heartbeat: DB, Redis, and Services Healthy at "2026-09-08T20:22:02.6759933+03:00"
2026-09-08 20:23:02.682 +03:00 [INF] ServiceManager Heartbeat: DB, Redis, and Services Healthy at "2026-09-08T20:23:02.6822324+03:00"
2026-09-08 20:24:02.692 +03:00 [INF] ServiceManager Heartbeat: DB, Redis, and Services Healthy at "2026-09-08T20:24:02.6929488+03:00"
2026-09-08 20:25:02.701 +03:00 [INF] ServiceManager Heartbeat: DB, Redis, and Services Healthy at "2026-09-08T20:25:02.7018203+03:00"
2026-09-08 20:26:02.711 +03:00 [INF] ServiceManager Heartbeat: DB, Redis, and Services Healthy at "2026-09-08T20:26:02.7118560+03:00"
2026-09-08 20:27:02.717 +03:00 [INF] ServiceManager Heartbeat: DB, Redis, and Services Healthy at "2026-09-08T20:27:02.7172488+03:00"
2026-09-08 20:28:02.723 +03:00 [INF] ServiceManager Heartbeat: DB, Redis, and Services Healthy at "2026-09-08T20:28:02.7239403+03:00"
2026-09-08 20:29:02.735 +03:00 [INF] ServiceManager Heartbeat: DB, Redis, and Services Healthy at "2026-09-08T20:29:02.7351962+03:00"
2026-09-08 20:30:02.743 +03:00 [INF] ServiceManager Heartbeat: DB, Redis, and Services Healthy at "2026-09-08T20:30:02.7438641+03:00"
2026-09-08 20:31:02.751 +03:00 [INF] ServiceManager Heartbeat: DB, Redis, and Services Healthy at "2026-09-08T20:31:02.7518223+03:00"
2026-09-08 20:32:02.757 +03:00 [INF] ServiceManager Heartbeat: DB, Redis, and Services Healthy at "2026-09-08T20:32:02.7576673+03:00"
2026-09-08 20:33:02.773 +03:00 [INF] ServiceManager Heartbeat: DB, Redis, and Services Healthy at "2026-09-08T20:33:02.7737682+03:00"
2026-09-08 20:34:02.783 +03:00 [INF] ServiceManager Heartbeat: DB, Redis, and Services Healthy at "2026-09-08T20:34:02.7831585+03:00"
2026-09-08 20:35:02.799 +03:00 [INF] ServiceManager Heartbeat: DB, Redis, and Services Healthy at "2026-09-08T20:35:02.7996951+03:00"
2026-09-08 20:36:02.813 +03:00 [INF] ServiceManager Heartbeat: DB, Redis, and Services Healthy at "2026-09-08T20:36:02.8136013+03:00"
2026-09-08 20:37:02.817 +03:00 [INF] ServiceManager Heartbeat: DB, Redis, and Services Healthy at "2026-09-08T20:37:02.8172300+03:00"
2026-09-08 20:38:02.827 +03:00 [INF] ServiceManager Heartbeat: DB, Redis, and Services Healthy at "2026-09-08T20:38:02.8272715+03:00"
2026-09-08 20:39:02.837 +03:00 [INF] ServiceManager Heartbeat: DB, Redis, and Services Healthy at "2026-09-08T20:39:02.8373247+03:00"
2026-09-08 20:40:02.853 +03:00 [INF] ServiceManager Heartbeat: DB, Redis, and Services Healthy at "2026-09-08T20:40:02.8533277+03:00"
2026-09-08 20:41:02.859 +03:00 [INF] ServiceManager Heartbeat: DB, Redis, and Services Healthy at "2026-09-08T20:41:02.8592588+03:00"
2026-09-08 20:42:02.871 +03:00 [INF] ServiceManager Heartbeat: DB, Redis, and Services Healthy at "2026-09-08T20:42:02.8712595+03:00"
2026-09-08 20:43:02.880 +03:00 [INF] ServiceManager Heartbeat: DB, Redis, and Services Healthy at "2026-09-08T20:43:02.8809605+03:00"
2026-09-08 20:44:02.890 +03:00 [INF] ServiceManager Heartbeat: DB, Redis, and Services Healthy at "2026-09-08T20:44:02.8909742+03:00"
2026-09-08 20:45:02.905 +03:00 [INF] ServiceManager Heartbeat: DB, Redis, and Services Healthy at "2026-09-08T20:45:02.9053629+03:00"
2026-09-08 20:46:02.908 +03:00 [INF] ServiceManager Heartbeat: DB, Redis, and Services Healthy at "2026-09-08T20:46:02.9087041+03:00"
2026-09-08 20:47:02.912 +03:00 [INF] ServiceManager Heartbeat: DB, Redis, and Services Healthy at "2026-09-08T20:47:02.9123000+03:00"
2026-09-08 20:48:02.917 +03:00 [INF] ServiceManager Heartbeat: DB, Redis, and Services Healthy at "2026-09-08T20:48:02.9177553+03:00"
2026-09-08 20:49:02.924 +03:00 [INF] ServiceManager Heartbeat: DB, Redis, and Services Healthy at "2026-09-08T20:49:02.9246095+03:00"
2026-09-08 20:50:02.942 +03:00 [INF] ServiceManager Heartbeat: DB, Redis, and Services Healthy at "2026-09-08T20:50:02.9425611+03:00"
2026-09-08 20:51:02.956 +03:00 [INF] ServiceManager Heartbeat: DB, Redis, and Services Healthy at "2026-09-08T20:51:02.9564560+03:00"
2026-09-08 20:52:02.970 +03:00 [INF] ServiceManager Heartbeat: DB, Redis, and Services Healthy at "2026-09-08T20:52:02.9701934+03:00"
2026-09-08 20:53:02.978 +03:00 [INF] ServiceManager Heartbeat: DB, Redis, and Services Healthy at "2026-09-08T20:53:02.9784885+03:00"
2026-09-08 20:54:02.988 +03:00 [INF] ServiceManager Heartbeat: DB, Redis, and Services Healthy at "2026-09-08T20:54:02.9889382+03:00"
2026-09-08 20:55:03.003 +03:00 [INF] ServiceManager Heartbeat: DB, Redis, and Services Healthy at "2026-09-08T20:55:03.0034078+03:00"
2026-09-08 20:56:03.016 +03:00 [INF] ServiceManager Heartbeat: DB, Redis, and Services Healthy at "2026-09-08T20:56:03.0169589+03:00"
2026-09-08 20:57:03.023 +03:00 [INF] ServiceManager Heartbeat: DB, Redis, and Services Healthy at "2026-09-08T20:57:03.0233150+03:00"
2026-09-08 20:58:03.036 +03:00 [INF] ServiceManager Heartbeat: DB, Redis, and Services Healthy at "2026-09-08T20:58:03.0363786+03:00"
2026-09-08 20:59:03.053 +03:00 [INF] ServiceManager Heartbeat: DB, Redis, and Services Healthy at "2026-09-08T20:59:03.0535623+03:00"
2026-09-08 21:00:03.064 +03:00 [INF] ServiceManager Heartbeat: DB, Redis, and Services Healthy at "2026-09-08T21:00:03.0644711+03:00"
2026-09-08 21:01:03.075 +03:00 [INF] ServiceManager Heartbeat: DB, Redis, and Services Healthy at "2026-09-08T21:01:03.0750253+03:00"
2026-09-08 21:02:03.086 +03:00 [INF] ServiceManager Heartbeat: DB, Redis, and Services Healthy at "2026-09-08T21:02:03.0860278+03:00"
2026-09-08 21:03:03.096 +03:00 [INF] ServiceManager Heartbeat: DB, Redis, and Services Healthy at "2026-09-08T21:03:03.0967401+03:00"
2026-09-08 21:04:03.108 +03:00 [INF] ServiceManager Heartbeat: DB, Redis, and Services Healthy at "2026-09-08T21:04:03.1082454+03:00"
2026-09-08 21:05:03.121 +03:00 [INF] ServiceManager Heartbeat: DB, Redis, and Services Healthy at "2026-09-08T21:05:03.1215190+03:00"
2026-09-08 21:06:03.135 +03:00 [INF] ServiceManager Heartbeat: DB, Redis, and Services Healthy at "2026-09-08T21:06:03.1351863+03:00"
2026-09-08 21:07:03.152 +03:00 [INF] ServiceManager Heartbeat: DB, Redis, and Services Healthy at "2026-09-08T21:07:03.1525608+03:00"
2026-09-08 21:08:03.180 +03:00 [INF] ServiceManager Heartbeat: DB, Redis, and Services Healthy at "2026-09-08T21:08:03.1800162+03:00"
2026-09-08 21:09:03.186 +03:00 [INF] ServiceManager Heartbeat: DB, Redis, and Services Healthy at "2026-09-08T21:09:03.1866719+03:00"
2026-09-08 21:10:03.200 +03:00 [INF] ServiceManager Heartbeat: DB, Redis, and Services Healthy at "2026-09-08T21:10:03.2007667+03:00"
2026-09-08 21:11:03.210 +03:00 [INF] ServiceManager Heartbeat: DB, Redis, and Services Healthy at "2026-09-08T21:11:03.2107822+03:00"
2026-09-08 21:12:03.216 +03:00 [INF] ServiceManager Heartbeat: DB, Redis, and Services Healthy at "2026-09-08T21:12:03.2167184+03:00"
2026-09-08 21:13:03.228 +03:00 [INF] ServiceManager Heartbeat: DB, Redis, and Services Healthy at "2026-09-08T21:13:03.2288338+03:00"
2026-09-08 21:14:03.234 +03:00 [INF] ServiceManager Heartbeat: DB, Redis, and Services Healthy at "2026-09-08T21:14:03.2343436+03:00"
2026-09-08 21:15:03.251 +03:00 [INF] ServiceManager Heartbeat: DB, Redis, and Services Healthy at "2026-09-08T21:15:03.2512815+03:00"
2026-09-08 21:16:03.270 +03:00 [INF] ServiceManager Heartbeat: DB, Redis, and Services Healthy at "2026-09-08T21:16:03.2701819+03:00"
2026-09-08 21:17:03.283 +03:00 [INF] ServiceManager Heartbeat: DB, Redis, and Services Healthy at "2026-09-08T21:17:03.2835182+03:00"
2026-09-08 21:18:03.311 +03:00 [INF] ServiceManager Heartbeat: DB, Redis, and Services Healthy at "2026-09-08T21:18:03.3112251+03:00"
2026-09-08 21:19:04.803 +03:00 [INF] ServiceManager Heartbeat: DB, Redis, and Services Healthy at "2026-09-08T21:19:04.8033488+03:00"
2026-09-08 21:20:04.816 +03:00 [INF] ServiceManager Heartbeat: DB, Redis, and Services Healthy at "2026-09-08T21:20:04.8160282+03:00"
2026-09-08 21:21:04.824 +03:00 [INF] ServiceManager Heartbeat: DB, Redis, and Services Healthy at "2026-09-08T21:21:04.8248021+03:00"
2026-09-08 21:22:04.840 +03:00 [INF] ServiceManager Heartbeat: DB, Redis, and Services Healthy at "2026-09-08T21:22:04.8403972+03:00"
2026-09-08 21:23:04.855 +03:00 [INF] ServiceManager Heartbeat: DB, Redis, and Services Healthy at "2026-09-08T21:23:04.8556797+03:00"
2026-09-08 21:24:04.880 +03:00 [INF] ServiceManager Heartbeat: DB, Redis, and Services Healthy at "2026-09-08T21:24:04.8809270+03:00"
2026-09-08 21:25:04.902 +03:00 [INF] ServiceManager Heartbeat: DB, Redis, and Services Healthy at "2026-09-08T21:25:04.9023771+03:00"
2026-09-08 21:26:04.944 +03:00 [INF] ServiceManager Heartbeat: DB, Redis, and Services Healthy at "2026-09-08T21:26:04.9449411+03:00"
2026-09-08 21:27:05.020 +03:00 [INF] ServiceManager Heartbeat: DB, Redis, and Services Healthy at "2026-09-08T21:27:05.0207079+03:00"
2026-09-08 21:28:05.032 +03:00 [INF] ServiceManager Heartbeat: DB, Redis, and Services Healthy at "2026-09-08T21:28:05.0327282+03:00"
2026-09-08 21:29:05.045 +03:00 [INF] ServiceManager Heartbeat: DB, Redis, and Services Healthy at "2026-09-08T21:29:05.0454717+03:00"
2026-09-08 21:30:05.056 +03:00 [INF] ServiceManager Heartbeat: DB, Redis, and Services Healthy at "2026-09-08T21:30:05.0566850+03:00"
2026-09-08 21:31:05.078 +03:00 [INF] ServiceManager Heartbeat: DB, Redis, and Services Healthy at "2026-09-08T21:31:05.0786271+03:00"
2026-09-08 21:32:05.086 +03:00 [INF] ServiceManager Heartbeat: DB, Redis, and Services Healthy at "2026-09-08T21:32:05.0863737+03:00"
2026-09-08 21:33:05.119 +03:00 [INF] ServiceManager Heartbeat: DB, Redis, and Services Healthy at "2026-09-08T21:33:05.1191559+03:00"
2026-09-08 21:34:05.854 +03:00 [INF] ServiceManager Heartbeat: DB, Redis, and Services Healthy at "2026-09-08T21:34:05.8542018+03:00"
2026-09-08 21:35:05.883 +03:00 [INF] ServiceManager Heartbeat: DB, Redis, and Services Healthy at "2026-09-08T21:35:05.8830518+03:00"
2026-09-08 21:36:05.899 +03:00 [INF] ServiceManager Heartbeat: DB, Redis, and Services Healthy at "2026-09-08T21:36:05.8995311+03:00"
2026-09-08 21:37:05.910 +03:00 [INF] ServiceManager Heartbeat: DB, Redis, and Services Healthy at "2026-09-08T21:37:05.9108229+03:00"
2026-09-08 21:38:05.933 +03:00 [INF] ServiceManager Heartbeat: DB, Redis, and Services Healthy at "2026-09-08T21:38:05.9337555+03:00"
2026-09-08 21:39:05.961 +03:00 [INF] ServiceManager Heartbeat: DB, Redis, and Services Healthy at "2026-09-08T21:39:05.9616951+03:00"
2026-09-08 21:40:06.036 +03:00 [INF] ServiceManager Heartbeat: DB, Redis, and Services Healthy at "2026-09-08T21:40:06.0360946+03:00"
2026-09-08 21:41:06.050 +03:00 [INF] ServiceManager Heartbeat: DB, Redis, and Services Healthy at "2026-09-08T21:41:06.0506892+03:00"
2026-09-08 21:42:06.088 +03:00 [INF] ServiceManager Heartbeat: DB, Redis, and Services Healthy at "2026-09-08T21:42:06.0886133+03:00"
2026-09-08 21:43:06.504 +03:00 [INF] ServiceManager Heartbeat: DB, Redis, and Services Healthy at "2026-09-08T21:43:06.5044691+03:00"
2026-09-08 21:44:06.513 +03:00 [INF] ServiceManager Heartbeat: DB, Redis, and Services Healthy at "2026-09-08T21:44:06.5136295+03:00"
2026-09-08 21:45:06.541 +03:00 [INF] ServiceManager Heartbeat: DB, Redis, and Services Healthy at "2026-09-08T21:45:06.5418618+03:00"
2026-09-08 21:46:06.647 +03:00 [INF] ServiceManager Heartbeat: DB, Redis, and Services Healthy at "2026-09-08T21:46:06.6477439+03:00"
2026-09-08 21:47:06.652 +03:00 [INF] ServiceManager Heartbeat: DB, Redis, and Services Healthy at "2026-09-08T21:47:06.6526183+03:00"
2026-09-08 21:48:06.672 +03:00 [INF] ServiceManager Heartbeat: DB, Redis, and Services Healthy at "2026-09-08T21:48:06.6725447+03:00"
2026-09-08 21:49:06.690 +03:00 [INF] ServiceManager Heartbeat: DB, Redis, and Services Healthy at "2026-09-08T21:49:06.6905289+03:00"
2026-09-08 21:50:06.706 +03:00 [INF] ServiceManager Heartbeat: DB, Redis, and Services Healthy at "2026-09-08T21:50:06.7069556+03:00"
2026-09-08 21:51:06.725 +03:00 [INF] ServiceManager Heartbeat: DB, Redis, and Services Healthy at "2026-09-08T21:51:06.7256200+03:00"
2026-09-08 21:52:06.745 +03:00 [INF] ServiceManager Heartbeat: DB, Redis, and Services Healthy at "2026-09-08T21:52:06.7452979+03:00"
2026-09-08 21:53:06.765 +03:00 [INF] ServiceManager Heartbeat: DB, Redis, and Services Healthy at "2026-09-08T21:53:06.7651560+03:00"
2026-09-08 21:54:06.785 +03:00 [INF] ServiceManager Heartbeat: DB, Redis, and Services Healthy at "2026-09-08T21:54:06.7850137+03:00"
2026-09-08 21:55:06.806 +03:00 [INF] ServiceManager Heartbeat: DB, Redis, and Services Healthy at "2026-09-08T21:55:06.8066470+03:00"
2026-09-08 21:56:06.848 +03:00 [INF] ServiceManager Heartbeat: DB, Redis, and Services Healthy at "2026-09-08T21:56:06.8486662+03:00"
2026-09-08 21:57:07.152 +03:00 [INF] ServiceManager Heartbeat: DB, Redis, and Services Healthy at "2026-09-08T21:57:07.1521836+03:00"
2026-09-08 21:58:07.169 +03:00 [INF] ServiceManager Heartbeat: DB, Redis, and Services Healthy at "2026-09-08T21:58:07.1695570+03:00"
2026-09-08 21:59:07.185 +03:00 [INF] ServiceManager Heartbeat: DB, Redis, and Services Healthy at "2026-09-08T21:59:07.1854279+03:00"
2026-09-08 22:00:07.191 +03:00 [INF] ServiceManager Heartbeat: DB, Redis, and Services Healthy at "2026-09-08T22:00:07.1916009+03:00"
2026-09-08 22:01:07.563 +03:00 [INF] ServiceManager Heartbeat: DB, Redis, and Services Healthy at "2026-09-08T22:01:07.5634850+03:00"
2026-09-08 22:02:07.582 +03:00 [INF] ServiceManager Heartbeat: DB, Redis, and Services Healthy at "2026-09-08T22:02:07.5821241+03:00"
