2026-09-16 10:28:38.258 +03:00 [INF] ServiceManager Heartbeat: DB, Redis, and Services Healthy at "2026-09-16T10:28:38.2022694+03:00"
2026-09-16 10:28:38.373 +03:00 [INF] Starting LabInstrumentListenerWorker TCP listener on Port 2575 (HL7)...
2026-09-16 10:28:38.393 +03:00 [INF] Application started. Press Ctrl+C to shut down.
2026-09-16 10:28:38.397 +03:00 [INF] Hosting environment: Development
2026-09-16 10:28:38.401 +03:00 [INF] Content root path: C:\Users\ASUS\source\repos\CMS\src\CMS.ServiceManager
2026-09-16 10:29:38.364 +03:00 [INF] ServiceManager Heartbeat: DB, Redis, and Services Healthy at "2026-09-16T10:29:38.3642567+03:00"
2026-09-16 10:30:38.369 +03:00 [INF] ServiceManager Heartbeat: DB, Redis, and Services Healthy at "2026-09-16T10:30:38.3695000+03:00"
2026-09-16 10:31:38.381 +03:00 [INF] ServiceManager Heartbeat: DB, Redis, and Services Healthy at "2026-09-16T10:31:38.3812016+03:00"
2026-09-16 10:32:38.389 +03:00 [INF] ServiceManager Heartbeat: DB, Redis, and Services Healthy at "2026-09-16T10:32:38.3893619+03:00"
2026-09-16 10:33:38.397 +03:00 [INF] ServiceManager Heartbeat: DB, Redis, and Services Healthy at "2026-09-16T10:33:38.3966873+03:00"
2026-09-16 10:34:38.413 +03:00 [INF] ServiceManager Heartbeat: DB, Redis, and Services Healthy at "2026-09-16T10:34:38.4127502+03:00"
2026-09-16 10:35:38.422 +03:00 [INF] ServiceManager Heartbeat: DB, Redis, and Services Healthy at "2026-09-16T10:35:38.4221378+03:00"
2026-09-16 10:36:38.440 +03:00 [INF] ServiceManager Heartbeat: DB, Redis, and Services Healthy at "2026-09-16T10:36:38.4408003+03:00"
2026-09-16 10:37:38.455 +03:00 [INF] ServiceManager Heartbeat: DB, Redis, and Services Healthy at "2026-09-16T10:37:38.4557974+03:00"
2026-09-16 10:38:38.473 +03:00 [INF] ServiceManager Heartbeat: DB, Redis, and Services Healthy at "2026-09-16T10:38:38.4731315+03:00"
2026-09-16 10:39:38.479 +03:00 [INF] ServiceManager Heartbeat: DB, Redis, and Services Healthy at "2026-09-16T10:39:38.4790486+03:00"
2026-09-16 10:40:38.489 +03:00 [INF] ServiceManager Heartbeat: DB, Redis, and Services Healthy at "2026-09-16T10:40:38.4890765+03:00"
2026-09-16 10:41:38.496 +03:00 [INF] ServiceManager Heartbeat: DB, Redis, and Services Healthy at "2026-09-16T10:41:38.4964396+03:00"
2026-09-16 10:42:38.506 +03:00 [INF] ServiceManager Heartbeat: DB, Redis, and Services Healthy at "2026-09-16T10:42:38.5059492+03:00"
2026-09-16 10:43:38.513 +03:00 [INF] ServiceManager Heartbeat: DB, Redis, and Services Healthy at "2026-09-16T10:43:38.5135908+03:00"
2026-09-16 10:44:38.530 +03:00 [INF] ServiceManager Heartbeat: DB, Redis, and Services Healthy at "2026-09-16T10:44:38.5295580+03:00"
2026-09-16 10:45:38.545 +03:00 [INF] ServiceManager Heartbeat: DB, Redis, and Services Healthy at "2026-09-16T10:45:38.5456956+03:00"
2026-09-16 10:46:38.554 +03:00 [INF] ServiceManager Heartbeat: DB, Redis, and Services Healthy at "2026-09-16T10:46:38.5546451+03:00"
2026-09-16 10:47:38.571 +03:00 [INF] ServiceManager Heartbeat: DB, Redis, and Services Healthy at "2026-09-16T10:47:38.5710789+03:00"
2026-09-16 10:48:38.584 +03:00 [INF] ServiceManager Heartbeat: DB, Redis, and Services Healthy at "2026-09-16T10:48:38.5846820+03:00"
2026-09-16 10:49:38.619 +03:00 [INF] ServiceManager Heartbeat: DB, Redis, and Services Healthy at "2026-09-16T10:49:38.6196907+03:00"
2026-09-16 10:50:38.627 +03:00 [INF] ServiceManager Heartbeat: DB, Redis, and Services Healthy at "2026-09-16T10:50:38.6276477+03:00"
2026-09-16 10:51:38.644 +03:00 [INF] ServiceManager Heartbeat: DB, Redis, and Services Healthy at "2026-09-16T10:51:38.6447776+03:00"
2026-09-16 10:52:38.661 +03:00 [INF] ServiceManager Heartbeat: DB, Redis, and Services Healthy at "2026-09-16T10:52:38.6614311+03:00"
2026-09-16 10:53:38.666 +03:00 [INF] ServiceManager Heartbeat: DB, Redis, and Services Healthy at "2026-09-16T10:53:38.6668680+03:00"
2026-09-16 10:54:38.673 +03:00 [INF] ServiceManager Heartbeat: DB, Redis, and Services Healthy at "2026-09-16T10:54:38.6739050+03:00"
2026-09-16 10:55:38.691 +03:00 [INF] ServiceManager Heartbeat: DB, Redis, and Services Healthy at "2026-09-16T10:55:38.6912285+03:00"
2026-09-16 10:56:38.703 +03:00 [INF] ServiceManager Heartbeat: DB, Redis, and Services Healthy at "2026-09-16T10:56:38.7037641+03:00"
2026-09-16 10:57:38.715 +03:00 [INF] ServiceManager Heartbeat: DB, Redis, and Services Healthy at "2026-09-16T10:57:38.7150547+03:00"
2026-09-16 10:58:38.721 +03:00 [INF] ServiceManager Heartbeat: DB, Redis, and Services Healthy at "2026-09-16T10:58:38.7210306+03:00"
2026-09-16 10:59:38.734 +03:00 [INF] ServiceManager Heartbeat: DB, Redis, and Services Healthy at "2026-09-16T10:59:38.7334675+03:00"
2026-09-16 11:00:38.751 +03:00 [INF] ServiceManager Heartbeat: DB, Redis, and Services Healthy at "2026-09-16T11:00:38.7512573+03:00"
2026-09-16 11:01:38.756 +03:00 [INF] ServiceManager Heartbeat: DB, Redis, and Services Healthy at "2026-09-16T11:01:38.7566142+03:00"
2026-09-16 11:02:38.768 +03:00 [INF] ServiceManager Heartbeat: DB, Redis, and Services Healthy at "2026-09-16T11:02:38.7681283+03:00"
2026-09-16 11:03:38.785 +03:00 [INF] ServiceManager Heartbeat: DB, Redis, and Services Healthy at "2026-09-16T11:03:38.7855735+03:00"
2026-09-16 11:04:38.792 +03:00 [INF] ServiceManager Heartbeat: DB, Redis, and Services Healthy at "2026-09-16T11:04:38.7926976+03:00"
2026-09-16 11:05:38.796 +03:00 [INF] ServiceManager Heartbeat: DB, Redis, and Services Healthy at "2026-09-16T11:05:38.7966433+03:00"
2026-09-16 11:06:38.811 +03:00 [INF] ServiceManager Heartbeat: DB, Redis, and Services Healthy at "2026-09-16T11:06:38.8111355+03:00"
2026-09-16 11:07:38.818 +03:00 [INF] ServiceManager Heartbeat: DB, Redis, and Services Healthy at "2026-09-16T11:07:38.8180011+03:00"
2026-09-16 11:08:38.826 +03:00 [INF] ServiceManager Heartbeat: DB, Redis, and Services Healthy at "2026-09-16T11:08:38.8260437+03:00"
2026-09-16 11:08:42.405 +03:00 [INF] Application is shutting down...
2026-09-16 11:08:42.422 +03:00 [ERR] LabInstrumentListenerWorker error
System.Threading.Tasks.TaskCanceledException: A task was canceled.
   at CMS.ServiceManager.Workers.LabInstrumentListenerWorker.ExecuteAsync(CancellationToken stoppingToken) in C:\Users\ASUS\source\repos\CMS\src\CMS.ServiceManager\Workers\Workers.cs:line 81
2026-09-16 11:09:01.259 +03:00 [INF] ServiceManager Heartbeat: DB, Redis, and Services Healthy at "2026-09-16T11:09:01.2078589+03:00"
2026-09-16 11:09:01.376 +03:00 [INF] Starting LabInstrumentListenerWorker TCP listener on Port 2575 (HL7)...
2026-09-16 11:09:01.394 +03:00 [INF] Application started. Press Ctrl+C to shut down.
2026-09-16 11:09:01.397 +03:00 [INF] Hosting environment: Development
2026-09-16 11:09:01.400 +03:00 [INF] Content root path: C:\Users\ASUS\source\repos\CMS\src\CMS.ServiceManager
2026-09-16 11:10:01.377 +03:00 [INF] ServiceManager Heartbeat: DB, Redis, and Services Healthy at "2026-09-16T11:10:01.3769598+03:00"
2026-09-16 11:11:01.390 +03:00 [INF] ServiceManager Heartbeat: DB, Redis, and Services Healthy at "2026-09-16T11:11:01.3907169+03:00"
2026-09-16 11:12:01.404 +03:00 [INF] ServiceManager Heartbeat: DB, Redis, and Services Healthy at "2026-09-16T11:12:01.4044449+03:00"
2026-09-16 11:13:01.419 +03:00 [INF] ServiceManager Heartbeat: DB, Redis, and Services Healthy at "2026-09-16T11:13:01.4192376+03:00"
2026-09-16 11:13:39.129 +03:00 [INF] Application is shutting down...
2026-09-16 11:13:39.158 +03:00 [ERR] LabInstrumentListenerWorker error
System.Threading.Tasks.TaskCanceledException: A task was canceled.
   at CMS.ServiceManager.Workers.LabInstrumentListenerWorker.ExecuteAsync(CancellationToken stoppingToken) in C:\Users\ASUS\source\repos\CMS\src\CMS.ServiceManager\Workers\Workers.cs:line 81
2026-09-16 11:14:33.881 +03:00 [INF] ServiceManager Heartbeat: DB, Redis, and Services Healthy at "2026-09-16T11:14:33.8175728+03:00"
2026-09-16 11:14:34.008 +03:00 [INF] Starting LabInstrumentListenerWorker TCP listener on Port 2575 (HL7)...
2026-09-16 11:14:34.025 +03:00 [INF] Application started. Press Ctrl+C to shut down.
2026-09-16 11:14:34.028 +03:00 [INF] Hosting environment: Development
2026-09-16 11:14:34.031 +03:00 [INF] Content root path: C:\Users\ASUS\source\repos\CMS\src\CMS.ServiceManager
2026-09-16 11:15:33.998 +03:00 [INF] ServiceManager Heartbeat: DB, Redis, and Services Healthy at "2026-09-16T11:15:33.9988269+03:00"
2026-09-16 11:16:34.017 +03:00 [INF] ServiceManager Heartbeat: DB, Redis, and Services Healthy at "2026-09-16T11:16:34.0173616+03:00"
2026-09-16 11:17:34.033 +03:00 [INF] ServiceManager Heartbeat: DB, Redis, and Services Healthy at "2026-09-16T11:17:34.0335935+03:00"
2026-09-16 11:18:34.037 +03:00 [INF] ServiceManager Heartbeat: DB, Redis, and Services Healthy at "2026-09-16T11:18:34.0375293+03:00"
2026-09-16 11:19:34.045 +03:00 [INF] ServiceManager Heartbeat: DB, Redis, and Services Healthy at "2026-09-16T11:19:34.0453972+03:00"
2026-09-16 11:20:34.088 +03:00 [INF] ServiceManager Heartbeat: DB, Redis, and Services Healthy at "2026-09-16T11:20:34.0879625+03:00"
2026-09-16 11:21:34.091 +03:00 [INF] ServiceManager Heartbeat: DB, Redis, and Services Healthy at "2026-09-16T11:21:34.0915263+03:00"
2026-09-16 11:22:34.097 +03:00 [INF] ServiceManager Heartbeat: DB, Redis, and Services Healthy at "2026-09-16T11:22:34.0973167+03:00"
2026-09-16 11:23:34.103 +03:00 [INF] ServiceManager Heartbeat: DB, Redis, and Services Healthy at "2026-09-16T11:23:34.1032223+03:00"
2026-09-16 11:24:34.107 +03:00 [INF] ServiceManager Heartbeat: DB, Redis, and Services Healthy at "2026-09-16T11:24:34.1071096+03:00"
2026-09-16 11:25:34.123 +03:00 [INF] ServiceManager Heartbeat: DB, Redis, and Services Healthy at "2026-09-16T11:25:34.1233829+03:00"
2026-09-16 11:26:34.138 +03:00 [INF] ServiceManager Heartbeat: DB, Redis, and Services Healthy at "2026-09-16T11:26:34.1374511+03:00"
2026-09-16 11:26:43.705 +03:00 [INF] Application is shutting down...
2026-09-16 11:26:43.719 +03:00 [ERR] LabInstrumentListenerWorker error
System.Threading.Tasks.TaskCanceledException: A task was canceled.
   at CMS.ServiceManager.Workers.LabInstrumentListenerWorker.ExecuteAsync(CancellationToken stoppingToken) in C:\Users\ASUS\source\repos\CMS\src\CMS.ServiceManager\Workers\Workers.cs:line 81
