2026-09-13 13:07:36.490 +03:00 [INF] ServiceManager Heartbeat: DB, Redis, and Services Healthy at "2026-09-13T13:07:36.4903333+03:00"
2026-09-13 13:08:38.213 +03:00 [INF] ServiceManager Heartbeat: DB, Redis, and Services Healthy at "2026-09-13T13:08:38.2137015+03:00"
2026-09-13 16:19:28.423 +03:00 [INF] ServiceManager Heartbeat: DB, Redis, and Services Healthy at "2026-09-13T16:19:28.4232987+03:00"
2026-09-13 16:20:28.435 +03:00 [INF] ServiceManager Heartbeat: DB, Redis, and Services Healthy at "2026-09-13T16:20:28.4358506+03:00"
2026-09-13 16:21:28.453 +03:00 [INF] ServiceManager Heartbeat: DB, Redis, and Services Healthy at "2026-09-13T16:21:28.4533907+03:00"
2026-09-13 16:22:28.474 +03:00 [INF] ServiceManager Heartbeat: DB, Redis, and Services Healthy at "2026-09-13T16:22:28.4744646+03:00"
2026-09-13 16:32:22.161 +03:00 [INF] ServiceManager Heartbeat: DB, Redis, and Services Healthy at "2026-09-13T16:32:22.1618314+03:00"
2026-09-13 16:33:22.165 +03:00 [INF] ServiceManager Heartbeat: DB, Redis, and Services Healthy at "2026-09-13T16:33:22.1657197+03:00"
2026-09-13 16:34:22.169 +03:00 [INF] ServiceManager Heartbeat: DB, Redis, and Services Healthy at "2026-09-13T16:34:22.1695650+03:00"
2026-09-13 16:35:22.181 +03:00 [INF] ServiceManager Heartbeat: DB, Redis, and Services Healthy at "2026-09-13T16:35:22.1810372+03:00"
2026-09-13 16:36:22.183 +03:00 [INF] ServiceManager Heartbeat: DB, Redis, and Services Healthy at "2026-09-13T16:36:22.1838562+03:00"
2026-09-13 16:37:22.191 +03:00 [INF] ServiceManager Heartbeat: DB, Redis, and Services Healthy at "2026-09-13T16:37:22.1913764+03:00"
2026-09-13 16:38:22.196 +03:00 [INF] ServiceManager Heartbeat: DB, Redis, and Services Healthy at "2026-09-13T16:38:22.1966695+03:00"
2026-09-13 16:39:22.202 +03:00 [INF] ServiceManager Heartbeat: DB, Redis, and Services Healthy at "2026-09-13T16:39:22.2023062+03:00"
2026-09-13 16:40:22.214 +03:00 [INF] ServiceManager Heartbeat: DB, Redis, and Services Healthy at "2026-09-13T16:40:22.2140767+03:00"
2026-09-13 16:41:22.224 +03:00 [INF] ServiceManager Heartbeat: DB, Redis, and Services Healthy at "2026-09-13T16:41:22.2245345+03:00"
2026-09-13 16:42:22.230 +03:00 [INF] ServiceManager Heartbeat: DB, Redis, and Services Healthy at "2026-09-13T16:42:22.2299787+03:00"
2026-09-13 16:43:22.247 +03:00 [INF] ServiceManager Heartbeat: DB, Redis, and Services Healthy at "2026-09-13T16:43:22.2469999+03:00"
2026-09-13 16:44:22.258 +03:00 [INF] ServiceManager Heartbeat: DB, Redis, and Services Healthy at "2026-09-13T16:44:22.2580380+03:00"
2026-09-13 16:45:22.261 +03:00 [INF] ServiceManager Heartbeat: DB, Redis, and Services Healthy at "2026-09-13T16:45:22.2617990+03:00"
2026-09-13 16:46:22.277 +03:00 [INF] ServiceManager Heartbeat: DB, Redis, and Services Healthy at "2026-09-13T16:46:22.2775667+03:00"
2026-09-13 16:47:22.295 +03:00 [INF] ServiceManager Heartbeat: DB, Redis, and Services Healthy at "2026-09-13T16:47:22.2959316+03:00"
2026-09-13 16:48:22.312 +03:00 [INF] ServiceManager Heartbeat: DB, Redis, and Services Healthy at "2026-09-13T16:48:22.3121987+03:00"
2026-09-13 16:49:22.334 +03:00 [INF] ServiceManager Heartbeat: DB, Redis, and Services Healthy at "2026-09-13T16:49:22.3349252+03:00"
2026-09-13 16:50:22.344 +03:00 [INF] ServiceManager Heartbeat: DB, Redis, and Services Healthy at "2026-09-13T16:50:22.3448263+03:00"
2026-09-13 16:51:22.347 +03:00 [INF] ServiceManager Heartbeat: DB, Redis, and Services Healthy at "2026-09-13T16:51:22.3478518+03:00"
2026-09-13 16:52:22.357 +03:00 [INF] ServiceManager Heartbeat: DB, Redis, and Services Healthy at "2026-09-13T16:52:22.3570138+03:00"
2026-09-13 16:53:22.371 +03:00 [INF] ServiceManager Heartbeat: DB, Redis, and Services Healthy at "2026-09-13T16:53:22.3712382+03:00"
2026-09-13 16:54:22.393 +03:00 [INF] ServiceManager Heartbeat: DB, Redis, and Services Healthy at "2026-09-13T16:54:22.3936750+03:00"
2026-09-13 16:55:22.407 +03:00 [INF] ServiceManager Heartbeat: DB, Redis, and Services Healthy at "2026-09-13T16:55:22.4078003+03:00"
2026-09-13 16:56:22.426 +03:00 [INF] ServiceManager Heartbeat: DB, Redis, and Services Healthy at "2026-09-13T16:56:22.4260762+03:00"
2026-09-13 16:57:22.441 +03:00 [INF] ServiceManager Heartbeat: DB, Redis, and Services Healthy at "2026-09-13T16:57:22.4418677+03:00"
2026-09-13 16:58:22.463 +03:00 [INF] ServiceManager Heartbeat: DB, Redis, and Services Healthy at "2026-09-13T16:58:22.4630366+03:00"
2026-09-13 16:59:22.481 +03:00 [INF] ServiceManager Heartbeat: DB, Redis, and Services Healthy at "2026-09-13T16:59:22.4811901+03:00"
2026-09-13 17:00:22.489 +03:00 [INF] ServiceManager Heartbeat: DB, Redis, and Services Healthy at "2026-09-13T17:00:22.4893903+03:00"
2026-09-13 17:01:22.505 +03:00 [INF] ServiceManager Heartbeat: DB, Redis, and Services Healthy at "2026-09-13T17:01:22.5052201+03:00"
2026-09-13 17:02:22.517 +03:00 [INF] ServiceManager Heartbeat: DB, Redis, and Services Healthy at "2026-09-13T17:02:22.5170897+03:00"
2026-09-13 17:03:22.531 +03:00 [INF] ServiceManager Heartbeat: DB, Redis, and Services Healthy at "2026-09-13T17:03:22.5313981+03:00"
2026-09-13 17:04:22.553 +03:00 [INF] ServiceManager Heartbeat: DB, Redis, and Services Healthy at "2026-09-13T17:04:22.5539622+03:00"
2026-09-13 17:05:22.564 +03:00 [INF] ServiceManager Heartbeat: DB, Redis, and Services Healthy at "2026-09-13T17:05:22.5648212+03:00"
2026-09-13 17:06:22.584 +03:00 [INF] ServiceManager Heartbeat: DB, Redis, and Services Healthy at "2026-09-13T17:06:22.5846442+03:00"
2026-09-13 17:07:22.606 +03:00 [INF] ServiceManager Heartbeat: DB, Redis, and Services Healthy at "2026-09-13T17:07:22.6068828+03:00"
2026-09-13 17:08:22.618 +03:00 [INF] ServiceManager Heartbeat: DB, Redis, and Services Healthy at "2026-09-13T17:08:22.6189772+03:00"
2026-09-13 17:09:22.636 +03:00 [INF] ServiceManager Heartbeat: DB, Redis, and Services Healthy at "2026-09-13T17:09:22.6360752+03:00"
2026-09-13 17:10:22.644 +03:00 [INF] ServiceManager Heartbeat: DB, Redis, and Services Healthy at "2026-09-13T17:10:22.6448997+03:00"
2026-09-13 17:11:22.653 +03:00 [INF] ServiceManager Heartbeat: DB, Redis, and Services Healthy at "2026-09-13T17:11:22.6536088+03:00"
2026-09-13 17:12:22.671 +03:00 [INF] ServiceManager Heartbeat: DB, Redis, and Services Healthy at "2026-09-13T17:12:22.6712500+03:00"
2026-09-13 17:13:22.684 +03:00 [INF] ServiceManager Heartbeat: DB, Redis, and Services Healthy at "2026-09-13T17:13:22.6844856+03:00"
2026-09-13 17:14:22.692 +03:00 [INF] ServiceManager Heartbeat: DB, Redis, and Services Healthy at "2026-09-13T17:14:22.6922380+03:00"
2026-09-13 17:15:22.711 +03:00 [INF] ServiceManager Heartbeat: DB, Redis, and Services Healthy at "2026-09-13T17:15:22.7118157+03:00"
2026-09-13 17:16:22.732 +03:00 [INF] ServiceManager Heartbeat: DB, Redis, and Services Healthy at "2026-09-13T17:16:22.7319852+03:00"
2026-09-13 17:17:22.741 +03:00 [INF] ServiceManager Heartbeat: DB, Redis, and Services Healthy at "2026-09-13T17:17:22.7419208+03:00"
2026-09-13 17:18:22.752 +03:00 [INF] ServiceManager Heartbeat: DB, Redis, and Services Healthy at "2026-09-13T17:18:22.7523658+03:00"
2026-09-13 17:19:22.772 +03:00 [INF] ServiceManager Heartbeat: DB, Redis, and Services Healthy at "2026-09-13T17:19:22.7728228+03:00"
2026-09-13 17:20:22.786 +03:00 [INF] ServiceManager Heartbeat: DB, Redis, and Services Healthy at "2026-09-13T17:20:22.7860186+03:00"
2026-09-13 17:21:22.794 +03:00 [INF] ServiceManager Heartbeat: DB, Redis, and Services Healthy at "2026-09-13T17:21:22.7945708+03:00"
2026-09-13 17:22:22.804 +03:00 [INF] ServiceManager Heartbeat: DB, Redis, and Services Healthy at "2026-09-13T17:22:22.8048444+03:00"
2026-09-13 17:23:22.818 +03:00 [INF] ServiceManager Heartbeat: DB, Redis, and Services Healthy at "2026-09-13T17:23:22.8183813+03:00"
2026-09-13 17:24:22.834 +03:00 [INF] ServiceManager Heartbeat: DB, Redis, and Services Healthy at "2026-09-13T17:24:22.8348808+03:00"
2026-09-13 17:25:22.855 +03:00 [INF] ServiceManager Heartbeat: DB, Redis, and Services Healthy at "2026-09-13T17:25:22.8557031+03:00"
2026-09-13 17:26:22.868 +03:00 [INF] ServiceManager Heartbeat: DB, Redis, and Services Healthy at "2026-09-13T17:26:22.8682103+03:00"
2026-09-13 17:27:22.881 +03:00 [INF] ServiceManager Heartbeat: DB, Redis, and Services Healthy at "2026-09-13T17:27:22.8814871+03:00"
2026-09-13 17:28:22.896 +03:00 [INF] ServiceManager Heartbeat: DB, Redis, and Services Healthy at "2026-09-13T17:28:22.8960893+03:00"
2026-09-13 17:29:22.904 +03:00 [INF] ServiceManager Heartbeat: DB, Redis, and Services Healthy at "2026-09-13T17:29:22.9048833+03:00"
2026-09-13 17:30:22.925 +03:00 [INF] ServiceManager Heartbeat: DB, Redis, and Services Healthy at "2026-09-13T17:30:22.9254560+03:00"
2026-09-13 17:31:22.940 +03:00 [INF] ServiceManager Heartbeat: DB, Redis, and Services Healthy at "2026-09-13T17:31:22.9409559+03:00"
2026-09-13 17:32:22.955 +03:00 [INF] ServiceManager Heartbeat: DB, Redis, and Services Healthy at "2026-09-13T17:32:22.9553921+03:00"
2026-09-13 17:33:22.962 +03:00 [INF] ServiceManager Heartbeat: DB, Redis, and Services Healthy at "2026-09-13T17:33:22.9629682+03:00"
2026-09-13 17:34:22.983 +03:00 [INF] ServiceManager Heartbeat: DB, Redis, and Services Healthy at "2026-09-13T17:34:22.9833491+03:00"
2026-09-13 17:35:22.992 +03:00 [INF] ServiceManager Heartbeat: DB, Redis, and Services Healthy at "2026-09-13T17:35:22.9926293+03:00"
2026-09-13 17:36:23.011 +03:00 [INF] ServiceManager Heartbeat: DB, Redis, and Services Healthy at "2026-09-13T17:36:23.0113272+03:00"
2026-09-13 17:37:23.020 +03:00 [INF] ServiceManager Heartbeat: DB, Redis, and Services Healthy at "2026-09-13T17:37:23.0207630+03:00"
2026-09-13 17:38:23.030 +03:00 [INF] ServiceManager Heartbeat: DB, Redis, and Services Healthy at "2026-09-13T17:38:23.0300932+03:00"
2026-09-13 17:39:23.040 +03:00 [INF] ServiceManager Heartbeat: DB, Redis, and Services Healthy at "2026-09-13T17:39:23.0404582+03:00"
2026-09-13 17:40:23.055 +03:00 [INF] ServiceManager Heartbeat: DB, Redis, and Services Healthy at "2026-09-13T17:40:23.0553748+03:00"
2026-09-13 17:41:23.061 +03:00 [INF] ServiceManager Heartbeat: DB, Redis, and Services Healthy at "2026-09-13T17:41:23.0611519+03:00"
2026-09-13 17:42:23.069 +03:00 [INF] ServiceManager Heartbeat: DB, Redis, and Services Healthy at "2026-09-13T17:42:23.0692410+03:00"
2026-09-13 17:43:23.085 +03:00 [INF] ServiceManager Heartbeat: DB, Redis, and Services Healthy at "2026-09-13T17:43:23.0858544+03:00"
2026-09-13 17:44:23.101 +03:00 [INF] ServiceManager Heartbeat: DB, Redis, and Services Healthy at "2026-09-13T17:44:23.1012944+03:00"
2026-09-13 17:45:23.109 +03:00 [INF] ServiceManager Heartbeat: DB, Redis, and Services Healthy at "2026-09-13T17:45:23.1093458+03:00"
2026-09-13 17:46:23.129 +03:00 [INF] ServiceManager Heartbeat: DB, Redis, and Services Healthy at "2026-09-13T17:46:23.1290192+03:00"
2026-09-13 17:47:23.142 +03:00 [INF] ServiceManager Heartbeat: DB, Redis, and Services Healthy at "2026-09-13T17:47:23.1428326+03:00"
2026-09-13 17:48:23.147 +03:00 [INF] ServiceManager Heartbeat: DB, Redis, and Services Healthy at "2026-09-13T17:48:23.1477264+03:00"
2026-09-13 17:49:23.163 +03:00 [INF] ServiceManager Heartbeat: DB, Redis, and Services Healthy at "2026-09-13T17:49:23.1637387+03:00"
2026-09-13 17:50:23.184 +03:00 [INF] ServiceManager Heartbeat: DB, Redis, and Services Healthy at "2026-09-13T17:50:23.1844719+03:00"
2026-09-13 17:51:23.201 +03:00 [INF] ServiceManager Heartbeat: DB, Redis, and Services Healthy at "2026-09-13T17:51:23.2018906+03:00"
2026-09-13 17:52:23.216 +03:00 [INF] ServiceManager Heartbeat: DB, Redis, and Services Healthy at "2026-09-13T17:52:23.2160032+03:00"
2026-09-13 17:53:23.263 +03:00 [INF] ServiceManager Heartbeat: DB, Redis, and Services Healthy at "2026-09-13T17:53:23.2639317+03:00"
2026-09-13 17:54:23.292 +03:00 [INF] ServiceManager Heartbeat: DB, Redis, and Services Healthy at "2026-09-13T17:54:23.2926362+03:00"
2026-09-13 17:55:23.317 +03:00 [INF] ServiceManager Heartbeat: DB, Redis, and Services Healthy at "2026-09-13T17:55:23.3172388+03:00"
2026-09-13 17:56:23.332 +03:00 [INF] ServiceManager Heartbeat: DB, Redis, and Services Healthy at "2026-09-13T17:56:23.3323002+03:00"
2026-09-13 17:57:23.362 +03:00 [INF] ServiceManager Heartbeat: DB, Redis, and Services Healthy at "2026-09-13T17:57:23.3622795+03:00"
2026-09-13 17:58:23.698 +03:00 [INF] ServiceManager Heartbeat: DB, Redis, and Services Healthy at "2026-09-13T17:58:23.6983578+03:00"
2026-09-13 17:59:23.848 +03:00 [INF] ServiceManager Heartbeat: DB, Redis, and Services Healthy at "2026-09-13T17:59:23.8483159+03:00"
2026-09-13 18:00:24.040 +03:00 [INF] ServiceManager Heartbeat: DB, Redis, and Services Healthy at "2026-09-13T18:00:24.0404742+03:00"
2026-09-13 18:01:24.265 +03:00 [INF] ServiceManager Heartbeat: DB, Redis, and Services Healthy at "2026-09-13T18:01:24.2658763+03:00"
2026-09-13 18:02:24.283 +03:00 [INF] ServiceManager Heartbeat: DB, Redis, and Services Healthy at "2026-09-13T18:02:24.2837935+03:00"
2026-09-13 18:03:24.304 +03:00 [INF] ServiceManager Heartbeat: DB, Redis, and Services Healthy at "2026-09-13T18:03:24.3044730+03:00"
2026-09-13 18:04:24.735 +03:00 [INF] ServiceManager Heartbeat: DB, Redis, and Services Healthy at "2026-09-13T18:04:24.7356663+03:00"
2026-09-13 18:05:24.767 +03:00 [INF] ServiceManager Heartbeat: DB, Redis, and Services Healthy at "2026-09-13T18:05:24.7679141+03:00"
2026-09-13 18:06:25.554 +03:00 [INF] ServiceManager Heartbeat: DB, Redis, and Services Healthy at "2026-09-13T18:06:25.5545688+03:00"
2026-09-13 18:07:25.782 +03:00 [INF] ServiceManager Heartbeat: DB, Redis, and Services Healthy at "2026-09-13T18:07:25.7821752+03:00"
2026-09-13 18:08:25.851 +03:00 [INF] ServiceManager Heartbeat: DB, Redis, and Services Healthy at "2026-09-13T18:08:25.8517579+03:00"
2026-09-13 18:09:25.881 +03:00 [INF] ServiceManager Heartbeat: DB, Redis, and Services Healthy at "2026-09-13T18:09:25.8814456+03:00"
2026-09-13 18:10:25.899 +03:00 [INF] ServiceManager Heartbeat: DB, Redis, and Services Healthy at "2026-09-13T18:10:25.8990171+03:00"
2026-09-13 18:11:25.916 +03:00 [INF] ServiceManager Heartbeat: DB, Redis, and Services Healthy at "2026-09-13T18:11:25.9162894+03:00"
2026-09-13 18:12:26.092 +03:00 [INF] ServiceManager Heartbeat: DB, Redis, and Services Healthy at "2026-09-13T18:12:26.0927593+03:00"
2026-09-13 18:13:26.134 +03:00 [INF] ServiceManager Heartbeat: DB, Redis, and Services Healthy at "2026-09-13T18:13:26.1348349+03:00"
2026-09-13 18:14:26.169 +03:00 [INF] ServiceManager Heartbeat: DB, Redis, and Services Healthy at "2026-09-13T18:14:26.1690979+03:00"
2026-09-13 18:15:26.412 +03:00 [INF] ServiceManager Heartbeat: DB, Redis, and Services Healthy at "2026-09-13T18:15:26.4125530+03:00"
2026-09-13 18:16:26.535 +03:00 [INF] ServiceManager Heartbeat: DB, Redis, and Services Healthy at "2026-09-13T18:16:26.5349979+03:00"
2026-09-13 18:17:26.544 +03:00 [INF] ServiceManager Heartbeat: DB, Redis, and Services Healthy at "2026-09-13T18:17:26.5443620+03:00"
2026-09-13 18:18:26.569 +03:00 [INF] ServiceManager Heartbeat: DB, Redis, and Services Healthy at "2026-09-13T18:18:26.5690652+03:00"
2026-09-13 18:19:26.846 +03:00 [INF] ServiceManager Heartbeat: DB, Redis, and Services Healthy at "2026-09-13T18:19:26.8464772+03:00"
2026-09-13 18:20:26.908 +03:00 [INF] ServiceManager Heartbeat: DB, Redis, and Services Healthy at "2026-09-13T18:20:26.9084453+03:00"
2026-09-13 18:21:27.070 +03:00 [INF] ServiceManager Heartbeat: DB, Redis, and Services Healthy at "2026-09-13T18:21:27.0706813+03:00"
2026-09-13 18:22:28.517 +03:00 [INF] ServiceManager Heartbeat: DB, Redis, and Services Healthy at "2026-09-13T18:22:28.5169677+03:00"
2026-09-13 18:23:29.162 +03:00 [INF] ServiceManager Heartbeat: DB, Redis, and Services Healthy at "2026-09-13T18:23:29.1626304+03:00"
2026-09-13 18:24:29.176 +03:00 [INF] ServiceManager Heartbeat: DB, Redis, and Services Healthy at "2026-09-13T18:24:29.1761274+03:00"
2026-09-13 18:25:29.198 +03:00 [INF] ServiceManager Heartbeat: DB, Redis, and Services Healthy at "2026-09-13T18:25:29.1981336+03:00"
2026-09-13 18:26:29.242 +03:00 [INF] ServiceManager Heartbeat: DB, Redis, and Services Healthy at "2026-09-13T18:26:29.2425487+03:00"
2026-09-13 18:27:29.336 +03:00 [INF] ServiceManager Heartbeat: DB, Redis, and Services Healthy at "2026-09-13T18:27:29.3365162+03:00"
2026-09-13 18:28:30.231 +03:00 [INF] ServiceManager Heartbeat: DB, Redis, and Services Healthy at "2026-09-13T18:28:30.2312668+03:00"
2026-09-13 18:29:30.244 +03:00 [INF] ServiceManager Heartbeat: DB, Redis, and Services Healthy at "2026-09-13T18:29:30.2440040+03:00"
2026-09-13 18:30:26.278 +03:00 [INF] Application is shutting down...
2026-09-13 18:30:26.720 +03:00 [ERR] LabInstrumentListenerWorker error
System.Threading.Tasks.TaskCanceledException: A task was canceled.
   at CMS.ServiceManager.Workers.LabInstrumentListenerWorker.ExecuteAsync(CancellationToken stoppingToken) in C:\Users\ASUS\source\repos\CMS\src\CMS.ServiceManager\Workers\Workers.cs:line 81
2026-09-13 18:47:03.146 +03:00 [INF] ServiceManager Heartbeat: DB, Redis, and Services Healthy at "2026-09-13T18:47:03.0877084+03:00"
2026-09-13 18:47:03.267 +03:00 [INF] Starting LabInstrumentListenerWorker TCP listener on Port 2575 (HL7)...
2026-09-13 18:47:03.287 +03:00 [INF] Application started. Press Ctrl+C to shut down.
2026-09-13 18:47:03.290 +03:00 [INF] Hosting environment: Development
2026-09-13 18:47:03.293 +03:00 [INF] Content root path: C:\Users\ASUS\source\repos\CMS\src\CMS.ServiceManager
2026-09-13 18:48:03.267 +03:00 [INF] ServiceManager Heartbeat: DB, Redis, and Services Healthy at "2026-09-13T18:48:03.2672865+03:00"
2026-09-13 18:49:03.284 +03:00 [INF] ServiceManager Heartbeat: DB, Redis, and Services Healthy at "2026-09-13T18:49:03.2845936+03:00"
2026-09-13 18:50:03.305 +03:00 [INF] ServiceManager Heartbeat: DB, Redis, and Services Healthy at "2026-09-13T18:50:03.3048426+03:00"
2026-09-13 18:51:03.480 +03:00 [INF] ServiceManager Heartbeat: DB, Redis, and Services Healthy at "2026-09-13T18:51:03.4804212+03:00"
2026-09-13 18:52:03.507 +03:00 [INF] ServiceManager Heartbeat: DB, Redis, and Services Healthy at "2026-09-13T18:52:03.5070053+03:00"
2026-09-13 18:53:03.519 +03:00 [INF] ServiceManager Heartbeat: DB, Redis, and Services Healthy at "2026-09-13T18:53:03.5187292+03:00"
2026-09-13 18:54:04.158 +03:00 [INF] ServiceManager Heartbeat: DB, Redis, and Services Healthy at "2026-09-13T18:54:04.1587636+03:00"
2026-09-13 18:55:04.203 +03:00 [INF] ServiceManager Heartbeat: DB, Redis, and Services Healthy at "2026-09-13T18:55:04.2033380+03:00"
2026-09-13 18:56:04.247 +03:00 [INF] ServiceManager Heartbeat: DB, Redis, and Services Healthy at "2026-09-13T18:56:04.2471538+03:00"
2026-09-13 18:57:04.446 +03:00 [INF] ServiceManager Heartbeat: DB, Redis, and Services Healthy at "2026-09-13T18:57:04.4459068+03:00"
2026-09-13 18:58:04.478 +03:00 [INF] ServiceManager Heartbeat: DB, Redis, and Services Healthy at "2026-09-13T18:58:04.4779692+03:00"
2026-09-13 18:59:04.497 +03:00 [INF] ServiceManager Heartbeat: DB, Redis, and Services Healthy at "2026-09-13T18:59:04.4967320+03:00"
2026-09-13 19:00:04.517 +03:00 [INF] ServiceManager Heartbeat: DB, Redis, and Services Healthy at "2026-09-13T19:00:04.5170545+03:00"
2026-09-13 19:01:04.522 +03:00 [INF] ServiceManager Heartbeat: DB, Redis, and Services Healthy at "2026-09-13T19:01:04.5228080+03:00"
2026-09-13 19:02:04.541 +03:00 [INF] ServiceManager Heartbeat: DB, Redis, and Services Healthy at "2026-09-13T19:02:04.5411362+03:00"
2026-09-13 19:03:04.573 +03:00 [INF] ServiceManager Heartbeat: DB, Redis, and Services Healthy at "2026-09-13T19:03:04.5733016+03:00"
2026-09-13 19:04:04.579 +03:00 [INF] ServiceManager Heartbeat: DB, Redis, and Services Healthy at "2026-09-13T19:04:04.5793826+03:00"
2026-09-13 19:05:04.593 +03:00 [INF] ServiceManager Heartbeat: DB, Redis, and Services Healthy at "2026-09-13T19:05:04.5938597+03:00"
2026-09-13 19:06:04.603 +03:00 [INF] ServiceManager Heartbeat: DB, Redis, and Services Healthy at "2026-09-13T19:06:04.6033364+03:00"
2026-09-13 19:07:04.621 +03:00 [INF] ServiceManager Heartbeat: DB, Redis, and Services Healthy at "2026-09-13T19:07:04.6193440+03:00"
2026-09-13 19:08:04.695 +03:00 [INF] ServiceManager Heartbeat: DB, Redis, and Services Healthy at "2026-09-13T19:08:04.6954271+03:00"
2026-09-13 19:09:04.721 +03:00 [INF] ServiceManager Heartbeat: DB, Redis, and Services Healthy at "2026-09-13T19:09:04.7212201+03:00"
2026-09-13 19:10:04.739 +03:00 [INF] ServiceManager Heartbeat: DB, Redis, and Services Healthy at "2026-09-13T19:10:04.7393031+03:00"
2026-09-13 19:11:04.757 +03:00 [INF] ServiceManager Heartbeat: DB, Redis, and Services Healthy at "2026-09-13T19:11:04.7569326+03:00"
2026-09-13 19:12:04.779 +03:00 [INF] ServiceManager Heartbeat: DB, Redis, and Services Healthy at "2026-09-13T19:12:04.7793205+03:00"
2026-09-13 19:13:04.789 +03:00 [INF] ServiceManager Heartbeat: DB, Redis, and Services Healthy at "2026-09-13T19:13:04.7892443+03:00"
2026-09-13 19:14:04.826 +03:00 [INF] ServiceManager Heartbeat: DB, Redis, and Services Healthy at "2026-09-13T19:14:04.8264390+03:00"
2026-09-13 19:15:04.838 +03:00 [INF] ServiceManager Heartbeat: DB, Redis, and Services Healthy at "2026-09-13T19:15:04.8379670+03:00"
2026-09-13 19:16:04.867 +03:00 [INF] ServiceManager Heartbeat: DB, Redis, and Services Healthy at "2026-09-13T19:16:04.8678565+03:00"
2026-09-13 19:17:05.317 +03:00 [INF] ServiceManager Heartbeat: DB, Redis, and Services Healthy at "2026-09-13T19:17:05.3170511+03:00"
2026-09-13 19:18:05.339 +03:00 [INF] ServiceManager Heartbeat: DB, Redis, and Services Healthy at "2026-09-13T19:18:05.3390238+03:00"
2026-09-13 19:19:05.361 +03:00 [INF] ServiceManager Heartbeat: DB, Redis, and Services Healthy at "2026-09-13T19:19:05.3619505+03:00"
2026-09-13 19:20:05.380 +03:00 [INF] ServiceManager Heartbeat: DB, Redis, and Services Healthy at "2026-09-13T19:20:05.3801032+03:00"
2026-09-13 19:21:05.518 +03:00 [INF] ServiceManager Heartbeat: DB, Redis, and Services Healthy at "2026-09-13T19:21:05.5181069+03:00"
2026-09-13 19:22:05.542 +03:00 [INF] ServiceManager Heartbeat: DB, Redis, and Services Healthy at "2026-09-13T19:22:05.5428490+03:00"
2026-09-13 19:23:05.562 +03:00 [INF] ServiceManager Heartbeat: DB, Redis, and Services Healthy at "2026-09-13T19:23:05.5620628+03:00"
2026-09-13 19:24:05.571 +03:00 [INF] ServiceManager Heartbeat: DB, Redis, and Services Healthy at "2026-09-13T19:24:05.5714437+03:00"
2026-09-13 19:25:05.598 +03:00 [INF] ServiceManager Heartbeat: DB, Redis, and Services Healthy at "2026-09-13T19:25:05.5987222+03:00"
2026-09-13 19:26:05.605 +03:00 [INF] ServiceManager Heartbeat: DB, Redis, and Services Healthy at "2026-09-13T19:26:05.6052274+03:00"
2026-09-13 19:27:05.622 +03:00 [INF] ServiceManager Heartbeat: DB, Redis, and Services Healthy at "2026-09-13T19:27:05.6219943+03:00"
2026-09-13 19:28:05.637 +03:00 [INF] ServiceManager Heartbeat: DB, Redis, and Services Healthy at "2026-09-13T19:28:05.6376511+03:00"
2026-09-13 19:29:05.643 +03:00 [INF] ServiceManager Heartbeat: DB, Redis, and Services Healthy at "2026-09-13T19:29:05.6436342+03:00"
2026-09-13 19:30:05.655 +03:00 [INF] ServiceManager Heartbeat: DB, Redis, and Services Healthy at "2026-09-13T19:30:05.6551980+03:00"
2026-09-13 19:31:05.664 +03:00 [INF] ServiceManager Heartbeat: DB, Redis, and Services Healthy at "2026-09-13T19:31:05.6639664+03:00"
2026-09-13 19:32:05.675 +03:00 [INF] ServiceManager Heartbeat: DB, Redis, and Services Healthy at "2026-09-13T19:32:05.6758569+03:00"
2026-09-13 19:33:05.694 +03:00 [INF] ServiceManager Heartbeat: DB, Redis, and Services Healthy at "2026-09-13T19:33:05.6946557+03:00"
2026-09-13 19:34:05.703 +03:00 [INF] ServiceManager Heartbeat: DB, Redis, and Services Healthy at "2026-09-13T19:34:05.7031878+03:00"
2026-09-13 19:35:05.711 +03:00 [INF] ServiceManager Heartbeat: DB, Redis, and Services Healthy at "2026-09-13T19:35:05.7112880+03:00"
2026-09-13 19:36:05.727 +03:00 [INF] ServiceManager Heartbeat: DB, Redis, and Services Healthy at "2026-09-13T19:36:05.7275186+03:00"
2026-09-13 19:36:37.492 +03:00 [INF] Application is shutting down...
2026-09-13 19:36:37.517 +03:00 [ERR] LabInstrumentListenerWorker error
System.Threading.Tasks.TaskCanceledException: A task was canceled.
   at CMS.ServiceManager.Workers.LabInstrumentListenerWorker.ExecuteAsync(CancellationToken stoppingToken) in C:\Users\ASUS\source\repos\CMS\src\CMS.ServiceManager\Workers\Workers.cs:line 81
