2026-09-27 20:22:13.672 +03:00 [INF] ServiceManager Heartbeat: DB, Redis, and Services Healthy at "2026-09-27T20:22:13.6129270+03:00"
2026-09-27 20:22:13.812 +03:00 [INF] Starting LabInstrumentListenerWorker TCP listener on Port 5100...
2026-09-27 20:22:13.829 +03:00 [WRN] Port 5100 could not be bound ("AddressAlreadyInUse"). It may be active in the API process.
2026-09-27 20:22:13.845 +03:00 [INF] Application started. Press Ctrl+C to shut down.
2026-09-27 20:22:13.852 +03:00 [INF] Hosting environment: Development
2026-09-27 20:22:13.856 +03:00 [INF] Content root path: C:\Users\ASUS\source\repos\CMS\src\CMS.ServiceManager
2026-09-27 20:23:13.839 +03:00 [INF] ServiceManager Heartbeat: DB, Redis, and Services Healthy at "2026-09-27T20:23:13.8392289+03:00"
2026-09-27 20:24:14.031 +03:00 [INF] ServiceManager Heartbeat: DB, Redis, and Services Healthy at "2026-09-27T20:24:14.0309415+03:00"
2026-09-27 20:25:14.042 +03:00 [INF] ServiceManager Heartbeat: DB, Redis, and Services Healthy at "2026-09-27T20:25:14.0424895+03:00"
2026-09-27 20:26:14.053 +03:00 [INF] ServiceManager Heartbeat: DB, Redis, and Services Healthy at "2026-09-27T20:26:14.0528901+03:00"
2026-09-27 20:27:14.102 +03:00 [INF] ServiceManager Heartbeat: DB, Redis, and Services Healthy at "2026-09-27T20:27:14.1019382+03:00"
2026-09-27 20:28:14.139 +03:00 [INF] ServiceManager Heartbeat: DB, Redis, and Services Healthy at "2026-09-27T20:28:14.1388477+03:00"
2026-09-27 20:29:14.309 +03:00 [INF] ServiceManager Heartbeat: DB, Redis, and Services Healthy at "2026-09-27T20:29:14.3097454+03:00"
2026-09-27 20:30:14.779 +03:00 [INF] ServiceManager Heartbeat: DB, Redis, and Services Healthy at "2026-09-27T20:30:14.7791470+03:00"
2026-09-27 20:31:14.802 +03:00 [INF] ServiceManager Heartbeat: DB, Redis, and Services Healthy at "2026-09-27T20:31:14.8019624+03:00"
2026-09-27 20:32:14.807 +03:00 [INF] ServiceManager Heartbeat: DB, Redis, and Services Healthy at "2026-09-27T20:32:14.8077237+03:00"
2026-09-27 20:33:15.059 +03:00 [INF] ServiceManager Heartbeat: DB, Redis, and Services Healthy at "2026-09-27T20:33:15.0594993+03:00"
2026-09-27 20:34:15.202 +03:00 [INF] ServiceManager Heartbeat: DB, Redis, and Services Healthy at "2026-09-27T20:34:15.2017985+03:00"
2026-09-27 20:35:15.774 +03:00 [INF] ServiceManager Heartbeat: DB, Redis, and Services Healthy at "2026-09-27T20:35:15.7738552+03:00"
2026-09-27 20:36:15.792 +03:00 [INF] ServiceManager Heartbeat: DB, Redis, and Services Healthy at "2026-09-27T20:36:15.7922679+03:00"
2026-09-27 20:37:15.827 +03:00 [INF] ServiceManager Heartbeat: DB, Redis, and Services Healthy at "2026-09-27T20:37:15.8274996+03:00"
2026-09-27 20:38:15.970 +03:00 [INF] ServiceManager Heartbeat: DB, Redis, and Services Healthy at "2026-09-27T20:38:15.9695233+03:00"
2026-09-27 20:39:16.205 +03:00 [INF] ServiceManager Heartbeat: DB, Redis, and Services Healthy at "2026-09-27T20:39:16.2053704+03:00"
2026-09-27 20:40:16.211 +03:00 [INF] ServiceManager Heartbeat: DB, Redis, and Services Healthy at "2026-09-27T20:40:16.2111439+03:00"
2026-09-27 20:41:16.247 +03:00 [INF] ServiceManager Heartbeat: DB, Redis, and Services Healthy at "2026-09-27T20:41:16.2472222+03:00"
2026-09-27 20:42:16.700 +03:00 [INF] ServiceManager Heartbeat: DB, Redis, and Services Healthy at "2026-09-27T20:42:16.7005729+03:00"
2026-09-27 20:43:16.737 +03:00 [INF] ServiceManager Heartbeat: DB, Redis, and Services Healthy at "2026-09-27T20:43:16.7370179+03:00"
2026-09-27 20:44:16.757 +03:00 [INF] ServiceManager Heartbeat: DB, Redis, and Services Healthy at "2026-09-27T20:44:16.7574470+03:00"
2026-09-27 20:45:16.769 +03:00 [INF] ServiceManager Heartbeat: DB, Redis, and Services Healthy at "2026-09-27T20:45:16.7689667+03:00"
2026-09-27 20:46:16.778 +03:00 [INF] ServiceManager Heartbeat: DB, Redis, and Services Healthy at "2026-09-27T20:46:16.7779635+03:00"
2026-09-27 20:47:16.791 +03:00 [INF] ServiceManager Heartbeat: DB, Redis, and Services Healthy at "2026-09-27T20:47:16.7916907+03:00"
2026-09-27 20:48:16.806 +03:00 [INF] ServiceManager Heartbeat: DB, Redis, and Services Healthy at "2026-09-27T20:48:16.8063804+03:00"
2026-09-27 20:49:16.810 +03:00 [INF] ServiceManager Heartbeat: DB, Redis, and Services Healthy at "2026-09-27T20:49:16.8108629+03:00"
2026-09-27 20:50:16.829 +03:00 [INF] ServiceManager Heartbeat: DB, Redis, and Services Healthy at "2026-09-27T20:50:16.8292782+03:00"
2026-09-27 20:51:16.837 +03:00 [INF] ServiceManager Heartbeat: DB, Redis, and Services Healthy at "2026-09-27T20:51:16.8377353+03:00"
2026-09-27 20:52:16.848 +03:00 [INF] ServiceManager Heartbeat: DB, Redis, and Services Healthy at "2026-09-27T20:52:16.8478918+03:00"
2026-09-27 20:53:16.861 +03:00 [INF] ServiceManager Heartbeat: DB, Redis, and Services Healthy at "2026-09-27T20:53:16.8611878+03:00"
2026-09-27 20:54:16.876 +03:00 [INF] ServiceManager Heartbeat: DB, Redis, and Services Healthy at "2026-09-27T20:54:16.8766137+03:00"
2026-09-27 20:59:13.569 +03:00 [INF] ServiceManager Heartbeat: DB, Redis, and Services Healthy at "2026-09-27T20:59:13.5189988+03:00"
2026-09-27 20:59:13.666 +03:00 [INF] Starting LabInstrumentListenerWorker TCP listener on Port 5100...
2026-09-27 20:59:13.681 +03:00 [WRN] Port 5100 could not be bound ("AddressAlreadyInUse"). It may be active in the API process.
2026-09-27 20:59:13.692 +03:00 [INF] Application started. Press Ctrl+C to shut down.
2026-09-27 20:59:13.695 +03:00 [INF] Hosting environment: Development
2026-09-27 20:59:13.697 +03:00 [INF] Content root path: C:\Users\ASUS\source\repos\CMS\src\CMS.ServiceManager
2026-09-27 21:00:13.663 +03:00 [INF] ServiceManager Heartbeat: DB, Redis, and Services Healthy at "2026-09-27T21:00:13.6636681+03:00"
2026-09-27 21:01:13.678 +03:00 [INF] ServiceManager Heartbeat: DB, Redis, and Services Healthy at "2026-09-27T21:01:13.6779249+03:00"
2026-09-27 21:02:13.697 +03:00 [INF] ServiceManager Heartbeat: DB, Redis, and Services Healthy at "2026-09-27T21:02:13.6971077+03:00"
2026-09-27 21:03:13.711 +03:00 [INF] ServiceManager Heartbeat: DB, Redis, and Services Healthy at "2026-09-27T21:03:13.7114842+03:00"
2026-09-27 21:04:13.721 +03:00 [INF] ServiceManager Heartbeat: DB, Redis, and Services Healthy at "2026-09-27T21:04:13.7210156+03:00"
2026-09-27 21:05:13.736 +03:00 [INF] ServiceManager Heartbeat: DB, Redis, and Services Healthy at "2026-09-27T21:05:13.7359109+03:00"
2026-09-27 21:06:13.752 +03:00 [INF] ServiceManager Heartbeat: DB, Redis, and Services Healthy at "2026-09-27T21:06:13.7522414+03:00"
2026-09-27 21:07:13.763 +03:00 [INF] ServiceManager Heartbeat: DB, Redis, and Services Healthy at "2026-09-27T21:07:13.7633254+03:00"
2026-09-27 21:08:13.768 +03:00 [INF] ServiceManager Heartbeat: DB, Redis, and Services Healthy at "2026-09-27T21:08:13.7683404+03:00"
2026-09-27 21:09:13.784 +03:00 [INF] ServiceManager Heartbeat: DB, Redis, and Services Healthy at "2026-09-27T21:09:13.7837661+03:00"
2026-09-27 21:10:13.800 +03:00 [INF] ServiceManager Heartbeat: DB, Redis, and Services Healthy at "2026-09-27T21:10:13.8000331+03:00"
2026-09-27 21:11:13.813 +03:00 [INF] ServiceManager Heartbeat: DB, Redis, and Services Healthy at "2026-09-27T21:11:13.8131044+03:00"
2026-09-27 21:12:13.832 +03:00 [INF] ServiceManager Heartbeat: DB, Redis, and Services Healthy at "2026-09-27T21:12:13.8322399+03:00"
2026-09-27 21:13:13.843 +03:00 [INF] ServiceManager Heartbeat: DB, Redis, and Services Healthy at "2026-09-27T21:13:13.8429656+03:00"
2026-09-27 21:14:13.856 +03:00 [INF] ServiceManager Heartbeat: DB, Redis, and Services Healthy at "2026-09-27T21:14:13.8563936+03:00"
2026-09-27 21:15:13.871 +03:00 [INF] ServiceManager Heartbeat: DB, Redis, and Services Healthy at "2026-09-27T21:15:13.8713763+03:00"
2026-09-27 21:16:13.881 +03:00 [INF] ServiceManager Heartbeat: DB, Redis, and Services Healthy at "2026-09-27T21:16:13.8813970+03:00"
2026-09-27 21:17:13.890 +03:00 [INF] ServiceManager Heartbeat: DB, Redis, and Services Healthy at "2026-09-27T21:17:13.8908216+03:00"
2026-09-27 21:18:13.904 +03:00 [INF] ServiceManager Heartbeat: DB, Redis, and Services Healthy at "2026-09-27T21:18:13.9049089+03:00"
2026-09-27 21:19:13.912 +03:00 [INF] ServiceManager Heartbeat: DB, Redis, and Services Healthy at "2026-09-27T21:19:13.9120741+03:00"
2026-09-27 21:20:13.933 +03:00 [INF] ServiceManager Heartbeat: DB, Redis, and Services Healthy at "2026-09-27T21:20:13.9336409+03:00"
2026-09-27 21:21:13.951 +03:00 [INF] ServiceManager Heartbeat: DB, Redis, and Services Healthy at "2026-09-27T21:21:13.9518526+03:00"
2026-09-27 21:22:13.972 +03:00 [INF] ServiceManager Heartbeat: DB, Redis, and Services Healthy at "2026-09-27T21:22:13.9721965+03:00"
2026-09-27 21:23:13.990 +03:00 [INF] ServiceManager Heartbeat: DB, Redis, and Services Healthy at "2026-09-27T21:23:13.9908200+03:00"
2026-09-27 21:24:13.998 +03:00 [INF] ServiceManager Heartbeat: DB, Redis, and Services Healthy at "2026-09-27T21:24:13.9986142+03:00"
2026-09-27 21:25:14.006 +03:00 [INF] ServiceManager Heartbeat: DB, Redis, and Services Healthy at "2026-09-27T21:25:14.0065212+03:00"
2026-09-27 21:26:14.026 +03:00 [INF] ServiceManager Heartbeat: DB, Redis, and Services Healthy at "2026-09-27T21:26:14.0261796+03:00"
2026-09-27 21:27:14.045 +03:00 [INF] ServiceManager Heartbeat: DB, Redis, and Services Healthy at "2026-09-27T21:27:14.0456805+03:00"
2026-09-27 21:28:14.050 +03:00 [INF] ServiceManager Heartbeat: DB, Redis, and Services Healthy at "2026-09-27T21:28:14.0507232+03:00"
2026-09-27 21:29:14.062 +03:00 [INF] ServiceManager Heartbeat: DB, Redis, and Services Healthy at "2026-09-27T21:29:14.0622291+03:00"
2026-09-27 21:30:14.071 +03:00 [INF] ServiceManager Heartbeat: DB, Redis, and Services Healthy at "2026-09-27T21:30:14.0710780+03:00"
2026-09-27 21:31:14.087 +03:00 [INF] ServiceManager Heartbeat: DB, Redis, and Services Healthy at "2026-09-27T21:31:14.0868572+03:00"
2026-09-27 21:32:14.106 +03:00 [INF] ServiceManager Heartbeat: DB, Redis, and Services Healthy at "2026-09-27T21:32:14.1065232+03:00"
2026-09-27 21:42:09.508 +03:00 [INF] ServiceManager Heartbeat: DB, Redis, and Services Healthy at "2026-09-27T21:42:09.4419921+03:00"
2026-09-27 21:42:09.636 +03:00 [INF] Starting LabInstrumentListenerWorker TCP listener on Port 5100...
2026-09-27 21:42:09.660 +03:00 [WRN] Port 5100 could not be bound ("AddressAlreadyInUse"). It may be active in the API process.
2026-09-27 21:42:09.673 +03:00 [INF] Application started. Press Ctrl+C to shut down.
2026-09-27 21:42:09.676 +03:00 [INF] Hosting environment: Development
2026-09-27 21:42:09.679 +03:00 [INF] Content root path: C:\Users\ASUS\source\repos\CMS\src\CMS.ServiceManager
2026-09-27 21:43:09.637 +03:00 [INF] ServiceManager Heartbeat: DB, Redis, and Services Healthy at "2026-09-27T21:43:09.6368814+03:00"
2026-09-27 21:44:09.654 +03:00 [INF] ServiceManager Heartbeat: DB, Redis, and Services Healthy at "2026-09-27T21:44:09.6541925+03:00"
2026-09-27 21:45:09.664 +03:00 [INF] ServiceManager Heartbeat: DB, Redis, and Services Healthy at "2026-09-27T21:45:09.6638153+03:00"
2026-09-27 21:46:09.678 +03:00 [INF] ServiceManager Heartbeat: DB, Redis, and Services Healthy at "2026-09-27T21:46:09.6783365+03:00"
2026-09-27 21:47:09.694 +03:00 [INF] ServiceManager Heartbeat: DB, Redis, and Services Healthy at "2026-09-27T21:47:09.6943193+03:00"
2026-09-27 21:48:09.704 +03:00 [INF] ServiceManager Heartbeat: DB, Redis, and Services Healthy at "2026-09-27T21:48:09.7047405+03:00"
2026-09-27 21:49:09.720 +03:00 [INF] ServiceManager Heartbeat: DB, Redis, and Services Healthy at "2026-09-27T21:49:09.7203017+03:00"
2026-09-27 21:50:09.728 +03:00 [INF] ServiceManager Heartbeat: DB, Redis, and Services Healthy at "2026-09-27T21:50:09.7285332+03:00"
2026-09-27 21:51:09.736 +03:00 [INF] ServiceManager Heartbeat: DB, Redis, and Services Healthy at "2026-09-27T21:51:09.7363306+03:00"
2026-09-27 21:52:09.751 +03:00 [INF] ServiceManager Heartbeat: DB, Redis, and Services Healthy at "2026-09-27T21:52:09.7508163+03:00"
2026-09-27 21:53:09.769 +03:00 [INF] ServiceManager Heartbeat: DB, Redis, and Services Healthy at "2026-09-27T21:53:09.7693343+03:00"
