2026-09-05 00:00:56.841 +03:00 [INF] ServiceManager Heartbeat: DB, Redis, and Services Healthy at "2026-09-05T00:00:56.8419037+03:00"
2026-09-05 00:01:56.892 +03:00 [INF] ServiceManager Heartbeat: DB, Redis, and Services Healthy at "2026-09-05T00:01:56.8736497+03:00"
2026-09-05 00:02:58.946 +03:00 [INF] ServiceManager Heartbeat: DB, Redis, and Services Healthy at "2026-09-05T00:02:58.9466327+03:00"
2026-09-05 00:03:59.893 +03:00 [INF] ServiceManager Heartbeat: DB, Redis, and Services Healthy at "2026-09-05T00:03:59.8931940+03:00"
2026-09-05 00:05:01.478 +03:00 [INF] ServiceManager Heartbeat: DB, Redis, and Services Healthy at "2026-09-05T00:05:01.4784351+03:00"
2026-09-05 00:06:01.861 +03:00 [INF] ServiceManager Heartbeat: DB, Redis, and Services Healthy at "2026-09-05T00:06:01.8610625+03:00"
2026-09-05 00:07:02.050 +03:00 [INF] ServiceManager Heartbeat: DB, Redis, and Services Healthy at "2026-09-05T00:07:02.0504141+03:00"
2026-09-05 00:08:03.429 +03:00 [INF] ServiceManager Heartbeat: DB, Redis, and Services Healthy at "2026-09-05T00:08:03.4298547+03:00"
2026-09-05 00:09:03.446 +03:00 [INF] ServiceManager Heartbeat: DB, Redis, and Services Healthy at "2026-09-05T00:09:03.4469440+03:00"
2026-09-05 00:10:03.466 +03:00 [INF] ServiceManager Heartbeat: DB, Redis, and Services Healthy at "2026-09-05T00:10:03.4668414+03:00"
2026-09-05 00:11:03.792 +03:00 [INF] ServiceManager Heartbeat: DB, Redis, and Services Healthy at "2026-09-05T00:11:03.7923510+03:00"
2026-09-05 00:12:03.913 +03:00 [INF] ServiceManager Heartbeat: DB, Redis, and Services Healthy at "2026-09-05T00:12:03.9130242+03:00"
2026-09-05 00:13:04.349 +03:00 [INF] ServiceManager Heartbeat: DB, Redis, and Services Healthy at "2026-09-05T00:13:04.3496257+03:00"
2026-09-05 00:14:04.862 +03:00 [INF] ServiceManager Heartbeat: DB, Redis, and Services Healthy at "2026-09-05T00:14:04.8619865+03:00"
2026-09-05 00:15:05.808 +03:00 [INF] ServiceManager Heartbeat: DB, Redis, and Services Healthy at "2026-09-05T00:15:05.8084323+03:00"
2026-09-05 00:16:05.893 +03:00 [INF] ServiceManager Heartbeat: DB, Redis, and Services Healthy at "2026-09-05T00:16:05.8930969+03:00"
2026-09-05 00:17:06.033 +03:00 [INF] ServiceManager Heartbeat: DB, Redis, and Services Healthy at "2026-09-05T00:17:06.0335124+03:00"
2026-09-05 00:18:06.048 +03:00 [INF] ServiceManager Heartbeat: DB, Redis, and Services Healthy at "2026-09-05T00:18:06.0479760+03:00"
2026-09-05 00:19:06.059 +03:00 [INF] ServiceManager Heartbeat: DB, Redis, and Services Healthy at "2026-09-05T00:19:06.0595714+03:00"
2026-09-05 00:20:06.209 +03:00 [INF] ServiceManager Heartbeat: DB, Redis, and Services Healthy at "2026-09-05T00:20:06.2022748+03:00"
2026-09-05 00:21:06.780 +03:00 [INF] ServiceManager Heartbeat: DB, Redis, and Services Healthy at "2026-09-05T00:21:06.7807624+03:00"
2026-09-05 00:22:06.799 +03:00 [INF] ServiceManager Heartbeat: DB, Redis, and Services Healthy at "2026-09-05T00:22:06.7996730+03:00"
2026-09-05 00:23:06.804 +03:00 [INF] ServiceManager Heartbeat: DB, Redis, and Services Healthy at "2026-09-05T00:23:06.8043008+03:00"
2026-09-05 00:24:06.924 +03:00 [INF] ServiceManager Heartbeat: DB, Redis, and Services Healthy at "2026-09-05T00:24:06.9243899+03:00"
2026-09-05 00:25:07.836 +03:00 [INF] ServiceManager Heartbeat: DB, Redis, and Services Healthy at "2026-09-05T00:25:07.8366294+03:00"
2026-09-05 00:26:07.853 +03:00 [INF] ServiceManager Heartbeat: DB, Redis, and Services Healthy at "2026-09-05T00:26:07.8533313+03:00"
2026-09-05 00:27:07.864 +03:00 [INF] ServiceManager Heartbeat: DB, Redis, and Services Healthy at "2026-09-05T00:27:07.8642149+03:00"
2026-09-05 00:28:08.485 +03:00 [INF] ServiceManager Heartbeat: DB, Redis, and Services Healthy at "2026-09-05T00:28:08.4849894+03:00"
2026-09-05 00:29:08.495 +03:00 [INF] ServiceManager Heartbeat: DB, Redis, and Services Healthy at "2026-09-05T00:29:08.4953594+03:00"
2026-09-05 00:30:08.500 +03:00 [INF] ServiceManager Heartbeat: DB, Redis, and Services Healthy at "2026-09-05T00:30:08.5005080+03:00"
2026-09-05 00:31:08.515 +03:00 [INF] ServiceManager Heartbeat: DB, Redis, and Services Healthy at "2026-09-05T00:31:08.5154064+03:00"
2026-09-05 00:32:08.524 +03:00 [INF] ServiceManager Heartbeat: DB, Redis, and Services Healthy at "2026-09-05T00:32:08.5240212+03:00"
2026-09-05 00:33:08.627 +03:00 [INF] ServiceManager Heartbeat: DB, Redis, and Services Healthy at "2026-09-05T00:33:08.6270256+03:00"
2026-09-05 00:34:08.731 +03:00 [INF] ServiceManager Heartbeat: DB, Redis, and Services Healthy at "2026-09-05T00:34:08.7317901+03:00"
2026-09-05 00:35:08.745 +03:00 [INF] ServiceManager Heartbeat: DB, Redis, and Services Healthy at "2026-09-05T00:35:08.7451231+03:00"
2026-09-05 00:36:08.749 +03:00 [INF] ServiceManager Heartbeat: DB, Redis, and Services Healthy at "2026-09-05T00:36:08.7490731+03:00"
2026-09-05 00:37:09.099 +03:00 [INF] ServiceManager Heartbeat: DB, Redis, and Services Healthy at "2026-09-05T00:37:09.0999574+03:00"
2026-09-05 00:38:09.246 +03:00 [INF] ServiceManager Heartbeat: DB, Redis, and Services Healthy at "2026-09-05T00:38:09.2463976+03:00"
2026-09-05 00:39:09.852 +03:00 [INF] ServiceManager Heartbeat: DB, Redis, and Services Healthy at "2026-09-05T00:39:09.8522360+03:00"
2026-09-05 00:40:09.860 +03:00 [INF] ServiceManager Heartbeat: DB, Redis, and Services Healthy at "2026-09-05T00:40:09.8604696+03:00"
2026-09-05 00:41:09.869 +03:00 [INF] ServiceManager Heartbeat: DB, Redis, and Services Healthy at "2026-09-05T00:41:09.8697807+03:00"
2026-09-05 00:42:09.877 +03:00 [INF] ServiceManager Heartbeat: DB, Redis, and Services Healthy at "2026-09-05T00:42:09.8774880+03:00"
2026-09-05 00:43:09.888 +03:00 [INF] ServiceManager Heartbeat: DB, Redis, and Services Healthy at "2026-09-05T00:43:09.8881314+03:00"
2026-09-05 00:44:09.895 +03:00 [INF] ServiceManager Heartbeat: DB, Redis, and Services Healthy at "2026-09-05T00:44:09.8951477+03:00"
2026-09-05 00:45:09.898 +03:00 [INF] ServiceManager Heartbeat: DB, Redis, and Services Healthy at "2026-09-05T00:45:09.8984387+03:00"
2026-09-05 00:46:09.905 +03:00 [INF] ServiceManager Heartbeat: DB, Redis, and Services Healthy at "2026-09-05T00:46:09.9054451+03:00"
2026-09-05 00:47:09.917 +03:00 [INF] ServiceManager Heartbeat: DB, Redis, and Services Healthy at "2026-09-05T00:47:09.9173670+03:00"
2026-09-05 00:48:09.934 +03:00 [INF] ServiceManager Heartbeat: DB, Redis, and Services Healthy at "2026-09-05T00:48:09.9339825+03:00"
2026-09-05 00:49:09.939 +03:00 [INF] ServiceManager Heartbeat: DB, Redis, and Services Healthy at "2026-09-05T00:49:09.9393002+03:00"
2026-09-05 00:50:09.949 +03:00 [INF] ServiceManager Heartbeat: DB, Redis, and Services Healthy at "2026-09-05T00:50:09.9494163+03:00"
2026-09-05 00:51:09.960 +03:00 [INF] ServiceManager Heartbeat: DB, Redis, and Services Healthy at "2026-09-05T00:51:09.9601960+03:00"
2026-09-05 00:52:09.977 +03:00 [INF] ServiceManager Heartbeat: DB, Redis, and Services Healthy at "2026-09-05T00:52:09.9779296+03:00"
2026-09-05 00:53:09.985 +03:00 [INF] ServiceManager Heartbeat: DB, Redis, and Services Healthy at "2026-09-05T00:53:09.9850722+03:00"
2026-09-05 00:54:09.989 +03:00 [INF] ServiceManager Heartbeat: DB, Redis, and Services Healthy at "2026-09-05T00:54:09.9893959+03:00"
2026-09-05 00:55:09.992 +03:00 [INF] ServiceManager Heartbeat: DB, Redis, and Services Healthy at "2026-09-05T00:55:09.9929325+03:00"
2026-09-05 00:56:10.010 +03:00 [INF] ServiceManager Heartbeat: DB, Redis, and Services Healthy at "2026-09-05T00:56:10.0100910+03:00"
2026-09-05 00:57:10.026 +03:00 [INF] ServiceManager Heartbeat: DB, Redis, and Services Healthy at "2026-09-05T00:57:10.0262204+03:00"
2026-09-05 00:58:10.036 +03:00 [INF] ServiceManager Heartbeat: DB, Redis, and Services Healthy at "2026-09-05T00:58:10.0364833+03:00"
2026-09-05 00:59:10.050 +03:00 [INF] ServiceManager Heartbeat: DB, Redis, and Services Healthy at "2026-09-05T00:59:10.0499894+03:00"
2026-09-05 01:00:10.058 +03:00 [INF] ServiceManager Heartbeat: DB, Redis, and Services Healthy at "2026-09-05T01:00:10.0585680+03:00"
2026-09-05 01:01:10.065 +03:00 [INF] ServiceManager Heartbeat: DB, Redis, and Services Healthy at "2026-09-05T01:01:10.0653283+03:00"
2026-09-05 01:02:10.074 +03:00 [INF] ServiceManager Heartbeat: DB, Redis, and Services Healthy at "2026-09-05T01:02:10.0748188+03:00"
2026-09-05 01:03:10.090 +03:00 [INF] ServiceManager Heartbeat: DB, Redis, and Services Healthy at "2026-09-05T01:03:10.0901061+03:00"
2026-09-05 01:04:10.197 +03:00 [INF] ServiceManager Heartbeat: DB, Redis, and Services Healthy at "2026-09-05T01:04:10.1973965+03:00"
2026-09-05 01:05:10.213 +03:00 [INF] ServiceManager Heartbeat: DB, Redis, and Services Healthy at "2026-09-05T01:05:10.2138373+03:00"
2026-09-05 01:06:10.230 +03:00 [INF] ServiceManager Heartbeat: DB, Redis, and Services Healthy at "2026-09-05T01:06:10.2300818+03:00"
2026-09-05 01:07:10.246 +03:00 [INF] ServiceManager Heartbeat: DB, Redis, and Services Healthy at "2026-09-05T01:07:10.2460279+03:00"
2026-09-05 01:08:10.250 +03:00 [INF] ServiceManager Heartbeat: DB, Redis, and Services Healthy at "2026-09-05T01:08:10.2500898+03:00"
2026-09-05 01:09:10.276 +03:00 [INF] ServiceManager Heartbeat: DB, Redis, and Services Healthy at "2026-09-05T01:09:10.2768745+03:00"
2026-09-05 01:10:10.394 +03:00 [INF] ServiceManager Heartbeat: DB, Redis, and Services Healthy at "2026-09-05T01:10:10.3947885+03:00"
2026-09-05 01:11:10.399 +03:00 [INF] ServiceManager Heartbeat: DB, Redis, and Services Healthy at "2026-09-05T01:11:10.3995289+03:00"
2026-09-05 01:12:10.429 +03:00 [INF] ServiceManager Heartbeat: DB, Redis, and Services Healthy at "2026-09-05T01:12:10.4291260+03:00"
2026-09-05 01:13:10.602 +03:00 [INF] ServiceManager Heartbeat: DB, Redis, and Services Healthy at "2026-09-05T01:13:10.6025660+03:00"
2026-09-05 01:14:10.616 +03:00 [INF] ServiceManager Heartbeat: DB, Redis, and Services Healthy at "2026-09-05T01:14:10.6169046+03:00"
2026-09-05 01:15:10.633 +03:00 [INF] ServiceManager Heartbeat: DB, Redis, and Services Healthy at "2026-09-05T01:15:10.6338198+03:00"
2026-09-05 01:16:10.650 +03:00 [INF] ServiceManager Heartbeat: DB, Redis, and Services Healthy at "2026-09-05T01:16:10.6504781+03:00"
2026-09-05 01:17:10.665 +03:00 [INF] ServiceManager Heartbeat: DB, Redis, and Services Healthy at "2026-09-05T01:17:10.6656032+03:00"
2026-09-05 01:18:10.683 +03:00 [INF] ServiceManager Heartbeat: DB, Redis, and Services Healthy at "2026-09-05T01:18:10.6834063+03:00"
2026-09-05 01:19:10.698 +03:00 [INF] ServiceManager Heartbeat: DB, Redis, and Services Healthy at "2026-09-05T01:19:10.6981450+03:00"
2026-09-05 01:20:10.714 +03:00 [INF] ServiceManager Heartbeat: DB, Redis, and Services Healthy at "2026-09-05T01:20:10.7140612+03:00"
2026-09-05 01:21:10.721 +03:00 [INF] ServiceManager Heartbeat: DB, Redis, and Services Healthy at "2026-09-05T01:21:10.7219469+03:00"
2026-09-05 01:22:10.730 +03:00 [INF] ServiceManager Heartbeat: DB, Redis, and Services Healthy at "2026-09-05T01:22:10.7305131+03:00"
2026-09-05 01:23:10.743 +03:00 [INF] ServiceManager Heartbeat: DB, Redis, and Services Healthy at "2026-09-05T01:23:10.7438661+03:00"
2026-09-05 01:24:10.751 +03:00 [INF] ServiceManager Heartbeat: DB, Redis, and Services Healthy at "2026-09-05T01:24:10.7518905+03:00"
2026-09-05 01:25:10.767 +03:00 [INF] ServiceManager Heartbeat: DB, Redis, and Services Healthy at "2026-09-05T01:25:10.7677937+03:00"
2026-09-05 01:26:10.770 +03:00 [INF] ServiceManager Heartbeat: DB, Redis, and Services Healthy at "2026-09-05T01:26:10.7708615+03:00"
2026-09-05 01:27:10.787 +03:00 [INF] ServiceManager Heartbeat: DB, Redis, and Services Healthy at "2026-09-05T01:27:10.7873610+03:00"
2026-09-05 01:28:10.798 +03:00 [INF] ServiceManager Heartbeat: DB, Redis, and Services Healthy at "2026-09-05T01:28:10.7987967+03:00"
2026-09-05 01:29:10.810 +03:00 [INF] ServiceManager Heartbeat: DB, Redis, and Services Healthy at "2026-09-05T01:29:10.8098514+03:00"
2026-09-05 01:30:10.819 +03:00 [INF] ServiceManager Heartbeat: DB, Redis, and Services Healthy at "2026-09-05T01:30:10.8195314+03:00"
2026-09-05 01:31:10.831 +03:00 [INF] ServiceManager Heartbeat: DB, Redis, and Services Healthy at "2026-09-05T01:31:10.8311276+03:00"
2026-09-05 01:32:10.839 +03:00 [INF] ServiceManager Heartbeat: DB, Redis, and Services Healthy at "2026-09-05T01:32:10.8397669+03:00"
2026-09-05 01:33:10.854 +03:00 [INF] ServiceManager Heartbeat: DB, Redis, and Services Healthy at "2026-09-05T01:33:10.8541646+03:00"
2026-09-05 01:34:10.860 +03:00 [INF] ServiceManager Heartbeat: DB, Redis, and Services Healthy at "2026-09-05T01:34:10.8604978+03:00"
2026-09-05 01:35:10.877 +03:00 [INF] ServiceManager Heartbeat: DB, Redis, and Services Healthy at "2026-09-05T01:35:10.8774616+03:00"
2026-09-05 01:36:10.886 +03:00 [INF] ServiceManager Heartbeat: DB, Redis, and Services Healthy at "2026-09-05T01:36:10.8860334+03:00"
2026-09-05 01:37:10.895 +03:00 [INF] ServiceManager Heartbeat: DB, Redis, and Services Healthy at "2026-09-05T01:37:10.8951278+03:00"
2026-09-05 01:38:10.903 +03:00 [INF] ServiceManager Heartbeat: DB, Redis, and Services Healthy at "2026-09-05T01:38:10.9038320+03:00"
2026-09-05 01:39:10.917 +03:00 [INF] ServiceManager Heartbeat: DB, Redis, and Services Healthy at "2026-09-05T01:39:10.9176175+03:00"
2026-09-05 01:40:10.931 +03:00 [INF] ServiceManager Heartbeat: DB, Redis, and Services Healthy at "2026-09-05T01:40:10.9314215+03:00"
2026-09-05 01:41:10.934 +03:00 [INF] ServiceManager Heartbeat: DB, Redis, and Services Healthy at "2026-09-05T01:41:10.9343954+03:00"
2026-09-05 01:42:10.945 +03:00 [INF] ServiceManager Heartbeat: DB, Redis, and Services Healthy at "2026-09-05T01:42:10.9452357+03:00"
2026-09-05 01:43:10.956 +03:00 [INF] ServiceManager Heartbeat: DB, Redis, and Services Healthy at "2026-09-05T01:43:10.9569805+03:00"
2026-09-05 01:44:10.970 +03:00 [INF] ServiceManager Heartbeat: DB, Redis, and Services Healthy at "2026-09-05T01:44:10.9704725+03:00"
2026-09-05 01:45:10.978 +03:00 [INF] ServiceManager Heartbeat: DB, Redis, and Services Healthy at "2026-09-05T01:45:10.9785152+03:00"
2026-09-05 01:46:10.984 +03:00 [INF] ServiceManager Heartbeat: DB, Redis, and Services Healthy at "2026-09-05T01:46:10.9849433+03:00"
2026-09-05 01:47:10.998 +03:00 [INF] ServiceManager Heartbeat: DB, Redis, and Services Healthy at "2026-09-05T01:47:10.9984729+03:00"
2026-09-05 01:48:11.003 +03:00 [INF] ServiceManager Heartbeat: DB, Redis, and Services Healthy at "2026-09-05T01:48:11.0031481+03:00"
2026-09-05 01:49:11.018 +03:00 [INF] ServiceManager Heartbeat: DB, Redis, and Services Healthy at "2026-09-05T01:49:11.0188114+03:00"
2026-09-05 01:50:11.031 +03:00 [INF] ServiceManager Heartbeat: DB, Redis, and Services Healthy at "2026-09-05T01:50:11.0317393+03:00"
2026-09-05 01:51:11.049 +03:00 [INF] ServiceManager Heartbeat: DB, Redis, and Services Healthy at "2026-09-05T01:51:11.0498950+03:00"
2026-09-05 01:52:11.069 +03:00 [INF] ServiceManager Heartbeat: DB, Redis, and Services Healthy at "2026-09-05T01:52:11.0694071+03:00"
2026-09-05 01:53:11.084 +03:00 [INF] ServiceManager Heartbeat: DB, Redis, and Services Healthy at "2026-09-05T01:53:11.0842417+03:00"
2026-09-05 01:54:11.142 +03:00 [INF] ServiceManager Heartbeat: DB, Redis, and Services Healthy at "2026-09-05T01:54:11.1421178+03:00"
2026-09-05 01:55:11.311 +03:00 [INF] ServiceManager Heartbeat: DB, Redis, and Services Healthy at "2026-09-05T01:55:11.3111587+03:00"
2026-09-05 01:56:11.320 +03:00 [INF] ServiceManager Heartbeat: DB, Redis, and Services Healthy at "2026-09-05T01:56:11.3201631+03:00"
2026-09-05 01:57:11.336 +03:00 [INF] ServiceManager Heartbeat: DB, Redis, and Services Healthy at "2026-09-05T01:57:11.3366046+03:00"
2026-09-05 01:58:11.364 +03:00 [INF] ServiceManager Heartbeat: DB, Redis, and Services Healthy at "2026-09-05T01:58:11.3640280+03:00"
2026-09-05 01:59:11.379 +03:00 [INF] ServiceManager Heartbeat: DB, Redis, and Services Healthy at "2026-09-05T01:59:11.3794314+03:00"
2026-09-05 02:00:11.466 +03:00 [INF] ServiceManager Heartbeat: DB, Redis, and Services Healthy at "2026-09-05T02:00:11.4665659+03:00"
2026-09-05 02:01:12.776 +03:00 [INF] ServiceManager Heartbeat: DB, Redis, and Services Healthy at "2026-09-05T02:01:12.7763591+03:00"
2026-09-05 02:02:12.780 +03:00 [INF] ServiceManager Heartbeat: DB, Redis, and Services Healthy at "2026-09-05T02:02:12.7806449+03:00"
2026-09-05 02:03:12.792 +03:00 [INF] ServiceManager Heartbeat: DB, Redis, and Services Healthy at "2026-09-05T02:03:12.7921675+03:00"
2026-09-05 02:04:12.801 +03:00 [INF] ServiceManager Heartbeat: DB, Redis, and Services Healthy at "2026-09-05T02:04:12.8010687+03:00"
2026-09-05 02:05:12.817 +03:00 [INF] ServiceManager Heartbeat: DB, Redis, and Services Healthy at "2026-09-05T02:05:12.8173215+03:00"
2026-09-05 02:06:12.842 +03:00 [INF] ServiceManager Heartbeat: DB, Redis, and Services Healthy at "2026-09-05T02:06:12.8428721+03:00"
2026-09-05 02:07:13.262 +03:00 [INF] ServiceManager Heartbeat: DB, Redis, and Services Healthy at "2026-09-05T02:07:13.2627618+03:00"
2026-09-05 02:08:13.281 +03:00 [INF] ServiceManager Heartbeat: DB, Redis, and Services Healthy at "2026-09-05T02:08:13.2818524+03:00"
2026-09-05 02:09:13.338 +03:00 [INF] ServiceManager Heartbeat: DB, Redis, and Services Healthy at "2026-09-05T02:09:13.3381030+03:00"
2026-09-05 02:10:13.473 +03:00 [INF] ServiceManager Heartbeat: DB, Redis, and Services Healthy at "2026-09-05T02:10:13.4731357+03:00"
2026-09-05 02:11:13.565 +03:00 [INF] ServiceManager Heartbeat: DB, Redis, and Services Healthy at "2026-09-05T02:11:13.5655946+03:00"
2026-09-05 02:12:13.631 +03:00 [INF] ServiceManager Heartbeat: DB, Redis, and Services Healthy at "2026-09-05T02:12:13.6311439+03:00"
2026-09-05 02:13:13.850 +03:00 [INF] ServiceManager Heartbeat: DB, Redis, and Services Healthy at "2026-09-05T02:13:13.8505686+03:00"
2026-09-05 02:14:13.860 +03:00 [INF] ServiceManager Heartbeat: DB, Redis, and Services Healthy at "2026-09-05T02:14:13.8600759+03:00"
2026-09-05 02:15:13.864 +03:00 [INF] ServiceManager Heartbeat: DB, Redis, and Services Healthy at "2026-09-05T02:15:13.8649490+03:00"
2026-09-05 02:16:13.882 +03:00 [INF] ServiceManager Heartbeat: DB, Redis, and Services Healthy at "2026-09-05T02:16:13.8824728+03:00"
2026-09-05 02:17:13.926 +03:00 [INF] ServiceManager Heartbeat: DB, Redis, and Services Healthy at "2026-09-05T02:17:13.9262938+03:00"
2026-09-05 02:18:14.597 +03:00 [INF] ServiceManager Heartbeat: DB, Redis, and Services Healthy at "2026-09-05T02:18:14.5975015+03:00"
2026-09-05 02:19:14.618 +03:00 [INF] ServiceManager Heartbeat: DB, Redis, and Services Healthy at "2026-09-05T02:19:14.6186709+03:00"
2026-09-05 02:20:14.628 +03:00 [INF] ServiceManager Heartbeat: DB, Redis, and Services Healthy at "2026-09-05T02:20:14.6282610+03:00"
2026-09-05 02:21:14.635 +03:00 [INF] ServiceManager Heartbeat: DB, Redis, and Services Healthy at "2026-09-05T02:21:14.6353084+03:00"
2026-09-05 02:22:14.641 +03:00 [INF] ServiceManager Heartbeat: DB, Redis, and Services Healthy at "2026-09-05T02:22:14.6417191+03:00"
2026-09-05 02:23:14.736 +03:00 [INF] ServiceManager Heartbeat: DB, Redis, and Services Healthy at "2026-09-05T02:23:14.7368365+03:00"
2026-09-05 02:24:15.419 +03:00 [INF] ServiceManager Heartbeat: DB, Redis, and Services Healthy at "2026-09-05T02:24:15.4190883+03:00"
2026-09-05 02:25:15.709 +03:00 [INF] ServiceManager Heartbeat: DB, Redis, and Services Healthy at "2026-09-05T02:25:15.7096666+03:00"
2026-09-05 02:26:15.869 +03:00 [INF] ServiceManager Heartbeat: DB, Redis, and Services Healthy at "2026-09-05T02:26:15.8690596+03:00"
2026-09-05 02:27:16.388 +03:00 [INF] ServiceManager Heartbeat: DB, Redis, and Services Healthy at "2026-09-05T02:27:16.3880841+03:00"
2026-09-05 02:28:16.550 +03:00 [INF] ServiceManager Heartbeat: DB, Redis, and Services Healthy at "2026-09-05T02:28:16.5505698+03:00"
2026-09-05 02:29:16.616 +03:00 [INF] ServiceManager Heartbeat: DB, Redis, and Services Healthy at "2026-09-05T02:29:16.6166840+03:00"
2026-09-05 02:30:16.682 +03:00 [INF] ServiceManager Heartbeat: DB, Redis, and Services Healthy at "2026-09-05T02:30:16.6823783+03:00"
2026-09-05 02:31:16.694 +03:00 [INF] ServiceManager Heartbeat: DB, Redis, and Services Healthy at "2026-09-05T02:31:16.6948909+03:00"
2026-09-05 02:32:16.708 +03:00 [INF] ServiceManager Heartbeat: DB, Redis, and Services Healthy at "2026-09-05T02:32:16.7081366+03:00"
2026-09-05 02:33:16.719 +03:00 [INF] ServiceManager Heartbeat: DB, Redis, and Services Healthy at "2026-09-05T02:33:16.7198115+03:00"
2026-09-05 02:34:16.734 +03:00 [INF] ServiceManager Heartbeat: DB, Redis, and Services Healthy at "2026-09-05T02:34:16.7341109+03:00"
2026-09-05 02:35:16.749 +03:00 [INF] ServiceManager Heartbeat: DB, Redis, and Services Healthy at "2026-09-05T02:35:16.7490519+03:00"
2026-09-05 02:36:16.768 +03:00 [INF] ServiceManager Heartbeat: DB, Redis, and Services Healthy at "2026-09-05T02:36:16.7680815+03:00"
2026-09-05 02:37:16.771 +03:00 [INF] ServiceManager Heartbeat: DB, Redis, and Services Healthy at "2026-09-05T02:37:16.7714577+03:00"
2026-09-05 02:38:16.779 +03:00 [INF] ServiceManager Heartbeat: DB, Redis, and Services Healthy at "2026-09-05T02:38:16.7797447+03:00"
2026-09-05 02:39:16.807 +03:00 [INF] ServiceManager Heartbeat: DB, Redis, and Services Healthy at "2026-09-05T02:39:16.8074466+03:00"
2026-09-05 02:40:16.962 +03:00 [INF] ServiceManager Heartbeat: DB, Redis, and Services Healthy at "2026-09-05T02:40:16.9625500+03:00"
2026-09-05 02:41:16.968 +03:00 [INF] ServiceManager Heartbeat: DB, Redis, and Services Healthy at "2026-09-05T02:41:16.9683436+03:00"
2026-09-05 02:42:16.980 +03:00 [INF] ServiceManager Heartbeat: DB, Redis, and Services Healthy at "2026-09-05T02:42:16.9805345+03:00"
2026-09-05 02:43:17.003 +03:00 [INF] ServiceManager Heartbeat: DB, Redis, and Services Healthy at "2026-09-05T02:43:17.0031991+03:00"
2026-09-05 02:44:17.009 +03:00 [INF] ServiceManager Heartbeat: DB, Redis, and Services Healthy at "2026-09-05T02:44:17.0093346+03:00"
2026-09-05 02:45:17.014 +03:00 [INF] ServiceManager Heartbeat: DB, Redis, and Services Healthy at "2026-09-05T02:45:17.0149272+03:00"
2026-09-05 02:46:17.033 +03:00 [INF] ServiceManager Heartbeat: DB, Redis, and Services Healthy at "2026-09-05T02:46:17.0329904+03:00"
2026-09-05 02:47:17.090 +03:00 [INF] ServiceManager Heartbeat: DB, Redis, and Services Healthy at "2026-09-05T02:47:17.0906046+03:00"
2026-09-05 02:48:17.140 +03:00 [INF] ServiceManager Heartbeat: DB, Redis, and Services Healthy at "2026-09-05T02:48:17.1405148+03:00"
2026-09-05 14:44:57.523 +03:00 [INF] ServiceManager Heartbeat: DB, Redis, and Services Healthy at "2026-09-05T14:44:57.5230021+03:00"
2026-09-05 14:45:57.533 +03:00 [INF] ServiceManager Heartbeat: DB, Redis, and Services Healthy at "2026-09-05T14:45:57.5335689+03:00"
2026-09-05 14:46:57.547 +03:00 [INF] ServiceManager Heartbeat: DB, Redis, and Services Healthy at "2026-09-05T14:46:57.5477495+03:00"
2026-09-05 14:47:57.558 +03:00 [INF] ServiceManager Heartbeat: DB, Redis, and Services Healthy at "2026-09-05T14:47:57.5580978+03:00"
2026-09-05 14:48:57.564 +03:00 [INF] ServiceManager Heartbeat: DB, Redis, and Services Healthy at "2026-09-05T14:48:57.5648128+03:00"
2026-09-05 14:49:57.573 +03:00 [INF] ServiceManager Heartbeat: DB, Redis, and Services Healthy at "2026-09-05T14:49:57.5730099+03:00"
2026-09-05 14:50:57.582 +03:00 [INF] ServiceManager Heartbeat: DB, Redis, and Services Healthy at "2026-09-05T14:50:57.5821747+03:00"
2026-09-05 14:51:57.591 +03:00 [INF] ServiceManager Heartbeat: DB, Redis, and Services Healthy at "2026-09-05T14:51:57.5913989+03:00"
2026-09-05 14:52:57.599 +03:00 [INF] ServiceManager Heartbeat: DB, Redis, and Services Healthy at "2026-09-05T14:52:57.5996328+03:00"
2026-09-05 14:53:57.613 +03:00 [INF] ServiceManager Heartbeat: DB, Redis, and Services Healthy at "2026-09-05T14:53:57.6138924+03:00"
2026-09-05 14:54:57.621 +03:00 [INF] ServiceManager Heartbeat: DB, Redis, and Services Healthy at "2026-09-05T14:54:57.6210051+03:00"
2026-09-05 14:55:57.636 +03:00 [INF] ServiceManager Heartbeat: DB, Redis, and Services Healthy at "2026-09-05T14:55:57.6363260+03:00"
2026-09-05 14:56:57.655 +03:00 [INF] ServiceManager Heartbeat: DB, Redis, and Services Healthy at "2026-09-05T14:56:57.6550142+03:00"
2026-09-05 14:57:57.672 +03:00 [INF] ServiceManager Heartbeat: DB, Redis, and Services Healthy at "2026-09-05T14:57:57.6723518+03:00"
2026-09-05 14:58:57.686 +03:00 [INF] ServiceManager Heartbeat: DB, Redis, and Services Healthy at "2026-09-05T14:58:57.6866715+03:00"
2026-09-05 14:59:57.692 +03:00 [INF] ServiceManager Heartbeat: DB, Redis, and Services Healthy at "2026-09-05T14:59:57.6928870+03:00"
2026-09-05 15:00:57.711 +03:00 [INF] ServiceManager Heartbeat: DB, Redis, and Services Healthy at "2026-09-05T15:00:57.7110344+03:00"
2026-09-05 15:01:57.720 +03:00 [INF] ServiceManager Heartbeat: DB, Redis, and Services Healthy at "2026-09-05T15:01:57.7209578+03:00"
2026-09-05 15:02:57.731 +03:00 [INF] ServiceManager Heartbeat: DB, Redis, and Services Healthy at "2026-09-05T15:02:57.7310743+03:00"
2026-09-05 15:03:57.748 +03:00 [INF] ServiceManager Heartbeat: DB, Redis, and Services Healthy at "2026-09-05T15:03:57.7487789+03:00"
2026-09-05 15:04:57.752 +03:00 [INF] ServiceManager Heartbeat: DB, Redis, and Services Healthy at "2026-09-05T15:04:57.7526364+03:00"
2026-09-05 15:05:57.767 +03:00 [INF] ServiceManager Heartbeat: DB, Redis, and Services Healthy at "2026-09-05T15:05:57.7674336+03:00"
2026-09-05 15:06:57.770 +03:00 [INF] ServiceManager Heartbeat: DB, Redis, and Services Healthy at "2026-09-05T15:06:57.7703835+03:00"
2026-09-05 15:07:57.783 +03:00 [INF] ServiceManager Heartbeat: DB, Redis, and Services Healthy at "2026-09-05T15:07:57.7830752+03:00"
2026-09-05 15:08:57.790 +03:00 [INF] ServiceManager Heartbeat: DB, Redis, and Services Healthy at "2026-09-05T15:08:57.7906250+03:00"
2026-09-05 15:09:57.793 +03:00 [INF] ServiceManager Heartbeat: DB, Redis, and Services Healthy at "2026-09-05T15:09:57.7932881+03:00"
2026-09-05 15:10:57.799 +03:00 [INF] ServiceManager Heartbeat: DB, Redis, and Services Healthy at "2026-09-05T15:10:57.7995137+03:00"
2026-09-05 15:11:57.813 +03:00 [INF] ServiceManager Heartbeat: DB, Redis, and Services Healthy at "2026-09-05T15:11:57.8133745+03:00"
2026-09-05 15:12:57.816 +03:00 [INF] ServiceManager Heartbeat: DB, Redis, and Services Healthy at "2026-09-05T15:12:57.8160967+03:00"
2026-09-05 15:13:57.821 +03:00 [INF] ServiceManager Heartbeat: DB, Redis, and Services Healthy at "2026-09-05T15:13:57.8210354+03:00"
2026-09-05 15:14:57.834 +03:00 [INF] ServiceManager Heartbeat: DB, Redis, and Services Healthy at "2026-09-05T15:14:57.8339907+03:00"
2026-09-05 15:15:57.847 +03:00 [INF] ServiceManager Heartbeat: DB, Redis, and Services Healthy at "2026-09-05T15:15:57.8476309+03:00"
2026-09-05 15:16:57.854 +03:00 [INF] ServiceManager Heartbeat: DB, Redis, and Services Healthy at "2026-09-05T15:16:57.8544444+03:00"
2026-09-05 15:17:57.858 +03:00 [INF] ServiceManager Heartbeat: DB, Redis, and Services Healthy at "2026-09-05T15:17:57.8584095+03:00"
2026-09-05 15:18:57.866 +03:00 [INF] ServiceManager Heartbeat: DB, Redis, and Services Healthy at "2026-09-05T15:18:57.8663428+03:00"
2026-09-05 15:19:57.881 +03:00 [INF] ServiceManager Heartbeat: DB, Redis, and Services Healthy at "2026-09-05T15:19:57.8812375+03:00"
2026-09-05 15:20:57.896 +03:00 [INF] ServiceManager Heartbeat: DB, Redis, and Services Healthy at "2026-09-05T15:20:57.8966926+03:00"
2026-09-05 15:21:57.903 +03:00 [INF] ServiceManager Heartbeat: DB, Redis, and Services Healthy at "2026-09-05T15:21:57.9038794+03:00"
2026-09-05 15:22:57.906 +03:00 [INF] ServiceManager Heartbeat: DB, Redis, and Services Healthy at "2026-09-05T15:22:57.9068581+03:00"
2026-09-05 15:23:57.914 +03:00 [INF] ServiceManager Heartbeat: DB, Redis, and Services Healthy at "2026-09-05T15:23:57.9140720+03:00"
2026-09-05 15:24:57.924 +03:00 [INF] ServiceManager Heartbeat: DB, Redis, and Services Healthy at "2026-09-05T15:24:57.9244397+03:00"
2026-09-05 15:25:57.933 +03:00 [INF] ServiceManager Heartbeat: DB, Redis, and Services Healthy at "2026-09-05T15:25:57.9333648+03:00"
2026-09-05 15:26:57.935 +03:00 [INF] ServiceManager Heartbeat: DB, Redis, and Services Healthy at "2026-09-05T15:26:57.9355796+03:00"
2026-09-05 15:27:57.937 +03:00 [INF] ServiceManager Heartbeat: DB, Redis, and Services Healthy at "2026-09-05T15:27:57.9374644+03:00"
2026-09-05 15:28:57.953 +03:00 [INF] ServiceManager Heartbeat: DB, Redis, and Services Healthy at "2026-09-05T15:28:57.9536821+03:00"
2026-09-05 15:29:57.965 +03:00 [INF] ServiceManager Heartbeat: DB, Redis, and Services Healthy at "2026-09-05T15:29:57.9651456+03:00"
2026-09-05 15:30:57.974 +03:00 [INF] ServiceManager Heartbeat: DB, Redis, and Services Healthy at "2026-09-05T15:30:57.9741501+03:00"
2026-09-05 15:31:57.984 +03:00 [INF] ServiceManager Heartbeat: DB, Redis, and Services Healthy at "2026-09-05T15:31:57.9844312+03:00"
2026-09-05 15:32:57.991 +03:00 [INF] ServiceManager Heartbeat: DB, Redis, and Services Healthy at "2026-09-05T15:32:57.9914344+03:00"
2026-09-05 15:33:58.007 +03:00 [INF] ServiceManager Heartbeat: DB, Redis, and Services Healthy at "2026-09-05T15:33:58.0079450+03:00"
2026-09-05 15:34:58.015 +03:00 [INF] ServiceManager Heartbeat: DB, Redis, and Services Healthy at "2026-09-05T15:34:58.0156710+03:00"
2026-09-05 15:35:58.019 +03:00 [INF] ServiceManager Heartbeat: DB, Redis, and Services Healthy at "2026-09-05T15:35:58.0191302+03:00"
2026-09-05 15:36:58.033 +03:00 [INF] ServiceManager Heartbeat: DB, Redis, and Services Healthy at "2026-09-05T15:36:58.0333883+03:00"
2026-09-05 15:37:58.038 +03:00 [INF] ServiceManager Heartbeat: DB, Redis, and Services Healthy at "2026-09-05T15:37:58.0388916+03:00"
2026-09-05 15:38:58.042 +03:00 [INF] ServiceManager Heartbeat: DB, Redis, and Services Healthy at "2026-09-05T15:38:58.0427296+03:00"
2026-09-05 15:39:58.054 +03:00 [INF] ServiceManager Heartbeat: DB, Redis, and Services Healthy at "2026-09-05T15:39:58.0539843+03:00"
2026-09-05 15:40:58.065 +03:00 [INF] ServiceManager Heartbeat: DB, Redis, and Services Healthy at "2026-09-05T15:40:58.0658510+03:00"
2026-09-05 15:41:58.078 +03:00 [INF] ServiceManager Heartbeat: DB, Redis, and Services Healthy at "2026-09-05T15:41:58.0788214+03:00"
2026-09-05 15:42:58.091 +03:00 [INF] ServiceManager Heartbeat: DB, Redis, and Services Healthy at "2026-09-05T15:42:58.0918033+03:00"
2026-09-05 15:43:58.101 +03:00 [INF] ServiceManager Heartbeat: DB, Redis, and Services Healthy at "2026-09-05T15:43:58.1016509+03:00"
2026-09-05 15:44:58.105 +03:00 [INF] ServiceManager Heartbeat: DB, Redis, and Services Healthy at "2026-09-05T15:44:58.1059650+03:00"
2026-09-05 15:45:51.683 +03:00 [INF] Application is shutting down...
2026-09-05 15:45:51.701 +03:00 [ERR] LabInstrumentListenerWorker error
System.Threading.Tasks.TaskCanceledException: A task was canceled.
   at CMS.ServiceManager.Workers.LabInstrumentListenerWorker.ExecuteAsync(CancellationToken stoppingToken) in C:\Users\ASUS\source\repos\CMS\src\CMS.ServiceManager\Workers\Workers.cs:line 81
2026-09-05 16:35:45.578 +03:00 [INF] ServiceManager Heartbeat: DB, Redis, and Services Healthy at "2026-09-05T16:35:45.5199003+03:00"
2026-09-05 16:35:45.722 +03:00 [INF] Starting LabInstrumentListenerWorker TCP listener on Port 2575 (HL7)...
2026-09-05 16:35:45.775 +03:00 [INF] Application started. Press Ctrl+C to shut down.
2026-09-05 16:35:45.778 +03:00 [INF] Hosting environment: Development
2026-09-05 16:35:45.780 +03:00 [INF] Content root path: C:\Users\ASUS\source\repos\CMS\src\CMS.ServiceManager
2026-09-05 16:36:45.706 +03:00 [INF] ServiceManager Heartbeat: DB, Redis, and Services Healthy at "2026-09-05T16:36:45.7064402+03:00"
2026-09-05 16:37:45.740 +03:00 [INF] ServiceManager Heartbeat: DB, Redis, and Services Healthy at "2026-09-05T16:37:45.7402917+03:00"
2026-09-05 16:38:45.878 +03:00 [INF] ServiceManager Heartbeat: DB, Redis, and Services Healthy at "2026-09-05T16:38:45.8778519+03:00"
2026-09-05 16:39:45.890 +03:00 [INF] ServiceManager Heartbeat: DB, Redis, and Services Healthy at "2026-09-05T16:39:45.8898881+03:00"
2026-09-05 16:40:45.898 +03:00 [INF] ServiceManager Heartbeat: DB, Redis, and Services Healthy at "2026-09-05T16:40:45.8977824+03:00"
2026-09-05 16:41:45.974 +03:00 [INF] ServiceManager Heartbeat: DB, Redis, and Services Healthy at "2026-09-05T16:41:45.9738229+03:00"
2026-09-05 16:42:45.997 +03:00 [INF] ServiceManager Heartbeat: DB, Redis, and Services Healthy at "2026-09-05T16:42:45.9975849+03:00"
2026-09-05 16:43:46.019 +03:00 [INF] ServiceManager Heartbeat: DB, Redis, and Services Healthy at "2026-09-05T16:43:46.0190989+03:00"
2026-09-05 16:44:46.028 +03:00 [INF] ServiceManager Heartbeat: DB, Redis, and Services Healthy at "2026-09-05T16:44:46.0287321+03:00"
2026-09-05 16:45:46.041 +03:00 [INF] ServiceManager Heartbeat: DB, Redis, and Services Healthy at "2026-09-05T16:45:46.0416640+03:00"
2026-09-05 16:46:46.089 +03:00 [INF] ServiceManager Heartbeat: DB, Redis, and Services Healthy at "2026-09-05T16:46:46.0896706+03:00"
2026-09-05 16:47:46.107 +03:00 [INF] ServiceManager Heartbeat: DB, Redis, and Services Healthy at "2026-09-05T16:47:46.1070125+03:00"
2026-09-05 16:48:46.119 +03:00 [INF] ServiceManager Heartbeat: DB, Redis, and Services Healthy at "2026-09-05T16:48:46.1188481+03:00"
2026-09-05 16:49:46.139 +03:00 [INF] ServiceManager Heartbeat: DB, Redis, and Services Healthy at "2026-09-05T16:49:46.1388694+03:00"
2026-09-05 16:50:46.153 +03:00 [INF] ServiceManager Heartbeat: DB, Redis, and Services Healthy at "2026-09-05T16:50:46.1535185+03:00"
2026-09-05 16:51:46.177 +03:00 [INF] ServiceManager Heartbeat: DB, Redis, and Services Healthy at "2026-09-05T16:51:46.1770164+03:00"
2026-09-05 16:52:46.184 +03:00 [INF] ServiceManager Heartbeat: DB, Redis, and Services Healthy at "2026-09-05T16:52:46.1845896+03:00"
2026-09-05 16:53:46.201 +03:00 [INF] ServiceManager Heartbeat: DB, Redis, and Services Healthy at "2026-09-05T16:53:46.2015555+03:00"
2026-09-05 16:54:46.211 +03:00 [INF] ServiceManager Heartbeat: DB, Redis, and Services Healthy at "2026-09-05T16:54:46.2112928+03:00"
2026-09-05 16:55:46.219 +03:00 [INF] ServiceManager Heartbeat: DB, Redis, and Services Healthy at "2026-09-05T16:55:46.2188806+03:00"
2026-09-05 16:56:46.239 +03:00 [INF] ServiceManager Heartbeat: DB, Redis, and Services Healthy at "2026-09-05T16:56:46.2397355+03:00"
2026-09-05 16:57:46.247 +03:00 [INF] ServiceManager Heartbeat: DB, Redis, and Services Healthy at "2026-09-05T16:57:46.2478706+03:00"
2026-09-05 16:58:46.255 +03:00 [INF] ServiceManager Heartbeat: DB, Redis, and Services Healthy at "2026-09-05T16:58:46.2549694+03:00"
2026-09-05 16:59:46.265 +03:00 [INF] ServiceManager Heartbeat: DB, Redis, and Services Healthy at "2026-09-05T16:59:46.2649624+03:00"
2026-09-05 17:00:46.274 +03:00 [INF] ServiceManager Heartbeat: DB, Redis, and Services Healthy at "2026-09-05T17:00:46.2741695+03:00"
2026-09-05 17:01:46.288 +03:00 [INF] ServiceManager Heartbeat: DB, Redis, and Services Healthy at "2026-09-05T17:01:46.2884223+03:00"
2026-09-05 17:02:46.305 +03:00 [INF] ServiceManager Heartbeat: DB, Redis, and Services Healthy at "2026-09-05T17:02:46.3057821+03:00"
2026-09-05 17:03:46.309 +03:00 [INF] ServiceManager Heartbeat: DB, Redis, and Services Healthy at "2026-09-05T17:03:46.3091276+03:00"
2026-09-05 17:04:46.322 +03:00 [INF] ServiceManager Heartbeat: DB, Redis, and Services Healthy at "2026-09-05T17:04:46.3221790+03:00"
2026-09-05 17:05:46.329 +03:00 [INF] ServiceManager Heartbeat: DB, Redis, and Services Healthy at "2026-09-05T17:05:46.3283615+03:00"
2026-09-05 17:06:46.338 +03:00 [INF] ServiceManager Heartbeat: DB, Redis, and Services Healthy at "2026-09-05T17:06:46.3381370+03:00"
2026-09-05 17:07:46.352 +03:00 [INF] ServiceManager Heartbeat: DB, Redis, and Services Healthy at "2026-09-05T17:07:46.3528876+03:00"
2026-09-05 17:08:46.363 +03:00 [INF] ServiceManager Heartbeat: DB, Redis, and Services Healthy at "2026-09-05T17:08:46.3636229+03:00"
2026-09-05 17:09:46.367 +03:00 [INF] ServiceManager Heartbeat: DB, Redis, and Services Healthy at "2026-09-05T17:09:46.3676479+03:00"
2026-09-05 17:10:46.383 +03:00 [INF] ServiceManager Heartbeat: DB, Redis, and Services Healthy at "2026-09-05T17:10:46.3835964+03:00"
2026-09-05 17:11:46.393 +03:00 [INF] ServiceManager Heartbeat: DB, Redis, and Services Healthy at "2026-09-05T17:11:46.3935392+03:00"
2026-09-05 17:12:39.128 +03:00 [INF] Application is shutting down...
2026-09-05 17:12:39.146 +03:00 [ERR] LabInstrumentListenerWorker error
System.Threading.Tasks.TaskCanceledException: A task was canceled.
   at CMS.ServiceManager.Workers.LabInstrumentListenerWorker.ExecuteAsync(CancellationToken stoppingToken) in C:\Users\ASUS\source\repos\CMS\src\CMS.ServiceManager\Workers\Workers.cs:line 81
2026-09-05 17:18:11.896 +03:00 [INF] ServiceManager Heartbeat: DB, Redis, and Services Healthy at "2026-09-05T17:18:11.8424835+03:00"
2026-09-05 17:18:12.136 +03:00 [INF] Starting LabInstrumentListenerWorker TCP listener on Port 2575 (HL7)...
2026-09-05 17:18:12.156 +03:00 [INF] Application started. Press Ctrl+C to shut down.
2026-09-05 17:18:12.161 +03:00 [INF] Hosting environment: Development
2026-09-05 17:18:12.164 +03:00 [INF] Content root path: C:\Users\ASUS\source\repos\CMS\src\CMS.ServiceManager
2026-09-05 17:19:12.125 +03:00 [INF] ServiceManager Heartbeat: DB, Redis, and Services Healthy at "2026-09-05T17:19:12.1253636+03:00"
2026-09-05 17:20:12.141 +03:00 [INF] ServiceManager Heartbeat: DB, Redis, and Services Healthy at "2026-09-05T17:20:12.1409513+03:00"
2026-09-05 17:21:12.248 +03:00 [INF] ServiceManager Heartbeat: DB, Redis, and Services Healthy at "2026-09-05T17:21:12.2482410+03:00"
2026-09-05 17:22:12.256 +03:00 [INF] ServiceManager Heartbeat: DB, Redis, and Services Healthy at "2026-09-05T17:22:12.2558227+03:00"
2026-09-05 17:22:55.098 +03:00 [INF] Application is shutting down...
2026-09-05 17:22:55.109 +03:00 [ERR] LabInstrumentListenerWorker error
System.Threading.Tasks.TaskCanceledException: A task was canceled.
   at CMS.ServiceManager.Workers.LabInstrumentListenerWorker.ExecuteAsync(CancellationToken stoppingToken) in C:\Users\ASUS\source\repos\CMS\src\CMS.ServiceManager\Workers\Workers.cs:line 81
2026-09-05 17:23:31.242 +03:00 [INF] ServiceManager Heartbeat: DB, Redis, and Services Healthy at "2026-09-05T17:23:31.1787948+03:00"
2026-09-05 17:23:31.376 +03:00 [INF] Starting LabInstrumentListenerWorker TCP listener on Port 2575 (HL7)...
2026-09-05 17:23:31.392 +03:00 [INF] Application started. Press Ctrl+C to shut down.
2026-09-05 17:23:31.393 +03:00 [INF] Hosting environment: Development
2026-09-05 17:23:31.395 +03:00 [INF] Content root path: C:\Users\ASUS\source\repos\CMS\src\CMS.ServiceManager
2026-09-05 17:24:31.369 +03:00 [INF] ServiceManager Heartbeat: DB, Redis, and Services Healthy at "2026-09-05T17:24:31.3689654+03:00"
2026-09-05 17:25:31.381 +03:00 [INF] ServiceManager Heartbeat: DB, Redis, and Services Healthy at "2026-09-05T17:25:31.3816614+03:00"
2026-09-05 17:26:31.514 +03:00 [INF] ServiceManager Heartbeat: DB, Redis, and Services Healthy at "2026-09-05T17:26:31.5134745+03:00"
2026-09-05 17:27:31.541 +03:00 [INF] ServiceManager Heartbeat: DB, Redis, and Services Healthy at "2026-09-05T17:27:31.5409336+03:00"
2026-09-05 17:28:31.807 +03:00 [INF] ServiceManager Heartbeat: DB, Redis, and Services Healthy at "2026-09-05T17:28:31.8071556+03:00"
2026-09-05 17:29:32.520 +03:00 [INF] ServiceManager Heartbeat: DB, Redis, and Services Healthy at "2026-09-05T17:29:32.5204406+03:00"
2026-09-05 17:30:32.526 +03:00 [INF] ServiceManager Heartbeat: DB, Redis, and Services Healthy at "2026-09-05T17:30:32.5267058+03:00"
2026-09-05 17:31:32.534 +03:00 [INF] ServiceManager Heartbeat: DB, Redis, and Services Healthy at "2026-09-05T17:31:32.5342638+03:00"
2026-09-05 17:32:32.570 +03:00 [INF] ServiceManager Heartbeat: DB, Redis, and Services Healthy at "2026-09-05T17:32:32.5700517+03:00"
2026-09-05 17:33:32.589 +03:00 [INF] ServiceManager Heartbeat: DB, Redis, and Services Healthy at "2026-09-05T17:33:32.5891701+03:00"
2026-09-05 17:34:32.596 +03:00 [INF] ServiceManager Heartbeat: DB, Redis, and Services Healthy at "2026-09-05T17:34:32.5966968+03:00"
2026-09-05 17:35:32.628 +03:00 [INF] ServiceManager Heartbeat: DB, Redis, and Services Healthy at "2026-09-05T17:35:32.6274445+03:00"
2026-09-05 17:36:32.647 +03:00 [INF] ServiceManager Heartbeat: DB, Redis, and Services Healthy at "2026-09-05T17:36:32.6470315+03:00"
2026-09-05 17:37:32.661 +03:00 [INF] ServiceManager Heartbeat: DB, Redis, and Services Healthy at "2026-09-05T17:37:32.6609889+03:00"
2026-09-05 17:38:32.776 +03:00 [INF] ServiceManager Heartbeat: DB, Redis, and Services Healthy at "2026-09-05T17:38:32.7759402+03:00"
2026-09-05 17:39:33.400 +03:00 [INF] ServiceManager Heartbeat: DB, Redis, and Services Healthy at "2026-09-05T17:39:33.4005959+03:00"
2026-09-05 17:40:33.805 +03:00 [INF] ServiceManager Heartbeat: DB, Redis, and Services Healthy at "2026-09-05T17:40:33.8056014+03:00"
2026-09-05 17:41:34.553 +03:00 [INF] ServiceManager Heartbeat: DB, Redis, and Services Healthy at "2026-09-05T17:41:34.5529596+03:00"
2026-09-05 17:42:34.571 +03:00 [INF] ServiceManager Heartbeat: DB, Redis, and Services Healthy at "2026-09-05T17:42:34.5714419+03:00"
2026-09-05 17:43:34.594 +03:00 [INF] ServiceManager Heartbeat: DB, Redis, and Services Healthy at "2026-09-05T17:43:34.5942311+03:00"
2026-09-05 17:44:34.618 +03:00 [INF] ServiceManager Heartbeat: DB, Redis, and Services Healthy at "2026-09-05T17:44:34.6178457+03:00"
2026-09-05 17:45:34.625 +03:00 [INF] ServiceManager Heartbeat: DB, Redis, and Services Healthy at "2026-09-05T17:45:34.6259274+03:00"
2026-09-05 17:46:34.642 +03:00 [INF] ServiceManager Heartbeat: DB, Redis, and Services Healthy at "2026-09-05T17:46:34.6419954+03:00"
2026-09-05 17:47:34.683 +03:00 [INF] ServiceManager Heartbeat: DB, Redis, and Services Healthy at "2026-09-05T17:47:34.6837979+03:00"
2026-09-05 17:48:35.197 +03:00 [INF] ServiceManager Heartbeat: DB, Redis, and Services Healthy at "2026-09-05T17:48:35.1967303+03:00"
2026-09-05 17:49:35.202 +03:00 [INF] ServiceManager Heartbeat: DB, Redis, and Services Healthy at "2026-09-05T17:49:35.2024338+03:00"
2026-09-05 17:50:35.216 +03:00 [INF] ServiceManager Heartbeat: DB, Redis, and Services Healthy at "2026-09-05T17:50:35.2169319+03:00"
2026-09-05 17:51:35.233 +03:00 [INF] ServiceManager Heartbeat: DB, Redis, and Services Healthy at "2026-09-05T17:51:35.2332397+03:00"
2026-09-05 17:52:35.278 +03:00 [INF] ServiceManager Heartbeat: DB, Redis, and Services Healthy at "2026-09-05T17:52:35.2788485+03:00"
2026-09-05 17:53:35.292 +03:00 [INF] ServiceManager Heartbeat: DB, Redis, and Services Healthy at "2026-09-05T17:53:35.2919737+03:00"
2026-09-05 17:54:35.302 +03:00 [INF] ServiceManager Heartbeat: DB, Redis, and Services Healthy at "2026-09-05T17:54:35.3015567+03:00"
2026-09-05 17:55:35.319 +03:00 [INF] ServiceManager Heartbeat: DB, Redis, and Services Healthy at "2026-09-05T17:55:35.3191583+03:00"
2026-09-05 17:56:35.326 +03:00 [INF] ServiceManager Heartbeat: DB, Redis, and Services Healthy at "2026-09-05T17:56:35.3260019+03:00"
2026-09-05 17:57:35.341 +03:00 [INF] ServiceManager Heartbeat: DB, Redis, and Services Healthy at "2026-09-05T17:57:35.3416705+03:00"
2026-09-05 17:58:35.358 +03:00 [INF] ServiceManager Heartbeat: DB, Redis, and Services Healthy at "2026-09-05T17:58:35.3584817+03:00"
2026-09-05 17:59:35.372 +03:00 [INF] ServiceManager Heartbeat: DB, Redis, and Services Healthy at "2026-09-05T17:59:35.3720664+03:00"
2026-09-05 18:00:35.387 +03:00 [INF] ServiceManager Heartbeat: DB, Redis, and Services Healthy at "2026-09-05T18:00:35.3878121+03:00"
2026-09-05 18:01:35.401 +03:00 [INF] ServiceManager Heartbeat: DB, Redis, and Services Healthy at "2026-09-05T18:01:35.4018626+03:00"
2026-09-05 18:02:35.416 +03:00 [INF] ServiceManager Heartbeat: DB, Redis, and Services Healthy at "2026-09-05T18:02:35.4159811+03:00"
2026-09-05 18:02:35.695 +03:00 [INF] Application is shutting down...
2026-09-05 18:02:35.715 +03:00 [ERR] LabInstrumentListenerWorker error
System.Threading.Tasks.TaskCanceledException: A task was canceled.
   at CMS.ServiceManager.Workers.LabInstrumentListenerWorker.ExecuteAsync(CancellationToken stoppingToken) in C:\Users\ASUS\source\repos\CMS\src\CMS.ServiceManager\Workers\Workers.cs:line 81
2026-09-05 18:13:42.127 +03:00 [INF] ServiceManager Heartbeat: DB, Redis, and Services Healthy at "2026-09-05T18:13:42.0810522+03:00"
2026-09-05 18:13:42.227 +03:00 [INF] Starting LabInstrumentListenerWorker TCP listener on Port 2575 (HL7)...
2026-09-05 18:13:42.243 +03:00 [INF] Application started. Press Ctrl+C to shut down.
2026-09-05 18:13:42.246 +03:00 [INF] Hosting environment: Development
2026-09-05 18:13:42.249 +03:00 [INF] Content root path: C:\Users\ASUS\source\repos\CMS\src\CMS.ServiceManager
2026-09-05 18:14:42.226 +03:00 [INF] ServiceManager Heartbeat: DB, Redis, and Services Healthy at "2026-09-05T18:14:42.2263077+03:00"
2026-09-05 18:15:42.238 +03:00 [INF] ServiceManager Heartbeat: DB, Redis, and Services Healthy at "2026-09-05T18:15:42.2379823+03:00"
2026-09-05 18:16:42.254 +03:00 [INF] ServiceManager Heartbeat: DB, Redis, and Services Healthy at "2026-09-05T18:16:42.2547502+03:00"
2026-09-05 18:17:42.272 +03:00 [INF] ServiceManager Heartbeat: DB, Redis, and Services Healthy at "2026-09-05T18:17:42.2721908+03:00"
2026-09-05 18:18:42.291 +03:00 [INF] ServiceManager Heartbeat: DB, Redis, and Services Healthy at "2026-09-05T18:18:42.2912504+03:00"
2026-09-05 18:19:42.317 +03:00 [INF] ServiceManager Heartbeat: DB, Redis, and Services Healthy at "2026-09-05T18:19:42.3174120+03:00"
2026-09-05 18:20:42.331 +03:00 [INF] ServiceManager Heartbeat: DB, Redis, and Services Healthy at "2026-09-05T18:20:42.3315532+03:00"
2026-09-05 18:21:42.341 +03:00 [INF] ServiceManager Heartbeat: DB, Redis, and Services Healthy at "2026-09-05T18:21:42.3418211+03:00"
2026-09-05 18:22:42.352 +03:00 [INF] ServiceManager Heartbeat: DB, Redis, and Services Healthy at "2026-09-05T18:22:42.3525740+03:00"
2026-09-05 18:23:42.361 +03:00 [INF] ServiceManager Heartbeat: DB, Redis, and Services Healthy at "2026-09-05T18:23:42.3614154+03:00"
2026-09-05 18:24:42.373 +03:00 [INF] ServiceManager Heartbeat: DB, Redis, and Services Healthy at "2026-09-05T18:24:42.3738472+03:00"
2026-09-05 18:25:42.392 +03:00 [INF] ServiceManager Heartbeat: DB, Redis, and Services Healthy at "2026-09-05T18:25:42.3917884+03:00"
2026-09-05 18:26:42.408 +03:00 [INF] ServiceManager Heartbeat: DB, Redis, and Services Healthy at "2026-09-05T18:26:42.4087717+03:00"
2026-09-05 18:27:42.415 +03:00 [INF] ServiceManager Heartbeat: DB, Redis, and Services Healthy at "2026-09-05T18:27:42.4152168+03:00"
2026-09-05 18:28:42.434 +03:00 [INF] ServiceManager Heartbeat: DB, Redis, and Services Healthy at "2026-09-05T18:28:42.4347519+03:00"
2026-09-05 18:29:42.446 +03:00 [INF] ServiceManager Heartbeat: DB, Redis, and Services Healthy at "2026-09-05T18:29:42.4459847+03:00"
2026-09-05 18:30:42.460 +03:00 [INF] ServiceManager Heartbeat: DB, Redis, and Services Healthy at "2026-09-05T18:30:42.4599482+03:00"
2026-09-05 18:31:42.473 +03:00 [INF] ServiceManager Heartbeat: DB, Redis, and Services Healthy at "2026-09-05T18:31:42.4732744+03:00"
2026-09-05 18:32:42.491 +03:00 [INF] ServiceManager Heartbeat: DB, Redis, and Services Healthy at "2026-09-05T18:32:42.4915672+03:00"
2026-09-05 18:33:42.494 +03:00 [INF] ServiceManager Heartbeat: DB, Redis, and Services Healthy at "2026-09-05T18:33:42.4947989+03:00"
2026-09-05 18:34:42.499 +03:00 [INF] ServiceManager Heartbeat: DB, Redis, and Services Healthy at "2026-09-05T18:34:42.4991525+03:00"
2026-09-05 18:35:42.517 +03:00 [INF] ServiceManager Heartbeat: DB, Redis, and Services Healthy at "2026-09-05T18:35:42.5178969+03:00"
2026-09-05 18:36:42.527 +03:00 [INF] ServiceManager Heartbeat: DB, Redis, and Services Healthy at "2026-09-05T18:36:42.5274956+03:00"
2026-09-05 18:37:24.456 +03:00 [INF] Application is shutting down...
2026-09-05 18:37:24.469 +03:00 [ERR] LabInstrumentListenerWorker error
System.Threading.Tasks.TaskCanceledException: A task was canceled.
   at CMS.ServiceManager.Workers.LabInstrumentListenerWorker.ExecuteAsync(CancellationToken stoppingToken) in C:\Users\ASUS\source\repos\CMS\src\CMS.ServiceManager\Workers\Workers.cs:line 81
2026-09-05 22:38:39.433 +03:00 [INF] ServiceManager Heartbeat: DB, Redis, and Services Healthy at "2026-09-05T22:38:39.3833214+03:00"
2026-09-05 22:38:39.540 +03:00 [INF] Starting LabInstrumentListenerWorker TCP listener on Port 2575 (HL7)...
2026-09-05 22:38:39.552 +03:00 [INF] Application started. Press Ctrl+C to shut down.
2026-09-05 22:38:39.554 +03:00 [INF] Hosting environment: Development
2026-09-05 22:38:39.556 +03:00 [INF] Content root path: C:\Users\ASUS\source\repos\CMS\src\CMS.ServiceManager
2026-09-05 22:39:39.537 +03:00 [INF] ServiceManager Heartbeat: DB, Redis, and Services Healthy at "2026-09-05T22:39:39.5374594+03:00"
2026-09-05 22:40:39.551 +03:00 [INF] ServiceManager Heartbeat: DB, Redis, and Services Healthy at "2026-09-05T22:40:39.5506734+03:00"
2026-09-05 22:41:39.569 +03:00 [INF] ServiceManager Heartbeat: DB, Redis, and Services Healthy at "2026-09-05T22:41:39.5688314+03:00"
2026-09-05 22:42:39.587 +03:00 [INF] ServiceManager Heartbeat: DB, Redis, and Services Healthy at "2026-09-05T22:42:39.5874816+03:00"
2026-09-05 22:43:39.595 +03:00 [INF] ServiceManager Heartbeat: DB, Redis, and Services Healthy at "2026-09-05T22:43:39.5953425+03:00"
2026-09-05 22:44:39.598 +03:00 [INF] ServiceManager Heartbeat: DB, Redis, and Services Healthy at "2026-09-05T22:44:39.5975204+03:00"
2026-09-05 22:45:39.607 +03:00 [INF] ServiceManager Heartbeat: DB, Redis, and Services Healthy at "2026-09-05T22:45:39.6074104+03:00"
2026-09-05 22:46:39.616 +03:00 [INF] ServiceManager Heartbeat: DB, Redis, and Services Healthy at "2026-09-05T22:46:39.6160287+03:00"
2026-09-05 22:47:39.647 +03:00 [INF] ServiceManager Heartbeat: DB, Redis, and Services Healthy at "2026-09-05T22:47:39.6473435+03:00"
2026-09-05 22:48:39.661 +03:00 [INF] ServiceManager Heartbeat: DB, Redis, and Services Healthy at "2026-09-05T22:48:39.6615001+03:00"
2026-09-05 22:49:39.671 +03:00 [INF] ServiceManager Heartbeat: DB, Redis, and Services Healthy at "2026-09-05T22:49:39.6712731+03:00"
2026-09-05 22:50:39.677 +03:00 [INF] ServiceManager Heartbeat: DB, Redis, and Services Healthy at "2026-09-05T22:50:39.6762548+03:00"
2026-09-05 22:51:39.693 +03:00 [INF] ServiceManager Heartbeat: DB, Redis, and Services Healthy at "2026-09-05T22:51:39.6937278+03:00"
2026-09-05 22:52:39.705 +03:00 [INF] ServiceManager Heartbeat: DB, Redis, and Services Healthy at "2026-09-05T22:52:39.7051057+03:00"
2026-09-05 22:53:39.713 +03:00 [INF] ServiceManager Heartbeat: DB, Redis, and Services Healthy at "2026-09-05T22:53:39.7134039+03:00"
2026-09-05 22:54:39.724 +03:00 [INF] ServiceManager Heartbeat: DB, Redis, and Services Healthy at "2026-09-05T22:54:39.7245661+03:00"
2026-09-05 22:55:39.742 +03:00 [INF] ServiceManager Heartbeat: DB, Redis, and Services Healthy at "2026-09-05T22:55:39.7421768+03:00"
2026-09-05 22:56:39.750 +03:00 [INF] ServiceManager Heartbeat: DB, Redis, and Services Healthy at "2026-09-05T22:56:39.7508351+03:00"
2026-09-05 22:57:39.769 +03:00 [INF] ServiceManager Heartbeat: DB, Redis, and Services Healthy at "2026-09-05T22:57:39.7695698+03:00"
2026-09-05 22:58:39.780 +03:00 [INF] ServiceManager Heartbeat: DB, Redis, and Services Healthy at "2026-09-05T22:58:39.7793811+03:00"
2026-09-05 22:59:39.796 +03:00 [INF] ServiceManager Heartbeat: DB, Redis, and Services Healthy at "2026-09-05T22:59:39.7962763+03:00"
2026-09-05 23:00:39.809 +03:00 [INF] ServiceManager Heartbeat: DB, Redis, and Services Healthy at "2026-09-05T23:00:39.8093806+03:00"
2026-09-05 23:01:39.831 +03:00 [INF] ServiceManager Heartbeat: DB, Redis, and Services Healthy at "2026-09-05T23:01:39.8314802+03:00"
2026-09-05 23:02:39.877 +03:00 [INF] ServiceManager Heartbeat: DB, Redis, and Services Healthy at "2026-09-05T23:02:39.8770372+03:00"
2026-09-05 23:03:39.891 +03:00 [INF] ServiceManager Heartbeat: DB, Redis, and Services Healthy at "2026-09-05T23:03:39.8914292+03:00"
2026-09-05 23:04:39.899 +03:00 [INF] ServiceManager Heartbeat: DB, Redis, and Services Healthy at "2026-09-05T23:04:39.8994202+03:00"
2026-09-05 23:05:39.902 +03:00 [INF] ServiceManager Heartbeat: DB, Redis, and Services Healthy at "2026-09-05T23:05:39.9028616+03:00"
2026-09-05 23:06:39.922 +03:00 [INF] ServiceManager Heartbeat: DB, Redis, and Services Healthy at "2026-09-05T23:06:39.9223323+03:00"
2026-09-05 23:07:39.929 +03:00 [INF] ServiceManager Heartbeat: DB, Redis, and Services Healthy at "2026-09-05T23:07:39.9291481+03:00"
2026-09-05 23:08:40.049 +03:00 [INF] ServiceManager Heartbeat: DB, Redis, and Services Healthy at "2026-09-05T23:08:40.0488088+03:00"
2026-09-05 23:09:40.070 +03:00 [INF] ServiceManager Heartbeat: DB, Redis, and Services Healthy at "2026-09-05T23:09:40.0696940+03:00"
2026-09-05 23:10:40.077 +03:00 [INF] ServiceManager Heartbeat: DB, Redis, and Services Healthy at "2026-09-05T23:10:40.0777522+03:00"
2026-09-05 23:11:40.096 +03:00 [INF] ServiceManager Heartbeat: DB, Redis, and Services Healthy at "2026-09-05T23:11:40.0968506+03:00"
2026-09-05 23:12:33.079 +03:00 [INF] Application is shutting down...
2026-09-05 23:12:33.093 +03:00 [ERR] LabInstrumentListenerWorker error
System.Threading.Tasks.TaskCanceledException: A task was canceled.
   at CMS.ServiceManager.Workers.LabInstrumentListenerWorker.ExecuteAsync(CancellationToken stoppingToken) in C:\Users\ASUS\source\repos\CMS\src\CMS.ServiceManager\Workers\Workers.cs:line 81
