2026-09-23 02:37:34.796 +03:00 [INF] ServiceManager Heartbeat: DB, Redis, and Services Healthy at "2026-09-23T02:37:34.7277512+03:00"
2026-09-23 02:37:34.944 +03:00 [INF] Starting LabInstrumentListenerWorker TCP listener on Port 2575 (HL7)...
2026-09-23 02:37:34.958 +03:00 [INF] Application started. Press Ctrl+C to shut down.
2026-09-23 02:37:34.963 +03:00 [INF] Hosting environment: Development
2026-09-23 02:37:34.972 +03:00 [INF] Content root path: C:\Users\ASUS\source\repos\CMS\src\CMS.ServiceManager
2026-09-23 02:38:34.927 +03:00 [INF] ServiceManager Heartbeat: DB, Redis, and Services Healthy at "2026-09-23T02:38:34.9276467+03:00"
2026-09-23 02:39:34.997 +03:00 [INF] ServiceManager Heartbeat: DB, Redis, and Services Healthy at "2026-09-23T02:39:34.9952214+03:00"
2026-09-23 02:40:35.665 +03:00 [INF] ServiceManager Heartbeat: DB, Redis, and Services Healthy at "2026-09-23T02:40:35.6658421+03:00"
2026-09-23 02:41:35.685 +03:00 [INF] ServiceManager Heartbeat: DB, Redis, and Services Healthy at "2026-09-23T02:41:35.6854264+03:00"
2026-09-23 02:42:35.716 +03:00 [INF] ServiceManager Heartbeat: DB, Redis, and Services Healthy at "2026-09-23T02:42:35.7159513+03:00"
2026-09-23 02:43:35.758 +03:00 [INF] ServiceManager Heartbeat: DB, Redis, and Services Healthy at "2026-09-23T02:43:35.7581263+03:00"
2026-09-23 02:44:35.840 +03:00 [INF] ServiceManager Heartbeat: DB, Redis, and Services Healthy at "2026-09-23T02:44:35.8402679+03:00"
2026-09-23 02:45:35.976 +03:00 [INF] ServiceManager Heartbeat: DB, Redis, and Services Healthy at "2026-09-23T02:45:35.9759840+03:00"
2026-09-23 02:46:36.148 +03:00 [INF] ServiceManager Heartbeat: DB, Redis, and Services Healthy at "2026-09-23T02:46:36.1486545+03:00"
2026-09-23 02:47:36.736 +03:00 [INF] ServiceManager Heartbeat: DB, Redis, and Services Healthy at "2026-09-23T02:47:36.7365477+03:00"
2026-09-23 02:48:36.878 +03:00 [INF] ServiceManager Heartbeat: DB, Redis, and Services Healthy at "2026-09-23T02:48:36.8785112+03:00"
2026-09-23 02:49:36.949 +03:00 [INF] ServiceManager Heartbeat: DB, Redis, and Services Healthy at "2026-09-23T02:49:36.9492734+03:00"
2026-09-23 02:50:37.176 +03:00 [INF] ServiceManager Heartbeat: DB, Redis, and Services Healthy at "2026-09-23T02:50:37.1768496+03:00"
2026-09-23 02:51:37.225 +03:00 [INF] ServiceManager Heartbeat: DB, Redis, and Services Healthy at "2026-09-23T02:51:37.2258851+03:00"
2026-09-23 02:52:37.418 +03:00 [INF] ServiceManager Heartbeat: DB, Redis, and Services Healthy at "2026-09-23T02:52:37.4179259+03:00"
2026-09-23 02:53:37.434 +03:00 [INF] ServiceManager Heartbeat: DB, Redis, and Services Healthy at "2026-09-23T02:53:37.4342710+03:00"
2026-09-23 02:54:37.453 +03:00 [INF] ServiceManager Heartbeat: DB, Redis, and Services Healthy at "2026-09-23T02:54:37.4533196+03:00"
2026-09-23 02:55:37.468 +03:00 [INF] ServiceManager Heartbeat: DB, Redis, and Services Healthy at "2026-09-23T02:55:37.4685107+03:00"
2026-09-23 02:56:37.485 +03:00 [INF] ServiceManager Heartbeat: DB, Redis, and Services Healthy at "2026-09-23T02:56:37.4853064+03:00"
2026-09-23 02:57:37.504 +03:00 [INF] ServiceManager Heartbeat: DB, Redis, and Services Healthy at "2026-09-23T02:57:37.5037887+03:00"
2026-09-23 02:58:37.521 +03:00 [INF] ServiceManager Heartbeat: DB, Redis, and Services Healthy at "2026-09-23T02:58:37.5216041+03:00"
2026-09-23 02:59:37.527 +03:00 [INF] ServiceManager Heartbeat: DB, Redis, and Services Healthy at "2026-09-23T02:59:37.5272019+03:00"
2026-09-23 03:00:37.536 +03:00 [INF] ServiceManager Heartbeat: DB, Redis, and Services Healthy at "2026-09-23T03:00:37.5360797+03:00"
2026-09-23 03:01:37.568 +03:00 [INF] ServiceManager Heartbeat: DB, Redis, and Services Healthy at "2026-09-23T03:01:37.5687611+03:00"
2026-09-23 03:02:37.577 +03:00 [INF] ServiceManager Heartbeat: DB, Redis, and Services Healthy at "2026-09-23T03:02:37.5774505+03:00"
2026-09-23 03:03:37.604 +03:00 [INF] ServiceManager Heartbeat: DB, Redis, and Services Healthy at "2026-09-23T03:03:37.6042927+03:00"
2026-09-23 03:04:37.676 +03:00 [INF] ServiceManager Heartbeat: DB, Redis, and Services Healthy at "2026-09-23T03:04:37.6767772+03:00"
2026-09-23 03:05:37.724 +03:00 [INF] ServiceManager Heartbeat: DB, Redis, and Services Healthy at "2026-09-23T03:05:37.7246951+03:00"
2026-09-23 03:06:37.751 +03:00 [INF] ServiceManager Heartbeat: DB, Redis, and Services Healthy at "2026-09-23T03:06:37.7517664+03:00"
2026-09-23 03:07:37.815 +03:00 [INF] ServiceManager Heartbeat: DB, Redis, and Services Healthy at "2026-09-23T03:07:37.8155829+03:00"
2026-09-23 03:08:37.838 +03:00 [INF] ServiceManager Heartbeat: DB, Redis, and Services Healthy at "2026-09-23T03:08:37.8380507+03:00"
2026-09-23 03:09:37.862 +03:00 [INF] ServiceManager Heartbeat: DB, Redis, and Services Healthy at "2026-09-23T03:09:37.8625013+03:00"
2026-09-23 03:10:38.086 +03:00 [INF] ServiceManager Heartbeat: DB, Redis, and Services Healthy at "2026-09-23T03:10:38.0865885+03:00"
2026-09-23 03:11:38.273 +03:00 [INF] ServiceManager Heartbeat: DB, Redis, and Services Healthy at "2026-09-23T03:11:38.2730138+03:00"
2026-09-23 03:12:38.304 +03:00 [INF] ServiceManager Heartbeat: DB, Redis, and Services Healthy at "2026-09-23T03:12:38.3039667+03:00"
2026-09-23 03:13:38.311 +03:00 [INF] ServiceManager Heartbeat: DB, Redis, and Services Healthy at "2026-09-23T03:13:38.3114473+03:00"
2026-09-23 03:14:38.332 +03:00 [INF] ServiceManager Heartbeat: DB, Redis, and Services Healthy at "2026-09-23T03:14:38.3327398+03:00"
2026-09-23 03:15:38.716 +03:00 [INF] ServiceManager Heartbeat: DB, Redis, and Services Healthy at "2026-09-23T03:15:38.7169494+03:00"
2026-09-23 03:16:38.737 +03:00 [INF] ServiceManager Heartbeat: DB, Redis, and Services Healthy at "2026-09-23T03:16:38.7375374+03:00"
2026-09-23 03:17:38.774 +03:00 [INF] ServiceManager Heartbeat: DB, Redis, and Services Healthy at "2026-09-23T03:17:38.7736122+03:00"
2026-09-23 03:18:38.778 +03:00 [INF] ServiceManager Heartbeat: DB, Redis, and Services Healthy at "2026-09-23T03:18:38.7786130+03:00"
2026-09-23 03:19:38.788 +03:00 [INF] ServiceManager Heartbeat: DB, Redis, and Services Healthy at "2026-09-23T03:19:38.7886274+03:00"
2026-09-23 03:20:38.808 +03:00 [INF] ServiceManager Heartbeat: DB, Redis, and Services Healthy at "2026-09-23T03:20:38.8081403+03:00"
2026-09-23 03:21:38.818 +03:00 [INF] ServiceManager Heartbeat: DB, Redis, and Services Healthy at "2026-09-23T03:21:38.8183735+03:00"
2026-09-23 03:22:39.281 +03:00 [INF] ServiceManager Heartbeat: DB, Redis, and Services Healthy at "2026-09-23T03:22:39.2816263+03:00"
2026-09-23 03:23:39.309 +03:00 [INF] ServiceManager Heartbeat: DB, Redis, and Services Healthy at "2026-09-23T03:23:39.3095057+03:00"
2026-09-23 03:24:39.360 +03:00 [INF] ServiceManager Heartbeat: DB, Redis, and Services Healthy at "2026-09-23T03:24:39.3600014+03:00"
2026-09-23 03:25:39.370 +03:00 [INF] ServiceManager Heartbeat: DB, Redis, and Services Healthy at "2026-09-23T03:25:39.3707601+03:00"
2026-09-23 03:26:39.375 +03:00 [INF] ServiceManager Heartbeat: DB, Redis, and Services Healthy at "2026-09-23T03:26:39.3753439+03:00"
2026-09-23 03:27:39.410 +03:00 [INF] ServiceManager Heartbeat: DB, Redis, and Services Healthy at "2026-09-23T03:27:39.4100501+03:00"
2026-09-23 03:28:39.499 +03:00 [INF] ServiceManager Heartbeat: DB, Redis, and Services Healthy at "2026-09-23T03:28:39.4996116+03:00"
2026-09-23 03:29:39.543 +03:00 [INF] ServiceManager Heartbeat: DB, Redis, and Services Healthy at "2026-09-23T03:29:39.5433155+03:00"
2026-09-23 03:30:39.614 +03:00 [INF] ServiceManager Heartbeat: DB, Redis, and Services Healthy at "2026-09-23T03:30:39.6145971+03:00"
2026-09-23 03:31:39.629 +03:00 [INF] ServiceManager Heartbeat: DB, Redis, and Services Healthy at "2026-09-23T03:31:39.6290711+03:00"
2026-09-23 03:32:39.642 +03:00 [INF] ServiceManager Heartbeat: DB, Redis, and Services Healthy at "2026-09-23T03:32:39.6426925+03:00"
2026-09-23 03:33:39.648 +03:00 [INF] ServiceManager Heartbeat: DB, Redis, and Services Healthy at "2026-09-23T03:33:39.6485656+03:00"
2026-09-23 03:34:39.665 +03:00 [INF] ServiceManager Heartbeat: DB, Redis, and Services Healthy at "2026-09-23T03:34:39.6657545+03:00"
2026-09-23 03:35:39.673 +03:00 [INF] ServiceManager Heartbeat: DB, Redis, and Services Healthy at "2026-09-23T03:35:39.6731979+03:00"
2026-09-23 03:36:39.682 +03:00 [INF] ServiceManager Heartbeat: DB, Redis, and Services Healthy at "2026-09-23T03:36:39.6828916+03:00"
2026-09-23 03:37:39.692 +03:00 [INF] ServiceManager Heartbeat: DB, Redis, and Services Healthy at "2026-09-23T03:37:39.6919969+03:00"
2026-09-23 03:38:39.708 +03:00 [INF] ServiceManager Heartbeat: DB, Redis, and Services Healthy at "2026-09-23T03:38:39.7087328+03:00"
2026-09-23 03:39:39.721 +03:00 [INF] ServiceManager Heartbeat: DB, Redis, and Services Healthy at "2026-09-23T03:39:39.7217174+03:00"
2026-09-23 03:40:39.750 +03:00 [INF] ServiceManager Heartbeat: DB, Redis, and Services Healthy at "2026-09-23T03:40:39.7503447+03:00"
2026-09-23 03:41:39.765 +03:00 [INF] ServiceManager Heartbeat: DB, Redis, and Services Healthy at "2026-09-23T03:41:39.7652627+03:00"
2026-09-23 03:42:39.806 +03:00 [INF] ServiceManager Heartbeat: DB, Redis, and Services Healthy at "2026-09-23T03:42:39.8069418+03:00"
2026-09-23 03:43:39.810 +03:00 [INF] ServiceManager Heartbeat: DB, Redis, and Services Healthy at "2026-09-23T03:43:39.8103328+03:00"
2026-09-23 03:44:39.839 +03:00 [INF] ServiceManager Heartbeat: DB, Redis, and Services Healthy at "2026-09-23T03:44:39.8393628+03:00"
2026-09-23 03:45:40.162 +03:00 [INF] ServiceManager Heartbeat: DB, Redis, and Services Healthy at "2026-09-23T03:45:40.1625852+03:00"
2026-09-23 03:46:40.173 +03:00 [INF] ServiceManager Heartbeat: DB, Redis, and Services Healthy at "2026-09-23T03:46:40.1733566+03:00"
2026-09-23 03:47:40.291 +03:00 [INF] ServiceManager Heartbeat: DB, Redis, and Services Healthy at "2026-09-23T03:47:40.2910167+03:00"
2026-09-23 03:48:40.423 +03:00 [INF] ServiceManager Heartbeat: DB, Redis, and Services Healthy at "2026-09-23T03:48:40.4238826+03:00"
2026-09-23 03:49:40.589 +03:00 [INF] ServiceManager Heartbeat: DB, Redis, and Services Healthy at "2026-09-23T03:49:40.5897275+03:00"
2026-09-23 03:50:40.618 +03:00 [INF] ServiceManager Heartbeat: DB, Redis, and Services Healthy at "2026-09-23T03:50:40.6187319+03:00"
2026-09-23 03:51:40.635 +03:00 [INF] ServiceManager Heartbeat: DB, Redis, and Services Healthy at "2026-09-23T03:51:40.6349919+03:00"
2026-09-23 03:52:40.675 +03:00 [INF] ServiceManager Heartbeat: DB, Redis, and Services Healthy at "2026-09-23T03:52:40.6753082+03:00"
2026-09-23 03:53:40.696 +03:00 [INF] ServiceManager Heartbeat: DB, Redis, and Services Healthy at "2026-09-23T03:53:40.6968863+03:00"
2026-09-23 03:54:40.720 +03:00 [INF] ServiceManager Heartbeat: DB, Redis, and Services Healthy at "2026-09-23T03:54:40.7207187+03:00"
2026-09-23 03:55:40.893 +03:00 [INF] ServiceManager Heartbeat: DB, Redis, and Services Healthy at "2026-09-23T03:55:40.8937166+03:00"
2026-09-23 03:56:40.913 +03:00 [INF] ServiceManager Heartbeat: DB, Redis, and Services Healthy at "2026-09-23T03:56:40.9135158+03:00"
2026-09-23 03:57:40.934 +03:00 [INF] ServiceManager Heartbeat: DB, Redis, and Services Healthy at "2026-09-23T03:57:40.9345418+03:00"
2026-09-23 03:58:40.965 +03:00 [INF] ServiceManager Heartbeat: DB, Redis, and Services Healthy at "2026-09-23T03:58:40.9658890+03:00"
2026-09-23 03:59:41.109 +03:00 [INF] ServiceManager Heartbeat: DB, Redis, and Services Healthy at "2026-09-23T03:59:41.1094567+03:00"
2026-09-23 04:00:41.136 +03:00 [INF] ServiceManager Heartbeat: DB, Redis, and Services Healthy at "2026-09-23T04:00:41.1368321+03:00"
2026-09-23 04:01:41.144 +03:00 [INF] ServiceManager Heartbeat: DB, Redis, and Services Healthy at "2026-09-23T04:01:41.1449022+03:00"
2026-09-23 04:02:41.160 +03:00 [INF] ServiceManager Heartbeat: DB, Redis, and Services Healthy at "2026-09-23T04:02:41.1604789+03:00"
2026-09-23 04:03:41.213 +03:00 [INF] ServiceManager Heartbeat: DB, Redis, and Services Healthy at "2026-09-23T04:03:41.2135240+03:00"
2026-09-23 04:04:41.310 +03:00 [INF] ServiceManager Heartbeat: DB, Redis, and Services Healthy at "2026-09-23T04:04:41.3099822+03:00"
2026-09-23 04:05:41.359 +03:00 [INF] ServiceManager Heartbeat: DB, Redis, and Services Healthy at "2026-09-23T04:05:41.3590927+03:00"
2026-09-23 04:06:41.370 +03:00 [INF] ServiceManager Heartbeat: DB, Redis, and Services Healthy at "2026-09-23T04:06:41.3706217+03:00"
2026-09-23 04:07:41.443 +03:00 [INF] ServiceManager Heartbeat: DB, Redis, and Services Healthy at "2026-09-23T04:07:41.4433711+03:00"
2026-09-23 04:08:41.618 +03:00 [INF] ServiceManager Heartbeat: DB, Redis, and Services Healthy at "2026-09-23T04:08:41.6186324+03:00"
2026-09-23 04:09:41.638 +03:00 [INF] ServiceManager Heartbeat: DB, Redis, and Services Healthy at "2026-09-23T04:09:41.6386394+03:00"
2026-09-23 04:10:41.659 +03:00 [INF] ServiceManager Heartbeat: DB, Redis, and Services Healthy at "2026-09-23T04:10:41.6592901+03:00"
2026-09-23 04:11:41.668 +03:00 [INF] ServiceManager Heartbeat: DB, Redis, and Services Healthy at "2026-09-23T04:11:41.6688367+03:00"
2026-09-23 04:12:41.689 +03:00 [INF] ServiceManager Heartbeat: DB, Redis, and Services Healthy at "2026-09-23T04:12:41.6891249+03:00"
2026-09-23 04:13:41.910 +03:00 [INF] ServiceManager Heartbeat: DB, Redis, and Services Healthy at "2026-09-23T04:13:41.9109798+03:00"
2026-09-23 04:14:41.978 +03:00 [INF] ServiceManager Heartbeat: DB, Redis, and Services Healthy at "2026-09-23T04:14:41.9785722+03:00"
2026-09-23 04:15:42.037 +03:00 [INF] ServiceManager Heartbeat: DB, Redis, and Services Healthy at "2026-09-23T04:15:42.0370710+03:00"
2026-09-23 04:16:42.874 +03:00 [INF] ServiceManager Heartbeat: DB, Redis, and Services Healthy at "2026-09-23T04:16:42.8743560+03:00"
2026-09-23 04:17:42.887 +03:00 [INF] ServiceManager Heartbeat: DB, Redis, and Services Healthy at "2026-09-23T04:17:42.8877848+03:00"
2026-09-23 04:18:42.908 +03:00 [INF] ServiceManager Heartbeat: DB, Redis, and Services Healthy at "2026-09-23T04:18:42.9089195+03:00"
2026-09-23 04:19:42.934 +03:00 [INF] ServiceManager Heartbeat: DB, Redis, and Services Healthy at "2026-09-23T04:19:42.9347774+03:00"
2026-09-23 04:20:43.283 +03:00 [INF] ServiceManager Heartbeat: DB, Redis, and Services Healthy at "2026-09-23T04:20:43.2835945+03:00"
2026-09-23 04:21:43.301 +03:00 [INF] ServiceManager Heartbeat: DB, Redis, and Services Healthy at "2026-09-23T04:21:43.3013944+03:00"
2026-09-23 04:22:43.354 +03:00 [INF] ServiceManager Heartbeat: DB, Redis, and Services Healthy at "2026-09-23T04:22:43.3542521+03:00"
2026-09-23 04:23:44.022 +03:00 [INF] ServiceManager Heartbeat: DB, Redis, and Services Healthy at "2026-09-23T04:23:44.0226214+03:00"
2026-09-23 04:24:44.107 +03:00 [INF] ServiceManager Heartbeat: DB, Redis, and Services Healthy at "2026-09-23T04:24:44.1077240+03:00"
2026-09-23 04:25:44.140 +03:00 [INF] ServiceManager Heartbeat: DB, Redis, and Services Healthy at "2026-09-23T04:25:44.1403317+03:00"
2026-09-23 04:26:44.157 +03:00 [INF] ServiceManager Heartbeat: DB, Redis, and Services Healthy at "2026-09-23T04:26:44.1577518+03:00"
2026-09-23 04:27:44.169 +03:00 [INF] ServiceManager Heartbeat: DB, Redis, and Services Healthy at "2026-09-23T04:27:44.1689815+03:00"
2026-09-23 04:28:44.196 +03:00 [INF] ServiceManager Heartbeat: DB, Redis, and Services Healthy at "2026-09-23T04:28:44.1965833+03:00"
2026-09-23 04:29:44.209 +03:00 [INF] ServiceManager Heartbeat: DB, Redis, and Services Healthy at "2026-09-23T04:29:44.2097677+03:00"
2026-09-23 04:30:44.231 +03:00 [INF] ServiceManager Heartbeat: DB, Redis, and Services Healthy at "2026-09-23T04:30:44.2317640+03:00"
2026-09-23 04:31:44.277 +03:00 [INF] ServiceManager Heartbeat: DB, Redis, and Services Healthy at "2026-09-23T04:31:44.2775192+03:00"
2026-09-23 04:32:44.290 +03:00 [INF] ServiceManager Heartbeat: DB, Redis, and Services Healthy at "2026-09-23T04:32:44.2903885+03:00"
2026-09-23 04:33:44.319 +03:00 [INF] ServiceManager Heartbeat: DB, Redis, and Services Healthy at "2026-09-23T04:33:44.3197026+03:00"
2026-09-23 04:34:44.329 +03:00 [INF] ServiceManager Heartbeat: DB, Redis, and Services Healthy at "2026-09-23T04:34:44.3298396+03:00"
2026-09-23 04:35:44.342 +03:00 [INF] ServiceManager Heartbeat: DB, Redis, and Services Healthy at "2026-09-23T04:35:44.3424480+03:00"
2026-09-23 04:36:44.366 +03:00 [INF] ServiceManager Heartbeat: DB, Redis, and Services Healthy at "2026-09-23T04:36:44.3669672+03:00"
2026-09-23 04:37:44.385 +03:00 [INF] ServiceManager Heartbeat: DB, Redis, and Services Healthy at "2026-09-23T04:37:44.3850051+03:00"
2026-09-23 04:38:44.406 +03:00 [INF] ServiceManager Heartbeat: DB, Redis, and Services Healthy at "2026-09-23T04:38:44.4060053+03:00"
2026-09-23 04:39:44.430 +03:00 [INF] ServiceManager Heartbeat: DB, Redis, and Services Healthy at "2026-09-23T04:39:44.4305701+03:00"
2026-09-23 04:40:44.440 +03:00 [INF] ServiceManager Heartbeat: DB, Redis, and Services Healthy at "2026-09-23T04:40:44.4403096+03:00"
2026-09-23 04:41:44.502 +03:00 [INF] ServiceManager Heartbeat: DB, Redis, and Services Healthy at "2026-09-23T04:41:44.5027082+03:00"
2026-09-23 04:42:44.588 +03:00 [INF] ServiceManager Heartbeat: DB, Redis, and Services Healthy at "2026-09-23T04:42:44.5883587+03:00"
2026-09-23 04:43:44.907 +03:00 [INF] ServiceManager Heartbeat: DB, Redis, and Services Healthy at "2026-09-23T04:43:44.9076145+03:00"
2026-09-23 04:44:44.927 +03:00 [INF] ServiceManager Heartbeat: DB, Redis, and Services Healthy at "2026-09-23T04:44:44.9279575+03:00"
2026-09-23 04:45:44.946 +03:00 [INF] ServiceManager Heartbeat: DB, Redis, and Services Healthy at "2026-09-23T04:45:44.9461478+03:00"
2026-09-23 04:46:44.963 +03:00 [INF] ServiceManager Heartbeat: DB, Redis, and Services Healthy at "2026-09-23T04:46:44.9634348+03:00"
2026-09-23 04:47:44.976 +03:00 [INF] ServiceManager Heartbeat: DB, Redis, and Services Healthy at "2026-09-23T04:47:44.9764317+03:00"
2026-09-23 04:48:44.983 +03:00 [INF] ServiceManager Heartbeat: DB, Redis, and Services Healthy at "2026-09-23T04:48:44.9835005+03:00"
2026-09-23 04:49:44.998 +03:00 [INF] ServiceManager Heartbeat: DB, Redis, and Services Healthy at "2026-09-23T04:49:44.9985409+03:00"
2026-09-23 04:50:45.008 +03:00 [INF] ServiceManager Heartbeat: DB, Redis, and Services Healthy at "2026-09-23T04:50:45.0083294+03:00"
2026-09-23 04:51:45.025 +03:00 [INF] ServiceManager Heartbeat: DB, Redis, and Services Healthy at "2026-09-23T04:51:45.0259683+03:00"
2026-09-23 04:52:45.068 +03:00 [INF] ServiceManager Heartbeat: DB, Redis, and Services Healthy at "2026-09-23T04:52:45.0686608+03:00"
2026-09-23 04:53:45.103 +03:00 [INF] ServiceManager Heartbeat: DB, Redis, and Services Healthy at "2026-09-23T04:53:45.1039180+03:00"
2026-09-23 04:54:45.118 +03:00 [INF] ServiceManager Heartbeat: DB, Redis, and Services Healthy at "2026-09-23T04:54:45.1185500+03:00"
2026-09-23 04:55:45.130 +03:00 [INF] ServiceManager Heartbeat: DB, Redis, and Services Healthy at "2026-09-23T04:55:45.1299994+03:00"
2026-09-23 04:56:45.305 +03:00 [INF] ServiceManager Heartbeat: DB, Redis, and Services Healthy at "2026-09-23T04:56:45.3054666+03:00"
2026-09-23 04:57:45.317 +03:00 [INF] ServiceManager Heartbeat: DB, Redis, and Services Healthy at "2026-09-23T04:57:45.3170826+03:00"
2026-09-23 04:58:45.376 +03:00 [INF] ServiceManager Heartbeat: DB, Redis, and Services Healthy at "2026-09-23T04:58:45.3769298+03:00"
2026-09-23 04:59:45.847 +03:00 [INF] ServiceManager Heartbeat: DB, Redis, and Services Healthy at "2026-09-23T04:59:45.8475363+03:00"
2026-09-23 05:00:45.852 +03:00 [INF] ServiceManager Heartbeat: DB, Redis, and Services Healthy at "2026-09-23T05:00:45.8521614+03:00"
2026-09-23 05:01:45.872 +03:00 [INF] ServiceManager Heartbeat: DB, Redis, and Services Healthy at "2026-09-23T05:01:45.8727726+03:00"
2026-09-23 05:02:45.899 +03:00 [INF] ServiceManager Heartbeat: DB, Redis, and Services Healthy at "2026-09-23T05:02:45.8994343+03:00"
2026-09-23 05:03:45.911 +03:00 [INF] ServiceManager Heartbeat: DB, Redis, and Services Healthy at "2026-09-23T05:03:45.9115168+03:00"
2026-09-23 05:04:45.931 +03:00 [INF] ServiceManager Heartbeat: DB, Redis, and Services Healthy at "2026-09-23T05:04:45.9314217+03:00"
2026-09-23 05:05:45.998 +03:00 [INF] ServiceManager Heartbeat: DB, Redis, and Services Healthy at "2026-09-23T05:05:45.9984363+03:00"
2026-09-23 05:06:46.024 +03:00 [INF] ServiceManager Heartbeat: DB, Redis, and Services Healthy at "2026-09-23T05:06:46.0249315+03:00"
2026-09-23 05:07:46.047 +03:00 [INF] ServiceManager Heartbeat: DB, Redis, and Services Healthy at "2026-09-23T05:07:46.0474385+03:00"
2026-09-23 05:08:46.067 +03:00 [INF] ServiceManager Heartbeat: DB, Redis, and Services Healthy at "2026-09-23T05:08:46.0673650+03:00"
2026-09-23 05:09:46.080 +03:00 [INF] ServiceManager Heartbeat: DB, Redis, and Services Healthy at "2026-09-23T05:09:46.0809021+03:00"
2026-09-23 05:10:46.105 +03:00 [INF] ServiceManager Heartbeat: DB, Redis, and Services Healthy at "2026-09-23T05:10:46.1050967+03:00"
2026-09-23 05:11:46.118 +03:00 [INF] ServiceManager Heartbeat: DB, Redis, and Services Healthy at "2026-09-23T05:11:46.1187483+03:00"
2026-09-23 05:12:46.132 +03:00 [INF] ServiceManager Heartbeat: DB, Redis, and Services Healthy at "2026-09-23T05:12:46.1329060+03:00"
2026-09-23 05:13:46.151 +03:00 [INF] ServiceManager Heartbeat: DB, Redis, and Services Healthy at "2026-09-23T05:13:46.1516309+03:00"
2026-09-23 05:14:46.176 +03:00 [INF] ServiceManager Heartbeat: DB, Redis, and Services Healthy at "2026-09-23T05:14:46.1761437+03:00"
2026-09-23 05:15:46.324 +03:00 [INF] ServiceManager Heartbeat: DB, Redis, and Services Healthy at "2026-09-23T05:15:46.3244765+03:00"
2026-09-23 05:16:46.337 +03:00 [INF] ServiceManager Heartbeat: DB, Redis, and Services Healthy at "2026-09-23T05:16:46.3371451+03:00"
2026-09-23 05:17:46.363 +03:00 [INF] ServiceManager Heartbeat: DB, Redis, and Services Healthy at "2026-09-23T05:17:46.3636478+03:00"
2026-09-23 05:18:46.387 +03:00 [INF] ServiceManager Heartbeat: DB, Redis, and Services Healthy at "2026-09-23T05:18:46.3879757+03:00"
2026-09-23 05:19:46.408 +03:00 [INF] ServiceManager Heartbeat: DB, Redis, and Services Healthy at "2026-09-23T05:19:46.4085645+03:00"
2026-09-23 05:20:46.420 +03:00 [INF] ServiceManager Heartbeat: DB, Redis, and Services Healthy at "2026-09-23T05:20:46.4209314+03:00"
2026-09-23 05:21:46.435 +03:00 [INF] ServiceManager Heartbeat: DB, Redis, and Services Healthy at "2026-09-23T05:21:46.4354033+03:00"
2026-09-23 05:22:46.446 +03:00 [INF] ServiceManager Heartbeat: DB, Redis, and Services Healthy at "2026-09-23T05:22:46.4462467+03:00"
2026-09-23 05:23:46.458 +03:00 [INF] ServiceManager Heartbeat: DB, Redis, and Services Healthy at "2026-09-23T05:23:46.4585822+03:00"
2026-09-23 05:24:46.485 +03:00 [INF] ServiceManager Heartbeat: DB, Redis, and Services Healthy at "2026-09-23T05:24:46.4853540+03:00"
2026-09-23 05:25:46.519 +03:00 [INF] ServiceManager Heartbeat: DB, Redis, and Services Healthy at "2026-09-23T05:25:46.5198077+03:00"
2026-09-23 05:26:46.638 +03:00 [INF] ServiceManager Heartbeat: DB, Redis, and Services Healthy at "2026-09-23T05:26:46.6382851+03:00"
2026-09-23 05:27:46.670 +03:00 [INF] ServiceManager Heartbeat: DB, Redis, and Services Healthy at "2026-09-23T05:27:46.6707475+03:00"
2026-09-23 09:10:55.929 +03:00 [INF] ServiceManager Heartbeat: DB, Redis, and Services Healthy at "2026-09-23T09:10:55.9293925+03:00"
2026-09-23 09:11:55.941 +03:00 [INF] ServiceManager Heartbeat: DB, Redis, and Services Healthy at "2026-09-23T09:11:55.9418537+03:00"
2026-09-23 09:12:55.957 +03:00 [INF] ServiceManager Heartbeat: DB, Redis, and Services Healthy at "2026-09-23T09:12:55.9573455+03:00"
2026-09-23 09:13:55.970 +03:00 [INF] ServiceManager Heartbeat: DB, Redis, and Services Healthy at "2026-09-23T09:13:55.9702036+03:00"
2026-09-23 09:14:55.987 +03:00 [INF] ServiceManager Heartbeat: DB, Redis, and Services Healthy at "2026-09-23T09:14:55.9876108+03:00"
2026-09-23 09:15:56.002 +03:00 [INF] ServiceManager Heartbeat: DB, Redis, and Services Healthy at "2026-09-23T09:15:56.0027528+03:00"
2026-09-23 09:16:56.010 +03:00 [INF] ServiceManager Heartbeat: DB, Redis, and Services Healthy at "2026-09-23T09:16:56.0102045+03:00"
2026-09-23 09:17:56.019 +03:00 [INF] ServiceManager Heartbeat: DB, Redis, and Services Healthy at "2026-09-23T09:17:56.0196354+03:00"
2026-09-23 09:18:56.031 +03:00 [INF] ServiceManager Heartbeat: DB, Redis, and Services Healthy at "2026-09-23T09:18:56.0313326+03:00"
2026-09-23 09:19:56.044 +03:00 [INF] ServiceManager Heartbeat: DB, Redis, and Services Healthy at "2026-09-23T09:19:56.0440901+03:00"
2026-09-23 09:20:56.060 +03:00 [INF] ServiceManager Heartbeat: DB, Redis, and Services Healthy at "2026-09-23T09:20:56.0602013+03:00"
2026-09-23 09:21:56.067 +03:00 [INF] ServiceManager Heartbeat: DB, Redis, and Services Healthy at "2026-09-23T09:21:56.0679599+03:00"
2026-09-23 09:22:56.080 +03:00 [INF] ServiceManager Heartbeat: DB, Redis, and Services Healthy at "2026-09-23T09:22:56.0803568+03:00"
2026-09-23 09:23:56.089 +03:00 [INF] ServiceManager Heartbeat: DB, Redis, and Services Healthy at "2026-09-23T09:23:56.0897666+03:00"
2026-09-23 09:24:56.103 +03:00 [INF] ServiceManager Heartbeat: DB, Redis, and Services Healthy at "2026-09-23T09:24:56.1037770+03:00"
2026-09-23 09:25:56.122 +03:00 [INF] ServiceManager Heartbeat: DB, Redis, and Services Healthy at "2026-09-23T09:25:56.1223205+03:00"
2026-09-23 09:26:56.132 +03:00 [INF] ServiceManager Heartbeat: DB, Redis, and Services Healthy at "2026-09-23T09:26:56.1328145+03:00"
2026-09-23 09:27:56.150 +03:00 [INF] ServiceManager Heartbeat: DB, Redis, and Services Healthy at "2026-09-23T09:27:56.1509668+03:00"
2026-09-23 09:28:56.160 +03:00 [INF] ServiceManager Heartbeat: DB, Redis, and Services Healthy at "2026-09-23T09:28:56.1605395+03:00"
2026-09-23 09:29:56.169 +03:00 [INF] ServiceManager Heartbeat: DB, Redis, and Services Healthy at "2026-09-23T09:29:56.1699351+03:00"
2026-09-23 09:30:56.181 +03:00 [INF] ServiceManager Heartbeat: DB, Redis, and Services Healthy at "2026-09-23T09:30:56.1816930+03:00"
2026-09-23 09:31:56.202 +03:00 [INF] ServiceManager Heartbeat: DB, Redis, and Services Healthy at "2026-09-23T09:31:56.2020788+03:00"
2026-09-23 09:32:56.299 +03:00 [INF] ServiceManager Heartbeat: DB, Redis, and Services Healthy at "2026-09-23T09:32:56.2994220+03:00"
2026-09-23 09:33:56.304 +03:00 [INF] ServiceManager Heartbeat: DB, Redis, and Services Healthy at "2026-09-23T09:33:56.3046067+03:00"
2026-09-23 09:34:56.320 +03:00 [INF] ServiceManager Heartbeat: DB, Redis, and Services Healthy at "2026-09-23T09:34:56.3207403+03:00"
2026-09-23 09:35:56.333 +03:00 [INF] ServiceManager Heartbeat: DB, Redis, and Services Healthy at "2026-09-23T09:35:56.3330593+03:00"
2026-09-23 09:36:56.347 +03:00 [INF] ServiceManager Heartbeat: DB, Redis, and Services Healthy at "2026-09-23T09:36:56.3472470+03:00"
2026-09-23 09:37:56.364 +03:00 [INF] ServiceManager Heartbeat: DB, Redis, and Services Healthy at "2026-09-23T09:37:56.3642650+03:00"
2026-09-23 09:38:56.373 +03:00 [INF] ServiceManager Heartbeat: DB, Redis, and Services Healthy at "2026-09-23T09:38:56.3737847+03:00"
2026-09-23 09:39:56.387 +03:00 [INF] ServiceManager Heartbeat: DB, Redis, and Services Healthy at "2026-09-23T09:39:56.3873624+03:00"
2026-09-23 09:40:56.406 +03:00 [INF] ServiceManager Heartbeat: DB, Redis, and Services Healthy at "2026-09-23T09:40:56.4063763+03:00"
2026-09-23 09:41:56.422 +03:00 [INF] ServiceManager Heartbeat: DB, Redis, and Services Healthy at "2026-09-23T09:41:56.4228577+03:00"
2026-09-23 09:42:56.435 +03:00 [INF] ServiceManager Heartbeat: DB, Redis, and Services Healthy at "2026-09-23T09:42:56.4352007+03:00"
2026-09-23 09:43:56.440 +03:00 [INF] ServiceManager Heartbeat: DB, Redis, and Services Healthy at "2026-09-23T09:43:56.4407128+03:00"
2026-09-23 09:44:56.461 +03:00 [INF] ServiceManager Heartbeat: DB, Redis, and Services Healthy at "2026-09-23T09:44:56.4616833+03:00"
2026-09-23 09:45:56.466 +03:00 [INF] ServiceManager Heartbeat: DB, Redis, and Services Healthy at "2026-09-23T09:45:56.4669508+03:00"
2026-09-23 09:46:56.481 +03:00 [INF] ServiceManager Heartbeat: DB, Redis, and Services Healthy at "2026-09-23T09:46:56.4818562+03:00"
2026-09-23 09:47:56.486 +03:00 [INF] ServiceManager Heartbeat: DB, Redis, and Services Healthy at "2026-09-23T09:47:56.4868545+03:00"
2026-09-23 09:48:56.503 +03:00 [INF] ServiceManager Heartbeat: DB, Redis, and Services Healthy at "2026-09-23T09:48:56.5034339+03:00"
2026-09-23 09:49:56.509 +03:00 [INF] ServiceManager Heartbeat: DB, Redis, and Services Healthy at "2026-09-23T09:49:56.5099217+03:00"
2026-09-23 09:50:56.527 +03:00 [INF] ServiceManager Heartbeat: DB, Redis, and Services Healthy at "2026-09-23T09:50:56.5270119+03:00"
2026-09-23 09:51:56.535 +03:00 [INF] ServiceManager Heartbeat: DB, Redis, and Services Healthy at "2026-09-23T09:51:56.5356338+03:00"
2026-09-23 09:52:56.543 +03:00 [INF] ServiceManager Heartbeat: DB, Redis, and Services Healthy at "2026-09-23T09:52:56.5437311+03:00"
2026-09-23 09:53:56.554 +03:00 [INF] ServiceManager Heartbeat: DB, Redis, and Services Healthy at "2026-09-23T09:53:56.5546905+03:00"
2026-09-23 09:54:56.560 +03:00 [INF] ServiceManager Heartbeat: DB, Redis, and Services Healthy at "2026-09-23T09:54:56.5600353+03:00"
2026-09-23 09:55:56.568 +03:00 [INF] ServiceManager Heartbeat: DB, Redis, and Services Healthy at "2026-09-23T09:55:56.5683675+03:00"
2026-09-23 09:56:56.583 +03:00 [INF] ServiceManager Heartbeat: DB, Redis, and Services Healthy at "2026-09-23T09:56:56.5837494+03:00"
2026-09-23 09:57:56.591 +03:00 [INF] ServiceManager Heartbeat: DB, Redis, and Services Healthy at "2026-09-23T09:57:56.5918672+03:00"
2026-09-23 09:58:56.609 +03:00 [INF] ServiceManager Heartbeat: DB, Redis, and Services Healthy at "2026-09-23T09:58:56.6093504+03:00"
2026-09-23 09:59:56.622 +03:00 [INF] ServiceManager Heartbeat: DB, Redis, and Services Healthy at "2026-09-23T09:59:56.6225097+03:00"
2026-09-23 10:00:56.633 +03:00 [INF] ServiceManager Heartbeat: DB, Redis, and Services Healthy at "2026-09-23T10:00:56.6334043+03:00"
2026-09-23 10:01:56.638 +03:00 [INF] ServiceManager Heartbeat: DB, Redis, and Services Healthy at "2026-09-23T10:01:56.6385310+03:00"
2026-09-23 10:02:56.657 +03:00 [INF] ServiceManager Heartbeat: DB, Redis, and Services Healthy at "2026-09-23T10:02:56.6578088+03:00"
2026-09-23 10:03:56.669 +03:00 [INF] ServiceManager Heartbeat: DB, Redis, and Services Healthy at "2026-09-23T10:03:56.6691104+03:00"
2026-09-23 10:04:56.675 +03:00 [INF] ServiceManager Heartbeat: DB, Redis, and Services Healthy at "2026-09-23T10:04:56.6758224+03:00"
2026-09-23 10:05:56.685 +03:00 [INF] ServiceManager Heartbeat: DB, Redis, and Services Healthy at "2026-09-23T10:05:56.6850592+03:00"
2026-09-23 10:06:56.696 +03:00 [INF] ServiceManager Heartbeat: DB, Redis, and Services Healthy at "2026-09-23T10:06:56.6966418+03:00"
2026-09-23 10:07:56.710 +03:00 [INF] ServiceManager Heartbeat: DB, Redis, and Services Healthy at "2026-09-23T10:07:56.7105303+03:00"
2026-09-23 10:08:56.734 +03:00 [INF] ServiceManager Heartbeat: DB, Redis, and Services Healthy at "2026-09-23T10:08:56.7340189+03:00"
2026-09-23 10:09:56.784 +03:00 [INF] ServiceManager Heartbeat: DB, Redis, and Services Healthy at "2026-09-23T10:09:56.7844879+03:00"
2026-09-23 10:10:56.797 +03:00 [INF] ServiceManager Heartbeat: DB, Redis, and Services Healthy at "2026-09-23T10:10:56.7970559+03:00"
2026-09-23 10:11:56.808 +03:00 [INF] ServiceManager Heartbeat: DB, Redis, and Services Healthy at "2026-09-23T10:11:56.8079999+03:00"
2026-09-23 10:12:56.819 +03:00 [INF] ServiceManager Heartbeat: DB, Redis, and Services Healthy at "2026-09-23T10:12:56.8189805+03:00"
2026-09-23 10:13:56.824 +03:00 [INF] ServiceManager Heartbeat: DB, Redis, and Services Healthy at "2026-09-23T10:13:56.8246089+03:00"
2026-09-23 10:14:56.839 +03:00 [INF] ServiceManager Heartbeat: DB, Redis, and Services Healthy at "2026-09-23T10:14:56.8393618+03:00"
2026-09-23 10:15:56.845 +03:00 [INF] ServiceManager Heartbeat: DB, Redis, and Services Healthy at "2026-09-23T10:15:56.8455759+03:00"
2026-09-23 10:16:56.855 +03:00 [INF] ServiceManager Heartbeat: DB, Redis, and Services Healthy at "2026-09-23T10:16:56.8559692+03:00"
2026-09-23 10:17:56.875 +03:00 [INF] ServiceManager Heartbeat: DB, Redis, and Services Healthy at "2026-09-23T10:17:56.8756957+03:00"
2026-09-23 10:18:56.886 +03:00 [INF] ServiceManager Heartbeat: DB, Redis, and Services Healthy at "2026-09-23T10:18:56.8861868+03:00"
2026-09-23 10:19:56.893 +03:00 [INF] ServiceManager Heartbeat: DB, Redis, and Services Healthy at "2026-09-23T10:19:56.8934269+03:00"
2026-09-23 10:20:56.905 +03:00 [INF] ServiceManager Heartbeat: DB, Redis, and Services Healthy at "2026-09-23T10:20:56.9058927+03:00"
2026-09-23 10:21:56.918 +03:00 [INF] ServiceManager Heartbeat: DB, Redis, and Services Healthy at "2026-09-23T10:21:56.9185011+03:00"
2026-09-23 10:22:56.933 +03:00 [INF] ServiceManager Heartbeat: DB, Redis, and Services Healthy at "2026-09-23T10:22:56.9331708+03:00"
2026-09-23 10:23:56.946 +03:00 [INF] ServiceManager Heartbeat: DB, Redis, and Services Healthy at "2026-09-23T10:23:56.9463672+03:00"
2026-09-23 10:24:56.949 +03:00 [INF] ServiceManager Heartbeat: DB, Redis, and Services Healthy at "2026-09-23T10:24:56.9498493+03:00"
2026-09-23 10:25:56.965 +03:00 [INF] ServiceManager Heartbeat: DB, Redis, and Services Healthy at "2026-09-23T10:25:56.9655293+03:00"
2026-09-23 10:26:56.974 +03:00 [INF] ServiceManager Heartbeat: DB, Redis, and Services Healthy at "2026-09-23T10:26:56.9741906+03:00"
2026-09-23 10:27:56.984 +03:00 [INF] ServiceManager Heartbeat: DB, Redis, and Services Healthy at "2026-09-23T10:27:56.9846210+03:00"
2026-09-23 10:28:57.004 +03:00 [INF] ServiceManager Heartbeat: DB, Redis, and Services Healthy at "2026-09-23T10:28:57.0041768+03:00"
2026-09-23 10:29:57.016 +03:00 [INF] ServiceManager Heartbeat: DB, Redis, and Services Healthy at "2026-09-23T10:29:57.0167778+03:00"
2026-09-23 10:30:57.024 +03:00 [INF] ServiceManager Heartbeat: DB, Redis, and Services Healthy at "2026-09-23T10:30:57.0249283+03:00"
2026-09-23 10:31:57.040 +03:00 [INF] ServiceManager Heartbeat: DB, Redis, and Services Healthy at "2026-09-23T10:31:57.0402321+03:00"
2026-09-23 10:32:57.053 +03:00 [INF] ServiceManager Heartbeat: DB, Redis, and Services Healthy at "2026-09-23T10:32:57.0530943+03:00"
2026-09-23 10:33:57.057 +03:00 [INF] ServiceManager Heartbeat: DB, Redis, and Services Healthy at "2026-09-23T10:33:57.0573908+03:00"
2026-09-23 10:34:57.060 +03:00 [INF] ServiceManager Heartbeat: DB, Redis, and Services Healthy at "2026-09-23T10:34:57.0609329+03:00"
2026-09-23 10:35:57.078 +03:00 [INF] ServiceManager Heartbeat: DB, Redis, and Services Healthy at "2026-09-23T10:35:57.0780795+03:00"
2026-09-23 10:36:57.157 +03:00 [INF] ServiceManager Heartbeat: DB, Redis, and Services Healthy at "2026-09-23T10:36:57.1575946+03:00"
2026-09-23 10:37:57.170 +03:00 [INF] ServiceManager Heartbeat: DB, Redis, and Services Healthy at "2026-09-23T10:37:57.1703886+03:00"
2026-09-23 10:38:57.190 +03:00 [INF] ServiceManager Heartbeat: DB, Redis, and Services Healthy at "2026-09-23T10:38:57.1905482+03:00"
2026-09-23 10:39:57.207 +03:00 [INF] ServiceManager Heartbeat: DB, Redis, and Services Healthy at "2026-09-23T10:39:57.2073297+03:00"
2026-09-23 10:40:57.222 +03:00 [INF] ServiceManager Heartbeat: DB, Redis, and Services Healthy at "2026-09-23T10:40:57.2220842+03:00"
2026-09-23 10:41:57.232 +03:00 [INF] ServiceManager Heartbeat: DB, Redis, and Services Healthy at "2026-09-23T10:41:57.2327276+03:00"
2026-09-23 10:42:57.240 +03:00 [INF] ServiceManager Heartbeat: DB, Redis, and Services Healthy at "2026-09-23T10:42:57.2406335+03:00"
2026-09-23 10:43:57.256 +03:00 [INF] ServiceManager Heartbeat: DB, Redis, and Services Healthy at "2026-09-23T10:43:57.2561567+03:00"
2026-09-23 10:44:57.264 +03:00 [INF] ServiceManager Heartbeat: DB, Redis, and Services Healthy at "2026-09-23T10:44:57.2643236+03:00"
2026-09-23 10:45:57.297 +03:00 [INF] ServiceManager Heartbeat: DB, Redis, and Services Healthy at "2026-09-23T10:45:57.2969864+03:00"
2026-09-23 10:46:57.368 +03:00 [INF] ServiceManager Heartbeat: DB, Redis, and Services Healthy at "2026-09-23T10:46:57.3680672+03:00"
2026-09-23 10:47:57.372 +03:00 [INF] ServiceManager Heartbeat: DB, Redis, and Services Healthy at "2026-09-23T10:47:57.3721648+03:00"
2026-09-23 10:48:57.384 +03:00 [INF] ServiceManager Heartbeat: DB, Redis, and Services Healthy at "2026-09-23T10:48:57.3842469+03:00"
2026-09-23 10:49:57.413 +03:00 [INF] ServiceManager Heartbeat: DB, Redis, and Services Healthy at "2026-09-23T10:49:57.4131663+03:00"
2026-09-23 10:50:57.428 +03:00 [INF] ServiceManager Heartbeat: DB, Redis, and Services Healthy at "2026-09-23T10:50:57.4285371+03:00"
2026-09-23 10:51:57.448 +03:00 [INF] ServiceManager Heartbeat: DB, Redis, and Services Healthy at "2026-09-23T10:51:57.4481771+03:00"
2026-09-23 10:52:57.692 +03:00 [INF] ServiceManager Heartbeat: DB, Redis, and Services Healthy at "2026-09-23T10:52:57.6926697+03:00"
2026-09-23 10:53:58.441 +03:00 [INF] ServiceManager Heartbeat: DB, Redis, and Services Healthy at "2026-09-23T10:53:58.4413148+03:00"
2026-09-23 10:54:58.459 +03:00 [INF] ServiceManager Heartbeat: DB, Redis, and Services Healthy at "2026-09-23T10:54:58.4590386+03:00"
2026-09-23 10:55:58.480 +03:00 [INF] ServiceManager Heartbeat: DB, Redis, and Services Healthy at "2026-09-23T10:55:58.4801550+03:00"
2026-09-23 10:56:58.520 +03:00 [INF] ServiceManager Heartbeat: DB, Redis, and Services Healthy at "2026-09-23T10:56:58.5207808+03:00"
2026-09-23 10:57:58.564 +03:00 [INF] ServiceManager Heartbeat: DB, Redis, and Services Healthy at "2026-09-23T10:57:58.5645825+03:00"
2026-09-23 10:58:58.964 +03:00 [INF] ServiceManager Heartbeat: DB, Redis, and Services Healthy at "2026-09-23T10:58:58.9641420+03:00"
2026-09-23 10:59:59.007 +03:00 [INF] ServiceManager Heartbeat: DB, Redis, and Services Healthy at "2026-09-23T10:59:59.0074237+03:00"
2026-09-23 11:00:59.045 +03:00 [INF] ServiceManager Heartbeat: DB, Redis, and Services Healthy at "2026-09-23T11:00:59.0455771+03:00"
2026-09-23 11:01:59.446 +03:00 [INF] ServiceManager Heartbeat: DB, Redis, and Services Healthy at "2026-09-23T11:01:59.4463477+03:00"
2026-09-23 11:02:59.467 +03:00 [INF] ServiceManager Heartbeat: DB, Redis, and Services Healthy at "2026-09-23T11:02:59.4677322+03:00"
2026-09-23 11:03:59.497 +03:00 [INF] ServiceManager Heartbeat: DB, Redis, and Services Healthy at "2026-09-23T11:03:59.4972000+03:00"
2026-09-23 11:05:00.012 +03:00 [INF] ServiceManager Heartbeat: DB, Redis, and Services Healthy at "2026-09-23T11:05:00.0120051+03:00"
2026-09-23 11:06:00.051 +03:00 [INF] ServiceManager Heartbeat: DB, Redis, and Services Healthy at "2026-09-23T11:06:00.0518251+03:00"
2026-09-23 11:07:00.084 +03:00 [INF] ServiceManager Heartbeat: DB, Redis, and Services Healthy at "2026-09-23T11:07:00.0847765+03:00"
2026-09-23 11:08:00.361 +03:00 [INF] ServiceManager Heartbeat: DB, Redis, and Services Healthy at "2026-09-23T11:08:00.3615033+03:00"
2026-09-23 11:09:00.639 +03:00 [INF] ServiceManager Heartbeat: DB, Redis, and Services Healthy at "2026-09-23T11:09:00.6392734+03:00"
2026-09-23 11:10:00.956 +03:00 [INF] ServiceManager Heartbeat: DB, Redis, and Services Healthy at "2026-09-23T11:10:00.9569324+03:00"
2026-09-23 11:11:01.045 +03:00 [INF] ServiceManager Heartbeat: DB, Redis, and Services Healthy at "2026-09-23T11:11:01.0453280+03:00"
2026-09-23 11:12:01.172 +03:00 [INF] ServiceManager Heartbeat: DB, Redis, and Services Healthy at "2026-09-23T11:12:01.1725958+03:00"
2026-09-23 11:13:01.368 +03:00 [INF] ServiceManager Heartbeat: DB, Redis, and Services Healthy at "2026-09-23T11:13:01.3683166+03:00"
2026-09-23 11:14:01.406 +03:00 [INF] ServiceManager Heartbeat: DB, Redis, and Services Healthy at "2026-09-23T11:14:01.4066255+03:00"
2026-09-23 11:15:01.463 +03:00 [INF] ServiceManager Heartbeat: DB, Redis, and Services Healthy at "2026-09-23T11:15:01.4631187+03:00"
2026-09-23 11:16:01.677 +03:00 [INF] ServiceManager Heartbeat: DB, Redis, and Services Healthy at "2026-09-23T11:16:01.6776321+03:00"
2026-09-23 11:17:02.006 +03:00 [INF] ServiceManager Heartbeat: DB, Redis, and Services Healthy at "2026-09-23T11:17:02.0063777+03:00"
2026-09-23 11:18:02.035 +03:00 [INF] ServiceManager Heartbeat: DB, Redis, and Services Healthy at "2026-09-23T11:18:02.0358766+03:00"
2026-09-23 11:19:02.121 +03:00 [INF] ServiceManager Heartbeat: DB, Redis, and Services Healthy at "2026-09-23T11:19:02.1213156+03:00"
2026-09-23 11:20:02.176 +03:00 [INF] ServiceManager Heartbeat: DB, Redis, and Services Healthy at "2026-09-23T11:20:02.1768507+03:00"
2026-09-23 11:21:02.484 +03:00 [INF] ServiceManager Heartbeat: DB, Redis, and Services Healthy at "2026-09-23T11:21:02.4846717+03:00"
2026-09-23 11:22:02.708 +03:00 [INF] ServiceManager Heartbeat: DB, Redis, and Services Healthy at "2026-09-23T11:22:02.7080320+03:00"
2026-09-23 11:23:03.165 +03:00 [INF] ServiceManager Heartbeat: DB, Redis, and Services Healthy at "2026-09-23T11:23:03.1652161+03:00"
2026-09-23 11:24:03.206 +03:00 [INF] ServiceManager Heartbeat: DB, Redis, and Services Healthy at "2026-09-23T11:24:03.2064237+03:00"
2026-09-23 11:25:03.297 +03:00 [INF] ServiceManager Heartbeat: DB, Redis, and Services Healthy at "2026-09-23T11:25:03.2974007+03:00"
2026-09-23 11:26:03.350 +03:00 [INF] ServiceManager Heartbeat: DB, Redis, and Services Healthy at "2026-09-23T11:26:03.3505403+03:00"
2026-09-23 11:27:04.331 +03:00 [INF] ServiceManager Heartbeat: DB, Redis, and Services Healthy at "2026-09-23T11:27:04.3312250+03:00"
2026-09-23 11:28:04.896 +03:00 [INF] ServiceManager Heartbeat: DB, Redis, and Services Healthy at "2026-09-23T11:28:04.8959797+03:00"
2026-09-23 11:29:05.181 +03:00 [INF] ServiceManager Heartbeat: DB, Redis, and Services Healthy at "2026-09-23T11:29:05.1815222+03:00"
2026-09-23 11:30:05.190 +03:00 [INF] ServiceManager Heartbeat: DB, Redis, and Services Healthy at "2026-09-23T11:30:05.1907859+03:00"
2026-09-23 11:31:05.210 +03:00 [INF] ServiceManager Heartbeat: DB, Redis, and Services Healthy at "2026-09-23T11:31:05.2109089+03:00"
2026-09-23 11:32:05.261 +03:00 [INF] ServiceManager Heartbeat: DB, Redis, and Services Healthy at "2026-09-23T11:32:05.2614968+03:00"
2026-09-23 11:33:05.488 +03:00 [INF] ServiceManager Heartbeat: DB, Redis, and Services Healthy at "2026-09-23T11:33:05.4881454+03:00"
2026-09-23 11:34:05.709 +03:00 [INF] ServiceManager Heartbeat: DB, Redis, and Services Healthy at "2026-09-23T11:34:05.7094144+03:00"
2026-09-23 11:35:05.718 +03:00 [INF] ServiceManager Heartbeat: DB, Redis, and Services Healthy at "2026-09-23T11:35:05.7182367+03:00"
2026-09-23 11:36:05.729 +03:00 [INF] ServiceManager Heartbeat: DB, Redis, and Services Healthy at "2026-09-23T11:36:05.7292551+03:00"
2026-09-23 11:37:05.738 +03:00 [INF] ServiceManager Heartbeat: DB, Redis, and Services Healthy at "2026-09-23T11:37:05.7387770+03:00"
2026-09-23 11:38:05.746 +03:00 [INF] ServiceManager Heartbeat: DB, Redis, and Services Healthy at "2026-09-23T11:38:05.7462693+03:00"
2026-09-23 11:39:05.766 +03:00 [INF] ServiceManager Heartbeat: DB, Redis, and Services Healthy at "2026-09-23T11:39:05.7664039+03:00"
2026-09-23 11:40:05.783 +03:00 [INF] ServiceManager Heartbeat: DB, Redis, and Services Healthy at "2026-09-23T11:40:05.7833192+03:00"
2026-09-23 11:41:05.817 +03:00 [INF] ServiceManager Heartbeat: DB, Redis, and Services Healthy at "2026-09-23T11:41:05.8176602+03:00"
2026-09-23 11:42:05.992 +03:00 [INF] ServiceManager Heartbeat: DB, Redis, and Services Healthy at "2026-09-23T11:42:05.9920680+03:00"
2026-09-23 11:43:06.267 +03:00 [INF] ServiceManager Heartbeat: DB, Redis, and Services Healthy at "2026-09-23T11:43:06.2678317+03:00"
2026-09-23 11:44:06.611 +03:00 [INF] ServiceManager Heartbeat: DB, Redis, and Services Healthy at "2026-09-23T11:44:06.6116926+03:00"
2026-09-23 11:45:06.620 +03:00 [INF] ServiceManager Heartbeat: DB, Redis, and Services Healthy at "2026-09-23T11:45:06.6208728+03:00"
2026-09-23 11:46:06.653 +03:00 [INF] ServiceManager Heartbeat: DB, Redis, and Services Healthy at "2026-09-23T11:46:06.6534625+03:00"
2026-09-23 11:47:06.670 +03:00 [INF] ServiceManager Heartbeat: DB, Redis, and Services Healthy at "2026-09-23T11:47:06.6703184+03:00"
2026-09-23 11:48:06.686 +03:00 [INF] ServiceManager Heartbeat: DB, Redis, and Services Healthy at "2026-09-23T11:48:06.6863113+03:00"
2026-09-23 11:49:06.707 +03:00 [INF] ServiceManager Heartbeat: DB, Redis, and Services Healthy at "2026-09-23T11:49:06.7077532+03:00"
2026-09-23 11:50:06.716 +03:00 [INF] ServiceManager Heartbeat: DB, Redis, and Services Healthy at "2026-09-23T11:50:06.7161470+03:00"
2026-09-23 11:51:06.738 +03:00 [INF] ServiceManager Heartbeat: DB, Redis, and Services Healthy at "2026-09-23T11:51:06.7379816+03:00"
2026-09-23 11:52:06.888 +03:00 [INF] ServiceManager Heartbeat: DB, Redis, and Services Healthy at "2026-09-23T11:52:06.8881222+03:00"
2026-09-23 11:53:07.024 +03:00 [INF] ServiceManager Heartbeat: DB, Redis, and Services Healthy at "2026-09-23T11:53:07.0247937+03:00"
2026-09-23 11:54:07.625 +03:00 [INF] ServiceManager Heartbeat: DB, Redis, and Services Healthy at "2026-09-23T11:54:07.6258335+03:00"
2026-09-23 11:55:07.677 +03:00 [INF] ServiceManager Heartbeat: DB, Redis, and Services Healthy at "2026-09-23T11:55:07.6773181+03:00"
2026-09-23 11:56:07.739 +03:00 [INF] ServiceManager Heartbeat: DB, Redis, and Services Healthy at "2026-09-23T11:56:07.7395207+03:00"
2026-09-23 11:57:08.126 +03:00 [INF] ServiceManager Heartbeat: DB, Redis, and Services Healthy at "2026-09-23T11:57:08.1264127+03:00"
2026-09-23 11:58:08.172 +03:00 [INF] ServiceManager Heartbeat: DB, Redis, and Services Healthy at "2026-09-23T11:58:08.1720057+03:00"
2026-09-23 11:59:08.289 +03:00 [INF] ServiceManager Heartbeat: DB, Redis, and Services Healthy at "2026-09-23T11:59:08.2899482+03:00"
2026-09-23 12:00:08.311 +03:00 [INF] ServiceManager Heartbeat: DB, Redis, and Services Healthy at "2026-09-23T12:00:08.3110475+03:00"
2026-09-23 12:01:08.348 +03:00 [INF] ServiceManager Heartbeat: DB, Redis, and Services Healthy at "2026-09-23T12:01:08.3486607+03:00"
2026-09-23 12:02:08.625 +03:00 [INF] ServiceManager Heartbeat: DB, Redis, and Services Healthy at "2026-09-23T12:02:08.6253902+03:00"
2026-09-23 12:03:08.651 +03:00 [INF] ServiceManager Heartbeat: DB, Redis, and Services Healthy at "2026-09-23T12:03:08.6510747+03:00"
2026-09-23 12:04:08.664 +03:00 [INF] ServiceManager Heartbeat: DB, Redis, and Services Healthy at "2026-09-23T12:04:08.6649178+03:00"
2026-09-23 12:05:08.730 +03:00 [INF] ServiceManager Heartbeat: DB, Redis, and Services Healthy at "2026-09-23T12:05:08.7303457+03:00"
2026-09-23 12:06:08.784 +03:00 [INF] ServiceManager Heartbeat: DB, Redis, and Services Healthy at "2026-09-23T12:06:08.7845358+03:00"
2026-09-23 12:07:08.802 +03:00 [INF] ServiceManager Heartbeat: DB, Redis, and Services Healthy at "2026-09-23T12:07:08.8024191+03:00"
2026-09-23 12:08:08.820 +03:00 [INF] ServiceManager Heartbeat: DB, Redis, and Services Healthy at "2026-09-23T12:08:08.8201897+03:00"
2026-09-23 12:09:08.845 +03:00 [INF] ServiceManager Heartbeat: DB, Redis, and Services Healthy at "2026-09-23T12:09:08.8456455+03:00"
2026-09-23 12:10:08.941 +03:00 [INF] ServiceManager Heartbeat: DB, Redis, and Services Healthy at "2026-09-23T12:10:08.9412803+03:00"
2026-09-23 12:10:21.896 +03:00 [INF] Application is shutting down...
2026-09-23 12:10:21.939 +03:00 [ERR] LabInstrumentListenerWorker error
System.Threading.Tasks.TaskCanceledException: A task was canceled.
   at CMS.ServiceManager.Workers.LabInstrumentListenerWorker.ExecuteAsync(CancellationToken stoppingToken) in C:\Users\ASUS\source\repos\CMS\src\CMS.ServiceManager\Workers\Workers.cs:line 81
2026-09-23 15:31:49.952 +03:00 [INF] ServiceManager Heartbeat: DB, Redis, and Services Healthy at "2026-09-23T15:31:49.8277232+03:00"
2026-09-23 15:31:50.317 +03:00 [INF] Starting LabInstrumentListenerWorker TCP listener on Port 2575 (HL7)...
2026-09-23 15:31:50.355 +03:00 [INF] Application started. Press Ctrl+C to shut down.
2026-09-23 15:31:50.362 +03:00 [INF] Hosting environment: Development
2026-09-23 15:31:50.364 +03:00 [INF] Content root path: C:\Users\ASUS\source\repos\CMS\src\CMS.ServiceManager
2026-09-23 15:32:50.429 +03:00 [INF] ServiceManager Heartbeat: DB, Redis, and Services Healthy at "2026-09-23T15:32:50.4291742+03:00"
2026-09-23 15:33:50.454 +03:00 [INF] ServiceManager Heartbeat: DB, Redis, and Services Healthy at "2026-09-23T15:33:50.4546385+03:00"
2026-09-23 15:34:50.462 +03:00 [INF] ServiceManager Heartbeat: DB, Redis, and Services Healthy at "2026-09-23T15:34:50.4622469+03:00"
2026-09-23 15:35:50.470 +03:00 [INF] ServiceManager Heartbeat: DB, Redis, and Services Healthy at "2026-09-23T15:35:50.4706218+03:00"
2026-09-23 15:36:50.489 +03:00 [INF] ServiceManager Heartbeat: DB, Redis, and Services Healthy at "2026-09-23T15:36:50.4886475+03:00"
2026-09-23 15:37:50.513 +03:00 [INF] ServiceManager Heartbeat: DB, Redis, and Services Healthy at "2026-09-23T15:37:50.5131174+03:00"
2026-09-23 15:38:50.518 +03:00 [INF] ServiceManager Heartbeat: DB, Redis, and Services Healthy at "2026-09-23T15:38:50.5182734+03:00"
2026-09-23 15:39:50.530 +03:00 [INF] ServiceManager Heartbeat: DB, Redis, and Services Healthy at "2026-09-23T15:39:50.5296229+03:00"
2026-09-23 15:40:50.544 +03:00 [INF] ServiceManager Heartbeat: DB, Redis, and Services Healthy at "2026-09-23T15:40:50.5441335+03:00"
2026-09-23 15:41:50.567 +03:00 [INF] ServiceManager Heartbeat: DB, Redis, and Services Healthy at "2026-09-23T15:41:50.5608531+03:00"
2026-09-23 15:42:50.598 +03:00 [INF] ServiceManager Heartbeat: DB, Redis, and Services Healthy at "2026-09-23T15:42:50.5986443+03:00"
2026-09-23 15:43:50.620 +03:00 [INF] ServiceManager Heartbeat: DB, Redis, and Services Healthy at "2026-09-23T15:43:50.6199162+03:00"
2026-09-23 15:44:50.628 +03:00 [INF] ServiceManager Heartbeat: DB, Redis, and Services Healthy at "2026-09-23T15:44:50.6283497+03:00"
2026-09-23 15:45:50.645 +03:00 [INF] ServiceManager Heartbeat: DB, Redis, and Services Healthy at "2026-09-23T15:45:50.6455991+03:00"
2026-09-23 15:46:21.050 +03:00 [INF] Application is shutting down...
2026-09-23 15:46:21.064 +03:00 [ERR] LabInstrumentListenerWorker error
System.Threading.Tasks.TaskCanceledException: A task was canceled.
   at CMS.ServiceManager.Workers.LabInstrumentListenerWorker.ExecuteAsync(CancellationToken stoppingToken) in C:\Users\ASUS\source\repos\CMS\src\CMS.ServiceManager\Workers\Workers.cs:line 81
2026-09-23 19:34:34.966 +03:00 [INF] ServiceManager Heartbeat: DB, Redis, and Services Healthy at "2026-09-23T19:34:34.9001521+03:00"
2026-09-23 19:34:35.139 +03:00 [INF] Starting LabInstrumentListenerWorker TCP listener on Port 2575 (HL7)...
2026-09-23 19:34:35.158 +03:00 [INF] Application started. Press Ctrl+C to shut down.
2026-09-23 19:34:35.162 +03:00 [INF] Hosting environment: Development
2026-09-23 19:34:35.166 +03:00 [INF] Content root path: C:\Users\ASUS\source\repos\CMS\src\CMS.ServiceManager
2026-09-23 19:35:35.133 +03:00 [INF] ServiceManager Heartbeat: DB, Redis, and Services Healthy at "2026-09-23T19:35:35.1331195+03:00"
2026-09-23 19:36:35.294 +03:00 [INF] ServiceManager Heartbeat: DB, Redis, and Services Healthy at "2026-09-23T19:36:35.2942529+03:00"
2026-09-23 19:37:35.463 +03:00 [INF] ServiceManager Heartbeat: DB, Redis, and Services Healthy at "2026-09-23T19:37:35.4636207+03:00"
2026-09-23 19:38:35.483 +03:00 [INF] ServiceManager Heartbeat: DB, Redis, and Services Healthy at "2026-09-23T19:38:35.4833615+03:00"
2026-09-23 19:38:45.662 +03:00 [INF] Application is shutting down...
2026-09-23 19:38:45.678 +03:00 [ERR] LabInstrumentListenerWorker error
System.Threading.Tasks.TaskCanceledException: A task was canceled.
   at CMS.ServiceManager.Workers.LabInstrumentListenerWorker.ExecuteAsync(CancellationToken stoppingToken) in C:\Users\ASUS\source\repos\CMS\src\CMS.ServiceManager\Workers\Workers.cs:line 81
