2026-09-11 12:30:24.848 +03:00 [INF] ServiceManager Heartbeat: DB, Redis, and Services Healthy at "2026-09-11T12:30:24.8485376+03:00"
2026-09-11 12:31:25.018 +03:00 [INF] ServiceManager Heartbeat: DB, Redis, and Services Healthy at "2026-09-11T12:31:25.0182594+03:00"
2026-09-11 12:32:25.025 +03:00 [INF] ServiceManager Heartbeat: DB, Redis, and Services Healthy at "2026-09-11T12:32:25.0253199+03:00"
2026-09-11 12:33:25.038 +03:00 [INF] ServiceManager Heartbeat: DB, Redis, and Services Healthy at "2026-09-11T12:33:25.0387182+03:00"
2026-09-11 12:34:25.045 +03:00 [INF] ServiceManager Heartbeat: DB, Redis, and Services Healthy at "2026-09-11T12:34:25.0452859+03:00"
2026-09-11 12:35:25.197 +03:00 [INF] ServiceManager Heartbeat: DB, Redis, and Services Healthy at "2026-09-11T12:35:25.1975548+03:00"
2026-09-11 12:36:25.216 +03:00 [INF] ServiceManager Heartbeat: DB, Redis, and Services Healthy at "2026-09-11T12:36:25.2163334+03:00"
2026-09-11 12:37:25.279 +03:00 [INF] ServiceManager Heartbeat: DB, Redis, and Services Healthy at "2026-09-11T12:37:25.2778823+03:00"
2026-09-11 12:38:25.298 +03:00 [INF] ServiceManager Heartbeat: DB, Redis, and Services Healthy at "2026-09-11T12:38:25.2988645+03:00"
2026-09-11 12:39:25.324 +03:00 [INF] ServiceManager Heartbeat: DB, Redis, and Services Healthy at "2026-09-11T12:39:25.3245127+03:00"
2026-09-11 12:40:25.456 +03:00 [INF] ServiceManager Heartbeat: DB, Redis, and Services Healthy at "2026-09-11T12:40:25.4560954+03:00"
2026-09-11 12:41:25.473 +03:00 [INF] ServiceManager Heartbeat: DB, Redis, and Services Healthy at "2026-09-11T12:41:25.4730692+03:00"
2026-09-11 12:42:25.500 +03:00 [INF] ServiceManager Heartbeat: DB, Redis, and Services Healthy at "2026-09-11T12:42:25.5006784+03:00"
2026-09-11 12:43:25.510 +03:00 [INF] ServiceManager Heartbeat: DB, Redis, and Services Healthy at "2026-09-11T12:43:25.5102509+03:00"
2026-09-11 12:44:25.624 +03:00 [INF] ServiceManager Heartbeat: DB, Redis, and Services Healthy at "2026-09-11T12:44:25.6247573+03:00"
2026-09-11 12:45:25.645 +03:00 [INF] ServiceManager Heartbeat: DB, Redis, and Services Healthy at "2026-09-11T12:45:25.6456000+03:00"
2026-09-11 12:46:26.031 +03:00 [INF] ServiceManager Heartbeat: DB, Redis, and Services Healthy at "2026-09-11T12:46:26.0315954+03:00"
2026-09-11 12:47:26.056 +03:00 [INF] ServiceManager Heartbeat: DB, Redis, and Services Healthy at "2026-09-11T12:47:26.0560146+03:00"
2026-09-11 12:48:26.373 +03:00 [INF] ServiceManager Heartbeat: DB, Redis, and Services Healthy at "2026-09-11T12:48:26.3730947+03:00"
2026-09-11 12:49:26.444 +03:00 [INF] ServiceManager Heartbeat: DB, Redis, and Services Healthy at "2026-09-11T12:49:26.4444445+03:00"
2026-09-11 12:50:26.463 +03:00 [INF] ServiceManager Heartbeat: DB, Redis, and Services Healthy at "2026-09-11T12:50:26.4635068+03:00"
2026-09-11 12:51:26.544 +03:00 [INF] ServiceManager Heartbeat: DB, Redis, and Services Healthy at "2026-09-11T12:51:26.5436450+03:00"
2026-09-11 12:52:26.921 +03:00 [INF] ServiceManager Heartbeat: DB, Redis, and Services Healthy at "2026-09-11T12:52:26.9219285+03:00"
2026-09-11 12:53:27.023 +03:00 [INF] ServiceManager Heartbeat: DB, Redis, and Services Healthy at "2026-09-11T12:53:27.0232612+03:00"
2026-09-11 12:54:27.466 +03:00 [INF] ServiceManager Heartbeat: DB, Redis, and Services Healthy at "2026-09-11T12:54:27.4660931+03:00"
2026-09-11 12:55:27.495 +03:00 [INF] ServiceManager Heartbeat: DB, Redis, and Services Healthy at "2026-09-11T12:55:27.4956875+03:00"
2026-09-11 12:56:27.520 +03:00 [INF] ServiceManager Heartbeat: DB, Redis, and Services Healthy at "2026-09-11T12:56:27.5205495+03:00"
2026-09-11 12:57:27.538 +03:00 [INF] ServiceManager Heartbeat: DB, Redis, and Services Healthy at "2026-09-11T12:57:27.5389116+03:00"
2026-09-11 12:58:27.609 +03:00 [INF] ServiceManager Heartbeat: DB, Redis, and Services Healthy at "2026-09-11T12:58:27.6093453+03:00"
2026-09-11 12:59:28.336 +03:00 [INF] ServiceManager Heartbeat: DB, Redis, and Services Healthy at "2026-09-11T12:59:28.3368414+03:00"
2026-09-11 13:00:29.191 +03:00 [INF] ServiceManager Heartbeat: DB, Redis, and Services Healthy at "2026-09-11T13:00:29.1917767+03:00"
2026-09-11 13:01:29.362 +03:00 [INF] ServiceManager Heartbeat: DB, Redis, and Services Healthy at "2026-09-11T13:01:29.3625303+03:00"
2026-09-11 13:02:29.395 +03:00 [INF] ServiceManager Heartbeat: DB, Redis, and Services Healthy at "2026-09-11T13:02:29.3959461+03:00"
2026-09-11 13:03:29.421 +03:00 [INF] ServiceManager Heartbeat: DB, Redis, and Services Healthy at "2026-09-11T13:03:29.4217162+03:00"
2026-09-11 13:04:29.691 +03:00 [INF] ServiceManager Heartbeat: DB, Redis, and Services Healthy at "2026-09-11T13:04:29.6916877+03:00"
2026-09-11 13:05:29.716 +03:00 [INF] ServiceManager Heartbeat: DB, Redis, and Services Healthy at "2026-09-11T13:05:29.7160662+03:00"
2026-09-11 13:06:29.753 +03:00 [INF] ServiceManager Heartbeat: DB, Redis, and Services Healthy at "2026-09-11T13:06:29.7535647+03:00"
2026-09-11 13:07:29.787 +03:00 [INF] ServiceManager Heartbeat: DB, Redis, and Services Healthy at "2026-09-11T13:07:29.7874412+03:00"
2026-09-11 13:08:29.819 +03:00 [INF] ServiceManager Heartbeat: DB, Redis, and Services Healthy at "2026-09-11T13:08:29.8193473+03:00"
2026-09-11 13:09:29.926 +03:00 [INF] ServiceManager Heartbeat: DB, Redis, and Services Healthy at "2026-09-11T13:09:29.9268879+03:00"
2026-09-11 13:10:30.929 +03:00 [INF] ServiceManager Heartbeat: DB, Redis, and Services Healthy at "2026-09-11T13:10:30.9296039+03:00"
2026-09-11 13:11:31.211 +03:00 [INF] ServiceManager Heartbeat: DB, Redis, and Services Healthy at "2026-09-11T13:11:31.2110948+03:00"
2026-09-11 13:12:31.481 +03:00 [INF] ServiceManager Heartbeat: DB, Redis, and Services Healthy at "2026-09-11T13:12:31.4811094+03:00"
2026-09-11 13:13:31.560 +03:00 [INF] ServiceManager Heartbeat: DB, Redis, and Services Healthy at "2026-09-11T13:13:31.5601878+03:00"
2026-09-11 13:14:31.597 +03:00 [INF] ServiceManager Heartbeat: DB, Redis, and Services Healthy at "2026-09-11T13:14:31.5972486+03:00"
2026-09-11 13:15:31.674 +03:00 [INF] ServiceManager Heartbeat: DB, Redis, and Services Healthy at "2026-09-11T13:15:31.6740889+03:00"
2026-09-11 13:16:31.949 +03:00 [INF] ServiceManager Heartbeat: DB, Redis, and Services Healthy at "2026-09-11T13:16:31.9496514+03:00"
2026-09-11 13:17:31.966 +03:00 [INF] ServiceManager Heartbeat: DB, Redis, and Services Healthy at "2026-09-11T13:17:31.9662318+03:00"
2026-09-11 13:18:31.997 +03:00 [INF] ServiceManager Heartbeat: DB, Redis, and Services Healthy at "2026-09-11T13:18:31.9969868+03:00"
2026-09-11 13:19:32.069 +03:00 [INF] ServiceManager Heartbeat: DB, Redis, and Services Healthy at "2026-09-11T13:19:32.0693600+03:00"
2026-09-11 13:20:32.097 +03:00 [INF] ServiceManager Heartbeat: DB, Redis, and Services Healthy at "2026-09-11T13:20:32.0976587+03:00"
2026-09-11 13:21:32.120 +03:00 [INF] ServiceManager Heartbeat: DB, Redis, and Services Healthy at "2026-09-11T13:21:32.1204003+03:00"
2026-09-11 13:22:32.149 +03:00 [INF] ServiceManager Heartbeat: DB, Redis, and Services Healthy at "2026-09-11T13:22:32.1498266+03:00"
2026-09-11 13:23:32.181 +03:00 [INF] ServiceManager Heartbeat: DB, Redis, and Services Healthy at "2026-09-11T13:23:32.1810895+03:00"
2026-09-11 13:24:32.228 +03:00 [INF] ServiceManager Heartbeat: DB, Redis, and Services Healthy at "2026-09-11T13:24:32.2282559+03:00"
2026-09-11 13:25:32.253 +03:00 [INF] ServiceManager Heartbeat: DB, Redis, and Services Healthy at "2026-09-11T13:25:32.2536884+03:00"
2026-09-11 13:26:32.280 +03:00 [INF] ServiceManager Heartbeat: DB, Redis, and Services Healthy at "2026-09-11T13:26:32.2809633+03:00"
2026-09-11 13:27:32.307 +03:00 [INF] ServiceManager Heartbeat: DB, Redis, and Services Healthy at "2026-09-11T13:27:32.3076795+03:00"
2026-09-11 13:28:32.373 +03:00 [INF] ServiceManager Heartbeat: DB, Redis, and Services Healthy at "2026-09-11T13:28:32.3737183+03:00"
2026-09-11 13:29:33.016 +03:00 [INF] ServiceManager Heartbeat: DB, Redis, and Services Healthy at "2026-09-11T13:29:33.0164416+03:00"
2026-09-11 13:30:33.251 +03:00 [INF] ServiceManager Heartbeat: DB, Redis, and Services Healthy at "2026-09-11T13:30:33.2519623+03:00"
2026-09-11 13:31:33.271 +03:00 [INF] ServiceManager Heartbeat: DB, Redis, and Services Healthy at "2026-09-11T13:31:33.2715914+03:00"
2026-09-11 13:32:33.549 +03:00 [INF] ServiceManager Heartbeat: DB, Redis, and Services Healthy at "2026-09-11T13:32:33.5498520+03:00"
2026-09-11 13:33:33.886 +03:00 [INF] ServiceManager Heartbeat: DB, Redis, and Services Healthy at "2026-09-11T13:33:33.8862711+03:00"
2026-09-11 13:34:34.191 +03:00 [INF] ServiceManager Heartbeat: DB, Redis, and Services Healthy at "2026-09-11T13:34:34.1918958+03:00"
2026-09-11 13:35:34.244 +03:00 [INF] ServiceManager Heartbeat: DB, Redis, and Services Healthy at "2026-09-11T13:35:34.2442886+03:00"
2026-09-11 13:36:34.366 +03:00 [INF] ServiceManager Heartbeat: DB, Redis, and Services Healthy at "2026-09-11T13:36:34.3669254+03:00"
2026-09-11 13:37:34.382 +03:00 [INF] ServiceManager Heartbeat: DB, Redis, and Services Healthy at "2026-09-11T13:37:34.3824067+03:00"
2026-09-11 13:38:34.448 +03:00 [INF] ServiceManager Heartbeat: DB, Redis, and Services Healthy at "2026-09-11T13:38:34.4488662+03:00"
2026-09-11 13:39:34.700 +03:00 [INF] ServiceManager Heartbeat: DB, Redis, and Services Healthy at "2026-09-11T13:39:34.7009149+03:00"
2026-09-11 13:40:34.730 +03:00 [INF] ServiceManager Heartbeat: DB, Redis, and Services Healthy at "2026-09-11T13:40:34.7302463+03:00"
2026-09-11 14:34:52.927 +03:00 [INF] ServiceManager Heartbeat: DB, Redis, and Services Healthy at "2026-09-11T14:34:52.9272456+03:00"
2026-09-11 14:35:53.314 +03:00 [INF] ServiceManager Heartbeat: DB, Redis, and Services Healthy at "2026-09-11T14:35:53.3143421+03:00"
2026-09-11 14:36:53.364 +03:00 [INF] ServiceManager Heartbeat: DB, Redis, and Services Healthy at "2026-09-11T14:36:53.3642548+03:00"
2026-09-11 14:37:53.839 +03:00 [INF] ServiceManager Heartbeat: DB, Redis, and Services Healthy at "2026-09-11T14:37:53.8398242+03:00"
2026-09-11 14:38:53.887 +03:00 [INF] ServiceManager Heartbeat: DB, Redis, and Services Healthy at "2026-09-11T14:38:53.8879266+03:00"
2026-09-11 14:39:54.367 +03:00 [INF] ServiceManager Heartbeat: DB, Redis, and Services Healthy at "2026-09-11T14:39:54.3675294+03:00"
2026-09-11 14:40:54.380 +03:00 [INF] ServiceManager Heartbeat: DB, Redis, and Services Healthy at "2026-09-11T14:40:54.3800065+03:00"
2026-09-11 14:41:54.476 +03:00 [INF] ServiceManager Heartbeat: DB, Redis, and Services Healthy at "2026-09-11T14:41:54.4759537+03:00"
2026-09-11 14:42:54.806 +03:00 [INF] ServiceManager Heartbeat: DB, Redis, and Services Healthy at "2026-09-11T14:42:54.8062339+03:00"
2026-09-11 14:43:54.817 +03:00 [INF] ServiceManager Heartbeat: DB, Redis, and Services Healthy at "2026-09-11T14:43:54.8178486+03:00"
2026-09-11 14:44:54.896 +03:00 [INF] ServiceManager Heartbeat: DB, Redis, and Services Healthy at "2026-09-11T14:44:54.8960557+03:00"
2026-09-11 14:45:54.900 +03:00 [INF] ServiceManager Heartbeat: DB, Redis, and Services Healthy at "2026-09-11T14:45:54.9004998+03:00"
2026-09-11 14:46:54.919 +03:00 [INF] ServiceManager Heartbeat: DB, Redis, and Services Healthy at "2026-09-11T14:46:54.9198927+03:00"
2026-09-11 14:47:54.944 +03:00 [INF] ServiceManager Heartbeat: DB, Redis, and Services Healthy at "2026-09-11T14:47:54.9449053+03:00"
2026-09-11 14:48:55.091 +03:00 [INF] ServiceManager Heartbeat: DB, Redis, and Services Healthy at "2026-09-11T14:48:55.0913533+03:00"
2026-09-11 14:49:55.136 +03:00 [INF] ServiceManager Heartbeat: DB, Redis, and Services Healthy at "2026-09-11T14:49:55.1364006+03:00"
2026-09-11 14:50:55.158 +03:00 [INF] ServiceManager Heartbeat: DB, Redis, and Services Healthy at "2026-09-11T14:50:55.1580282+03:00"
2026-09-11 14:51:55.244 +03:00 [INF] ServiceManager Heartbeat: DB, Redis, and Services Healthy at "2026-09-11T14:51:55.2444679+03:00"
2026-09-11 14:52:55.459 +03:00 [INF] ServiceManager Heartbeat: DB, Redis, and Services Healthy at "2026-09-11T14:52:55.4598284+03:00"
2026-09-11 14:53:55.470 +03:00 [INF] ServiceManager Heartbeat: DB, Redis, and Services Healthy at "2026-09-11T14:53:55.4704949+03:00"
2026-09-11 14:54:55.487 +03:00 [INF] ServiceManager Heartbeat: DB, Redis, and Services Healthy at "2026-09-11T14:54:55.4872740+03:00"
2026-09-11 14:55:55.504 +03:00 [INF] ServiceManager Heartbeat: DB, Redis, and Services Healthy at "2026-09-11T14:55:55.5040797+03:00"
2026-09-11 14:56:55.695 +03:00 [INF] ServiceManager Heartbeat: DB, Redis, and Services Healthy at "2026-09-11T14:56:55.6956396+03:00"
2026-09-11 14:57:56.008 +03:00 [INF] ServiceManager Heartbeat: DB, Redis, and Services Healthy at "2026-09-11T14:57:56.0081214+03:00"
2026-09-11 14:58:56.016 +03:00 [INF] ServiceManager Heartbeat: DB, Redis, and Services Healthy at "2026-09-11T14:58:56.0162546+03:00"
2026-09-11 14:59:21.720 +03:00 [INF] Application is shutting down...
2026-09-11 14:59:21.760 +03:00 [ERR] LabInstrumentListenerWorker error
System.Threading.Tasks.TaskCanceledException: A task was canceled.
   at CMS.ServiceManager.Workers.LabInstrumentListenerWorker.ExecuteAsync(CancellationToken stoppingToken) in C:\Users\ASUS\source\repos\CMS\src\CMS.ServiceManager\Workers\Workers.cs:line 81
