2026-09-02 09:25:47.848 +03:00 [INF] ServiceManager Heartbeat: DB, Redis, and Services Healthy at "2026-09-02T09:25:47.7846942+03:00"
2026-09-02 09:25:47.963 +03:00 [INF] Starting LabInstrumentListenerWorker TCP listener on Port 2575 (HL7)...
2026-09-02 09:25:47.980 +03:00 [INF] Application started. Press Ctrl+C to shut down.
2026-09-02 09:25:47.983 +03:00 [INF] Hosting environment: Development
2026-09-02 09:25:47.987 +03:00 [INF] Content root path: C:\Users\ASUS\source\repos\CMS\src\CMS.ServiceManager
2026-09-02 09:26:47.962 +03:00 [INF] ServiceManager Heartbeat: DB, Redis, and Services Healthy at "2026-09-02T09:26:47.9620104+03:00"
2026-09-02 09:27:47.971 +03:00 [INF] ServiceManager Heartbeat: DB, Redis, and Services Healthy at "2026-09-02T09:27:47.9713021+03:00"
2026-09-02 09:28:47.985 +03:00 [INF] ServiceManager Heartbeat: DB, Redis, and Services Healthy at "2026-09-02T09:28:47.9852441+03:00"
2026-09-02 09:29:47.996 +03:00 [INF] ServiceManager Heartbeat: DB, Redis, and Services Healthy at "2026-09-02T09:29:47.9962228+03:00"
2026-09-02 09:30:48.004 +03:00 [INF] ServiceManager Heartbeat: DB, Redis, and Services Healthy at "2026-09-02T09:30:48.0045370+03:00"
2026-09-02 09:31:48.014 +03:00 [INF] ServiceManager Heartbeat: DB, Redis, and Services Healthy at "2026-09-02T09:31:48.0140415+03:00"
2026-09-02 09:32:48.022 +03:00 [INF] ServiceManager Heartbeat: DB, Redis, and Services Healthy at "2026-09-02T09:32:48.0221349+03:00"
2026-09-02 09:33:48.055 +03:00 [INF] ServiceManager Heartbeat: DB, Redis, and Services Healthy at "2026-09-02T09:33:48.0556824+03:00"
2026-09-02 09:34:30.046 +03:00 [INF] Application is shutting down...
2026-09-02 09:34:30.058 +03:00 [ERR] LabInstrumentListenerWorker error
System.Threading.Tasks.TaskCanceledException: A task was canceled.
   at CMS.ServiceManager.Workers.LabInstrumentListenerWorker.ExecuteAsync(CancellationToken stoppingToken) in C:\Users\ASUS\source\repos\CMS\src\CMS.ServiceManager\Workers\Workers.cs:line 81
2026-09-02 09:34:50.244 +03:00 [INF] ServiceManager Heartbeat: DB, Redis, and Services Healthy at "2026-09-02T09:34:50.1927031+03:00"
2026-09-02 09:34:50.339 +03:00 [INF] Starting LabInstrumentListenerWorker TCP listener on Port 2575 (HL7)...
2026-09-02 09:34:50.355 +03:00 [INF] Application started. Press Ctrl+C to shut down.
2026-09-02 09:34:50.358 +03:00 [INF] Hosting environment: Development
2026-09-02 09:34:50.361 +03:00 [INF] Content root path: C:\Users\ASUS\source\repos\CMS\src\CMS.ServiceManager
2026-09-02 09:35:50.331 +03:00 [INF] ServiceManager Heartbeat: DB, Redis, and Services Healthy at "2026-09-02T09:35:50.3309266+03:00"
2026-09-02 09:36:50.351 +03:00 [INF] ServiceManager Heartbeat: DB, Redis, and Services Healthy at "2026-09-02T09:36:50.3510221+03:00"
2026-09-02 09:37:50.370 +03:00 [INF] ServiceManager Heartbeat: DB, Redis, and Services Healthy at "2026-09-02T09:37:50.3695429+03:00"
2026-09-02 09:38:50.384 +03:00 [INF] ServiceManager Heartbeat: DB, Redis, and Services Healthy at "2026-09-02T09:38:50.3841492+03:00"
2026-09-02 09:39:50.404 +03:00 [INF] ServiceManager Heartbeat: DB, Redis, and Services Healthy at "2026-09-02T09:39:50.4033360+03:00"
2026-09-02 09:40:50.409 +03:00 [INF] ServiceManager Heartbeat: DB, Redis, and Services Healthy at "2026-09-02T09:40:50.4092265+03:00"
2026-09-02 09:41:50.415 +03:00 [INF] ServiceManager Heartbeat: DB, Redis, and Services Healthy at "2026-09-02T09:41:50.4149458+03:00"
2026-09-02 09:42:50.453 +03:00 [INF] ServiceManager Heartbeat: DB, Redis, and Services Healthy at "2026-09-02T09:42:50.4533326+03:00"
2026-09-02 09:43:50.475 +03:00 [INF] ServiceManager Heartbeat: DB, Redis, and Services Healthy at "2026-09-02T09:43:50.4755117+03:00"
2026-09-02 09:44:50.559 +03:00 [INF] ServiceManager Heartbeat: DB, Redis, and Services Healthy at "2026-09-02T09:44:50.5590767+03:00"
2026-09-02 09:45:50.579 +03:00 [INF] ServiceManager Heartbeat: DB, Redis, and Services Healthy at "2026-09-02T09:45:50.5793445+03:00"
2026-09-02 09:46:50.602 +03:00 [INF] ServiceManager Heartbeat: DB, Redis, and Services Healthy at "2026-09-02T09:46:50.6021107+03:00"
2026-09-02 09:47:50.614 +03:00 [INF] ServiceManager Heartbeat: DB, Redis, and Services Healthy at "2026-09-02T09:47:50.6142768+03:00"
2026-09-02 09:48:50.623 +03:00 [INF] ServiceManager Heartbeat: DB, Redis, and Services Healthy at "2026-09-02T09:48:50.6231396+03:00"
2026-09-02 09:49:50.657 +03:00 [INF] ServiceManager Heartbeat: DB, Redis, and Services Healthy at "2026-09-02T09:49:50.6570146+03:00"
2026-09-02 09:50:50.671 +03:00 [INF] ServiceManager Heartbeat: DB, Redis, and Services Healthy at "2026-09-02T09:50:50.6713956+03:00"
2026-09-02 09:51:50.685 +03:00 [INF] ServiceManager Heartbeat: DB, Redis, and Services Healthy at "2026-09-02T09:51:50.6852028+03:00"
2026-09-02 09:52:50.691 +03:00 [INF] ServiceManager Heartbeat: DB, Redis, and Services Healthy at "2026-09-02T09:52:50.6911252+03:00"
2026-09-02 09:53:50.697 +03:00 [INF] ServiceManager Heartbeat: DB, Redis, and Services Healthy at "2026-09-02T09:53:50.6969385+03:00"
2026-09-02 09:54:50.708 +03:00 [INF] ServiceManager Heartbeat: DB, Redis, and Services Healthy at "2026-09-02T09:54:50.7084911+03:00"
2026-09-02 09:55:50.720 +03:00 [INF] ServiceManager Heartbeat: DB, Redis, and Services Healthy at "2026-09-02T09:55:50.7201672+03:00"
2026-09-02 09:56:50.737 +03:00 [INF] ServiceManager Heartbeat: DB, Redis, and Services Healthy at "2026-09-02T09:56:50.7369669+03:00"
2026-09-02 09:57:50.754 +03:00 [INF] ServiceManager Heartbeat: DB, Redis, and Services Healthy at "2026-09-02T09:57:50.7540301+03:00"
2026-09-02 09:58:50.774 +03:00 [INF] ServiceManager Heartbeat: DB, Redis, and Services Healthy at "2026-09-02T09:58:50.7744338+03:00"
2026-09-02 09:59:50.782 +03:00 [INF] ServiceManager Heartbeat: DB, Redis, and Services Healthy at "2026-09-02T09:59:50.7824701+03:00"
2026-09-02 10:00:50.792 +03:00 [INF] ServiceManager Heartbeat: DB, Redis, and Services Healthy at "2026-09-02T10:00:50.7922355+03:00"
2026-09-02 10:01:50.810 +03:00 [INF] ServiceManager Heartbeat: DB, Redis, and Services Healthy at "2026-09-02T10:01:50.8105120+03:00"
2026-09-02 10:02:50.826 +03:00 [INF] ServiceManager Heartbeat: DB, Redis, and Services Healthy at "2026-09-02T10:02:50.8264166+03:00"
2026-09-02 10:03:50.844 +03:00 [INF] ServiceManager Heartbeat: DB, Redis, and Services Healthy at "2026-09-02T10:03:50.8441910+03:00"
2026-09-02 10:04:50.850 +03:00 [INF] ServiceManager Heartbeat: DB, Redis, and Services Healthy at "2026-09-02T10:04:50.8501659+03:00"
2026-09-02 10:05:50.860 +03:00 [INF] ServiceManager Heartbeat: DB, Redis, and Services Healthy at "2026-09-02T10:05:50.8595537+03:00"
2026-09-02 10:06:50.876 +03:00 [INF] ServiceManager Heartbeat: DB, Redis, and Services Healthy at "2026-09-02T10:06:50.8765951+03:00"
2026-09-02 10:07:50.893 +03:00 [INF] ServiceManager Heartbeat: DB, Redis, and Services Healthy at "2026-09-02T10:07:50.8930313+03:00"
2026-09-02 10:08:50.906 +03:00 [INF] ServiceManager Heartbeat: DB, Redis, and Services Healthy at "2026-09-02T10:08:50.9065232+03:00"
2026-09-02 10:09:50.923 +03:00 [INF] ServiceManager Heartbeat: DB, Redis, and Services Healthy at "2026-09-02T10:09:50.9236924+03:00"
2026-09-02 10:10:50.938 +03:00 [INF] ServiceManager Heartbeat: DB, Redis, and Services Healthy at "2026-09-02T10:10:50.9380545+03:00"
2026-09-02 10:11:50.947 +03:00 [INF] ServiceManager Heartbeat: DB, Redis, and Services Healthy at "2026-09-02T10:11:50.9475898+03:00"
2026-09-02 10:12:50.950 +03:00 [INF] ServiceManager Heartbeat: DB, Redis, and Services Healthy at "2026-09-02T10:12:50.9509611+03:00"
2026-09-02 10:13:50.958 +03:00 [INF] ServiceManager Heartbeat: DB, Redis, and Services Healthy at "2026-09-02T10:13:50.9580205+03:00"
2026-09-02 10:14:50.961 +03:00 [INF] ServiceManager Heartbeat: DB, Redis, and Services Healthy at "2026-09-02T10:14:50.9610728+03:00"
2026-09-02 10:15:50.972 +03:00 [INF] ServiceManager Heartbeat: DB, Redis, and Services Healthy at "2026-09-02T10:15:50.9724014+03:00"
2026-09-02 10:16:50.975 +03:00 [INF] ServiceManager Heartbeat: DB, Redis, and Services Healthy at "2026-09-02T10:16:50.9752826+03:00"
2026-09-02 10:17:50.993 +03:00 [INF] ServiceManager Heartbeat: DB, Redis, and Services Healthy at "2026-09-02T10:17:50.9929869+03:00"
2026-09-02 10:18:51.009 +03:00 [INF] ServiceManager Heartbeat: DB, Redis, and Services Healthy at "2026-09-02T10:18:51.0099521+03:00"
2026-09-02 10:19:51.025 +03:00 [INF] ServiceManager Heartbeat: DB, Redis, and Services Healthy at "2026-09-02T10:19:51.0256438+03:00"
2026-09-02 10:20:51.035 +03:00 [INF] ServiceManager Heartbeat: DB, Redis, and Services Healthy at "2026-09-02T10:20:51.0350961+03:00"
2026-09-02 10:21:51.049 +03:00 [INF] ServiceManager Heartbeat: DB, Redis, and Services Healthy at "2026-09-02T10:21:51.0498656+03:00"
2026-09-02 10:22:51.059 +03:00 [INF] ServiceManager Heartbeat: DB, Redis, and Services Healthy at "2026-09-02T10:22:51.0597982+03:00"
2026-09-02 10:23:51.075 +03:00 [INF] ServiceManager Heartbeat: DB, Redis, and Services Healthy at "2026-09-02T10:23:51.0755905+03:00"
2026-09-02 10:24:51.087 +03:00 [INF] ServiceManager Heartbeat: DB, Redis, and Services Healthy at "2026-09-02T10:24:51.0871057+03:00"
2026-09-02 10:25:51.097 +03:00 [INF] ServiceManager Heartbeat: DB, Redis, and Services Healthy at "2026-09-02T10:25:51.0973409+03:00"
2026-09-02 10:26:51.111 +03:00 [INF] ServiceManager Heartbeat: DB, Redis, and Services Healthy at "2026-09-02T10:26:51.1115233+03:00"
2026-09-02 10:27:51.116 +03:00 [INF] ServiceManager Heartbeat: DB, Redis, and Services Healthy at "2026-09-02T10:27:51.1164937+03:00"
2026-09-02 10:28:51.128 +03:00 [INF] ServiceManager Heartbeat: DB, Redis, and Services Healthy at "2026-09-02T10:28:51.1282999+03:00"
2026-09-02 10:29:51.136 +03:00 [INF] ServiceManager Heartbeat: DB, Redis, and Services Healthy at "2026-09-02T10:29:51.1359518+03:00"
2026-09-02 10:30:51.145 +03:00 [INF] ServiceManager Heartbeat: DB, Redis, and Services Healthy at "2026-09-02T10:30:51.1453516+03:00"
2026-09-02 10:31:51.153 +03:00 [INF] ServiceManager Heartbeat: DB, Redis, and Services Healthy at "2026-09-02T10:31:51.1537541+03:00"
2026-09-02 10:32:51.166 +03:00 [INF] ServiceManager Heartbeat: DB, Redis, and Services Healthy at "2026-09-02T10:32:51.1660412+03:00"
2026-09-02 10:33:51.184 +03:00 [INF] ServiceManager Heartbeat: DB, Redis, and Services Healthy at "2026-09-02T10:33:51.1842815+03:00"
2026-09-02 10:34:51.194 +03:00 [INF] ServiceManager Heartbeat: DB, Redis, and Services Healthy at "2026-09-02T10:34:51.1942070+03:00"
2026-09-02 10:35:51.212 +03:00 [INF] ServiceManager Heartbeat: DB, Redis, and Services Healthy at "2026-09-02T10:35:51.2122721+03:00"
2026-09-02 10:36:51.227 +03:00 [INF] ServiceManager Heartbeat: DB, Redis, and Services Healthy at "2026-09-02T10:36:51.2271912+03:00"
2026-09-02 10:37:51.238 +03:00 [INF] ServiceManager Heartbeat: DB, Redis, and Services Healthy at "2026-09-02T10:37:51.2380249+03:00"
2026-09-02 10:38:51.250 +03:00 [INF] ServiceManager Heartbeat: DB, Redis, and Services Healthy at "2026-09-02T10:38:51.2507809+03:00"
2026-09-02 10:39:51.260 +03:00 [INF] ServiceManager Heartbeat: DB, Redis, and Services Healthy at "2026-09-02T10:39:51.2606080+03:00"
2026-09-02 10:40:51.273 +03:00 [INF] ServiceManager Heartbeat: DB, Redis, and Services Healthy at "2026-09-02T10:40:51.2731693+03:00"
2026-09-02 10:41:51.289 +03:00 [INF] ServiceManager Heartbeat: DB, Redis, and Services Healthy at "2026-09-02T10:41:51.2895797+03:00"
2026-09-02 10:42:51.298 +03:00 [INF] ServiceManager Heartbeat: DB, Redis, and Services Healthy at "2026-09-02T10:42:51.2989084+03:00"
2026-09-02 10:43:51.300 +03:00 [INF] ServiceManager Heartbeat: DB, Redis, and Services Healthy at "2026-09-02T10:43:51.3006796+03:00"
2026-09-02 10:44:51.312 +03:00 [INF] ServiceManager Heartbeat: DB, Redis, and Services Healthy at "2026-09-02T10:44:51.3128547+03:00"
2026-09-02 10:45:51.323 +03:00 [INF] ServiceManager Heartbeat: DB, Redis, and Services Healthy at "2026-09-02T10:45:51.3237148+03:00"
2026-09-02 10:46:51.337 +03:00 [INF] ServiceManager Heartbeat: DB, Redis, and Services Healthy at "2026-09-02T10:46:51.3371295+03:00"
2026-09-02 10:47:51.343 +03:00 [INF] ServiceManager Heartbeat: DB, Redis, and Services Healthy at "2026-09-02T10:47:51.3433032+03:00"
2026-09-02 10:48:51.349 +03:00 [INF] ServiceManager Heartbeat: DB, Redis, and Services Healthy at "2026-09-02T10:48:51.3493024+03:00"
2026-09-02 10:49:51.365 +03:00 [INF] ServiceManager Heartbeat: DB, Redis, and Services Healthy at "2026-09-02T10:49:51.3654144+03:00"
2026-09-02 10:50:51.370 +03:00 [INF] ServiceManager Heartbeat: DB, Redis, and Services Healthy at "2026-09-02T10:50:51.3704766+03:00"
2026-09-02 10:51:51.386 +03:00 [INF] ServiceManager Heartbeat: DB, Redis, and Services Healthy at "2026-09-02T10:51:51.3863255+03:00"
2026-09-02 10:52:51.397 +03:00 [INF] ServiceManager Heartbeat: DB, Redis, and Services Healthy at "2026-09-02T10:52:51.3979501+03:00"
2026-09-02 10:53:51.411 +03:00 [INF] ServiceManager Heartbeat: DB, Redis, and Services Healthy at "2026-09-02T10:53:51.4113579+03:00"
2026-09-02 10:54:51.426 +03:00 [INF] ServiceManager Heartbeat: DB, Redis, and Services Healthy at "2026-09-02T10:54:51.4268526+03:00"
2026-09-02 10:55:51.447 +03:00 [INF] ServiceManager Heartbeat: DB, Redis, and Services Healthy at "2026-09-02T10:55:51.4469809+03:00"
2026-09-02 10:56:51.463 +03:00 [INF] ServiceManager Heartbeat: DB, Redis, and Services Healthy at "2026-09-02T10:56:51.4638117+03:00"
2026-09-02 10:57:51.475 +03:00 [INF] ServiceManager Heartbeat: DB, Redis, and Services Healthy at "2026-09-02T10:57:51.4758316+03:00"
2026-09-02 10:58:51.492 +03:00 [INF] ServiceManager Heartbeat: DB, Redis, and Services Healthy at "2026-09-02T10:58:51.4923589+03:00"
2026-09-02 10:59:51.509 +03:00 [INF] ServiceManager Heartbeat: DB, Redis, and Services Healthy at "2026-09-02T10:59:51.5097381+03:00"
2026-09-02 11:00:51.517 +03:00 [INF] ServiceManager Heartbeat: DB, Redis, and Services Healthy at "2026-09-02T11:00:51.5175064+03:00"
2026-09-02 11:01:51.526 +03:00 [INF] ServiceManager Heartbeat: DB, Redis, and Services Healthy at "2026-09-02T11:01:51.5267977+03:00"
2026-09-02 11:02:51.549 +03:00 [INF] ServiceManager Heartbeat: DB, Redis, and Services Healthy at "2026-09-02T11:02:51.5493006+03:00"
2026-09-02 11:03:51.603 +03:00 [INF] ServiceManager Heartbeat: DB, Redis, and Services Healthy at "2026-09-02T11:03:51.6034705+03:00"
2026-09-02 11:04:51.618 +03:00 [INF] ServiceManager Heartbeat: DB, Redis, and Services Healthy at "2026-09-02T11:04:51.6186452+03:00"
2026-09-02 11:05:51.655 +03:00 [INF] ServiceManager Heartbeat: DB, Redis, and Services Healthy at "2026-09-02T11:05:51.6550952+03:00"
2026-09-02 11:06:51.670 +03:00 [INF] ServiceManager Heartbeat: DB, Redis, and Services Healthy at "2026-09-02T11:06:51.6706385+03:00"
2026-09-02 11:07:51.677 +03:00 [INF] ServiceManager Heartbeat: DB, Redis, and Services Healthy at "2026-09-02T11:07:51.6770097+03:00"
2026-09-02 11:08:51.696 +03:00 [INF] ServiceManager Heartbeat: DB, Redis, and Services Healthy at "2026-09-02T11:08:51.6966189+03:00"
2026-09-02 11:09:51.705 +03:00 [INF] ServiceManager Heartbeat: DB, Redis, and Services Healthy at "2026-09-02T11:09:51.7055596+03:00"
2026-09-02 11:10:51.725 +03:00 [INF] ServiceManager Heartbeat: DB, Redis, and Services Healthy at "2026-09-02T11:10:51.7258751+03:00"
2026-09-02 11:11:51.782 +03:00 [INF] ServiceManager Heartbeat: DB, Redis, and Services Healthy at "2026-09-02T11:11:51.7825515+03:00"
2026-09-02 11:12:52.129 +03:00 [INF] ServiceManager Heartbeat: DB, Redis, and Services Healthy at "2026-09-02T11:12:52.1289695+03:00"
2026-09-02 11:13:52.144 +03:00 [INF] ServiceManager Heartbeat: DB, Redis, and Services Healthy at "2026-09-02T11:13:52.1444734+03:00"
2026-09-02 11:14:52.252 +03:00 [INF] ServiceManager Heartbeat: DB, Redis, and Services Healthy at "2026-09-02T11:14:52.2525755+03:00"
2026-09-02 11:15:52.262 +03:00 [INF] ServiceManager Heartbeat: DB, Redis, and Services Healthy at "2026-09-02T11:15:52.2628456+03:00"
2026-09-02 11:16:52.266 +03:00 [INF] ServiceManager Heartbeat: DB, Redis, and Services Healthy at "2026-09-02T11:16:52.2662793+03:00"
2026-09-02 11:17:52.269 +03:00 [INF] ServiceManager Heartbeat: DB, Redis, and Services Healthy at "2026-09-02T11:17:52.2696779+03:00"
2026-09-02 11:18:52.289 +03:00 [INF] ServiceManager Heartbeat: DB, Redis, and Services Healthy at "2026-09-02T11:18:52.2899763+03:00"
2026-09-02 11:19:52.422 +03:00 [INF] ServiceManager Heartbeat: DB, Redis, and Services Healthy at "2026-09-02T11:19:52.4225999+03:00"
2026-09-02 11:20:52.457 +03:00 [INF] ServiceManager Heartbeat: DB, Redis, and Services Healthy at "2026-09-02T11:20:52.4578129+03:00"
2026-09-02 11:21:52.488 +03:00 [INF] ServiceManager Heartbeat: DB, Redis, and Services Healthy at "2026-09-02T11:21:52.4883517+03:00"
2026-09-02 11:22:52.575 +03:00 [INF] ServiceManager Heartbeat: DB, Redis, and Services Healthy at "2026-09-02T11:22:52.5753197+03:00"
2026-09-02 11:23:52.781 +03:00 [INF] ServiceManager Heartbeat: DB, Redis, and Services Healthy at "2026-09-02T11:23:52.7810455+03:00"
2026-09-02 11:24:53.003 +03:00 [INF] ServiceManager Heartbeat: DB, Redis, and Services Healthy at "2026-09-02T11:24:53.0032194+03:00"
2026-09-02 11:25:53.023 +03:00 [INF] ServiceManager Heartbeat: DB, Redis, and Services Healthy at "2026-09-02T11:25:53.0236393+03:00"
2026-09-02 11:26:53.039 +03:00 [INF] ServiceManager Heartbeat: DB, Redis, and Services Healthy at "2026-09-02T11:26:53.0391588+03:00"
2026-09-02 11:27:53.045 +03:00 [INF] ServiceManager Heartbeat: DB, Redis, and Services Healthy at "2026-09-02T11:27:53.0458923+03:00"
2026-09-02 11:28:53.057 +03:00 [INF] ServiceManager Heartbeat: DB, Redis, and Services Healthy at "2026-09-02T11:28:53.0575185+03:00"
2026-09-02 11:29:53.071 +03:00 [INF] ServiceManager Heartbeat: DB, Redis, and Services Healthy at "2026-09-02T11:29:53.0711087+03:00"
2026-09-02 11:30:53.193 +03:00 [INF] ServiceManager Heartbeat: DB, Redis, and Services Healthy at "2026-09-02T11:30:53.1830959+03:00"
2026-09-02 11:31:53.614 +03:00 [INF] ServiceManager Heartbeat: DB, Redis, and Services Healthy at "2026-09-02T11:31:53.6147958+03:00"
2026-09-02 11:32:53.621 +03:00 [INF] ServiceManager Heartbeat: DB, Redis, and Services Healthy at "2026-09-02T11:32:53.6209911+03:00"
2026-09-02 11:33:53.639 +03:00 [INF] ServiceManager Heartbeat: DB, Redis, and Services Healthy at "2026-09-02T11:33:53.6398623+03:00"
2026-09-02 11:34:53.710 +03:00 [INF] ServiceManager Heartbeat: DB, Redis, and Services Healthy at "2026-09-02T11:34:53.7106601+03:00"
2026-09-02 11:35:53.741 +03:00 [INF] ServiceManager Heartbeat: DB, Redis, and Services Healthy at "2026-09-02T11:35:53.7414302+03:00"
2026-09-02 11:36:53.753 +03:00 [INF] ServiceManager Heartbeat: DB, Redis, and Services Healthy at "2026-09-02T11:36:53.7539421+03:00"
2026-09-02 11:37:53.830 +03:00 [INF] ServiceManager Heartbeat: DB, Redis, and Services Healthy at "2026-09-02T11:37:53.8301766+03:00"
2026-09-02 11:38:53.962 +03:00 [INF] ServiceManager Heartbeat: DB, Redis, and Services Healthy at "2026-09-02T11:38:53.9626249+03:00"
2026-09-02 11:39:54.140 +03:00 [INF] ServiceManager Heartbeat: DB, Redis, and Services Healthy at "2026-09-02T11:39:54.1408181+03:00"
2026-09-02 11:40:54.148 +03:00 [INF] ServiceManager Heartbeat: DB, Redis, and Services Healthy at "2026-09-02T11:40:54.1487609+03:00"
2026-09-02 11:41:54.175 +03:00 [INF] ServiceManager Heartbeat: DB, Redis, and Services Healthy at "2026-09-02T11:41:54.1755507+03:00"
2026-09-02 11:42:54.180 +03:00 [INF] ServiceManager Heartbeat: DB, Redis, and Services Healthy at "2026-09-02T11:42:54.1804856+03:00"
2026-09-02 11:43:54.190 +03:00 [INF] ServiceManager Heartbeat: DB, Redis, and Services Healthy at "2026-09-02T11:43:54.1904532+03:00"
2026-09-02 11:44:54.210 +03:00 [INF] ServiceManager Heartbeat: DB, Redis, and Services Healthy at "2026-09-02T11:44:54.2107612+03:00"
2026-09-02 11:45:54.229 +03:00 [INF] ServiceManager Heartbeat: DB, Redis, and Services Healthy at "2026-09-02T11:45:54.2290303+03:00"
2026-09-02 11:46:54.243 +03:00 [INF] ServiceManager Heartbeat: DB, Redis, and Services Healthy at "2026-09-02T11:46:54.2437237+03:00"
2026-09-02 11:47:54.249 +03:00 [INF] ServiceManager Heartbeat: DB, Redis, and Services Healthy at "2026-09-02T11:47:54.2495368+03:00"
2026-09-02 11:48:54.256 +03:00 [INF] ServiceManager Heartbeat: DB, Redis, and Services Healthy at "2026-09-02T11:48:54.2568787+03:00"
2026-09-02 11:49:54.266 +03:00 [INF] ServiceManager Heartbeat: DB, Redis, and Services Healthy at "2026-09-02T11:49:54.2660039+03:00"
2026-09-02 11:50:54.292 +03:00 [INF] ServiceManager Heartbeat: DB, Redis, and Services Healthy at "2026-09-02T11:50:54.2927874+03:00"
2026-09-02 11:51:54.303 +03:00 [INF] ServiceManager Heartbeat: DB, Redis, and Services Healthy at "2026-09-02T11:51:54.3028159+03:00"
2026-09-02 11:52:54.314 +03:00 [INF] ServiceManager Heartbeat: DB, Redis, and Services Healthy at "2026-09-02T11:52:54.3141657+03:00"
2026-09-02 11:53:54.335 +03:00 [INF] ServiceManager Heartbeat: DB, Redis, and Services Healthy at "2026-09-02T11:53:54.3355058+03:00"
2026-09-02 11:54:16.546 +03:00 [INF] Application is shutting down...
2026-09-02 11:54:16.571 +03:00 [ERR] LabInstrumentListenerWorker error
System.Threading.Tasks.TaskCanceledException: A task was canceled.
   at CMS.ServiceManager.Workers.LabInstrumentListenerWorker.ExecuteAsync(CancellationToken stoppingToken) in C:\Users\ASUS\source\repos\CMS\src\CMS.ServiceManager\Workers\Workers.cs:line 81
2026-09-02 12:05:59.507 +03:00 [INF] ServiceManager Heartbeat: DB, Redis, and Services Healthy at "2026-09-02T12:05:59.4465089+03:00"
2026-09-02 12:05:59.635 +03:00 [INF] Starting LabInstrumentListenerWorker TCP listener on Port 2575 (HL7)...
2026-09-02 12:05:59.651 +03:00 [INF] Application started. Press Ctrl+C to shut down.
2026-09-02 12:05:59.654 +03:00 [INF] Hosting environment: Development
2026-09-02 12:05:59.656 +03:00 [INF] Content root path: C:\Users\ASUS\source\repos\CMS\src\CMS.ServiceManager
2026-09-02 12:06:59.627 +03:00 [INF] ServiceManager Heartbeat: DB, Redis, and Services Healthy at "2026-09-02T12:06:59.6272805+03:00"
2026-09-02 12:07:59.636 +03:00 [INF] ServiceManager Heartbeat: DB, Redis, and Services Healthy at "2026-09-02T12:07:59.6365834+03:00"
2026-09-02 12:08:59.653 +03:00 [INF] ServiceManager Heartbeat: DB, Redis, and Services Healthy at "2026-09-02T12:08:59.6528175+03:00"
2026-09-02 12:09:59.835 +03:00 [INF] ServiceManager Heartbeat: DB, Redis, and Services Healthy at "2026-09-02T12:09:59.8349491+03:00"
2026-09-02 12:10:59.863 +03:00 [INF] ServiceManager Heartbeat: DB, Redis, and Services Healthy at "2026-09-02T12:10:59.8636818+03:00"
2026-09-02 12:11:59.873 +03:00 [INF] ServiceManager Heartbeat: DB, Redis, and Services Healthy at "2026-09-02T12:11:59.8723372+03:00"
2026-09-02 12:12:59.921 +03:00 [INF] ServiceManager Heartbeat: DB, Redis, and Services Healthy at "2026-09-02T12:12:59.9217399+03:00"
2026-09-02 12:13:59.736 +03:00 [INF] ServiceManager Heartbeat: DB, Redis, and Services Healthy at "2026-09-02T12:13:59.7368194+03:00"
2026-09-02 12:14:59.810 +03:00 [INF] ServiceManager Heartbeat: DB, Redis, and Services Healthy at "2026-09-02T12:14:59.8104043+03:00"
2026-09-02 12:15:59.954 +03:00 [INF] ServiceManager Heartbeat: DB, Redis, and Services Healthy at "2026-09-02T12:15:59.9537134+03:00"
2026-09-02 15:32:50.662 +03:00 [INF] ServiceManager Heartbeat: DB, Redis, and Services Healthy at "2026-09-02T15:32:50.5563223+03:00"
2026-09-02 15:32:50.786 +03:00 [INF] Starting LabInstrumentListenerWorker TCP listener on Port 2575 (HL7)...
2026-09-02 15:32:50.802 +03:00 [INF] Application started. Press Ctrl+C to shut down.
2026-09-02 15:32:50.805 +03:00 [INF] Hosting environment: Development
2026-09-02 15:32:50.808 +03:00 [INF] Content root path: C:\Users\ASUS\source\repos\CMS\src\CMS.ServiceManager
2026-09-02 15:33:50.784 +03:00 [INF] ServiceManager Heartbeat: DB, Redis, and Services Healthy at "2026-09-02T15:33:50.7843260+03:00"
2026-09-02 15:34:50.799 +03:00 [INF] ServiceManager Heartbeat: DB, Redis, and Services Healthy at "2026-09-02T15:34:50.7991763+03:00"
2026-09-02 15:35:50.812 +03:00 [INF] ServiceManager Heartbeat: DB, Redis, and Services Healthy at "2026-09-02T15:35:50.8124175+03:00"
2026-09-02 15:36:50.832 +03:00 [INF] ServiceManager Heartbeat: DB, Redis, and Services Healthy at "2026-09-02T15:36:50.8321443+03:00"
2026-09-02 15:37:50.840 +03:00 [INF] ServiceManager Heartbeat: DB, Redis, and Services Healthy at "2026-09-02T15:37:50.8396931+03:00"
2026-09-02 15:38:50.857 +03:00 [INF] ServiceManager Heartbeat: DB, Redis, and Services Healthy at "2026-09-02T15:38:50.8571687+03:00"
2026-09-02 15:39:50.864 +03:00 [INF] ServiceManager Heartbeat: DB, Redis, and Services Healthy at "2026-09-02T15:39:50.8641291+03:00"
2026-09-02 15:40:50.883 +03:00 [INF] ServiceManager Heartbeat: DB, Redis, and Services Healthy at "2026-09-02T15:40:50.8826780+03:00"
2026-09-02 15:41:50.902 +03:00 [INF] ServiceManager Heartbeat: DB, Redis, and Services Healthy at "2026-09-02T15:41:50.9021998+03:00"
2026-09-02 15:42:50.913 +03:00 [INF] ServiceManager Heartbeat: DB, Redis, and Services Healthy at "2026-09-02T15:42:50.9128801+03:00"
2026-09-02 15:43:50.921 +03:00 [INF] ServiceManager Heartbeat: DB, Redis, and Services Healthy at "2026-09-02T15:43:50.9217056+03:00"
2026-09-02 15:44:50.939 +03:00 [INF] ServiceManager Heartbeat: DB, Redis, and Services Healthy at "2026-09-02T15:44:50.9393447+03:00"
2026-09-02 15:45:50.943 +03:00 [INF] ServiceManager Heartbeat: DB, Redis, and Services Healthy at "2026-09-02T15:45:50.9436667+03:00"
2026-09-02 15:46:50.954 +03:00 [INF] ServiceManager Heartbeat: DB, Redis, and Services Healthy at "2026-09-02T15:46:50.9543813+03:00"
2026-09-02 15:47:50.971 +03:00 [INF] ServiceManager Heartbeat: DB, Redis, and Services Healthy at "2026-09-02T15:47:50.9715664+03:00"
2026-09-02 15:48:50.983 +03:00 [INF] ServiceManager Heartbeat: DB, Redis, and Services Healthy at "2026-09-02T15:48:50.9828845+03:00"
2026-09-02 15:49:50.987 +03:00 [INF] ServiceManager Heartbeat: DB, Redis, and Services Healthy at "2026-09-02T15:49:50.9878276+03:00"
2026-09-02 15:50:50.997 +03:00 [INF] ServiceManager Heartbeat: DB, Redis, and Services Healthy at "2026-09-02T15:50:50.9977448+03:00"
2026-09-02 15:51:51.007 +03:00 [INF] ServiceManager Heartbeat: DB, Redis, and Services Healthy at "2026-09-02T15:51:51.0069451+03:00"
2026-09-02 15:52:51.024 +03:00 [INF] ServiceManager Heartbeat: DB, Redis, and Services Healthy at "2026-09-02T15:52:51.0245042+03:00"
2026-09-02 15:53:51.039 +03:00 [INF] ServiceManager Heartbeat: DB, Redis, and Services Healthy at "2026-09-02T15:53:51.0392210+03:00"
2026-09-02 15:54:51.059 +03:00 [INF] ServiceManager Heartbeat: DB, Redis, and Services Healthy at "2026-09-02T15:54:51.0598997+03:00"
2026-09-02 15:55:51.069 +03:00 [INF] ServiceManager Heartbeat: DB, Redis, and Services Healthy at "2026-09-02T15:55:51.0698964+03:00"
2026-09-02 15:56:51.077 +03:00 [INF] ServiceManager Heartbeat: DB, Redis, and Services Healthy at "2026-09-02T15:56:51.0776897+03:00"
2026-09-02 15:57:51.090 +03:00 [INF] ServiceManager Heartbeat: DB, Redis, and Services Healthy at "2026-09-02T15:57:51.0906792+03:00"
2026-09-02 15:57:53.239 +03:00 [INF] Application is shutting down...
2026-09-02 15:57:53.249 +03:00 [ERR] LabInstrumentListenerWorker error
System.Threading.Tasks.TaskCanceledException: A task was canceled.
   at CMS.ServiceManager.Workers.LabInstrumentListenerWorker.ExecuteAsync(CancellationToken stoppingToken) in C:\Users\ASUS\source\repos\CMS\src\CMS.ServiceManager\Workers\Workers.cs:line 81
2026-09-02 16:01:00.622 +03:00 [INF] ServiceManager Heartbeat: DB, Redis, and Services Healthy at "2026-09-02T16:01:00.5756999+03:00"
2026-09-02 16:01:00.717 +03:00 [INF] Starting LabInstrumentListenerWorker TCP listener on Port 2575 (HL7)...
2026-09-02 16:01:00.734 +03:00 [INF] Application started. Press Ctrl+C to shut down.
2026-09-02 16:01:00.736 +03:00 [INF] Hosting environment: Development
2026-09-02 16:01:00.739 +03:00 [INF] Content root path: C:\Users\ASUS\source\repos\CMS\src\CMS.ServiceManager
2026-09-02 16:02:00.720 +03:00 [INF] ServiceManager Heartbeat: DB, Redis, and Services Healthy at "2026-09-02T16:02:00.7198904+03:00"
2026-09-02 16:03:00.728 +03:00 [INF] ServiceManager Heartbeat: DB, Redis, and Services Healthy at "2026-09-02T16:03:00.7279951+03:00"
2026-09-02 16:04:00.732 +03:00 [INF] ServiceManager Heartbeat: DB, Redis, and Services Healthy at "2026-09-02T16:04:00.7318763+03:00"
2026-09-02 16:05:00.751 +03:00 [INF] ServiceManager Heartbeat: DB, Redis, and Services Healthy at "2026-09-02T16:05:00.7510961+03:00"
2026-09-02 16:06:00.772 +03:00 [INF] ServiceManager Heartbeat: DB, Redis, and Services Healthy at "2026-09-02T16:06:00.7721884+03:00"
2026-09-02 16:07:00.776 +03:00 [INF] ServiceManager Heartbeat: DB, Redis, and Services Healthy at "2026-09-02T16:07:00.7766707+03:00"
2026-09-02 16:08:00.780 +03:00 [INF] ServiceManager Heartbeat: DB, Redis, and Services Healthy at "2026-09-02T16:08:00.7803043+03:00"
2026-09-02 16:08:42.369 +03:00 [INF] Application is shutting down...
2026-09-02 16:08:42.379 +03:00 [ERR] LabInstrumentListenerWorker error
System.Threading.Tasks.TaskCanceledException: A task was canceled.
   at CMS.ServiceManager.Workers.LabInstrumentListenerWorker.ExecuteAsync(CancellationToken stoppingToken) in C:\Users\ASUS\source\repos\CMS\src\CMS.ServiceManager\Workers\Workers.cs:line 81
2026-09-02 16:10:00.313 +03:00 [INF] ServiceManager Heartbeat: DB, Redis, and Services Healthy at "2026-09-02T16:10:00.2695306+03:00"
2026-09-02 16:10:00.402 +03:00 [INF] Starting LabInstrumentListenerWorker TCP listener on Port 2575 (HL7)...
2026-09-02 16:10:00.415 +03:00 [INF] Application started. Press Ctrl+C to shut down.
2026-09-02 16:10:00.417 +03:00 [INF] Hosting environment: Development
2026-09-02 16:10:00.419 +03:00 [INF] Content root path: C:\Users\ASUS\source\repos\CMS\src\CMS.ServiceManager
2026-09-02 16:11:00.400 +03:00 [INF] ServiceManager Heartbeat: DB, Redis, and Services Healthy at "2026-09-02T16:11:00.4003907+03:00"
2026-09-02 16:12:00.421 +03:00 [INF] ServiceManager Heartbeat: DB, Redis, and Services Healthy at "2026-09-02T16:12:00.4216561+03:00"
2026-09-02 16:13:00.441 +03:00 [INF] ServiceManager Heartbeat: DB, Redis, and Services Healthy at "2026-09-02T16:13:00.4406566+03:00"
2026-09-02 16:14:00.454 +03:00 [INF] ServiceManager Heartbeat: DB, Redis, and Services Healthy at "2026-09-02T16:14:00.4536278+03:00"
2026-09-02 16:15:00.467 +03:00 [INF] ServiceManager Heartbeat: DB, Redis, and Services Healthy at "2026-09-02T16:15:00.4669237+03:00"
2026-09-02 16:16:00.476 +03:00 [INF] ServiceManager Heartbeat: DB, Redis, and Services Healthy at "2026-09-02T16:16:00.4757330+03:00"
2026-09-02 16:17:00.487 +03:00 [INF] ServiceManager Heartbeat: DB, Redis, and Services Healthy at "2026-09-02T16:17:00.4874447+03:00"
2026-09-02 16:18:00.497 +03:00 [INF] ServiceManager Heartbeat: DB, Redis, and Services Healthy at "2026-09-02T16:18:00.4967717+03:00"
2026-09-02 16:19:00.517 +03:00 [INF] ServiceManager Heartbeat: DB, Redis, and Services Healthy at "2026-09-02T16:19:00.5170115+03:00"
2026-09-02 16:20:00.524 +03:00 [INF] ServiceManager Heartbeat: DB, Redis, and Services Healthy at "2026-09-02T16:20:00.5240496+03:00"
2026-09-02 16:21:00.539 +03:00 [INF] ServiceManager Heartbeat: DB, Redis, and Services Healthy at "2026-09-02T16:21:00.5391958+03:00"
2026-09-02 16:22:00.557 +03:00 [INF] ServiceManager Heartbeat: DB, Redis, and Services Healthy at "2026-09-02T16:22:00.5575859+03:00"
2026-09-02 16:23:00.566 +03:00 [INF] ServiceManager Heartbeat: DB, Redis, and Services Healthy at "2026-09-02T16:23:00.5662867+03:00"
2026-09-02 16:24:00.583 +03:00 [INF] ServiceManager Heartbeat: DB, Redis, and Services Healthy at "2026-09-02T16:24:00.5829723+03:00"
2026-09-02 16:25:00.591 +03:00 [INF] ServiceManager Heartbeat: DB, Redis, and Services Healthy at "2026-09-02T16:25:00.5913461+03:00"
2026-09-02 16:26:00.600 +03:00 [INF] ServiceManager Heartbeat: DB, Redis, and Services Healthy at "2026-09-02T16:26:00.6002154+03:00"
2026-09-02 16:27:00.604 +03:00 [INF] ServiceManager Heartbeat: DB, Redis, and Services Healthy at "2026-09-02T16:27:00.6045896+03:00"
2026-09-02 16:28:00.617 +03:00 [INF] ServiceManager Heartbeat: DB, Redis, and Services Healthy at "2026-09-02T16:28:00.6178509+03:00"
2026-09-02 16:29:00.624 +03:00 [INF] ServiceManager Heartbeat: DB, Redis, and Services Healthy at "2026-09-02T16:29:00.6244049+03:00"
2026-09-02 16:29:00.865 +03:00 [INF] Application is shutting down...
2026-09-02 16:29:00.874 +03:00 [ERR] LabInstrumentListenerWorker error
System.Threading.Tasks.TaskCanceledException: A task was canceled.
   at CMS.ServiceManager.Workers.LabInstrumentListenerWorker.ExecuteAsync(CancellationToken stoppingToken) in C:\Users\ASUS\source\repos\CMS\src\CMS.ServiceManager\Workers\Workers.cs:line 81
2026-09-02 16:36:07.937 +03:00 [INF] ServiceManager Heartbeat: DB, Redis, and Services Healthy at "2026-09-02T16:36:07.8763011+03:00"
2026-09-02 16:36:08.042 +03:00 [INF] Starting LabInstrumentListenerWorker TCP listener on Port 2575 (HL7)...
2026-09-02 16:36:08.057 +03:00 [INF] Application started. Press Ctrl+C to shut down.
2026-09-02 16:36:08.060 +03:00 [INF] Hosting environment: Development
2026-09-02 16:36:08.063 +03:00 [INF] Content root path: C:\Users\ASUS\source\repos\CMS\src\CMS.ServiceManager
2026-09-02 16:37:08.034 +03:00 [INF] ServiceManager Heartbeat: DB, Redis, and Services Healthy at "2026-09-02T16:37:08.0344074+03:00"
2026-09-02 16:38:08.051 +03:00 [INF] ServiceManager Heartbeat: DB, Redis, and Services Healthy at "2026-09-02T16:38:08.0516410+03:00"
2026-09-02 16:39:08.057 +03:00 [INF] ServiceManager Heartbeat: DB, Redis, and Services Healthy at "2026-09-02T16:39:08.0567389+03:00"
2026-09-02 16:40:08.073 +03:00 [INF] ServiceManager Heartbeat: DB, Redis, and Services Healthy at "2026-09-02T16:40:08.0737389+03:00"
2026-09-02 16:41:08.091 +03:00 [INF] ServiceManager Heartbeat: DB, Redis, and Services Healthy at "2026-09-02T16:41:08.0907623+03:00"
2026-09-02 16:42:08.106 +03:00 [INF] ServiceManager Heartbeat: DB, Redis, and Services Healthy at "2026-09-02T16:42:08.1057599+03:00"
2026-09-02 16:43:08.109 +03:00 [INF] ServiceManager Heartbeat: DB, Redis, and Services Healthy at "2026-09-02T16:43:08.1096600+03:00"
2026-09-02 16:44:08.125 +03:00 [INF] ServiceManager Heartbeat: DB, Redis, and Services Healthy at "2026-09-02T16:44:08.1253526+03:00"
2026-09-02 16:45:08.130 +03:00 [INF] ServiceManager Heartbeat: DB, Redis, and Services Healthy at "2026-09-02T16:45:08.1300005+03:00"
2026-09-02 16:46:08.148 +03:00 [INF] ServiceManager Heartbeat: DB, Redis, and Services Healthy at "2026-09-02T16:46:08.1485831+03:00"
2026-09-02 16:47:08.159 +03:00 [INF] ServiceManager Heartbeat: DB, Redis, and Services Healthy at "2026-09-02T16:47:08.1590757+03:00"
2026-09-02 16:48:08.166 +03:00 [INF] ServiceManager Heartbeat: DB, Redis, and Services Healthy at "2026-09-02T16:48:08.1659535+03:00"
2026-09-02 16:49:08.170 +03:00 [INF] ServiceManager Heartbeat: DB, Redis, and Services Healthy at "2026-09-02T16:49:08.1706624+03:00"
2026-09-02 16:50:08.187 +03:00 [INF] ServiceManager Heartbeat: DB, Redis, and Services Healthy at "2026-09-02T16:50:08.1869922+03:00"
2026-09-02 16:51:08.197 +03:00 [INF] ServiceManager Heartbeat: DB, Redis, and Services Healthy at "2026-09-02T16:51:08.1974720+03:00"
2026-09-02 16:52:08.209 +03:00 [INF] ServiceManager Heartbeat: DB, Redis, and Services Healthy at "2026-09-02T16:52:08.2090460+03:00"
2026-09-02 16:53:08.213 +03:00 [INF] ServiceManager Heartbeat: DB, Redis, and Services Healthy at "2026-09-02T16:53:08.2139039+03:00"
2026-09-02 16:54:08.227 +03:00 [INF] ServiceManager Heartbeat: DB, Redis, and Services Healthy at "2026-09-02T16:54:08.2279219+03:00"
2026-09-02 16:55:08.243 +03:00 [INF] ServiceManager Heartbeat: DB, Redis, and Services Healthy at "2026-09-02T16:55:08.2438416+03:00"
2026-09-02 16:56:08.260 +03:00 [INF] ServiceManager Heartbeat: DB, Redis, and Services Healthy at "2026-09-02T16:56:08.2598234+03:00"
2026-09-02 16:57:08.277 +03:00 [INF] ServiceManager Heartbeat: DB, Redis, and Services Healthy at "2026-09-02T16:57:08.2772294+03:00"
2026-09-02 16:58:08.294 +03:00 [INF] ServiceManager Heartbeat: DB, Redis, and Services Healthy at "2026-09-02T16:58:08.2940824+03:00"
2026-09-02 16:59:08.309 +03:00 [INF] ServiceManager Heartbeat: DB, Redis, and Services Healthy at "2026-09-02T16:59:08.3090853+03:00"
2026-09-02 17:00:08.313 +03:00 [INF] ServiceManager Heartbeat: DB, Redis, and Services Healthy at "2026-09-02T17:00:08.3132015+03:00"
2026-09-02 17:01:08.320 +03:00 [INF] ServiceManager Heartbeat: DB, Redis, and Services Healthy at "2026-09-02T17:01:08.3208096+03:00"
2026-09-02 17:02:08.324 +03:00 [INF] ServiceManager Heartbeat: DB, Redis, and Services Healthy at "2026-09-02T17:02:08.3246176+03:00"
