2026-09-24 22:55:55.026 +03:00 [INF] ServiceManager Heartbeat: DB, Redis, and Services Healthy at "2026-09-24T22:55:54.9608277+03:00"
2026-09-24 22:55:55.165 +03:00 [INF] Starting LabInstrumentListenerWorker TCP listener on Port 5100...
2026-09-24 22:55:55.188 +03:00 [WRN] Port 5100 could not be bound ("AddressAlreadyInUse"). It may be active in the API process.
2026-09-24 22:55:55.207 +03:00 [INF] Application started. Press Ctrl+C to shut down.
2026-09-24 22:55:55.210 +03:00 [INF] Hosting environment: Development
2026-09-24 22:55:55.213 +03:00 [INF] Content root path: C:\Users\ASUS\source\repos\CMS\src\CMS.ServiceManager
2026-09-24 22:56:55.330 +03:00 [INF] ServiceManager Heartbeat: DB, Redis, and Services Healthy at "2026-09-24T22:56:55.3307198+03:00"
2026-09-24 22:57:55.772 +03:00 [INF] ServiceManager Heartbeat: DB, Redis, and Services Healthy at "2026-09-24T22:57:55.7719627+03:00"
2026-09-24 22:58:55.941 +03:00 [INF] ServiceManager Heartbeat: DB, Redis, and Services Healthy at "2026-09-24T22:58:55.9411463+03:00"
2026-09-24 22:59:56.021 +03:00 [INF] ServiceManager Heartbeat: DB, Redis, and Services Healthy at "2026-09-24T22:59:56.0211017+03:00"
2026-09-24 23:00:57.268 +03:00 [INF] ServiceManager Heartbeat: DB, Redis, and Services Healthy at "2026-09-24T23:00:57.2679393+03:00"
2026-09-24 23:01:57.280 +03:00 [INF] ServiceManager Heartbeat: DB, Redis, and Services Healthy at "2026-09-24T23:01:57.2806211+03:00"
2026-09-24 23:02:57.340 +03:00 [INF] ServiceManager Heartbeat: DB, Redis, and Services Healthy at "2026-09-24T23:02:57.3402713+03:00"
2026-09-24 23:03:57.741 +03:00 [INF] ServiceManager Heartbeat: DB, Redis, and Services Healthy at "2026-09-24T23:03:57.7411990+03:00"
2026-09-24 23:04:57.838 +03:00 [INF] ServiceManager Heartbeat: DB, Redis, and Services Healthy at "2026-09-24T23:04:57.8388455+03:00"
2026-09-24 23:05:58.767 +03:00 [INF] ServiceManager Heartbeat: DB, Redis, and Services Healthy at "2026-09-24T23:05:58.7678932+03:00"
2026-09-24 23:06:59.220 +03:00 [INF] ServiceManager Heartbeat: DB, Redis, and Services Healthy at "2026-09-24T23:06:59.2200724+03:00"
2026-09-24 23:08:00.269 +03:00 [INF] ServiceManager Heartbeat: DB, Redis, and Services Healthy at "2026-09-24T23:08:00.2692070+03:00"
2026-09-24 23:09:00.354 +03:00 [INF] ServiceManager Heartbeat: DB, Redis, and Services Healthy at "2026-09-24T23:09:00.3547335+03:00"
2026-09-24 23:10:01.432 +03:00 [INF] ServiceManager Heartbeat: DB, Redis, and Services Healthy at "2026-09-24T23:10:01.4316187+03:00"
2026-09-24 23:11:02.722 +03:00 [INF] ServiceManager Heartbeat: DB, Redis, and Services Healthy at "2026-09-24T23:11:02.7218849+03:00"
2026-09-24 23:11:52.973 +03:00 [INF] Application is shutting down...
