2026-09-30 16:05:47.858 +03:00 [INF] ServiceManager Heartbeat: DB, Redis, and Services Healthy at "2026-09-30T16:05:47.7680681+03:00"
2026-09-30 16:05:48.053 +03:00 [INF] Application started. Press Ctrl+C to shut down.
2026-09-30 16:05:48.081 +03:00 [INF] Hosting environment: Development
2026-09-30 16:05:48.083 +03:00 [INF] Content root path: C:\Users\ASUS\source\repos\CMS\src\CMS.ServiceManager
2026-09-30 16:06:48.060 +03:00 [INF] ServiceManager Heartbeat: DB, Redis, and Services Healthy at "2026-09-30T16:06:48.0601459+03:00"
2026-09-30 16:07:48.096 +03:00 [INF] ServiceManager Heartbeat: DB, Redis, and Services Healthy at "2026-09-30T16:07:48.0962258+03:00"
2026-09-30 16:08:48.114 +03:00 [INF] ServiceManager Heartbeat: DB, Redis, and Services Healthy at "2026-09-30T16:08:48.1144380+03:00"
2026-09-30 16:09:48.120 +03:00 [INF] ServiceManager Heartbeat: DB, Redis, and Services Healthy at "2026-09-30T16:09:48.1206892+03:00"
2026-09-30 16:10:48.142 +03:00 [INF] ServiceManager Heartbeat: DB, Redis, and Services Healthy at "2026-09-30T16:10:48.1421058+03:00"
2026-09-30 16:11:48.173 +03:00 [INF] ServiceManager Heartbeat: DB, Redis, and Services Healthy at "2026-09-30T16:11:48.1731998+03:00"
2026-09-30 16:12:48.181 +03:00 [INF] ServiceManager Heartbeat: DB, Redis, and Services Healthy at "2026-09-30T16:12:48.1815837+03:00"
2026-09-30 16:13:48.191 +03:00 [INF] ServiceManager Heartbeat: DB, Redis, and Services Healthy at "2026-09-30T16:13:48.1918008+03:00"
2026-09-30 16:14:48.216 +03:00 [INF] ServiceManager Heartbeat: DB, Redis, and Services Healthy at "2026-09-30T16:14:48.2162116+03:00"
2026-09-30 16:15:48.236 +03:00 [INF] ServiceManager Heartbeat: DB, Redis, and Services Healthy at "2026-09-30T16:15:48.2366295+03:00"
2026-09-30 16:16:48.248 +03:00 [INF] ServiceManager Heartbeat: DB, Redis, and Services Healthy at "2026-09-30T16:16:48.2485653+03:00"
2026-09-30 16:17:48.259 +03:00 [INF] ServiceManager Heartbeat: DB, Redis, and Services Healthy at "2026-09-30T16:17:48.2593052+03:00"
2026-09-30 16:18:48.278 +03:00 [INF] ServiceManager Heartbeat: DB, Redis, and Services Healthy at "2026-09-30T16:18:48.2787917+03:00"
2026-09-30 16:19:48.295 +03:00 [INF] ServiceManager Heartbeat: DB, Redis, and Services Healthy at "2026-09-30T16:19:48.2955922+03:00"
2026-09-30 16:20:48.312 +03:00 [INF] ServiceManager Heartbeat: DB, Redis, and Services Healthy at "2026-09-30T16:20:48.3127027+03:00"
2026-09-30 16:21:48.323 +03:00 [INF] ServiceManager Heartbeat: DB, Redis, and Services Healthy at "2026-09-30T16:21:48.3231772+03:00"
2026-09-30 16:22:48.332 +03:00 [INF] ServiceManager Heartbeat: DB, Redis, and Services Healthy at "2026-09-30T16:22:48.3328049+03:00"
2026-09-30 16:23:48.350 +03:00 [INF] ServiceManager Heartbeat: DB, Redis, and Services Healthy at "2026-09-30T16:23:48.3506997+03:00"
2026-09-30 16:24:48.373 +03:00 [INF] ServiceManager Heartbeat: DB, Redis, and Services Healthy at "2026-09-30T16:24:48.3734859+03:00"
2026-09-30 16:25:48.395 +03:00 [INF] ServiceManager Heartbeat: DB, Redis, and Services Healthy at "2026-09-30T16:25:48.3953850+03:00"
2026-09-30 16:26:48.410 +03:00 [INF] ServiceManager Heartbeat: DB, Redis, and Services Healthy at "2026-09-30T16:26:48.4108314+03:00"
2026-09-30 16:27:48.428 +03:00 [INF] ServiceManager Heartbeat: DB, Redis, and Services Healthy at "2026-09-30T16:27:48.4283384+03:00"
2026-09-30 16:28:48.443 +03:00 [INF] ServiceManager Heartbeat: DB, Redis, and Services Healthy at "2026-09-30T16:28:48.4429980+03:00"
2026-09-30 16:29:48.456 +03:00 [INF] ServiceManager Heartbeat: DB, Redis, and Services Healthy at "2026-09-30T16:29:48.4559026+03:00"
2026-09-30 16:30:48.470 +03:00 [INF] ServiceManager Heartbeat: DB, Redis, and Services Healthy at "2026-09-30T16:30:48.4704445+03:00"
2026-09-30 16:31:48.488 +03:00 [INF] ServiceManager Heartbeat: DB, Redis, and Services Healthy at "2026-09-30T16:31:48.4885923+03:00"
2026-09-30 16:32:48.520 +03:00 [INF] ServiceManager Heartbeat: DB, Redis, and Services Healthy at "2026-09-30T16:32:48.5207614+03:00"
2026-09-30 16:33:48.555 +03:00 [INF] ServiceManager Heartbeat: DB, Redis, and Services Healthy at "2026-09-30T16:33:48.5556470+03:00"
2026-09-30 16:34:48.562 +03:00 [INF] ServiceManager Heartbeat: DB, Redis, and Services Healthy at "2026-09-30T16:34:48.5619622+03:00"
2026-09-30 16:35:48.578 +03:00 [INF] ServiceManager Heartbeat: DB, Redis, and Services Healthy at "2026-09-30T16:35:48.5786117+03:00"
2026-09-30 16:36:48.599 +03:00 [INF] ServiceManager Heartbeat: DB, Redis, and Services Healthy at "2026-09-30T16:36:48.5987623+03:00"
2026-09-30 16:37:48.624 +03:00 [INF] ServiceManager Heartbeat: DB, Redis, and Services Healthy at "2026-09-30T16:37:48.6241103+03:00"
2026-09-30 16:38:48.652 +03:00 [INF] ServiceManager Heartbeat: DB, Redis, and Services Healthy at "2026-09-30T16:38:48.6527767+03:00"
2026-09-30 16:39:48.656 +03:00 [INF] ServiceManager Heartbeat: DB, Redis, and Services Healthy at "2026-09-30T16:39:48.6566979+03:00"
2026-09-30 16:40:48.665 +03:00 [INF] ServiceManager Heartbeat: DB, Redis, and Services Healthy at "2026-09-30T16:40:48.6657036+03:00"
2026-09-30 16:41:48.685 +03:00 [INF] ServiceManager Heartbeat: DB, Redis, and Services Healthy at "2026-09-30T16:41:48.6851159+03:00"
2026-09-30 16:42:48.693 +03:00 [INF] ServiceManager Heartbeat: DB, Redis, and Services Healthy at "2026-09-30T16:42:48.6932759+03:00"
2026-09-30 16:43:48.710 +03:00 [INF] ServiceManager Heartbeat: DB, Redis, and Services Healthy at "2026-09-30T16:43:48.7102257+03:00"
2026-09-30 16:44:48.731 +03:00 [INF] ServiceManager Heartbeat: DB, Redis, and Services Healthy at "2026-09-30T16:44:48.7315707+03:00"
2026-09-30 16:45:48.750 +03:00 [INF] ServiceManager Heartbeat: DB, Redis, and Services Healthy at "2026-09-30T16:45:48.7505543+03:00"
2026-09-30 16:46:48.759 +03:00 [INF] ServiceManager Heartbeat: DB, Redis, and Services Healthy at "2026-09-30T16:46:48.7595657+03:00"
2026-09-30 16:47:48.771 +03:00 [INF] ServiceManager Heartbeat: DB, Redis, and Services Healthy at "2026-09-30T16:47:48.7716936+03:00"
2026-09-30 16:48:48.780 +03:00 [INF] ServiceManager Heartbeat: DB, Redis, and Services Healthy at "2026-09-30T16:48:48.7808820+03:00"
2026-09-30 16:49:48.801 +03:00 [INF] ServiceManager Heartbeat: DB, Redis, and Services Healthy at "2026-09-30T16:49:48.8011976+03:00"
2026-09-30 16:50:48.818 +03:00 [INF] ServiceManager Heartbeat: DB, Redis, and Services Healthy at "2026-09-30T16:50:48.8180691+03:00"
2026-09-30 16:51:48.829 +03:00 [INF] ServiceManager Heartbeat: DB, Redis, and Services Healthy at "2026-09-30T16:51:48.8292450+03:00"
2026-09-30 16:52:48.839 +03:00 [INF] ServiceManager Heartbeat: DB, Redis, and Services Healthy at "2026-09-30T16:52:48.8397510+03:00"
2026-09-30 16:53:48.851 +03:00 [INF] ServiceManager Heartbeat: DB, Redis, and Services Healthy at "2026-09-30T16:53:48.8519395+03:00"
2026-09-30 16:54:48.874 +03:00 [INF] ServiceManager Heartbeat: DB, Redis, and Services Healthy at "2026-09-30T16:54:48.8742338+03:00"
2026-09-30 19:17:21.879 +03:00 [INF] ServiceManager Heartbeat: DB, Redis, and Services Healthy at "2026-09-30T19:17:21.8791897+03:00"
2026-09-30 19:18:22.022 +03:00 [INF] ServiceManager Heartbeat: DB, Redis, and Services Healthy at "2026-09-30T19:18:22.0224446+03:00"
2026-09-30 19:19:23.184 +03:00 [INF] ServiceManager Heartbeat: DB, Redis, and Services Healthy at "2026-09-30T19:19:23.1839651+03:00"
2026-09-30 19:20:23.845 +03:00 [INF] ServiceManager Heartbeat: DB, Redis, and Services Healthy at "2026-09-30T19:20:23.8458691+03:00"
2026-09-30 19:21:24.238 +03:00 [INF] ServiceManager Heartbeat: DB, Redis, and Services Healthy at "2026-09-30T19:21:24.2382590+03:00"
2026-09-30 19:22:24.603 +03:00 [INF] ServiceManager Heartbeat: DB, Redis, and Services Healthy at "2026-09-30T19:22:24.6031204+03:00"
2026-09-30 19:23:25.084 +03:00 [INF] ServiceManager Heartbeat: DB, Redis, and Services Healthy at "2026-09-30T19:23:25.0836975+03:00"
2026-09-30 19:24:25.102 +03:00 [INF] ServiceManager Heartbeat: DB, Redis, and Services Healthy at "2026-09-30T19:24:25.1028556+03:00"
2026-09-30 19:25:25.591 +03:00 [INF] ServiceManager Heartbeat: DB, Redis, and Services Healthy at "2026-09-30T19:25:25.5909793+03:00"
2026-09-30 19:26:26.124 +03:00 [INF] ServiceManager Heartbeat: DB, Redis, and Services Healthy at "2026-09-30T19:26:26.1244032+03:00"
2026-09-30 19:27:26.147 +03:00 [INF] ServiceManager Heartbeat: DB, Redis, and Services Healthy at "2026-09-30T19:27:26.1452052+03:00"
2026-09-30 19:28:26.506 +03:00 [INF] ServiceManager Heartbeat: DB, Redis, and Services Healthy at "2026-09-30T19:28:26.5067811+03:00"
2026-09-30 19:29:26.654 +03:00 [INF] ServiceManager Heartbeat: DB, Redis, and Services Healthy at "2026-09-30T19:29:26.6540933+03:00"
2026-09-30 19:30:26.666 +03:00 [INF] ServiceManager Heartbeat: DB, Redis, and Services Healthy at "2026-09-30T19:30:26.6664500+03:00"
2026-09-30 19:31:26.682 +03:00 [INF] ServiceManager Heartbeat: DB, Redis, and Services Healthy at "2026-09-30T19:31:26.6820321+03:00"
2026-09-30 19:32:26.699 +03:00 [INF] ServiceManager Heartbeat: DB, Redis, and Services Healthy at "2026-09-30T19:32:26.6996846+03:00"
2026-09-30 19:33:26.718 +03:00 [INF] ServiceManager Heartbeat: DB, Redis, and Services Healthy at "2026-09-30T19:33:26.7189048+03:00"
2026-09-30 19:34:26.746 +03:00 [INF] ServiceManager Heartbeat: DB, Redis, and Services Healthy at "2026-09-30T19:34:26.7469447+03:00"
2026-09-30 19:35:27.025 +03:00 [INF] ServiceManager Heartbeat: DB, Redis, and Services Healthy at "2026-09-30T19:35:27.0250087+03:00"
2026-09-30 19:36:27.045 +03:00 [INF] ServiceManager Heartbeat: DB, Redis, and Services Healthy at "2026-09-30T19:36:27.0445886+03:00"
2026-09-30 19:37:27.064 +03:00 [INF] ServiceManager Heartbeat: DB, Redis, and Services Healthy at "2026-09-30T19:37:27.0642849+03:00"
2026-09-30 19:38:27.123 +03:00 [INF] ServiceManager Heartbeat: DB, Redis, and Services Healthy at "2026-09-30T19:38:27.1230654+03:00"
2026-09-30 19:39:27.778 +03:00 [INF] ServiceManager Heartbeat: DB, Redis, and Services Healthy at "2026-09-30T19:39:27.7786236+03:00"
2026-09-30 19:40:27.791 +03:00 [INF] ServiceManager Heartbeat: DB, Redis, and Services Healthy at "2026-09-30T19:40:27.7915318+03:00"
2026-09-30 19:41:27.828 +03:00 [INF] ServiceManager Heartbeat: DB, Redis, and Services Healthy at "2026-09-30T19:41:27.8279524+03:00"
2026-09-30 19:42:28.022 +03:00 [INF] ServiceManager Heartbeat: DB, Redis, and Services Healthy at "2026-09-30T19:42:28.0227075+03:00"
2026-09-30 19:43:28.026 +03:00 [INF] ServiceManager Heartbeat: DB, Redis, and Services Healthy at "2026-09-30T19:43:28.0268471+03:00"
2026-09-30 19:44:28.093 +03:00 [INF] ServiceManager Heartbeat: DB, Redis, and Services Healthy at "2026-09-30T19:44:28.0930259+03:00"
2026-09-30 19:45:28.318 +03:00 [INF] ServiceManager Heartbeat: DB, Redis, and Services Healthy at "2026-09-30T19:45:28.3183751+03:00"
2026-09-30 19:46:28.863 +03:00 [INF] ServiceManager Heartbeat: DB, Redis, and Services Healthy at "2026-09-30T19:46:28.8631781+03:00"
2026-09-30 19:47:28.878 +03:00 [INF] ServiceManager Heartbeat: DB, Redis, and Services Healthy at "2026-09-30T19:47:28.8782366+03:00"
2026-09-30 19:48:28.895 +03:00 [INF] ServiceManager Heartbeat: DB, Redis, and Services Healthy at "2026-09-30T19:48:28.8959460+03:00"
2026-09-30 19:49:28.918 +03:00 [INF] ServiceManager Heartbeat: DB, Redis, and Services Healthy at "2026-09-30T19:49:28.9182716+03:00"
2026-09-30 19:50:28.954 +03:00 [INF] ServiceManager Heartbeat: DB, Redis, and Services Healthy at "2026-09-30T19:50:28.9540205+03:00"
2026-09-30 19:51:29.319 +03:00 [INF] ServiceManager Heartbeat: DB, Redis, and Services Healthy at "2026-09-30T19:51:29.3193737+03:00"
2026-09-30 19:52:29.423 +03:00 [INF] ServiceManager Heartbeat: DB, Redis, and Services Healthy at "2026-09-30T19:52:29.4236312+03:00"
2026-09-30 19:53:30.626 +03:00 [INF] ServiceManager Heartbeat: DB, Redis, and Services Healthy at "2026-09-30T19:53:30.6266201+03:00"
2026-09-30 19:54:31.212 +03:00 [INF] ServiceManager Heartbeat: DB, Redis, and Services Healthy at "2026-09-30T19:54:31.2128092+03:00"
2026-09-30 19:55:31.287 +03:00 [INF] ServiceManager Heartbeat: DB, Redis, and Services Healthy at "2026-09-30T19:55:31.2872914+03:00"
2026-09-30 19:56:32.078 +03:00 [INF] ServiceManager Heartbeat: DB, Redis, and Services Healthy at "2026-09-30T19:56:32.0788820+03:00"
2026-09-30 19:57:32.884 +03:00 [INF] ServiceManager Heartbeat: DB, Redis, and Services Healthy at "2026-09-30T19:57:32.8844819+03:00"
2026-09-30 19:58:33.738 +03:00 [INF] ServiceManager Heartbeat: DB, Redis, and Services Healthy at "2026-09-30T19:58:33.7387647+03:00"
2026-09-30 19:59:33.761 +03:00 [INF] ServiceManager Heartbeat: DB, Redis, and Services Healthy at "2026-09-30T19:59:33.7492595+03:00"
2026-09-30 20:00:33.784 +03:00 [INF] ServiceManager Heartbeat: DB, Redis, and Services Healthy at "2026-09-30T20:00:33.7842507+03:00"
2026-09-30 20:01:33.813 +03:00 [INF] ServiceManager Heartbeat: DB, Redis, and Services Healthy at "2026-09-30T20:01:33.8132889+03:00"
2026-09-30 20:02:33.844 +03:00 [INF] ServiceManager Heartbeat: DB, Redis, and Services Healthy at "2026-09-30T20:02:33.8441147+03:00"
2026-09-30 20:03:34.104 +03:00 [INF] ServiceManager Heartbeat: DB, Redis, and Services Healthy at "2026-09-30T20:03:34.1042388+03:00"
2026-09-30 20:04:34.123 +03:00 [INF] ServiceManager Heartbeat: DB, Redis, and Services Healthy at "2026-09-30T20:04:34.1238810+03:00"
2026-09-30 20:05:34.139 +03:00 [INF] ServiceManager Heartbeat: DB, Redis, and Services Healthy at "2026-09-30T20:05:34.1392353+03:00"
2026-09-30 20:06:34.152 +03:00 [INF] ServiceManager Heartbeat: DB, Redis, and Services Healthy at "2026-09-30T20:06:34.1528388+03:00"
2026-09-30 20:07:34.165 +03:00 [INF] ServiceManager Heartbeat: DB, Redis, and Services Healthy at "2026-09-30T20:07:34.1653387+03:00"
2026-09-30 20:08:34.209 +03:00 [INF] ServiceManager Heartbeat: DB, Redis, and Services Healthy at "2026-09-30T20:08:34.2094400+03:00"
2026-09-30 20:09:34.946 +03:00 [INF] ServiceManager Heartbeat: DB, Redis, and Services Healthy at "2026-09-30T20:09:34.9468517+03:00"
2026-09-30 20:10:34.977 +03:00 [INF] ServiceManager Heartbeat: DB, Redis, and Services Healthy at "2026-09-30T20:10:34.9774254+03:00"
2026-09-30 20:11:35.931 +03:00 [INF] ServiceManager Heartbeat: DB, Redis, and Services Healthy at "2026-09-30T20:11:35.9314712+03:00"
2026-09-30 20:12:36.590 +03:00 [INF] ServiceManager Heartbeat: DB, Redis, and Services Healthy at "2026-09-30T20:12:36.5908137+03:00"
2026-09-30 20:13:37.333 +03:00 [INF] ServiceManager Heartbeat: DB, Redis, and Services Healthy at "2026-09-30T20:13:37.3330086+03:00"
2026-09-30 20:14:37.721 +03:00 [INF] ServiceManager Heartbeat: DB, Redis, and Services Healthy at "2026-09-30T20:14:37.7211251+03:00"
2026-09-30 20:15:37.984 +03:00 [INF] ServiceManager Heartbeat: DB, Redis, and Services Healthy at "2026-09-30T20:15:37.9841529+03:00"
2026-09-30 20:16:38.079 +03:00 [INF] ServiceManager Heartbeat: DB, Redis, and Services Healthy at "2026-09-30T20:16:38.0791429+03:00"
2026-09-30 20:17:38.646 +03:00 [INF] ServiceManager Heartbeat: DB, Redis, and Services Healthy at "2026-09-30T20:17:38.6466168+03:00"
2026-09-30 20:18:39.273 +03:00 [INF] ServiceManager Heartbeat: DB, Redis, and Services Healthy at "2026-09-30T20:18:39.2730075+03:00"
2026-09-30 20:19:40.141 +03:00 [INF] ServiceManager Heartbeat: DB, Redis, and Services Healthy at "2026-09-30T20:19:40.1413690+03:00"
2026-09-30 20:20:40.184 +03:00 [INF] ServiceManager Heartbeat: DB, Redis, and Services Healthy at "2026-09-30T20:20:40.1849687+03:00"
2026-09-30 20:21:40.648 +03:00 [INF] ServiceManager Heartbeat: DB, Redis, and Services Healthy at "2026-09-30T20:21:40.6484629+03:00"
2026-09-30 20:22:41.333 +03:00 [INF] ServiceManager Heartbeat: DB, Redis, and Services Healthy at "2026-09-30T20:22:41.3331736+03:00"
2026-09-30 20:23:41.388 +03:00 [INF] ServiceManager Heartbeat: DB, Redis, and Services Healthy at "2026-09-30T20:23:41.3887024+03:00"
2026-09-30 20:24:41.426 +03:00 [INF] ServiceManager Heartbeat: DB, Redis, and Services Healthy at "2026-09-30T20:24:41.4261117+03:00"
2026-09-30 20:25:41.443 +03:00 [INF] ServiceManager Heartbeat: DB, Redis, and Services Healthy at "2026-09-30T20:25:41.4434755+03:00"
2026-09-30 20:26:41.675 +03:00 [INF] ServiceManager Heartbeat: DB, Redis, and Services Healthy at "2026-09-30T20:26:41.6753403+03:00"
2026-09-30 20:27:41.848 +03:00 [INF] ServiceManager Heartbeat: DB, Redis, and Services Healthy at "2026-09-30T20:27:41.8486816+03:00"
2026-09-30 20:28:42.263 +03:00 [INF] ServiceManager Heartbeat: DB, Redis, and Services Healthy at "2026-09-30T20:28:42.2634703+03:00"
2026-09-30 20:29:43.153 +03:00 [INF] ServiceManager Heartbeat: DB, Redis, and Services Healthy at "2026-09-30T20:29:43.1532161+03:00"
2026-09-30 20:30:43.891 +03:00 [INF] ServiceManager Heartbeat: DB, Redis, and Services Healthy at "2026-09-30T20:30:43.8915493+03:00"
2026-09-30 20:31:43.921 +03:00 [INF] ServiceManager Heartbeat: DB, Redis, and Services Healthy at "2026-09-30T20:31:43.9212798+03:00"
2026-09-30 20:32:43.964 +03:00 [INF] ServiceManager Heartbeat: DB, Redis, and Services Healthy at "2026-09-30T20:32:43.9641102+03:00"
2026-09-30 20:33:44.442 +03:00 [INF] ServiceManager Heartbeat: DB, Redis, and Services Healthy at "2026-09-30T20:33:44.4422349+03:00"
2026-09-30 20:34:45.285 +03:00 [INF] ServiceManager Heartbeat: DB, Redis, and Services Healthy at "2026-09-30T20:34:45.2858214+03:00"
2026-09-30 20:34:46.363 +03:00 [INF] Application is shutting down...
2026-09-30 22:34:34.298 +03:00 [INF] ServiceManager Heartbeat: DB, Redis, and Services Healthy at "2026-09-30T22:34:34.2442760+03:00"
2026-09-30 22:34:34.411 +03:00 [INF] Application started. Press Ctrl+C to shut down.
2026-09-30 22:34:34.415 +03:00 [INF] Hosting environment: Development
2026-09-30 22:34:34.418 +03:00 [INF] Content root path: C:\Users\ASUS\source\repos\CMS\src\CMS.ServiceManager
2026-09-30 22:35:34.420 +03:00 [INF] ServiceManager Heartbeat: DB, Redis, and Services Healthy at "2026-09-30T22:35:34.4205248+03:00"
2026-09-30 22:36:34.433 +03:00 [INF] ServiceManager Heartbeat: DB, Redis, and Services Healthy at "2026-09-30T22:36:34.4337768+03:00"
2026-09-30 22:36:43.205 +03:00 [INF] Application is shutting down...
2026-09-30 22:37:14.109 +03:00 [INF] ServiceManager Heartbeat: DB, Redis, and Services Healthy at "2026-09-30T22:37:14.0519132+03:00"
2026-09-30 22:37:14.232 +03:00 [INF] Application started. Press Ctrl+C to shut down.
2026-09-30 22:37:14.235 +03:00 [INF] Hosting environment: Development
2026-09-30 22:37:14.237 +03:00 [INF] Content root path: C:\Users\ASUS\source\repos\CMS\src\CMS.ServiceManager
2026-09-30 22:38:14.232 +03:00 [INF] ServiceManager Heartbeat: DB, Redis, and Services Healthy at "2026-09-30T22:38:14.2322712+03:00"
2026-09-30 22:39:14.252 +03:00 [INF] ServiceManager Heartbeat: DB, Redis, and Services Healthy at "2026-09-30T22:39:14.2521586+03:00"
2026-09-30 22:40:14.259 +03:00 [INF] ServiceManager Heartbeat: DB, Redis, and Services Healthy at "2026-09-30T22:40:14.2588259+03:00"
2026-09-30 22:41:14.270 +03:00 [INF] ServiceManager Heartbeat: DB, Redis, and Services Healthy at "2026-09-30T22:41:14.2700889+03:00"
2026-09-30 22:42:14.306 +03:00 [INF] ServiceManager Heartbeat: DB, Redis, and Services Healthy at "2026-09-30T22:42:14.3061603+03:00"
2026-09-30 22:43:14.330 +03:00 [INF] ServiceManager Heartbeat: DB, Redis, and Services Healthy at "2026-09-30T22:43:14.3304968+03:00"
2026-09-30 22:44:14.348 +03:00 [INF] ServiceManager Heartbeat: DB, Redis, and Services Healthy at "2026-09-30T22:44:14.3483312+03:00"
2026-09-30 22:45:14.370 +03:00 [INF] ServiceManager Heartbeat: DB, Redis, and Services Healthy at "2026-09-30T22:45:14.3703574+03:00"
2026-09-30 22:45:28.603 +03:00 [INF] Application is shutting down...
2026-09-30 22:45:37.983 +03:00 [INF] ServiceManager Heartbeat: DB, Redis, and Services Healthy at "2026-09-30T22:45:37.9340418+03:00"
2026-09-30 22:45:38.082 +03:00 [INF] Application started. Press Ctrl+C to shut down.
2026-09-30 22:45:38.086 +03:00 [INF] Hosting environment: Development
2026-09-30 22:45:38.089 +03:00 [INF] Content root path: C:\Users\ASUS\source\repos\CMS\src\CMS.ServiceManager
2026-09-30 22:46:38.085 +03:00 [INF] ServiceManager Heartbeat: DB, Redis, and Services Healthy at "2026-09-30T22:46:38.0848539+03:00"
2026-09-30 22:47:38.092 +03:00 [INF] ServiceManager Heartbeat: DB, Redis, and Services Healthy at "2026-09-30T22:47:38.0928627+03:00"
2026-09-30 22:48:21.645 +03:00 [INF] Application is shutting down...
2026-09-30 22:52:48.890 +03:00 [INF] ServiceManager Heartbeat: DB, Redis, and Services Healthy at "2026-09-30T22:52:48.8442519+03:00"
2026-09-30 22:52:48.981 +03:00 [INF] Application started. Press Ctrl+C to shut down.
2026-09-30 22:52:48.983 +03:00 [INF] Hosting environment: Development
2026-09-30 22:52:48.985 +03:00 [INF] Content root path: C:\Users\ASUS\source\repos\CMS\src\CMS.ServiceManager
2026-09-30 22:53:48.990 +03:00 [INF] ServiceManager Heartbeat: DB, Redis, and Services Healthy at "2026-09-30T22:53:48.9907950+03:00"
2026-09-30 22:54:48.999 +03:00 [INF] ServiceManager Heartbeat: DB, Redis, and Services Healthy at "2026-09-30T22:54:48.9992945+03:00"
2026-09-30 22:55:49.014 +03:00 [INF] ServiceManager Heartbeat: DB, Redis, and Services Healthy at "2026-09-30T22:55:49.0139655+03:00"
2026-09-30 22:56:49.019 +03:00 [INF] ServiceManager Heartbeat: DB, Redis, and Services Healthy at "2026-09-30T22:56:49.0191827+03:00"
2026-09-30 22:57:49.027 +03:00 [INF] ServiceManager Heartbeat: DB, Redis, and Services Healthy at "2026-09-30T22:57:49.0278444+03:00"
2026-09-30 22:58:49.042 +03:00 [INF] ServiceManager Heartbeat: DB, Redis, and Services Healthy at "2026-09-30T22:58:49.0416905+03:00"
2026-09-30 22:59:49.060 +03:00 [INF] ServiceManager Heartbeat: DB, Redis, and Services Healthy at "2026-09-30T22:59:49.0608744+03:00"
2026-09-30 23:00:49.067 +03:00 [INF] ServiceManager Heartbeat: DB, Redis, and Services Healthy at "2026-09-30T23:00:49.0675814+03:00"
2026-09-30 23:01:49.077 +03:00 [INF] ServiceManager Heartbeat: DB, Redis, and Services Healthy at "2026-09-30T23:01:49.0776118+03:00"
2026-09-30 23:02:49.091 +03:00 [INF] ServiceManager Heartbeat: DB, Redis, and Services Healthy at "2026-09-30T23:02:49.0916393+03:00"
2026-09-30 23:03:49.109 +03:00 [INF] ServiceManager Heartbeat: DB, Redis, and Services Healthy at "2026-09-30T23:03:49.1098032+03:00"
2026-09-30 23:04:49.127 +03:00 [INF] ServiceManager Heartbeat: DB, Redis, and Services Healthy at "2026-09-30T23:04:49.1273222+03:00"
2026-09-30 23:05:49.143 +03:00 [INF] ServiceManager Heartbeat: DB, Redis, and Services Healthy at "2026-09-30T23:05:49.1437293+03:00"
2026-09-30 23:06:26.045 +03:00 [INF] Application is shutting down...
2026-09-30 23:13:28.211 +03:00 [INF] ServiceManager Heartbeat: DB, Redis, and Services Healthy at "2026-09-30T23:13:28.1554619+03:00"
2026-09-30 23:13:28.321 +03:00 [INF] Application started. Press Ctrl+C to shut down.
2026-09-30 23:13:28.324 +03:00 [INF] Hosting environment: Development
2026-09-30 23:13:28.328 +03:00 [INF] Content root path: C:\Users\ASUS\source\repos\CMS\src\CMS.ServiceManager
2026-09-30 23:14:28.319 +03:00 [INF] ServiceManager Heartbeat: DB, Redis, and Services Healthy at "2026-09-30T23:14:28.3197016+03:00"
2026-09-30 23:15:28.338 +03:00 [INF] ServiceManager Heartbeat: DB, Redis, and Services Healthy at "2026-09-30T23:15:28.3387219+03:00"
2026-09-30 23:16:28.354 +03:00 [INF] ServiceManager Heartbeat: DB, Redis, and Services Healthy at "2026-09-30T23:16:28.3543598+03:00"
2026-09-30 23:17:28.374 +03:00 [INF] ServiceManager Heartbeat: DB, Redis, and Services Healthy at "2026-09-30T23:17:28.3739221+03:00"
2026-09-30 23:18:28.383 +03:00 [INF] ServiceManager Heartbeat: DB, Redis, and Services Healthy at "2026-09-30T23:18:28.3835383+03:00"
