2026-10-07 11:47:15.443 +03:00 [INF] ServiceManager Heartbeat: DB, Redis, and Services Healthy at "2026-10-07T11:47:15.3559408+03:00"
2026-10-07 11:47:15.664 +03:00 [INF] Application started. Press Ctrl+C to shut down.
2026-10-07 11:47:15.668 +03:00 [INF] Hosting environment: Development
2026-10-07 11:47:15.678 +03:00 [INF] Content root path: C:\Users\ASUS\source\repos\CMS\src\CMS.ServiceManager
2026-10-07 11:48:15.666 +03:00 [INF] ServiceManager Heartbeat: DB, Redis, and Services Healthy at "2026-10-07T11:48:15.6659773+03:00"
2026-10-07 11:49:15.674 +03:00 [INF] ServiceManager Heartbeat: DB, Redis, and Services Healthy at "2026-10-07T11:49:15.6743247+03:00"
2026-10-07 11:50:15.688 +03:00 [INF] ServiceManager Heartbeat: DB, Redis, and Services Healthy at "2026-10-07T11:50:15.6883323+03:00"
2026-10-07 11:51:15.699 +03:00 [INF] ServiceManager Heartbeat: DB, Redis, and Services Healthy at "2026-10-07T11:51:15.6998035+03:00"
2026-10-07 11:52:15.721 +03:00 [INF] ServiceManager Heartbeat: DB, Redis, and Services Healthy at "2026-10-07T11:52:15.7211339+03:00"
2026-10-07 11:53:15.734 +03:00 [INF] ServiceManager Heartbeat: DB, Redis, and Services Healthy at "2026-10-07T11:53:15.7339865+03:00"
2026-10-07 11:54:15.743 +03:00 [INF] ServiceManager Heartbeat: DB, Redis, and Services Healthy at "2026-10-07T11:54:15.7434575+03:00"
2026-10-07 11:55:15.753 +03:00 [INF] ServiceManager Heartbeat: DB, Redis, and Services Healthy at "2026-10-07T11:55:15.7527884+03:00"
2026-10-07 11:56:15.770 +03:00 [INF] ServiceManager Heartbeat: DB, Redis, and Services Healthy at "2026-10-07T11:56:15.7703990+03:00"
2026-10-07 11:57:15.783 +03:00 [INF] ServiceManager Heartbeat: DB, Redis, and Services Healthy at "2026-10-07T11:57:15.7836017+03:00"
2026-10-07 11:58:15.794 +03:00 [INF] ServiceManager Heartbeat: DB, Redis, and Services Healthy at "2026-10-07T11:58:15.7939715+03:00"
2026-10-07 11:59:15.812 +03:00 [INF] ServiceManager Heartbeat: DB, Redis, and Services Healthy at "2026-10-07T11:59:15.8121184+03:00"
2026-10-07 12:00:15.817 +03:00 [INF] ServiceManager Heartbeat: DB, Redis, and Services Healthy at "2026-10-07T12:00:15.8177784+03:00"
2026-10-07 12:01:15.844 +03:00 [INF] ServiceManager Heartbeat: DB, Redis, and Services Healthy at "2026-10-07T12:01:15.8442567+03:00"
2026-10-07 12:02:15.887 +03:00 [INF] ServiceManager Heartbeat: DB, Redis, and Services Healthy at "2026-10-07T12:02:15.8878800+03:00"
2026-10-07 12:03:15.908 +03:00 [INF] ServiceManager Heartbeat: DB, Redis, and Services Healthy at "2026-10-07T12:03:15.9080492+03:00"
2026-10-07 12:04:15.923 +03:00 [INF] ServiceManager Heartbeat: DB, Redis, and Services Healthy at "2026-10-07T12:04:15.9231336+03:00"
2026-10-07 12:04:50.482 +03:00 [INF] Application is shutting down...
2026-10-07 13:14:23.149 +03:00 [INF] ServiceManager Heartbeat: DB, Redis, and Services Healthy at "2026-10-07T13:14:23.0916295+03:00"
2026-10-07 13:14:23.353 +03:00 [INF] Application started. Press Ctrl+C to shut down.
2026-10-07 13:14:23.356 +03:00 [INF] Hosting environment: Development
2026-10-07 13:14:23.359 +03:00 [INF] Content root path: C:\Users\ASUS\source\repos\CMS\src\CMS.ServiceManager
2026-10-07 13:15:23.361 +03:00 [INF] ServiceManager Heartbeat: DB, Redis, and Services Healthy at "2026-10-07T13:15:23.3613112+03:00"
2026-10-07 13:16:23.378 +03:00 [INF] ServiceManager Heartbeat: DB, Redis, and Services Healthy at "2026-10-07T13:16:23.3782428+03:00"
2026-10-07 13:17:23.397 +03:00 [INF] ServiceManager Heartbeat: DB, Redis, and Services Healthy at "2026-10-07T13:17:23.3976878+03:00"
2026-10-07 13:18:23.428 +03:00 [INF] ServiceManager Heartbeat: DB, Redis, and Services Healthy at "2026-10-07T13:18:23.4282719+03:00"
2026-10-07 13:19:23.441 +03:00 [INF] ServiceManager Heartbeat: DB, Redis, and Services Healthy at "2026-10-07T13:19:23.4409918+03:00"
2026-10-07 13:20:23.450 +03:00 [INF] ServiceManager Heartbeat: DB, Redis, and Services Healthy at "2026-10-07T13:20:23.4498106+03:00"
2026-10-07 13:21:23.460 +03:00 [INF] ServiceManager Heartbeat: DB, Redis, and Services Healthy at "2026-10-07T13:21:23.4602972+03:00"
2026-10-07 13:22:23.480 +03:00 [INF] ServiceManager Heartbeat: DB, Redis, and Services Healthy at "2026-10-07T13:22:23.4805266+03:00"
2026-10-07 13:23:23.509 +03:00 [INF] ServiceManager Heartbeat: DB, Redis, and Services Healthy at "2026-10-07T13:23:23.5091860+03:00"
2026-10-07 13:24:23.530 +03:00 [INF] ServiceManager Heartbeat: DB, Redis, and Services Healthy at "2026-10-07T13:24:23.5303899+03:00"
2026-10-07 13:25:23.539 +03:00 [INF] ServiceManager Heartbeat: DB, Redis, and Services Healthy at "2026-10-07T13:25:23.5396481+03:00"
2026-10-07 13:26:23.554 +03:00 [INF] ServiceManager Heartbeat: DB, Redis, and Services Healthy at "2026-10-07T13:26:23.5540843+03:00"
2026-10-07 13:27:23.563 +03:00 [INF] ServiceManager Heartbeat: DB, Redis, and Services Healthy at "2026-10-07T13:27:23.5634358+03:00"
2026-10-07 13:28:23.582 +03:00 [INF] ServiceManager Heartbeat: DB, Redis, and Services Healthy at "2026-10-07T13:28:23.5821604+03:00"
2026-10-07 13:29:23.601 +03:00 [INF] ServiceManager Heartbeat: DB, Redis, and Services Healthy at "2026-10-07T13:29:23.6016765+03:00"
2026-10-07 13:30:23.609 +03:00 [INF] ServiceManager Heartbeat: DB, Redis, and Services Healthy at "2026-10-07T13:30:23.6093405+03:00"
2026-10-07 13:31:23.625 +03:00 [INF] ServiceManager Heartbeat: DB, Redis, and Services Healthy at "2026-10-07T13:31:23.6255703+03:00"
2026-10-07 13:32:23.638 +03:00 [INF] ServiceManager Heartbeat: DB, Redis, and Services Healthy at "2026-10-07T13:32:23.6380908+03:00"
2026-10-07 13:33:23.650 +03:00 [INF] ServiceManager Heartbeat: DB, Redis, and Services Healthy at "2026-10-07T13:33:23.6508993+03:00"
2026-10-07 13:34:23.667 +03:00 [INF] ServiceManager Heartbeat: DB, Redis, and Services Healthy at "2026-10-07T13:34:23.6678916+03:00"
2026-10-07 13:35:23.679 +03:00 [INF] ServiceManager Heartbeat: DB, Redis, and Services Healthy at "2026-10-07T13:35:23.6795369+03:00"
2026-10-07 13:36:23.693 +03:00 [INF] ServiceManager Heartbeat: DB, Redis, and Services Healthy at "2026-10-07T13:36:23.6929257+03:00"
2026-10-07 13:37:23.708 +03:00 [INF] ServiceManager Heartbeat: DB, Redis, and Services Healthy at "2026-10-07T13:37:23.7080020+03:00"
2026-10-07 13:38:23.716 +03:00 [INF] ServiceManager Heartbeat: DB, Redis, and Services Healthy at "2026-10-07T13:38:23.7166767+03:00"
2026-10-07 13:39:23.729 +03:00 [INF] ServiceManager Heartbeat: DB, Redis, and Services Healthy at "2026-10-07T13:39:23.7297683+03:00"
2026-10-07 13:40:23.744 +03:00 [INF] ServiceManager Heartbeat: DB, Redis, and Services Healthy at "2026-10-07T13:40:23.7439507+03:00"
2026-10-07 13:41:23.752 +03:00 [INF] ServiceManager Heartbeat: DB, Redis, and Services Healthy at "2026-10-07T13:41:23.7520769+03:00"
2026-10-07 13:42:23.764 +03:00 [INF] ServiceManager Heartbeat: DB, Redis, and Services Healthy at "2026-10-07T13:42:23.7640007+03:00"
2026-10-07 13:43:23.780 +03:00 [INF] ServiceManager Heartbeat: DB, Redis, and Services Healthy at "2026-10-07T13:43:23.7802012+03:00"
2026-10-07 13:44:23.794 +03:00 [INF] ServiceManager Heartbeat: DB, Redis, and Services Healthy at "2026-10-07T13:44:23.7942231+03:00"
2026-10-07 13:45:23.802 +03:00 [INF] ServiceManager Heartbeat: DB, Redis, and Services Healthy at "2026-10-07T13:45:23.8019671+03:00"
2026-10-07 13:46:23.809 +03:00 [INF] ServiceManager Heartbeat: DB, Redis, and Services Healthy at "2026-10-07T13:46:23.8095934+03:00"
2026-10-07 13:47:23.820 +03:00 [INF] ServiceManager Heartbeat: DB, Redis, and Services Healthy at "2026-10-07T13:47:23.8203154+03:00"
2026-10-07 13:48:23.827 +03:00 [INF] ServiceManager Heartbeat: DB, Redis, and Services Healthy at "2026-10-07T13:48:23.8272321+03:00"
2026-10-07 13:49:23.832 +03:00 [INF] ServiceManager Heartbeat: DB, Redis, and Services Healthy at "2026-10-07T13:49:23.8320033+03:00"
2026-10-07 13:50:23.843 +03:00 [INF] ServiceManager Heartbeat: DB, Redis, and Services Healthy at "2026-10-07T13:50:23.8433632+03:00"
2026-10-07 13:51:23.854 +03:00 [INF] ServiceManager Heartbeat: DB, Redis, and Services Healthy at "2026-10-07T13:51:23.8546950+03:00"
2026-10-07 13:52:23.872 +03:00 [INF] ServiceManager Heartbeat: DB, Redis, and Services Healthy at "2026-10-07T13:52:23.8728708+03:00"
2026-10-07 13:53:23.885 +03:00 [INF] ServiceManager Heartbeat: DB, Redis, and Services Healthy at "2026-10-07T13:53:23.8856739+03:00"
2026-10-07 13:54:23.898 +03:00 [INF] ServiceManager Heartbeat: DB, Redis, and Services Healthy at "2026-10-07T13:54:23.8983968+03:00"
2026-10-07 13:55:23.905 +03:00 [INF] ServiceManager Heartbeat: DB, Redis, and Services Healthy at "2026-10-07T13:55:23.9054342+03:00"
2026-10-07 13:56:23.919 +03:00 [INF] ServiceManager Heartbeat: DB, Redis, and Services Healthy at "2026-10-07T13:56:23.9195825+03:00"
2026-10-07 13:57:23.934 +03:00 [INF] ServiceManager Heartbeat: DB, Redis, and Services Healthy at "2026-10-07T13:57:23.9343842+03:00"
2026-10-07 13:58:23.965 +03:00 [INF] ServiceManager Heartbeat: DB, Redis, and Services Healthy at "2026-10-07T13:58:23.9659246+03:00"
2026-10-07 13:59:23.983 +03:00 [INF] ServiceManager Heartbeat: DB, Redis, and Services Healthy at "2026-10-07T13:59:23.9831850+03:00"
2026-10-07 14:00:24.003 +03:00 [INF] ServiceManager Heartbeat: DB, Redis, and Services Healthy at "2026-10-07T14:00:24.0037071+03:00"
2026-10-07 14:01:24.011 +03:00 [INF] ServiceManager Heartbeat: DB, Redis, and Services Healthy at "2026-10-07T14:01:24.0115238+03:00"
2026-10-07 14:02:24.029 +03:00 [INF] ServiceManager Heartbeat: DB, Redis, and Services Healthy at "2026-10-07T14:02:24.0291133+03:00"
2026-10-07 14:03:24.039 +03:00 [INF] ServiceManager Heartbeat: DB, Redis, and Services Healthy at "2026-10-07T14:03:24.0398645+03:00"
2026-10-07 14:04:24.051 +03:00 [INF] ServiceManager Heartbeat: DB, Redis, and Services Healthy at "2026-10-07T14:04:24.0519351+03:00"
2026-10-07 14:05:24.062 +03:00 [INF] ServiceManager Heartbeat: DB, Redis, and Services Healthy at "2026-10-07T14:05:24.0626418+03:00"
2026-10-07 14:06:24.080 +03:00 [INF] ServiceManager Heartbeat: DB, Redis, and Services Healthy at "2026-10-07T14:06:24.0803796+03:00"
2026-10-07 14:07:24.100 +03:00 [INF] ServiceManager Heartbeat: DB, Redis, and Services Healthy at "2026-10-07T14:07:24.1007681+03:00"
2026-10-07 14:08:24.107 +03:00 [INF] ServiceManager Heartbeat: DB, Redis, and Services Healthy at "2026-10-07T14:08:24.1075399+03:00"
2026-10-07 14:09:24.114 +03:00 [INF] ServiceManager Heartbeat: DB, Redis, and Services Healthy at "2026-10-07T14:09:24.1141006+03:00"
2026-10-07 14:10:24.127 +03:00 [INF] ServiceManager Heartbeat: DB, Redis, and Services Healthy at "2026-10-07T14:10:24.1273026+03:00"
2026-10-07 14:11:24.135 +03:00 [INF] ServiceManager Heartbeat: DB, Redis, and Services Healthy at "2026-10-07T14:11:24.1352919+03:00"
2026-10-07 14:12:24.156 +03:00 [INF] ServiceManager Heartbeat: DB, Redis, and Services Healthy at "2026-10-07T14:12:24.1566711+03:00"
2026-10-07 14:13:24.175 +03:00 [INF] ServiceManager Heartbeat: DB, Redis, and Services Healthy at "2026-10-07T14:13:24.1751236+03:00"
2026-10-07 14:14:24.196 +03:00 [INF] ServiceManager Heartbeat: DB, Redis, and Services Healthy at "2026-10-07T14:14:24.1958592+03:00"
2026-10-07 14:15:24.211 +03:00 [INF] ServiceManager Heartbeat: DB, Redis, and Services Healthy at "2026-10-07T14:15:24.2111393+03:00"
2026-10-07 14:16:24.219 +03:00 [INF] ServiceManager Heartbeat: DB, Redis, and Services Healthy at "2026-10-07T14:16:24.2194849+03:00"
2026-10-07 14:17:24.236 +03:00 [INF] ServiceManager Heartbeat: DB, Redis, and Services Healthy at "2026-10-07T14:17:24.2365850+03:00"
2026-10-07 14:18:24.249 +03:00 [INF] ServiceManager Heartbeat: DB, Redis, and Services Healthy at "2026-10-07T14:18:24.2490364+03:00"
2026-10-07 14:19:24.267 +03:00 [INF] ServiceManager Heartbeat: DB, Redis, and Services Healthy at "2026-10-07T14:19:24.2672200+03:00"
2026-10-07 14:20:24.282 +03:00 [INF] ServiceManager Heartbeat: DB, Redis, and Services Healthy at "2026-10-07T14:20:24.2822563+03:00"
2026-10-07 14:21:24.292 +03:00 [INF] ServiceManager Heartbeat: DB, Redis, and Services Healthy at "2026-10-07T14:21:24.2922088+03:00"
2026-10-07 14:22:24.300 +03:00 [INF] ServiceManager Heartbeat: DB, Redis, and Services Healthy at "2026-10-07T14:22:24.3002150+03:00"
2026-10-07 14:23:24.314 +03:00 [INF] ServiceManager Heartbeat: DB, Redis, and Services Healthy at "2026-10-07T14:23:24.3147091+03:00"
2026-10-07 14:24:24.344 +03:00 [INF] ServiceManager Heartbeat: DB, Redis, and Services Healthy at "2026-10-07T14:24:24.3446777+03:00"
2026-10-07 14:25:24.366 +03:00 [INF] ServiceManager Heartbeat: DB, Redis, and Services Healthy at "2026-10-07T14:25:24.3660018+03:00"
2026-10-07 14:26:24.380 +03:00 [INF] ServiceManager Heartbeat: DB, Redis, and Services Healthy at "2026-10-07T14:26:24.3803655+03:00"
2026-10-07 14:27:24.392 +03:00 [INF] ServiceManager Heartbeat: DB, Redis, and Services Healthy at "2026-10-07T14:27:24.3923255+03:00"
2026-10-07 14:28:24.407 +03:00 [INF] ServiceManager Heartbeat: DB, Redis, and Services Healthy at "2026-10-07T14:28:24.4074875+03:00"
2026-10-07 14:29:24.431 +03:00 [INF] ServiceManager Heartbeat: DB, Redis, and Services Healthy at "2026-10-07T14:29:24.4317518+03:00"
2026-10-07 14:30:24.491 +03:00 [INF] ServiceManager Heartbeat: DB, Redis, and Services Healthy at "2026-10-07T14:30:24.4919667+03:00"
2026-10-07 14:31:24.513 +03:00 [INF] ServiceManager Heartbeat: DB, Redis, and Services Healthy at "2026-10-07T14:31:24.5132751+03:00"
2026-10-07 14:32:24.527 +03:00 [INF] ServiceManager Heartbeat: DB, Redis, and Services Healthy at "2026-10-07T14:32:24.5275518+03:00"
2026-10-07 14:33:24.544 +03:00 [INF] ServiceManager Heartbeat: DB, Redis, and Services Healthy at "2026-10-07T14:33:24.5448094+03:00"
2026-10-07 14:34:24.668 +03:00 [INF] ServiceManager Heartbeat: DB, Redis, and Services Healthy at "2026-10-07T14:34:24.6682543+03:00"
2026-10-07 14:35:24.694 +03:00 [INF] ServiceManager Heartbeat: DB, Redis, and Services Healthy at "2026-10-07T14:35:24.6944288+03:00"
2026-10-07 14:36:24.714 +03:00 [INF] ServiceManager Heartbeat: DB, Redis, and Services Healthy at "2026-10-07T14:36:24.7143933+03:00"
2026-10-07 14:37:24.727 +03:00 [INF] ServiceManager Heartbeat: DB, Redis, and Services Healthy at "2026-10-07T14:37:24.7277900+03:00"
2026-10-07 14:38:24.734 +03:00 [INF] ServiceManager Heartbeat: DB, Redis, and Services Healthy at "2026-10-07T14:38:24.7342232+03:00"
2026-10-07 14:39:24.753 +03:00 [INF] ServiceManager Heartbeat: DB, Redis, and Services Healthy at "2026-10-07T14:39:24.7538761+03:00"
2026-10-07 14:40:24.771 +03:00 [INF] ServiceManager Heartbeat: DB, Redis, and Services Healthy at "2026-10-07T14:40:24.7713547+03:00"
2026-10-07 14:41:24.784 +03:00 [INF] ServiceManager Heartbeat: DB, Redis, and Services Healthy at "2026-10-07T14:41:24.7841565+03:00"
2026-10-07 14:42:24.797 +03:00 [INF] ServiceManager Heartbeat: DB, Redis, and Services Healthy at "2026-10-07T14:42:24.7973504+03:00"
2026-10-07 14:43:24.820 +03:00 [INF] ServiceManager Heartbeat: DB, Redis, and Services Healthy at "2026-10-07T14:43:24.8200365+03:00"
2026-10-07 14:44:24.850 +03:00 [INF] ServiceManager Heartbeat: DB, Redis, and Services Healthy at "2026-10-07T14:44:24.8506327+03:00"
2026-10-07 14:45:24.890 +03:00 [INF] ServiceManager Heartbeat: DB, Redis, and Services Healthy at "2026-10-07T14:45:24.8909625+03:00"
2026-10-07 14:46:24.917 +03:00 [INF] ServiceManager Heartbeat: DB, Redis, and Services Healthy at "2026-10-07T14:46:24.9175586+03:00"
2026-10-07 14:47:24.947 +03:00 [INF] ServiceManager Heartbeat: DB, Redis, and Services Healthy at "2026-10-07T14:47:24.9474734+03:00"
2026-10-07 14:48:25.059 +03:00 [INF] ServiceManager Heartbeat: DB, Redis, and Services Healthy at "2026-10-07T14:48:25.0595704+03:00"
2026-10-07 14:49:25.070 +03:00 [INF] ServiceManager Heartbeat: DB, Redis, and Services Healthy at "2026-10-07T14:49:25.0708958+03:00"
2026-10-07 14:50:25.079 +03:00 [INF] ServiceManager Heartbeat: DB, Redis, and Services Healthy at "2026-10-07T14:50:25.0794765+03:00"
2026-10-07 14:51:25.087 +03:00 [INF] ServiceManager Heartbeat: DB, Redis, and Services Healthy at "2026-10-07T14:51:25.0874587+03:00"
2026-10-07 14:52:25.102 +03:00 [INF] ServiceManager Heartbeat: DB, Redis, and Services Healthy at "2026-10-07T14:52:25.1023267+03:00"
2026-10-07 14:53:25.114 +03:00 [INF] ServiceManager Heartbeat: DB, Redis, and Services Healthy at "2026-10-07T14:53:25.1146300+03:00"
2026-10-07 14:54:25.127 +03:00 [INF] ServiceManager Heartbeat: DB, Redis, and Services Healthy at "2026-10-07T14:54:25.1271077+03:00"
2026-10-07 14:55:25.146 +03:00 [INF] ServiceManager Heartbeat: DB, Redis, and Services Healthy at "2026-10-07T14:55:25.1463581+03:00"
2026-10-07 14:56:25.157 +03:00 [INF] ServiceManager Heartbeat: DB, Redis, and Services Healthy at "2026-10-07T14:56:25.1573102+03:00"
2026-10-07 14:57:25.179 +03:00 [INF] ServiceManager Heartbeat: DB, Redis, and Services Healthy at "2026-10-07T14:57:25.1797736+03:00"
2026-10-07 14:58:25.192 +03:00 [INF] ServiceManager Heartbeat: DB, Redis, and Services Healthy at "2026-10-07T14:58:25.1926374+03:00"
2026-10-07 14:59:25.207 +03:00 [INF] ServiceManager Heartbeat: DB, Redis, and Services Healthy at "2026-10-07T14:59:25.2072347+03:00"
2026-10-07 15:00:26.284 +03:00 [INF] ServiceManager Heartbeat: DB, Redis, and Services Healthy at "2026-10-07T15:00:26.2842976+03:00"
