2026-09-04 13:32:10.020 +03:00 [INF] ServiceManager Heartbeat: DB, Redis, and Services Healthy at "2026-09-04T13:32:10.0206145+03:00"
2026-09-04 13:33:10.065 +03:00 [INF] ServiceManager Heartbeat: DB, Redis, and Services Healthy at "2026-09-04T13:33:10.0653311+03:00"
2026-09-04 13:33:49.215 +03:00 [INF] Application is shutting down...
2026-09-04 13:33:49.236 +03:00 [ERR] LabInstrumentListenerWorker error
System.Threading.Tasks.TaskCanceledException: A task was canceled.
   at CMS.ServiceManager.Workers.LabInstrumentListenerWorker.ExecuteAsync(CancellationToken stoppingToken) in C:\Users\ASUS\source\repos\CMS\src\CMS.ServiceManager\Workers\Workers.cs:line 81
2026-09-04 13:34:25.772 +03:00 [INF] ServiceManager Heartbeat: DB, Redis, and Services Healthy at "2026-09-04T13:34:25.6939024+03:00"
2026-09-04 13:34:25.977 +03:00 [INF] Starting LabInstrumentListenerWorker TCP listener on Port 2575 (HL7)...
2026-09-04 13:34:26.027 +03:00 [INF] Application started. Press Ctrl+C to shut down.
2026-09-04 13:34:26.032 +03:00 [INF] Hosting environment: Development
2026-09-04 13:34:26.037 +03:00 [INF] Content root path: C:\Users\ASUS\source\repos\CMS\src\CMS.ServiceManager
2026-09-04 13:35:13.954 +03:00 [INF] Application is shutting down...
2026-09-04 13:35:13.972 +03:00 [ERR] LabInstrumentListenerWorker error
System.Threading.Tasks.TaskCanceledException: A task was canceled.
   at CMS.ServiceManager.Workers.LabInstrumentListenerWorker.ExecuteAsync(CancellationToken stoppingToken) in C:\Users\ASUS\source\repos\CMS\src\CMS.ServiceManager\Workers\Workers.cs:line 81
2026-09-04 14:04:35.419 +03:00 [INF] ServiceManager Heartbeat: DB, Redis, and Services Healthy at "2026-09-04T14:04:35.3580537+03:00"
2026-09-04 14:04:35.525 +03:00 [INF] Starting LabInstrumentListenerWorker TCP listener on Port 2575 (HL7)...
2026-09-04 14:04:35.542 +03:00 [INF] Application started. Press Ctrl+C to shut down.
2026-09-04 14:04:35.546 +03:00 [INF] Hosting environment: Development
2026-09-04 14:04:35.550 +03:00 [INF] Content root path: C:\Users\ASUS\source\repos\CMS\src\CMS.ServiceManager
2026-09-04 14:05:35.533 +03:00 [INF] ServiceManager Heartbeat: DB, Redis, and Services Healthy at "2026-09-04T14:05:35.5337665+03:00"
2026-09-04 14:06:35.546 +03:00 [INF] ServiceManager Heartbeat: DB, Redis, and Services Healthy at "2026-09-04T14:06:35.5462739+03:00"
2026-09-04 14:07:35.565 +03:00 [INF] ServiceManager Heartbeat: DB, Redis, and Services Healthy at "2026-09-04T14:07:35.5647692+03:00"
2026-09-04 14:08:35.584 +03:00 [INF] ServiceManager Heartbeat: DB, Redis, and Services Healthy at "2026-09-04T14:08:35.5840446+03:00"
2026-09-04 14:09:11.907 +03:00 [INF] Application is shutting down...
2026-09-04 14:09:11.922 +03:00 [ERR] LabInstrumentListenerWorker error
System.Threading.Tasks.TaskCanceledException: A task was canceled.
   at CMS.ServiceManager.Workers.LabInstrumentListenerWorker.ExecuteAsync(CancellationToken stoppingToken) in C:\Users\ASUS\source\repos\CMS\src\CMS.ServiceManager\Workers\Workers.cs:line 81
2026-09-04 14:09:46.127 +03:00 [INF] ServiceManager Heartbeat: DB, Redis, and Services Healthy at "2026-09-04T14:09:46.0628656+03:00"
2026-09-04 14:09:46.323 +03:00 [INF] Starting LabInstrumentListenerWorker TCP listener on Port 2575 (HL7)...
2026-09-04 14:09:46.341 +03:00 [INF] Application started. Press Ctrl+C to shut down.
2026-09-04 14:09:46.344 +03:00 [INF] Hosting environment: Development
2026-09-04 14:09:46.347 +03:00 [INF] Content root path: C:\Users\ASUS\source\repos\CMS\src\CMS.ServiceManager
2026-09-04 14:10:46.404 +03:00 [INF] ServiceManager Heartbeat: DB, Redis, and Services Healthy at "2026-09-04T14:10:46.4039245+03:00"
2026-09-04 14:11:46.428 +03:00 [INF] ServiceManager Heartbeat: DB, Redis, and Services Healthy at "2026-09-04T14:11:46.4285147+03:00"
2026-09-04 14:12:46.442 +03:00 [INF] ServiceManager Heartbeat: DB, Redis, and Services Healthy at "2026-09-04T14:12:46.4418203+03:00"
2026-09-04 22:07:38.297 +03:00 [INF] ServiceManager Heartbeat: DB, Redis, and Services Healthy at "2026-09-04T22:07:38.2975470+03:00"
2026-09-04 22:18:54.641 +03:00 [INF] ServiceManager Heartbeat: DB, Redis, and Services Healthy at "2026-09-04T22:18:54.6410049+03:00"
2026-09-04 22:19:54.646 +03:00 [INF] ServiceManager Heartbeat: DB, Redis, and Services Healthy at "2026-09-04T22:19:54.6462485+03:00"
2026-09-04 22:20:54.655 +03:00 [INF] ServiceManager Heartbeat: DB, Redis, and Services Healthy at "2026-09-04T22:20:54.6553746+03:00"
2026-09-04 22:21:54.662 +03:00 [INF] ServiceManager Heartbeat: DB, Redis, and Services Healthy at "2026-09-04T22:21:54.6618220+03:00"
2026-09-04 22:22:54.679 +03:00 [INF] ServiceManager Heartbeat: DB, Redis, and Services Healthy at "2026-09-04T22:22:54.6797676+03:00"
2026-09-04 22:23:54.708 +03:00 [INF] ServiceManager Heartbeat: DB, Redis, and Services Healthy at "2026-09-04T22:23:54.7079862+03:00"
2026-09-04 22:24:54.726 +03:00 [INF] ServiceManager Heartbeat: DB, Redis, and Services Healthy at "2026-09-04T22:24:54.7260338+03:00"
2026-09-04 22:25:54.743 +03:00 [INF] ServiceManager Heartbeat: DB, Redis, and Services Healthy at "2026-09-04T22:25:54.7427869+03:00"
2026-09-04 22:26:54.753 +03:00 [INF] ServiceManager Heartbeat: DB, Redis, and Services Healthy at "2026-09-04T22:26:54.7533333+03:00"
2026-09-04 22:27:54.760 +03:00 [INF] ServiceManager Heartbeat: DB, Redis, and Services Healthy at "2026-09-04T22:27:54.7608258+03:00"
2026-09-04 22:28:54.776 +03:00 [INF] ServiceManager Heartbeat: DB, Redis, and Services Healthy at "2026-09-04T22:28:54.7762902+03:00"
2026-09-04 22:29:54.790 +03:00 [INF] ServiceManager Heartbeat: DB, Redis, and Services Healthy at "2026-09-04T22:29:54.7900035+03:00"
2026-09-04 22:30:54.811 +03:00 [INF] ServiceManager Heartbeat: DB, Redis, and Services Healthy at "2026-09-04T22:30:54.8111831+03:00"
2026-09-04 22:31:54.818 +03:00 [INF] ServiceManager Heartbeat: DB, Redis, and Services Healthy at "2026-09-04T22:31:54.8180157+03:00"
2026-09-04 22:32:54.830 +03:00 [INF] ServiceManager Heartbeat: DB, Redis, and Services Healthy at "2026-09-04T22:32:54.8306177+03:00"
2026-09-04 22:33:54.834 +03:00 [INF] ServiceManager Heartbeat: DB, Redis, and Services Healthy at "2026-09-04T22:33:54.8335289+03:00"
2026-09-04 22:34:54.849 +03:00 [INF] ServiceManager Heartbeat: DB, Redis, and Services Healthy at "2026-09-04T22:34:54.8498995+03:00"
2026-09-04 22:35:54.865 +03:00 [INF] ServiceManager Heartbeat: DB, Redis, and Services Healthy at "2026-09-04T22:35:54.8656064+03:00"
2026-09-04 22:36:54.874 +03:00 [INF] ServiceManager Heartbeat: DB, Redis, and Services Healthy at "2026-09-04T22:36:54.8739325+03:00"
2026-09-04 22:37:54.882 +03:00 [INF] ServiceManager Heartbeat: DB, Redis, and Services Healthy at "2026-09-04T22:37:54.8826107+03:00"
2026-09-04 22:38:54.890 +03:00 [INF] ServiceManager Heartbeat: DB, Redis, and Services Healthy at "2026-09-04T22:38:54.8901116+03:00"
2026-09-04 22:39:54.906 +03:00 [INF] ServiceManager Heartbeat: DB, Redis, and Services Healthy at "2026-09-04T22:39:54.9059707+03:00"
2026-09-04 22:40:54.920 +03:00 [INF] ServiceManager Heartbeat: DB, Redis, and Services Healthy at "2026-09-04T22:40:54.9203874+03:00"
2026-09-04 22:41:54.933 +03:00 [INF] ServiceManager Heartbeat: DB, Redis, and Services Healthy at "2026-09-04T22:41:54.9337600+03:00"
2026-09-04 22:42:54.940 +03:00 [INF] ServiceManager Heartbeat: DB, Redis, and Services Healthy at "2026-09-04T22:42:54.9403678+03:00"
2026-09-04 22:43:54.948 +03:00 [INF] ServiceManager Heartbeat: DB, Redis, and Services Healthy at "2026-09-04T22:43:54.9481808+03:00"
2026-09-04 22:44:54.966 +03:00 [INF] ServiceManager Heartbeat: DB, Redis, and Services Healthy at "2026-09-04T22:44:54.9656569+03:00"
2026-09-04 22:45:54.986 +03:00 [INF] ServiceManager Heartbeat: DB, Redis, and Services Healthy at "2026-09-04T22:45:54.9861683+03:00"
2026-09-04 22:46:54.995 +03:00 [INF] ServiceManager Heartbeat: DB, Redis, and Services Healthy at "2026-09-04T22:46:54.9959124+03:00"
2026-09-04 22:47:55.001 +03:00 [INF] ServiceManager Heartbeat: DB, Redis, and Services Healthy at "2026-09-04T22:47:55.0015678+03:00"
2026-09-04 22:48:55.012 +03:00 [INF] ServiceManager Heartbeat: DB, Redis, and Services Healthy at "2026-09-04T22:48:55.0121054+03:00"
2026-09-04 22:49:55.025 +03:00 [INF] ServiceManager Heartbeat: DB, Redis, and Services Healthy at "2026-09-04T22:49:55.0257010+03:00"
2026-09-04 22:50:55.036 +03:00 [INF] ServiceManager Heartbeat: DB, Redis, and Services Healthy at "2026-09-04T22:50:55.0368253+03:00"
2026-09-04 22:51:55.053 +03:00 [INF] ServiceManager Heartbeat: DB, Redis, and Services Healthy at "2026-09-04T22:51:55.0539342+03:00"
2026-09-04 22:52:55.066 +03:00 [INF] ServiceManager Heartbeat: DB, Redis, and Services Healthy at "2026-09-04T22:52:55.0660053+03:00"
2026-09-04 22:53:55.083 +03:00 [INF] ServiceManager Heartbeat: DB, Redis, and Services Healthy at "2026-09-04T22:53:55.0833038+03:00"
2026-09-04 22:54:55.101 +03:00 [INF] ServiceManager Heartbeat: DB, Redis, and Services Healthy at "2026-09-04T22:54:55.1012617+03:00"
2026-09-04 22:55:55.111 +03:00 [INF] ServiceManager Heartbeat: DB, Redis, and Services Healthy at "2026-09-04T22:55:55.1110428+03:00"
2026-09-04 22:56:55.111 +03:00 [INF] ServiceManager Heartbeat: DB, Redis, and Services Healthy at "2026-09-04T22:56:55.1112097+03:00"
2026-09-04 22:57:55.105 +03:00 [INF] ServiceManager Heartbeat: DB, Redis, and Services Healthy at "2026-09-04T22:57:55.1051307+03:00"
2026-09-04 22:58:55.110 +03:00 [INF] ServiceManager Heartbeat: DB, Redis, and Services Healthy at "2026-09-04T22:58:55.1104006+03:00"
2026-09-04 22:59:55.113 +03:00 [INF] ServiceManager Heartbeat: DB, Redis, and Services Healthy at "2026-09-04T22:59:55.1135655+03:00"
2026-09-04 23:00:55.112 +03:00 [INF] ServiceManager Heartbeat: DB, Redis, and Services Healthy at "2026-09-04T23:00:55.1125930+03:00"
2026-09-04 23:01:55.105 +03:00 [INF] ServiceManager Heartbeat: DB, Redis, and Services Healthy at "2026-09-04T23:01:55.1057500+03:00"
2026-09-04 23:02:55.106 +03:00 [INF] ServiceManager Heartbeat: DB, Redis, and Services Healthy at "2026-09-04T23:02:55.1059301+03:00"
2026-09-04 23:03:55.104 +03:00 [INF] ServiceManager Heartbeat: DB, Redis, and Services Healthy at "2026-09-04T23:03:55.1044197+03:00"
2026-09-04 23:04:55.097 +03:00 [INF] ServiceManager Heartbeat: DB, Redis, and Services Healthy at "2026-09-04T23:04:55.0973199+03:00"
2026-09-04 23:05:55.100 +03:00 [INF] ServiceManager Heartbeat: DB, Redis, and Services Healthy at "2026-09-04T23:05:55.1009585+03:00"
2026-09-04 23:06:55.102 +03:00 [INF] ServiceManager Heartbeat: DB, Redis, and Services Healthy at "2026-09-04T23:06:55.1029099+03:00"
2026-09-04 23:07:55.101 +03:00 [INF] ServiceManager Heartbeat: DB, Redis, and Services Healthy at "2026-09-04T23:07:55.1018783+03:00"
2026-09-04 23:08:55.102 +03:00 [INF] ServiceManager Heartbeat: DB, Redis, and Services Healthy at "2026-09-04T23:08:55.1028075+03:00"
2026-09-04 23:09:55.109 +03:00 [INF] ServiceManager Heartbeat: DB, Redis, and Services Healthy at "2026-09-04T23:09:55.1090124+03:00"
2026-09-04 23:10:55.100 +03:00 [INF] ServiceManager Heartbeat: DB, Redis, and Services Healthy at "2026-09-04T23:10:55.1005204+03:00"
2026-09-04 23:11:55.093 +03:00 [INF] ServiceManager Heartbeat: DB, Redis, and Services Healthy at "2026-09-04T23:11:55.0933864+03:00"
2026-09-04 23:12:55.096 +03:00 [INF] ServiceManager Heartbeat: DB, Redis, and Services Healthy at "2026-09-04T23:12:55.0963280+03:00"
2026-09-04 23:13:55.095 +03:00 [INF] ServiceManager Heartbeat: DB, Redis, and Services Healthy at "2026-09-04T23:13:55.0953743+03:00"
2026-09-04 23:14:55.099 +03:00 [INF] ServiceManager Heartbeat: DB, Redis, and Services Healthy at "2026-09-04T23:14:55.0997198+03:00"
2026-09-04 23:15:55.104 +03:00 [INF] ServiceManager Heartbeat: DB, Redis, and Services Healthy at "2026-09-04T23:15:55.1040591+03:00"
2026-09-04 23:16:55.099 +03:00 [INF] ServiceManager Heartbeat: DB, Redis, and Services Healthy at "2026-09-04T23:16:55.0999661+03:00"
2026-09-04 23:17:55.096 +03:00 [INF] ServiceManager Heartbeat: DB, Redis, and Services Healthy at "2026-09-04T23:17:55.0963852+03:00"
2026-09-04 23:18:55.097 +03:00 [INF] ServiceManager Heartbeat: DB, Redis, and Services Healthy at "2026-09-04T23:18:55.0974433+03:00"
2026-09-04 23:19:55.116 +03:00 [INF] ServiceManager Heartbeat: DB, Redis, and Services Healthy at "2026-09-04T23:19:55.1162204+03:00"
2026-09-04 23:20:55.127 +03:00 [INF] ServiceManager Heartbeat: DB, Redis, and Services Healthy at "2026-09-04T23:20:55.1277276+03:00"
2026-09-04 23:21:55.131 +03:00 [INF] ServiceManager Heartbeat: DB, Redis, and Services Healthy at "2026-09-04T23:21:55.1315601+03:00"
2026-09-04 23:22:55.128 +03:00 [INF] ServiceManager Heartbeat: DB, Redis, and Services Healthy at "2026-09-04T23:22:55.1282694+03:00"
2026-09-04 23:23:55.133 +03:00 [INF] ServiceManager Heartbeat: DB, Redis, and Services Healthy at "2026-09-04T23:23:55.1334558+03:00"
2026-09-04 23:24:55.136 +03:00 [INF] ServiceManager Heartbeat: DB, Redis, and Services Healthy at "2026-09-04T23:24:55.1365798+03:00"
2026-09-04 23:25:55.143 +03:00 [INF] ServiceManager Heartbeat: DB, Redis, and Services Healthy at "2026-09-04T23:25:55.1436447+03:00"
2026-09-04 23:26:55.149 +03:00 [INF] ServiceManager Heartbeat: DB, Redis, and Services Healthy at "2026-09-04T23:26:55.1495573+03:00"
2026-09-04 23:27:55.150 +03:00 [INF] ServiceManager Heartbeat: DB, Redis, and Services Healthy at "2026-09-04T23:27:55.1501576+03:00"
2026-09-04 23:28:55.148 +03:00 [INF] ServiceManager Heartbeat: DB, Redis, and Services Healthy at "2026-09-04T23:28:55.1481266+03:00"
2026-09-04 23:29:55.148 +03:00 [INF] ServiceManager Heartbeat: DB, Redis, and Services Healthy at "2026-09-04T23:29:55.1483253+03:00"
2026-09-04 23:30:55.142 +03:00 [INF] ServiceManager Heartbeat: DB, Redis, and Services Healthy at "2026-09-04T23:30:55.1425482+03:00"
2026-09-04 23:31:55.147 +03:00 [INF] ServiceManager Heartbeat: DB, Redis, and Services Healthy at "2026-09-04T23:31:55.1476992+03:00"
2026-09-04 23:32:55.156 +03:00 [INF] ServiceManager Heartbeat: DB, Redis, and Services Healthy at "2026-09-04T23:32:55.1561189+03:00"
2026-09-04 23:33:55.153 +03:00 [INF] ServiceManager Heartbeat: DB, Redis, and Services Healthy at "2026-09-04T23:33:55.1531194+03:00"
2026-09-04 23:34:55.153 +03:00 [INF] ServiceManager Heartbeat: DB, Redis, and Services Healthy at "2026-09-04T23:34:55.1531470+03:00"
2026-09-04 23:35:55.152 +03:00 [INF] ServiceManager Heartbeat: DB, Redis, and Services Healthy at "2026-09-04T23:35:55.1520705+03:00"
2026-09-04 23:36:55.158 +03:00 [INF] ServiceManager Heartbeat: DB, Redis, and Services Healthy at "2026-09-04T23:36:55.1585281+03:00"
2026-09-04 23:37:55.168 +03:00 [INF] ServiceManager Heartbeat: DB, Redis, and Services Healthy at "2026-09-04T23:37:55.1686575+03:00"
2026-09-04 23:38:55.168 +03:00 [INF] ServiceManager Heartbeat: DB, Redis, and Services Healthy at "2026-09-04T23:38:55.1684474+03:00"
2026-09-04 23:39:55.169 +03:00 [INF] ServiceManager Heartbeat: DB, Redis, and Services Healthy at "2026-09-04T23:39:55.1699693+03:00"
2026-09-04 23:40:55.178 +03:00 [INF] ServiceManager Heartbeat: DB, Redis, and Services Healthy at "2026-09-04T23:40:55.1789367+03:00"
2026-09-04 23:41:55.175 +03:00 [INF] ServiceManager Heartbeat: DB, Redis, and Services Healthy at "2026-09-04T23:41:55.1750138+03:00"
2026-09-04 23:42:55.172 +03:00 [INF] ServiceManager Heartbeat: DB, Redis, and Services Healthy at "2026-09-04T23:42:55.1726305+03:00"
2026-09-04 23:43:55.191 +03:00 [INF] ServiceManager Heartbeat: DB, Redis, and Services Healthy at "2026-09-04T23:43:55.1915490+03:00"
2026-09-04 23:44:55.208 +03:00 [INF] ServiceManager Heartbeat: DB, Redis, and Services Healthy at "2026-09-04T23:44:55.2081611+03:00"
2026-09-04 23:45:55.210 +03:00 [INF] ServiceManager Heartbeat: DB, Redis, and Services Healthy at "2026-09-04T23:45:55.2103864+03:00"
2026-09-04 23:46:55.208 +03:00 [INF] ServiceManager Heartbeat: DB, Redis, and Services Healthy at "2026-09-04T23:46:55.2083243+03:00"
2026-09-04 23:47:55.209 +03:00 [INF] ServiceManager Heartbeat: DB, Redis, and Services Healthy at "2026-09-04T23:47:55.2096661+03:00"
2026-09-04 23:48:55.207 +03:00 [INF] ServiceManager Heartbeat: DB, Redis, and Services Healthy at "2026-09-04T23:48:55.2078288+03:00"
2026-09-04 23:49:55.222 +03:00 [INF] ServiceManager Heartbeat: DB, Redis, and Services Healthy at "2026-09-04T23:49:55.2226950+03:00"
2026-09-04 23:50:55.226 +03:00 [INF] ServiceManager Heartbeat: DB, Redis, and Services Healthy at "2026-09-04T23:50:55.2266750+03:00"
2026-09-04 23:51:55.227 +03:00 [INF] ServiceManager Heartbeat: DB, Redis, and Services Healthy at "2026-09-04T23:51:55.2272341+03:00"
2026-09-04 23:52:55.240 +03:00 [INF] ServiceManager Heartbeat: DB, Redis, and Services Healthy at "2026-09-04T23:52:55.2399710+03:00"
2026-09-04 23:53:55.245 +03:00 [INF] ServiceManager Heartbeat: DB, Redis, and Services Healthy at "2026-09-04T23:53:55.2456912+03:00"
2026-09-04 23:54:55.383 +03:00 [INF] ServiceManager Heartbeat: DB, Redis, and Services Healthy at "2026-09-04T23:54:55.3837492+03:00"
2026-09-04 23:55:56.039 +03:00 [INF] ServiceManager Heartbeat: DB, Redis, and Services Healthy at "2026-09-04T23:55:56.0392571+03:00"
2026-09-04 23:56:56.461 +03:00 [INF] ServiceManager Heartbeat: DB, Redis, and Services Healthy at "2026-09-04T23:56:56.4609733+03:00"
2026-09-04 23:57:56.467 +03:00 [INF] ServiceManager Heartbeat: DB, Redis, and Services Healthy at "2026-09-04T23:57:56.4677904+03:00"
2026-09-04 23:58:56.798 +03:00 [INF] ServiceManager Heartbeat: DB, Redis, and Services Healthy at "2026-09-04T23:58:56.7989231+03:00"
2026-09-04 23:59:56.804 +03:00 [INF] ServiceManager Heartbeat: DB, Redis, and Services Healthy at "2026-09-04T23:59:56.8044767+03:00"
