2026-09-28 09:13:45.572 +03:00 [INF] ServiceManager Heartbeat: DB, Redis, and Services Healthy at "2026-09-28T09:13:45.5003445+03:00"
2026-09-28 09:13:45.780 +03:00 [INF] Starting LabInstrumentListenerWorker TCP listener on Port 5100...
2026-09-28 09:13:45.803 +03:00 [INF] LIS TCP Server listening on 0.0.0.0:5100 (Waiting for incoming analyzer connections)
2026-09-28 09:13:45.824 +03:00 [INF] Application started. Press Ctrl+C to shut down.
2026-09-28 09:13:45.828 +03:00 [INF] Hosting environment: Development
2026-09-28 09:13:45.832 +03:00 [INF] Content root path: C:\Users\ASUS\source\repos\CMS\src\CMS.ServiceManager
2026-09-28 09:14:45.828 +03:00 [INF] ServiceManager Heartbeat: DB, Redis, and Services Healthy at "2026-09-28T09:14:45.8278730+03:00"
2026-09-28 09:15:45.941 +03:00 [INF] ServiceManager Heartbeat: DB, Redis, and Services Healthy at "2026-09-28T09:15:45.9418854+03:00"
2026-09-28 09:16:45.977 +03:00 [INF] ServiceManager Heartbeat: DB, Redis, and Services Healthy at "2026-09-28T09:16:45.9770582+03:00"
2026-09-28 09:17:46.079 +03:00 [INF] ServiceManager Heartbeat: DB, Redis, and Services Healthy at "2026-09-28T09:17:46.0799000+03:00"
2026-09-28 09:18:46.256 +03:00 [INF] ServiceManager Heartbeat: DB, Redis, and Services Healthy at "2026-09-28T09:18:46.2562459+03:00"
2026-09-28 09:19:46.848 +03:00 [INF] ServiceManager Heartbeat: DB, Redis, and Services Healthy at "2026-09-28T09:19:46.8484718+03:00"
2026-09-28 09:20:46.997 +03:00 [INF] ServiceManager Heartbeat: DB, Redis, and Services Healthy at "2026-09-28T09:20:46.9976732+03:00"
2026-09-28 09:21:47.018 +03:00 [INF] ServiceManager Heartbeat: DB, Redis, and Services Healthy at "2026-09-28T09:21:47.0178128+03:00"
2026-09-28 09:22:47.031 +03:00 [INF] ServiceManager Heartbeat: DB, Redis, and Services Healthy at "2026-09-28T09:22:47.0313006+03:00"
2026-09-28 09:23:47.042 +03:00 [INF] ServiceManager Heartbeat: DB, Redis, and Services Healthy at "2026-09-28T09:23:47.0426914+03:00"
2026-09-28 09:24:47.080 +03:00 [INF] ServiceManager Heartbeat: DB, Redis, and Services Healthy at "2026-09-28T09:24:47.0804017+03:00"
2026-09-28 09:25:47.617 +03:00 [INF] ServiceManager Heartbeat: DB, Redis, and Services Healthy at "2026-09-28T09:25:47.6171886+03:00"
2026-09-28 09:26:48.360 +03:00 [INF] ServiceManager Heartbeat: DB, Redis, and Services Healthy at "2026-09-28T09:26:48.3601315+03:00"
2026-09-28 09:27:48.371 +03:00 [INF] ServiceManager Heartbeat: DB, Redis, and Services Healthy at "2026-09-28T09:27:48.3718239+03:00"
2026-09-28 09:28:48.385 +03:00 [INF] ServiceManager Heartbeat: DB, Redis, and Services Healthy at "2026-09-28T09:28:48.3848049+03:00"
2026-09-28 09:29:48.442 +03:00 [INF] ServiceManager Heartbeat: DB, Redis, and Services Healthy at "2026-09-28T09:29:48.4421151+03:00"
2026-09-28 09:30:48.468 +03:00 [INF] ServiceManager Heartbeat: DB, Redis, and Services Healthy at "2026-09-28T09:30:48.4687899+03:00"
2026-09-28 09:31:48.496 +03:00 [INF] ServiceManager Heartbeat: DB, Redis, and Services Healthy at "2026-09-28T09:31:48.4959611+03:00"
2026-09-28 09:32:48.582 +03:00 [INF] ServiceManager Heartbeat: DB, Redis, and Services Healthy at "2026-09-28T09:32:48.5826646+03:00"
2026-09-28 09:33:48.637 +03:00 [INF] ServiceManager Heartbeat: DB, Redis, and Services Healthy at "2026-09-28T09:33:48.6370297+03:00"
2026-09-28 09:34:48.790 +03:00 [INF] ServiceManager Heartbeat: DB, Redis, and Services Healthy at "2026-09-28T09:34:48.7900129+03:00"
2026-09-28 09:35:49.072 +03:00 [INF] ServiceManager Heartbeat: DB, Redis, and Services Healthy at "2026-09-28T09:35:49.0719883+03:00"
2026-09-28 09:36:49.097 +03:00 [INF] ServiceManager Heartbeat: DB, Redis, and Services Healthy at "2026-09-28T09:36:49.0972715+03:00"
2026-09-28 09:37:49.189 +03:00 [INF] ServiceManager Heartbeat: DB, Redis, and Services Healthy at "2026-09-28T09:37:49.1891461+03:00"
2026-09-28 09:38:49.225 +03:00 [INF] ServiceManager Heartbeat: DB, Redis, and Services Healthy at "2026-09-28T09:38:49.2249903+03:00"
2026-09-28 09:39:49.235 +03:00 [INF] ServiceManager Heartbeat: DB, Redis, and Services Healthy at "2026-09-28T09:39:49.2350057+03:00"
2026-09-28 09:40:49.254 +03:00 [INF] ServiceManager Heartbeat: DB, Redis, and Services Healthy at "2026-09-28T09:40:49.2547755+03:00"
2026-09-28 09:41:49.268 +03:00 [INF] ServiceManager Heartbeat: DB, Redis, and Services Healthy at "2026-09-28T09:41:49.2682082+03:00"
2026-09-28 09:42:49.277 +03:00 [INF] ServiceManager Heartbeat: DB, Redis, and Services Healthy at "2026-09-28T09:42:49.2771486+03:00"
2026-09-28 09:43:49.280 +03:00 [INF] ServiceManager Heartbeat: DB, Redis, and Services Healthy at "2026-09-28T09:43:49.2797874+03:00"
2026-09-28 09:44:49.298 +03:00 [INF] ServiceManager Heartbeat: DB, Redis, and Services Healthy at "2026-09-28T09:44:49.2975883+03:00"
2026-09-28 09:45:49.565 +03:00 [INF] ServiceManager Heartbeat: DB, Redis, and Services Healthy at "2026-09-28T09:45:49.5649542+03:00"
2026-09-28 09:46:50.367 +03:00 [INF] ServiceManager Heartbeat: DB, Redis, and Services Healthy at "2026-09-28T09:46:50.3676072+03:00"
2026-09-28 09:47:51.470 +03:00 [INF] ServiceManager Heartbeat: DB, Redis, and Services Healthy at "2026-09-28T09:47:51.4706036+03:00"
2026-09-28 09:48:52.606 +03:00 [INF] ServiceManager Heartbeat: DB, Redis, and Services Healthy at "2026-09-28T09:48:52.6058738+03:00"
2026-09-28 09:49:52.676 +03:00 [INF] ServiceManager Heartbeat: DB, Redis, and Services Healthy at "2026-09-28T09:49:52.6760972+03:00"
2026-09-28 09:50:53.968 +03:00 [INF] ServiceManager Heartbeat: DB, Redis, and Services Healthy at "2026-09-28T09:50:53.9686309+03:00"
2026-09-28 09:51:54.233 +03:00 [INF] ServiceManager Heartbeat: DB, Redis, and Services Healthy at "2026-09-28T09:51:54.2331657+03:00"
2026-09-28 09:52:55.261 +03:00 [INF] ServiceManager Heartbeat: DB, Redis, and Services Healthy at "2026-09-28T09:52:55.2609477+03:00"
2026-09-28 09:53:55.878 +03:00 [INF] ServiceManager Heartbeat: DB, Redis, and Services Healthy at "2026-09-28T09:53:55.8752432+03:00"
2026-09-28 09:54:56.445 +03:00 [INF] ServiceManager Heartbeat: DB, Redis, and Services Healthy at "2026-09-28T09:54:56.4455143+03:00"
2026-09-28 09:55:56.872 +03:00 [INF] ServiceManager Heartbeat: DB, Redis, and Services Healthy at "2026-09-28T09:55:56.8726041+03:00"
2026-09-28 09:56:57.503 +03:00 [INF] ServiceManager Heartbeat: DB, Redis, and Services Healthy at "2026-09-28T09:56:57.5032512+03:00"
2026-09-28 09:57:57.530 +03:00 [INF] ServiceManager Heartbeat: DB, Redis, and Services Healthy at "2026-09-28T09:57:57.5299995+03:00"
2026-09-28 09:58:57.708 +03:00 [INF] ServiceManager Heartbeat: DB, Redis, and Services Healthy at "2026-09-28T09:58:57.7083527+03:00"
2026-09-28 09:59:58.476 +03:00 [INF] ServiceManager Heartbeat: DB, Redis, and Services Healthy at "2026-09-28T09:59:58.4759925+03:00"
2026-09-28 10:00:59.109 +03:00 [INF] ServiceManager Heartbeat: DB, Redis, and Services Healthy at "2026-09-28T10:00:59.1090396+03:00"
2026-09-28 10:01:59.126 +03:00 [INF] ServiceManager Heartbeat: DB, Redis, and Services Healthy at "2026-09-28T10:01:59.1258815+03:00"
2026-09-28 10:02:59.158 +03:00 [INF] ServiceManager Heartbeat: DB, Redis, and Services Healthy at "2026-09-28T10:02:59.1580638+03:00"
2026-09-28 10:03:59.312 +03:00 [INF] ServiceManager Heartbeat: DB, Redis, and Services Healthy at "2026-09-28T10:03:59.3120954+03:00"
2026-09-28 10:04:59.325 +03:00 [INF] ServiceManager Heartbeat: DB, Redis, and Services Healthy at "2026-09-28T10:04:59.3252711+03:00"
2026-09-28 10:05:59.363 +03:00 [INF] ServiceManager Heartbeat: DB, Redis, and Services Healthy at "2026-09-28T10:05:59.3633900+03:00"
2026-09-28 10:07:01.234 +03:00 [INF] ServiceManager Heartbeat: DB, Redis, and Services Healthy at "2026-09-28T10:07:01.2325351+03:00"
2026-09-28 10:08:01.601 +03:00 [INF] ServiceManager Heartbeat: DB, Redis, and Services Healthy at "2026-09-28T10:08:01.6013656+03:00"
2026-09-28 10:09:01.642 +03:00 [INF] ServiceManager Heartbeat: DB, Redis, and Services Healthy at "2026-09-28T10:09:01.6427299+03:00"
2026-09-28 10:10:02.030 +03:00 [INF] ServiceManager Heartbeat: DB, Redis, and Services Healthy at "2026-09-28T10:10:02.0307523+03:00"
2026-09-28 10:11:02.040 +03:00 [INF] ServiceManager Heartbeat: DB, Redis, and Services Healthy at "2026-09-28T10:11:02.0403890+03:00"
2026-09-28 10:12:02.127 +03:00 [INF] ServiceManager Heartbeat: DB, Redis, and Services Healthy at "2026-09-28T10:12:02.1278695+03:00"
2026-09-28 10:13:02.181 +03:00 [INF] ServiceManager Heartbeat: DB, Redis, and Services Healthy at "2026-09-28T10:13:02.1810006+03:00"
2026-09-28 10:14:02.214 +03:00 [INF] ServiceManager Heartbeat: DB, Redis, and Services Healthy at "2026-09-28T10:14:02.2135211+03:00"
2026-09-28 10:15:02.620 +03:00 [INF] ServiceManager Heartbeat: DB, Redis, and Services Healthy at "2026-09-28T10:15:02.6207100+03:00"
2026-09-28 10:16:02.624 +03:00 [INF] ServiceManager Heartbeat: DB, Redis, and Services Healthy at "2026-09-28T10:16:02.6247968+03:00"
2026-09-28 10:17:02.634 +03:00 [INF] ServiceManager Heartbeat: DB, Redis, and Services Healthy at "2026-09-28T10:17:02.6349373+03:00"
2026-09-28 10:18:02.678 +03:00 [INF] ServiceManager Heartbeat: DB, Redis, and Services Healthy at "2026-09-28T10:18:02.6767348+03:00"
2026-09-28 10:19:02.906 +03:00 [INF] ServiceManager Heartbeat: DB, Redis, and Services Healthy at "2026-09-28T10:19:02.9067464+03:00"
2026-09-28 10:20:02.925 +03:00 [INF] ServiceManager Heartbeat: DB, Redis, and Services Healthy at "2026-09-28T10:20:02.9253451+03:00"
2026-09-28 10:21:03.267 +03:00 [INF] ServiceManager Heartbeat: DB, Redis, and Services Healthy at "2026-09-28T10:21:03.2673109+03:00"
2026-09-28 10:22:03.289 +03:00 [INF] ServiceManager Heartbeat: DB, Redis, and Services Healthy at "2026-09-28T10:22:03.2891139+03:00"
2026-09-28 10:23:03.305 +03:00 [INF] ServiceManager Heartbeat: DB, Redis, and Services Healthy at "2026-09-28T10:23:03.3055619+03:00"
2026-09-28 10:24:03.333 +03:00 [INF] ServiceManager Heartbeat: DB, Redis, and Services Healthy at "2026-09-28T10:24:03.3331063+03:00"
2026-09-28 10:25:03.352 +03:00 [INF] ServiceManager Heartbeat: DB, Redis, and Services Healthy at "2026-09-28T10:25:03.3526096+03:00"
2026-09-28 10:26:03.362 +03:00 [INF] ServiceManager Heartbeat: DB, Redis, and Services Healthy at "2026-09-28T10:26:03.3594314+03:00"
2026-09-28 10:27:03.377 +03:00 [INF] ServiceManager Heartbeat: DB, Redis, and Services Healthy at "2026-09-28T10:27:03.3775850+03:00"
2026-09-28 10:28:03.404 +03:00 [INF] ServiceManager Heartbeat: DB, Redis, and Services Healthy at "2026-09-28T10:28:03.4044332+03:00"
2026-09-28 10:29:03.424 +03:00 [INF] ServiceManager Heartbeat: DB, Redis, and Services Healthy at "2026-09-28T10:29:03.4245831+03:00"
2026-09-28 10:30:03.552 +03:00 [INF] ServiceManager Heartbeat: DB, Redis, and Services Healthy at "2026-09-28T10:30:03.5519467+03:00"
2026-09-28 10:31:03.944 +03:00 [INF] ServiceManager Heartbeat: DB, Redis, and Services Healthy at "2026-09-28T10:31:03.9445302+03:00"
2026-09-28 10:32:04.095 +03:00 [INF] ServiceManager Heartbeat: DB, Redis, and Services Healthy at "2026-09-28T10:32:04.0956239+03:00"
2026-09-28 10:33:04.292 +03:00 [INF] ServiceManager Heartbeat: DB, Redis, and Services Healthy at "2026-09-28T10:33:04.2921595+03:00"
2026-09-28 10:34:04.307 +03:00 [INF] ServiceManager Heartbeat: DB, Redis, and Services Healthy at "2026-09-28T10:34:04.3078700+03:00"
2026-09-28 10:35:04.330 +03:00 [INF] ServiceManager Heartbeat: DB, Redis, and Services Healthy at "2026-09-28T10:35:04.3302969+03:00"
2026-09-28 10:36:04.344 +03:00 [INF] ServiceManager Heartbeat: DB, Redis, and Services Healthy at "2026-09-28T10:36:04.3447839+03:00"
2026-09-28 10:37:04.367 +03:00 [INF] ServiceManager Heartbeat: DB, Redis, and Services Healthy at "2026-09-28T10:37:04.3670559+03:00"
2026-09-28 10:38:04.493 +03:00 [INF] ServiceManager Heartbeat: DB, Redis, and Services Healthy at "2026-09-28T10:38:04.4930518+03:00"
2026-09-28 10:39:04.531 +03:00 [INF] ServiceManager Heartbeat: DB, Redis, and Services Healthy at "2026-09-28T10:39:04.5313702+03:00"
2026-09-28 10:40:04.546 +03:00 [INF] ServiceManager Heartbeat: DB, Redis, and Services Healthy at "2026-09-28T10:40:04.5462250+03:00"
2026-09-28 10:41:04.560 +03:00 [INF] ServiceManager Heartbeat: DB, Redis, and Services Healthy at "2026-09-28T10:41:04.5599315+03:00"
2026-09-28 10:42:04.579 +03:00 [INF] ServiceManager Heartbeat: DB, Redis, and Services Healthy at "2026-09-28T10:42:04.5793581+03:00"
2026-09-28 10:43:04.599 +03:00 [INF] ServiceManager Heartbeat: DB, Redis, and Services Healthy at "2026-09-28T10:43:04.5991107+03:00"
2026-09-28 10:44:04.635 +03:00 [INF] ServiceManager Heartbeat: DB, Redis, and Services Healthy at "2026-09-28T10:44:04.6359044+03:00"
2026-09-28 10:45:04.713 +03:00 [INF] ServiceManager Heartbeat: DB, Redis, and Services Healthy at "2026-09-28T10:45:04.7130187+03:00"
2026-09-28 10:46:04.819 +03:00 [INF] ServiceManager Heartbeat: DB, Redis, and Services Healthy at "2026-09-28T10:46:04.8196184+03:00"
2026-09-28 10:47:04.867 +03:00 [INF] ServiceManager Heartbeat: DB, Redis, and Services Healthy at "2026-09-28T10:47:04.8678820+03:00"
2026-09-28 10:48:04.883 +03:00 [INF] ServiceManager Heartbeat: DB, Redis, and Services Healthy at "2026-09-28T10:48:04.8831744+03:00"
2026-09-28 10:49:04.893 +03:00 [INF] ServiceManager Heartbeat: DB, Redis, and Services Healthy at "2026-09-28T10:49:04.8934568+03:00"
2026-09-28 10:50:04.918 +03:00 [INF] ServiceManager Heartbeat: DB, Redis, and Services Healthy at "2026-09-28T10:50:04.9183482+03:00"
2026-09-28 10:51:04.942 +03:00 [INF] ServiceManager Heartbeat: DB, Redis, and Services Healthy at "2026-09-28T10:51:04.9287424+03:00"
2026-09-28 10:52:04.962 +03:00 [INF] ServiceManager Heartbeat: DB, Redis, and Services Healthy at "2026-09-28T10:52:04.9620561+03:00"
2026-09-28 10:53:05.000 +03:00 [INF] ServiceManager Heartbeat: DB, Redis, and Services Healthy at "2026-09-28T10:53:05.0003434+03:00"
2026-09-28 10:54:05.023 +03:00 [INF] ServiceManager Heartbeat: DB, Redis, and Services Healthy at "2026-09-28T10:54:05.0232731+03:00"
2026-09-28 10:55:05.048 +03:00 [INF] ServiceManager Heartbeat: DB, Redis, and Services Healthy at "2026-09-28T10:55:05.0483470+03:00"
2026-09-28 10:56:05.796 +03:00 [INF] ServiceManager Heartbeat: DB, Redis, and Services Healthy at "2026-09-28T10:56:05.7960846+03:00"
2026-09-28 10:57:05.813 +03:00 [INF] ServiceManager Heartbeat: DB, Redis, and Services Healthy at "2026-09-28T10:57:05.8130691+03:00"
2026-09-28 10:58:05.993 +03:00 [INF] ServiceManager Heartbeat: DB, Redis, and Services Healthy at "2026-09-28T10:58:05.9933619+03:00"
2026-09-28 10:59:06.280 +03:00 [INF] ServiceManager Heartbeat: DB, Redis, and Services Healthy at "2026-09-28T10:59:06.2800196+03:00"
2026-09-28 11:00:07.178 +03:00 [INF] ServiceManager Heartbeat: DB, Redis, and Services Healthy at "2026-09-28T11:00:07.1783671+03:00"
2026-09-28 11:01:07.501 +03:00 [INF] ServiceManager Heartbeat: DB, Redis, and Services Healthy at "2026-09-28T11:01:07.5018983+03:00"
2026-09-28 11:32:34.196 +03:00 [INF] ServiceManager Heartbeat: DB, Redis, and Services Healthy at "2026-09-28T11:32:34.1960395+03:00"
2026-09-28 11:33:34.212 +03:00 [INF] ServiceManager Heartbeat: DB, Redis, and Services Healthy at "2026-09-28T11:33:34.2121575+03:00"
2026-09-28 11:34:34.227 +03:00 [INF] ServiceManager Heartbeat: DB, Redis, and Services Healthy at "2026-09-28T11:34:34.2271364+03:00"
2026-09-28 11:35:34.245 +03:00 [INF] ServiceManager Heartbeat: DB, Redis, and Services Healthy at "2026-09-28T11:35:34.2456714+03:00"
2026-09-28 11:36:34.259 +03:00 [INF] ServiceManager Heartbeat: DB, Redis, and Services Healthy at "2026-09-28T11:36:34.2589859+03:00"
2026-09-28 11:37:34.263 +03:00 [INF] ServiceManager Heartbeat: DB, Redis, and Services Healthy at "2026-09-28T11:37:34.2638378+03:00"
2026-09-28 11:38:34.277 +03:00 [INF] ServiceManager Heartbeat: DB, Redis, and Services Healthy at "2026-09-28T11:38:34.2773569+03:00"
2026-09-28 11:39:34.294 +03:00 [INF] ServiceManager Heartbeat: DB, Redis, and Services Healthy at "2026-09-28T11:39:34.2946509+03:00"
2026-09-28 11:40:34.309 +03:00 [INF] ServiceManager Heartbeat: DB, Redis, and Services Healthy at "2026-09-28T11:40:34.3098438+03:00"
2026-09-28 11:41:34.319 +03:00 [INF] ServiceManager Heartbeat: DB, Redis, and Services Healthy at "2026-09-28T11:41:34.3192991+03:00"
2026-09-28 11:42:34.338 +03:00 [INF] ServiceManager Heartbeat: DB, Redis, and Services Healthy at "2026-09-28T11:42:34.3381612+03:00"
2026-09-28 11:43:34.357 +03:00 [INF] ServiceManager Heartbeat: DB, Redis, and Services Healthy at "2026-09-28T11:43:34.3571299+03:00"
2026-09-28 11:44:34.375 +03:00 [INF] ServiceManager Heartbeat: DB, Redis, and Services Healthy at "2026-09-28T11:44:34.3753407+03:00"
2026-09-28 11:45:34.385 +03:00 [INF] ServiceManager Heartbeat: DB, Redis, and Services Healthy at "2026-09-28T11:45:34.3857098+03:00"
2026-09-28 11:46:34.391 +03:00 [INF] ServiceManager Heartbeat: DB, Redis, and Services Healthy at "2026-09-28T11:46:34.3915136+03:00"
2026-09-28 11:47:34.406 +03:00 [INF] ServiceManager Heartbeat: DB, Redis, and Services Healthy at "2026-09-28T11:47:34.4060559+03:00"
2026-09-28 11:48:34.411 +03:00 [INF] ServiceManager Heartbeat: DB, Redis, and Services Healthy at "2026-09-28T11:48:34.4116475+03:00"
2026-09-28 11:49:34.428 +03:00 [INF] ServiceManager Heartbeat: DB, Redis, and Services Healthy at "2026-09-28T11:49:34.4286468+03:00"
2026-09-28 11:50:34.440 +03:00 [INF] ServiceManager Heartbeat: DB, Redis, and Services Healthy at "2026-09-28T11:50:34.4403547+03:00"
2026-09-28 11:51:34.446 +03:00 [INF] ServiceManager Heartbeat: DB, Redis, and Services Healthy at "2026-09-28T11:51:34.4464344+03:00"
2026-09-28 11:52:34.476 +03:00 [INF] ServiceManager Heartbeat: DB, Redis, and Services Healthy at "2026-09-28T11:52:34.4761825+03:00"
2026-09-28 11:53:34.487 +03:00 [INF] ServiceManager Heartbeat: DB, Redis, and Services Healthy at "2026-09-28T11:53:34.4875222+03:00"
2026-09-28 11:54:34.506 +03:00 [INF] ServiceManager Heartbeat: DB, Redis, and Services Healthy at "2026-09-28T11:54:34.5067661+03:00"
2026-09-28 11:55:34.514 +03:00 [INF] ServiceManager Heartbeat: DB, Redis, and Services Healthy at "2026-09-28T11:55:34.5141383+03:00"
2026-09-28 11:56:34.528 +03:00 [INF] ServiceManager Heartbeat: DB, Redis, and Services Healthy at "2026-09-28T11:56:34.5284058+03:00"
2026-09-28 11:57:34.543 +03:00 [INF] ServiceManager Heartbeat: DB, Redis, and Services Healthy at "2026-09-28T11:57:34.5437984+03:00"
2026-09-28 11:58:34.559 +03:00 [INF] ServiceManager Heartbeat: DB, Redis, and Services Healthy at "2026-09-28T11:58:34.5595961+03:00"
2026-09-28 11:59:34.570 +03:00 [INF] ServiceManager Heartbeat: DB, Redis, and Services Healthy at "2026-09-28T11:59:34.5704099+03:00"
2026-09-28 12:00:34.578 +03:00 [INF] ServiceManager Heartbeat: DB, Redis, and Services Healthy at "2026-09-28T12:00:34.5788016+03:00"
2026-09-28 12:01:34.589 +03:00 [INF] ServiceManager Heartbeat: DB, Redis, and Services Healthy at "2026-09-28T12:01:34.5899385+03:00"
2026-09-28 12:02:34.599 +03:00 [INF] ServiceManager Heartbeat: DB, Redis, and Services Healthy at "2026-09-28T12:02:34.5991665+03:00"
2026-09-28 12:03:34.613 +03:00 [INF] ServiceManager Heartbeat: DB, Redis, and Services Healthy at "2026-09-28T12:03:34.6130441+03:00"
2026-09-28 12:04:34.631 +03:00 [INF] ServiceManager Heartbeat: DB, Redis, and Services Healthy at "2026-09-28T12:04:34.6311557+03:00"
2026-09-28 12:05:34.643 +03:00 [INF] ServiceManager Heartbeat: DB, Redis, and Services Healthy at "2026-09-28T12:05:34.6430470+03:00"
2026-09-28 12:06:34.661 +03:00 [INF] ServiceManager Heartbeat: DB, Redis, and Services Healthy at "2026-09-28T12:06:34.6618459+03:00"
2026-09-28 12:07:34.675 +03:00 [INF] ServiceManager Heartbeat: DB, Redis, and Services Healthy at "2026-09-28T12:07:34.6752825+03:00"
2026-09-28 12:08:34.696 +03:00 [INF] ServiceManager Heartbeat: DB, Redis, and Services Healthy at "2026-09-28T12:08:34.6959860+03:00"
2026-09-28 12:09:34.713 +03:00 [INF] ServiceManager Heartbeat: DB, Redis, and Services Healthy at "2026-09-28T12:09:34.7134060+03:00"
2026-09-28 12:10:34.731 +03:00 [INF] ServiceManager Heartbeat: DB, Redis, and Services Healthy at "2026-09-28T12:10:34.7310790+03:00"
2026-09-28 12:11:34.740 +03:00 [INF] ServiceManager Heartbeat: DB, Redis, and Services Healthy at "2026-09-28T12:11:34.7407719+03:00"
2026-09-28 12:12:34.755 +03:00 [INF] ServiceManager Heartbeat: DB, Redis, and Services Healthy at "2026-09-28T12:12:34.7550158+03:00"
2026-09-28 12:13:34.766 +03:00 [INF] ServiceManager Heartbeat: DB, Redis, and Services Healthy at "2026-09-28T12:13:34.7661384+03:00"
2026-09-28 12:14:34.778 +03:00 [INF] ServiceManager Heartbeat: DB, Redis, and Services Healthy at "2026-09-28T12:14:34.7781312+03:00"
2026-09-28 12:15:34.800 +03:00 [INF] ServiceManager Heartbeat: DB, Redis, and Services Healthy at "2026-09-28T12:15:34.8009453+03:00"
2026-09-28 12:16:34.819 +03:00 [INF] ServiceManager Heartbeat: DB, Redis, and Services Healthy at "2026-09-28T12:16:34.8198593+03:00"
2026-09-28 12:17:34.828 +03:00 [INF] ServiceManager Heartbeat: DB, Redis, and Services Healthy at "2026-09-28T12:17:34.8282109+03:00"
2026-09-28 12:18:34.833 +03:00 [INF] ServiceManager Heartbeat: DB, Redis, and Services Healthy at "2026-09-28T12:18:34.8331557+03:00"
2026-09-28 12:19:34.845 +03:00 [INF] ServiceManager Heartbeat: DB, Redis, and Services Healthy at "2026-09-28T12:19:34.8453664+03:00"
2026-09-28 12:20:34.862 +03:00 [INF] ServiceManager Heartbeat: DB, Redis, and Services Healthy at "2026-09-28T12:20:34.8622915+03:00"
2026-09-28 12:21:34.886 +03:00 [INF] ServiceManager Heartbeat: DB, Redis, and Services Healthy at "2026-09-28T12:21:34.8863818+03:00"
2026-09-28 12:22:34.899 +03:00 [INF] ServiceManager Heartbeat: DB, Redis, and Services Healthy at "2026-09-28T12:22:34.8996881+03:00"
2026-09-28 12:23:34.918 +03:00 [INF] ServiceManager Heartbeat: DB, Redis, and Services Healthy at "2026-09-28T12:23:34.9181504+03:00"
2026-09-28 12:24:34.925 +03:00 [INF] ServiceManager Heartbeat: DB, Redis, and Services Healthy at "2026-09-28T12:24:34.9253880+03:00"
2026-09-28 12:25:34.936 +03:00 [INF] ServiceManager Heartbeat: DB, Redis, and Services Healthy at "2026-09-28T12:25:34.9361601+03:00"
2026-09-28 12:26:34.944 +03:00 [INF] ServiceManager Heartbeat: DB, Redis, and Services Healthy at "2026-09-28T12:26:34.9447628+03:00"
2026-09-28 12:27:34.962 +03:00 [INF] ServiceManager Heartbeat: DB, Redis, and Services Healthy at "2026-09-28T12:27:34.9620634+03:00"
2026-09-28 12:28:34.969 +03:00 [INF] ServiceManager Heartbeat: DB, Redis, and Services Healthy at "2026-09-28T12:28:34.9692031+03:00"
2026-09-28 12:29:34.988 +03:00 [INF] ServiceManager Heartbeat: DB, Redis, and Services Healthy at "2026-09-28T12:29:34.9880132+03:00"
2026-09-28 12:30:35.004 +03:00 [INF] ServiceManager Heartbeat: DB, Redis, and Services Healthy at "2026-09-28T12:30:35.0046174+03:00"
2026-09-28 12:31:35.015 +03:00 [INF] ServiceManager Heartbeat: DB, Redis, and Services Healthy at "2026-09-28T12:31:35.0154671+03:00"
2026-09-28 12:32:35.023 +03:00 [INF] ServiceManager Heartbeat: DB, Redis, and Services Healthy at "2026-09-28T12:32:35.0239530+03:00"
2026-09-28 12:33:35.032 +03:00 [INF] ServiceManager Heartbeat: DB, Redis, and Services Healthy at "2026-09-28T12:33:35.0328768+03:00"
2026-09-28 12:34:35.051 +03:00 [INF] ServiceManager Heartbeat: DB, Redis, and Services Healthy at "2026-09-28T12:34:35.0518628+03:00"
2026-09-28 12:35:35.055 +03:00 [INF] ServiceManager Heartbeat: DB, Redis, and Services Healthy at "2026-09-28T12:35:35.0559354+03:00"
2026-09-28 12:36:35.064 +03:00 [INF] ServiceManager Heartbeat: DB, Redis, and Services Healthy at "2026-09-28T12:36:35.0643861+03:00"
2026-09-28 12:37:35.082 +03:00 [INF] ServiceManager Heartbeat: DB, Redis, and Services Healthy at "2026-09-28T12:37:35.0821549+03:00"
2026-09-28 12:38:35.097 +03:00 [INF] ServiceManager Heartbeat: DB, Redis, and Services Healthy at "2026-09-28T12:38:35.0977787+03:00"
2026-09-28 12:39:35.110 +03:00 [INF] ServiceManager Heartbeat: DB, Redis, and Services Healthy at "2026-09-28T12:39:35.1105693+03:00"
2026-09-28 12:40:35.116 +03:00 [INF] ServiceManager Heartbeat: DB, Redis, and Services Healthy at "2026-09-28T12:40:35.1169021+03:00"
2026-09-28 12:41:35.138 +03:00 [INF] ServiceManager Heartbeat: DB, Redis, and Services Healthy at "2026-09-28T12:41:35.1383023+03:00"
2026-09-28 12:42:35.219 +03:00 [INF] ServiceManager Heartbeat: DB, Redis, and Services Healthy at "2026-09-28T12:42:35.2198741+03:00"
2026-09-28 12:43:35.225 +03:00 [INF] ServiceManager Heartbeat: DB, Redis, and Services Healthy at "2026-09-28T12:43:35.2255140+03:00"
2026-09-28 12:44:35.230 +03:00 [INF] ServiceManager Heartbeat: DB, Redis, and Services Healthy at "2026-09-28T12:44:35.2302560+03:00"
2026-09-28 12:45:35.241 +03:00 [INF] ServiceManager Heartbeat: DB, Redis, and Services Healthy at "2026-09-28T12:45:35.2418888+03:00"
2026-09-28 12:46:35.257 +03:00 [INF] ServiceManager Heartbeat: DB, Redis, and Services Healthy at "2026-09-28T12:46:35.2577585+03:00"
2026-09-28 12:47:35.264 +03:00 [INF] ServiceManager Heartbeat: DB, Redis, and Services Healthy at "2026-09-28T12:47:35.2645881+03:00"
2026-09-28 12:48:35.278 +03:00 [INF] ServiceManager Heartbeat: DB, Redis, and Services Healthy at "2026-09-28T12:48:35.2783583+03:00"
2026-09-28 12:49:35.290 +03:00 [INF] ServiceManager Heartbeat: DB, Redis, and Services Healthy at "2026-09-28T12:49:35.2903519+03:00"
2026-09-28 12:50:35.302 +03:00 [INF] ServiceManager Heartbeat: DB, Redis, and Services Healthy at "2026-09-28T12:50:35.3027815+03:00"
2026-09-28 12:51:35.307 +03:00 [INF] ServiceManager Heartbeat: DB, Redis, and Services Healthy at "2026-09-28T12:51:35.3074810+03:00"
2026-09-28 12:52:35.323 +03:00 [INF] ServiceManager Heartbeat: DB, Redis, and Services Healthy at "2026-09-28T12:52:35.3234695+03:00"
2026-09-28 12:53:35.331 +03:00 [INF] ServiceManager Heartbeat: DB, Redis, and Services Healthy at "2026-09-28T12:53:35.3315480+03:00"
2026-09-28 12:54:35.349 +03:00 [INF] ServiceManager Heartbeat: DB, Redis, and Services Healthy at "2026-09-28T12:54:35.3495525+03:00"
2026-09-28 12:55:35.358 +03:00 [INF] ServiceManager Heartbeat: DB, Redis, and Services Healthy at "2026-09-28T12:55:35.3588566+03:00"
2026-09-28 12:56:35.375 +03:00 [INF] ServiceManager Heartbeat: DB, Redis, and Services Healthy at "2026-09-28T12:56:35.3750855+03:00"
2026-09-28 12:57:35.390 +03:00 [INF] ServiceManager Heartbeat: DB, Redis, and Services Healthy at "2026-09-28T12:57:35.3901900+03:00"
2026-09-28 12:58:35.404 +03:00 [INF] ServiceManager Heartbeat: DB, Redis, and Services Healthy at "2026-09-28T12:58:35.4049632+03:00"
2026-09-28 12:59:35.415 +03:00 [INF] ServiceManager Heartbeat: DB, Redis, and Services Healthy at "2026-09-28T12:59:35.4158260+03:00"
2026-09-28 13:00:35.421 +03:00 [INF] ServiceManager Heartbeat: DB, Redis, and Services Healthy at "2026-09-28T13:00:35.4216908+03:00"
2026-09-28 13:01:35.427 +03:00 [INF] ServiceManager Heartbeat: DB, Redis, and Services Healthy at "2026-09-28T13:01:35.4272197+03:00"
2026-09-28 13:02:35.442 +03:00 [INF] ServiceManager Heartbeat: DB, Redis, and Services Healthy at "2026-09-28T13:02:35.4420655+03:00"
2026-09-28 13:03:35.445 +03:00 [INF] ServiceManager Heartbeat: DB, Redis, and Services Healthy at "2026-09-28T13:03:35.4452535+03:00"
2026-09-28 13:04:35.452 +03:00 [INF] ServiceManager Heartbeat: DB, Redis, and Services Healthy at "2026-09-28T13:04:35.4528774+03:00"
2026-09-28 13:05:35.460 +03:00 [INF] ServiceManager Heartbeat: DB, Redis, and Services Healthy at "2026-09-28T13:05:35.4604928+03:00"
2026-09-28 13:06:35.477 +03:00 [INF] ServiceManager Heartbeat: DB, Redis, and Services Healthy at "2026-09-28T13:06:35.4775052+03:00"
2026-09-28 13:07:35.488 +03:00 [INF] ServiceManager Heartbeat: DB, Redis, and Services Healthy at "2026-09-28T13:07:35.4881174+03:00"
2026-09-28 13:08:35.498 +03:00 [INF] ServiceManager Heartbeat: DB, Redis, and Services Healthy at "2026-09-28T13:08:35.4981967+03:00"
2026-09-28 13:09:35.504 +03:00 [INF] ServiceManager Heartbeat: DB, Redis, and Services Healthy at "2026-09-28T13:09:35.5041329+03:00"
2026-09-28 13:10:35.521 +03:00 [INF] ServiceManager Heartbeat: DB, Redis, and Services Healthy at "2026-09-28T13:10:35.5213031+03:00"
2026-09-28 13:11:35.536 +03:00 [INF] ServiceManager Heartbeat: DB, Redis, and Services Healthy at "2026-09-28T13:11:35.5361191+03:00"
2026-09-28 13:12:35.539 +03:00 [INF] ServiceManager Heartbeat: DB, Redis, and Services Healthy at "2026-09-28T13:12:35.5399245+03:00"
2026-09-28 13:13:35.552 +03:00 [INF] ServiceManager Heartbeat: DB, Redis, and Services Healthy at "2026-09-28T13:13:35.5529674+03:00"
2026-09-28 13:14:35.559 +03:00 [INF] ServiceManager Heartbeat: DB, Redis, and Services Healthy at "2026-09-28T13:14:35.5598648+03:00"
2026-09-28 13:15:35.570 +03:00 [INF] ServiceManager Heartbeat: DB, Redis, and Services Healthy at "2026-09-28T13:15:35.5705881+03:00"
2026-09-28 13:16:35.580 +03:00 [INF] ServiceManager Heartbeat: DB, Redis, and Services Healthy at "2026-09-28T13:16:35.5803801+03:00"
2026-09-28 13:17:35.584 +03:00 [INF] ServiceManager Heartbeat: DB, Redis, and Services Healthy at "2026-09-28T13:17:35.5849189+03:00"
2026-09-28 13:18:35.588 +03:00 [INF] ServiceManager Heartbeat: DB, Redis, and Services Healthy at "2026-09-28T13:18:35.5886168+03:00"
2026-09-28 13:19:35.601 +03:00 [INF] ServiceManager Heartbeat: DB, Redis, and Services Healthy at "2026-09-28T13:19:35.6016622+03:00"
2026-09-28 13:20:35.620 +03:00 [INF] ServiceManager Heartbeat: DB, Redis, and Services Healthy at "2026-09-28T13:20:35.6200420+03:00"
2026-09-28 13:21:35.624 +03:00 [INF] ServiceManager Heartbeat: DB, Redis, and Services Healthy at "2026-09-28T13:21:35.6249139+03:00"
2026-09-28 13:22:35.628 +03:00 [INF] ServiceManager Heartbeat: DB, Redis, and Services Healthy at "2026-09-28T13:22:35.6282648+03:00"
2026-09-28 13:23:35.633 +03:00 [INF] ServiceManager Heartbeat: DB, Redis, and Services Healthy at "2026-09-28T13:23:35.6337333+03:00"
2026-09-28 13:24:35.639 +03:00 [INF] ServiceManager Heartbeat: DB, Redis, and Services Healthy at "2026-09-28T13:24:35.6397670+03:00"
2026-09-28 13:25:35.650 +03:00 [INF] ServiceManager Heartbeat: DB, Redis, and Services Healthy at "2026-09-28T13:25:35.6507063+03:00"
2026-09-28 13:26:35.666 +03:00 [INF] ServiceManager Heartbeat: DB, Redis, and Services Healthy at "2026-09-28T13:26:35.6668337+03:00"
2026-09-28 13:27:35.674 +03:00 [INF] ServiceManager Heartbeat: DB, Redis, and Services Healthy at "2026-09-28T13:27:35.6740290+03:00"
2026-09-28 13:28:35.680 +03:00 [INF] ServiceManager Heartbeat: DB, Redis, and Services Healthy at "2026-09-28T13:28:35.6801067+03:00"
2026-09-28 13:29:35.694 +03:00 [INF] ServiceManager Heartbeat: DB, Redis, and Services Healthy at "2026-09-28T13:29:35.6942424+03:00"
2026-09-28 13:30:35.709 +03:00 [INF] ServiceManager Heartbeat: DB, Redis, and Services Healthy at "2026-09-28T13:30:35.7094468+03:00"
2026-09-28 13:31:35.724 +03:00 [INF] ServiceManager Heartbeat: DB, Redis, and Services Healthy at "2026-09-28T13:31:35.7247070+03:00"
2026-09-28 13:32:35.738 +03:00 [INF] ServiceManager Heartbeat: DB, Redis, and Services Healthy at "2026-09-28T13:32:35.7379541+03:00"
2026-09-28 13:33:35.742 +03:00 [INF] ServiceManager Heartbeat: DB, Redis, and Services Healthy at "2026-09-28T13:33:35.7421306+03:00"
2026-09-28 13:34:35.756 +03:00 [INF] ServiceManager Heartbeat: DB, Redis, and Services Healthy at "2026-09-28T13:34:35.7564665+03:00"
2026-09-28 13:35:35.763 +03:00 [INF] ServiceManager Heartbeat: DB, Redis, and Services Healthy at "2026-09-28T13:35:35.7636164+03:00"
2026-09-28 13:36:35.774 +03:00 [INF] ServiceManager Heartbeat: DB, Redis, and Services Healthy at "2026-09-28T13:36:35.7748489+03:00"
2026-09-28 13:37:35.779 +03:00 [INF] ServiceManager Heartbeat: DB, Redis, and Services Healthy at "2026-09-28T13:37:35.7791568+03:00"
2026-09-28 13:38:35.784 +03:00 [INF] ServiceManager Heartbeat: DB, Redis, and Services Healthy at "2026-09-28T13:38:35.7844761+03:00"
2026-09-28 13:39:35.795 +03:00 [INF] ServiceManager Heartbeat: DB, Redis, and Services Healthy at "2026-09-28T13:39:35.7952368+03:00"
2026-09-28 13:40:35.815 +03:00 [INF] ServiceManager Heartbeat: DB, Redis, and Services Healthy at "2026-09-28T13:40:35.8157207+03:00"
2026-09-28 13:41:35.838 +03:00 [INF] ServiceManager Heartbeat: DB, Redis, and Services Healthy at "2026-09-28T13:41:35.8387978+03:00"
2026-09-28 13:42:35.854 +03:00 [INF] ServiceManager Heartbeat: DB, Redis, and Services Healthy at "2026-09-28T13:42:35.8549656+03:00"
2026-09-28 13:43:35.864 +03:00 [INF] ServiceManager Heartbeat: DB, Redis, and Services Healthy at "2026-09-28T13:43:35.8643566+03:00"
2026-09-28 13:44:35.869 +03:00 [INF] ServiceManager Heartbeat: DB, Redis, and Services Healthy at "2026-09-28T13:44:35.8695278+03:00"
2026-09-28 13:45:35.884 +03:00 [INF] ServiceManager Heartbeat: DB, Redis, and Services Healthy at "2026-09-28T13:45:35.8844285+03:00"
2026-09-28 13:46:35.892 +03:00 [INF] ServiceManager Heartbeat: DB, Redis, and Services Healthy at "2026-09-28T13:46:35.8922108+03:00"
2026-09-28 13:47:35.899 +03:00 [INF] ServiceManager Heartbeat: DB, Redis, and Services Healthy at "2026-09-28T13:47:35.8991113+03:00"
2026-09-28 13:48:35.907 +03:00 [INF] ServiceManager Heartbeat: DB, Redis, and Services Healthy at "2026-09-28T13:48:35.9078641+03:00"
2026-09-28 13:49:35.925 +03:00 [INF] ServiceManager Heartbeat: DB, Redis, and Services Healthy at "2026-09-28T13:49:35.9258721+03:00"
2026-09-28 13:50:35.929 +03:00 [INF] ServiceManager Heartbeat: DB, Redis, and Services Healthy at "2026-09-28T13:50:35.9291209+03:00"
2026-09-28 13:51:35.948 +03:00 [INF] ServiceManager Heartbeat: DB, Redis, and Services Healthy at "2026-09-28T13:51:35.9483857+03:00"
2026-09-28 13:52:35.964 +03:00 [INF] ServiceManager Heartbeat: DB, Redis, and Services Healthy at "2026-09-28T13:52:35.9642652+03:00"
2026-09-28 13:53:35.981 +03:00 [INF] ServiceManager Heartbeat: DB, Redis, and Services Healthy at "2026-09-28T13:53:35.9814406+03:00"
2026-09-28 13:54:35.987 +03:00 [INF] ServiceManager Heartbeat: DB, Redis, and Services Healthy at "2026-09-28T13:54:35.9878393+03:00"
2026-09-28 13:55:36.008 +03:00 [INF] ServiceManager Heartbeat: DB, Redis, and Services Healthy at "2026-09-28T13:55:36.0085478+03:00"
2026-09-28 13:56:36.011 +03:00 [INF] ServiceManager Heartbeat: DB, Redis, and Services Healthy at "2026-09-28T13:56:36.0115457+03:00"
2026-09-28 13:57:36.015 +03:00 [INF] ServiceManager Heartbeat: DB, Redis, and Services Healthy at "2026-09-28T13:57:36.0151871+03:00"
2026-09-28 13:58:36.021 +03:00 [INF] ServiceManager Heartbeat: DB, Redis, and Services Healthy at "2026-09-28T13:58:36.0219249+03:00"
2026-09-28 13:59:36.027 +03:00 [INF] ServiceManager Heartbeat: DB, Redis, and Services Healthy at "2026-09-28T13:59:36.0270841+03:00"
2026-09-28 14:00:36.029 +03:00 [INF] ServiceManager Heartbeat: DB, Redis, and Services Healthy at "2026-09-28T14:00:36.0294028+03:00"
2026-09-28 14:01:36.039 +03:00 [INF] ServiceManager Heartbeat: DB, Redis, and Services Healthy at "2026-09-28T14:01:36.0392921+03:00"
2026-09-28 14:02:36.049 +03:00 [INF] ServiceManager Heartbeat: DB, Redis, and Services Healthy at "2026-09-28T14:02:36.0490215+03:00"
2026-09-28 14:03:36.068 +03:00 [INF] ServiceManager Heartbeat: DB, Redis, and Services Healthy at "2026-09-28T14:03:36.0684677+03:00"
2026-09-28 14:04:36.081 +03:00 [INF] ServiceManager Heartbeat: DB, Redis, and Services Healthy at "2026-09-28T14:04:36.0817884+03:00"
2026-09-28 14:05:36.095 +03:00 [INF] ServiceManager Heartbeat: DB, Redis, and Services Healthy at "2026-09-28T14:05:36.0959051+03:00"
2026-09-28 14:06:36.102 +03:00 [INF] ServiceManager Heartbeat: DB, Redis, and Services Healthy at "2026-09-28T14:06:36.1020689+03:00"
2026-09-28 14:07:36.121 +03:00 [INF] ServiceManager Heartbeat: DB, Redis, and Services Healthy at "2026-09-28T14:07:36.1219494+03:00"
2026-09-28 14:08:36.128 +03:00 [INF] ServiceManager Heartbeat: DB, Redis, and Services Healthy at "2026-09-28T14:08:36.1280719+03:00"
2026-09-28 14:09:36.143 +03:00 [INF] ServiceManager Heartbeat: DB, Redis, and Services Healthy at "2026-09-28T14:09:36.1431860+03:00"
2026-09-28 14:10:36.148 +03:00 [INF] ServiceManager Heartbeat: DB, Redis, and Services Healthy at "2026-09-28T14:10:36.1482863+03:00"
2026-09-28 14:11:36.152 +03:00 [INF] ServiceManager Heartbeat: DB, Redis, and Services Healthy at "2026-09-28T14:11:36.1524704+03:00"
2026-09-28 14:12:36.162 +03:00 [INF] ServiceManager Heartbeat: DB, Redis, and Services Healthy at "2026-09-28T14:12:36.1626431+03:00"
2026-09-28 14:13:36.173 +03:00 [INF] ServiceManager Heartbeat: DB, Redis, and Services Healthy at "2026-09-28T14:13:36.1735669+03:00"
2026-09-28 14:14:36.186 +03:00 [INF] ServiceManager Heartbeat: DB, Redis, and Services Healthy at "2026-09-28T14:14:36.1863157+03:00"
2026-09-28 14:15:36.197 +03:00 [INF] ServiceManager Heartbeat: DB, Redis, and Services Healthy at "2026-09-28T14:15:36.1973341+03:00"
2026-09-28 14:16:36.202 +03:00 [INF] ServiceManager Heartbeat: DB, Redis, and Services Healthy at "2026-09-28T14:16:36.2019832+03:00"
2026-09-28 14:17:36.217 +03:00 [INF] ServiceManager Heartbeat: DB, Redis, and Services Healthy at "2026-09-28T14:17:36.2176536+03:00"
2026-09-28 14:18:36.228 +03:00 [INF] ServiceManager Heartbeat: DB, Redis, and Services Healthy at "2026-09-28T14:18:36.2283234+03:00"
2026-09-28 14:19:36.243 +03:00 [INF] ServiceManager Heartbeat: DB, Redis, and Services Healthy at "2026-09-28T14:19:36.2430171+03:00"
2026-09-28 14:20:36.262 +03:00 [INF] ServiceManager Heartbeat: DB, Redis, and Services Healthy at "2026-09-28T14:20:36.2628094+03:00"
2026-09-28 14:21:36.275 +03:00 [INF] ServiceManager Heartbeat: DB, Redis, and Services Healthy at "2026-09-28T14:21:36.2758862+03:00"
2026-09-28 14:22:36.290 +03:00 [INF] ServiceManager Heartbeat: DB, Redis, and Services Healthy at "2026-09-28T14:22:36.2905728+03:00"
2026-09-28 14:23:36.300 +03:00 [INF] ServiceManager Heartbeat: DB, Redis, and Services Healthy at "2026-09-28T14:23:36.3008441+03:00"
2026-09-28 14:24:36.333 +03:00 [INF] ServiceManager Heartbeat: DB, Redis, and Services Healthy at "2026-09-28T14:24:36.3335431+03:00"
2026-09-28 14:25:36.353 +03:00 [INF] ServiceManager Heartbeat: DB, Redis, and Services Healthy at "2026-09-28T14:25:36.3539408+03:00"
2026-09-28 14:26:36.368 +03:00 [INF] ServiceManager Heartbeat: DB, Redis, and Services Healthy at "2026-09-28T14:26:36.3684365+03:00"
2026-09-28 14:27:36.374 +03:00 [INF] ServiceManager Heartbeat: DB, Redis, and Services Healthy at "2026-09-28T14:27:36.3746806+03:00"
2026-09-28 14:28:36.383 +03:00 [INF] ServiceManager Heartbeat: DB, Redis, and Services Healthy at "2026-09-28T14:28:36.3834532+03:00"
2026-09-28 14:29:36.394 +03:00 [INF] ServiceManager Heartbeat: DB, Redis, and Services Healthy at "2026-09-28T14:29:36.3944549+03:00"
2026-09-28 14:30:36.404 +03:00 [INF] ServiceManager Heartbeat: DB, Redis, and Services Healthy at "2026-09-28T14:30:36.4039941+03:00"
2026-09-28 14:31:36.408 +03:00 [INF] ServiceManager Heartbeat: DB, Redis, and Services Healthy at "2026-09-28T14:31:36.4081658+03:00"
2026-09-28 14:32:36.418 +03:00 [INF] ServiceManager Heartbeat: DB, Redis, and Services Healthy at "2026-09-28T14:32:36.4188799+03:00"
2026-09-28 14:33:36.429 +03:00 [INF] ServiceManager Heartbeat: DB, Redis, and Services Healthy at "2026-09-28T14:33:36.4292350+03:00"
2026-09-28 14:34:36.440 +03:00 [INF] ServiceManager Heartbeat: DB, Redis, and Services Healthy at "2026-09-28T14:34:36.4399694+03:00"
2026-09-28 14:35:36.454 +03:00 [INF] ServiceManager Heartbeat: DB, Redis, and Services Healthy at "2026-09-28T14:35:36.4549319+03:00"
2026-09-28 14:36:36.467 +03:00 [INF] ServiceManager Heartbeat: DB, Redis, and Services Healthy at "2026-09-28T14:36:36.4678148+03:00"
2026-09-28 14:37:36.481 +03:00 [INF] ServiceManager Heartbeat: DB, Redis, and Services Healthy at "2026-09-28T14:37:36.4818688+03:00"
2026-09-28 14:38:36.494 +03:00 [INF] ServiceManager Heartbeat: DB, Redis, and Services Healthy at "2026-09-28T14:38:36.4943423+03:00"
2026-09-28 14:39:36.515 +03:00 [INF] ServiceManager Heartbeat: DB, Redis, and Services Healthy at "2026-09-28T14:39:36.5151726+03:00"
2026-09-28 14:40:36.529 +03:00 [INF] ServiceManager Heartbeat: DB, Redis, and Services Healthy at "2026-09-28T14:40:36.5296555+03:00"
2026-09-28 14:41:36.540 +03:00 [INF] ServiceManager Heartbeat: DB, Redis, and Services Healthy at "2026-09-28T14:41:36.5407716+03:00"
2026-09-28 14:42:36.546 +03:00 [INF] ServiceManager Heartbeat: DB, Redis, and Services Healthy at "2026-09-28T14:42:36.5466021+03:00"
2026-09-28 14:43:36.552 +03:00 [INF] ServiceManager Heartbeat: DB, Redis, and Services Healthy at "2026-09-28T14:43:36.5524020+03:00"
2026-09-28 14:44:36.570 +03:00 [INF] ServiceManager Heartbeat: DB, Redis, and Services Healthy at "2026-09-28T14:44:36.5702077+03:00"
2026-09-28 14:45:36.589 +03:00 [INF] ServiceManager Heartbeat: DB, Redis, and Services Healthy at "2026-09-28T14:45:36.5891802+03:00"
2026-09-28 14:46:36.609 +03:00 [INF] ServiceManager Heartbeat: DB, Redis, and Services Healthy at "2026-09-28T14:46:36.6093293+03:00"
2026-09-28 14:47:36.615 +03:00 [INF] ServiceManager Heartbeat: DB, Redis, and Services Healthy at "2026-09-28T14:47:36.6153104+03:00"
2026-09-28 14:48:36.632 +03:00 [INF] ServiceManager Heartbeat: DB, Redis, and Services Healthy at "2026-09-28T14:48:36.6321091+03:00"
2026-09-28 14:49:36.647 +03:00 [INF] ServiceManager Heartbeat: DB, Redis, and Services Healthy at "2026-09-28T14:49:36.6477768+03:00"
2026-09-28 14:50:36.664 +03:00 [INF] ServiceManager Heartbeat: DB, Redis, and Services Healthy at "2026-09-28T14:50:36.6642441+03:00"
2026-09-28 14:51:36.679 +03:00 [INF] ServiceManager Heartbeat: DB, Redis, and Services Healthy at "2026-09-28T14:51:36.6795824+03:00"
2026-09-28 14:52:36.690 +03:00 [INF] ServiceManager Heartbeat: DB, Redis, and Services Healthy at "2026-09-28T14:52:36.6902900+03:00"
2026-09-28 14:53:36.702 +03:00 [INF] ServiceManager Heartbeat: DB, Redis, and Services Healthy at "2026-09-28T14:53:36.7022834+03:00"
2026-09-28 14:54:36.715 +03:00 [INF] ServiceManager Heartbeat: DB, Redis, and Services Healthy at "2026-09-28T14:54:36.7157423+03:00"
2026-09-28 14:55:36.734 +03:00 [INF] ServiceManager Heartbeat: DB, Redis, and Services Healthy at "2026-09-28T14:55:36.7341902+03:00"
2026-09-28 14:56:36.748 +03:00 [INF] ServiceManager Heartbeat: DB, Redis, and Services Healthy at "2026-09-28T14:56:36.7485608+03:00"
2026-09-28 14:57:36.761 +03:00 [INF] ServiceManager Heartbeat: DB, Redis, and Services Healthy at "2026-09-28T14:57:36.7618437+03:00"
2026-09-28 14:58:36.776 +03:00 [INF] ServiceManager Heartbeat: DB, Redis, and Services Healthy at "2026-09-28T14:58:36.7759552+03:00"
2026-09-28 14:59:36.783 +03:00 [INF] ServiceManager Heartbeat: DB, Redis, and Services Healthy at "2026-09-28T14:59:36.7831692+03:00"
2026-09-28 15:00:36.788 +03:00 [INF] ServiceManager Heartbeat: DB, Redis, and Services Healthy at "2026-09-28T15:00:36.7886136+03:00"
2026-09-28 15:01:36.797 +03:00 [INF] ServiceManager Heartbeat: DB, Redis, and Services Healthy at "2026-09-28T15:01:36.7972240+03:00"
2026-09-28 15:02:36.806 +03:00 [INF] ServiceManager Heartbeat: DB, Redis, and Services Healthy at "2026-09-28T15:02:36.8063241+03:00"
2026-09-28 15:03:36.809 +03:00 [INF] ServiceManager Heartbeat: DB, Redis, and Services Healthy at "2026-09-28T15:03:36.8097725+03:00"
2026-09-28 15:04:36.827 +03:00 [INF] ServiceManager Heartbeat: DB, Redis, and Services Healthy at "2026-09-28T15:04:36.8276470+03:00"
2026-09-28 15:05:36.843 +03:00 [INF] ServiceManager Heartbeat: DB, Redis, and Services Healthy at "2026-09-28T15:05:36.8437359+03:00"
2026-09-28 15:06:36.857 +03:00 [INF] ServiceManager Heartbeat: DB, Redis, and Services Healthy at "2026-09-28T15:06:36.8573338+03:00"
2026-09-28 15:07:36.861 +03:00 [INF] ServiceManager Heartbeat: DB, Redis, and Services Healthy at "2026-09-28T15:07:36.8617088+03:00"
2026-09-28 15:08:36.873 +03:00 [INF] ServiceManager Heartbeat: DB, Redis, and Services Healthy at "2026-09-28T15:08:36.8733019+03:00"
2026-09-28 15:09:36.888 +03:00 [INF] ServiceManager Heartbeat: DB, Redis, and Services Healthy at "2026-09-28T15:09:36.8887115+03:00"
2026-09-28 15:10:36.904 +03:00 [INF] ServiceManager Heartbeat: DB, Redis, and Services Healthy at "2026-09-28T15:10:36.9047338+03:00"
2026-09-28 15:11:36.915 +03:00 [INF] ServiceManager Heartbeat: DB, Redis, and Services Healthy at "2026-09-28T15:11:36.9153071+03:00"
2026-09-28 15:12:36.917 +03:00 [INF] ServiceManager Heartbeat: DB, Redis, and Services Healthy at "2026-09-28T15:12:36.9177566+03:00"
2026-09-28 15:13:36.936 +03:00 [INF] ServiceManager Heartbeat: DB, Redis, and Services Healthy at "2026-09-28T15:13:36.9368814+03:00"
2026-09-28 15:14:36.942 +03:00 [INF] ServiceManager Heartbeat: DB, Redis, and Services Healthy at "2026-09-28T15:14:36.9427154+03:00"
2026-09-28 15:15:36.949 +03:00 [INF] ServiceManager Heartbeat: DB, Redis, and Services Healthy at "2026-09-28T15:15:36.9494392+03:00"
2026-09-28 15:16:36.953 +03:00 [INF] ServiceManager Heartbeat: DB, Redis, and Services Healthy at "2026-09-28T15:16:36.9537696+03:00"
