2026-09-14 00:02:02.727 +03:00 [INF] ServiceManager Heartbeat: DB, Redis, and Services Healthy at "2026-09-14T00:02:02.6401303+03:00"
2026-09-14 00:02:02.846 +03:00 [INF] Starting LabInstrumentListenerWorker TCP listener on Port 2575 (HL7)...
2026-09-14 00:02:02.859 +03:00 [INF] Application started. Press Ctrl+C to shut down.
2026-09-14 00:02:02.862 +03:00 [INF] Hosting environment: Development
2026-09-14 00:02:02.865 +03:00 [INF] Content root path: C:\Users\ASUS\source\repos\CMS\src\CMS.ServiceManager
2026-09-14 00:03:02.845 +03:00 [INF] ServiceManager Heartbeat: DB, Redis, and Services Healthy at "2026-09-14T00:03:02.8451823+03:00"
2026-09-14 00:04:02.864 +03:00 [INF] ServiceManager Heartbeat: DB, Redis, and Services Healthy at "2026-09-14T00:04:02.8646277+03:00"
2026-09-14 00:04:46.153 +03:00 [INF] Application is shutting down...
2026-09-14 00:04:46.162 +03:00 [ERR] LabInstrumentListenerWorker error
System.Threading.Tasks.TaskCanceledException: A task was canceled.
   at CMS.ServiceManager.Workers.LabInstrumentListenerWorker.ExecuteAsync(CancellationToken stoppingToken) in C:\Users\ASUS\source\repos\CMS\src\CMS.ServiceManager\Workers\Workers.cs:line 81
2026-09-14 00:09:49.918 +03:00 [INF] ServiceManager Heartbeat: DB, Redis, and Services Healthy at "2026-09-14T00:09:49.8721946+03:00"
2026-09-14 00:09:50.023 +03:00 [INF] Starting LabInstrumentListenerWorker TCP listener on Port 2575 (HL7)...
2026-09-14 00:09:50.040 +03:00 [INF] Application started. Press Ctrl+C to shut down.
2026-09-14 00:09:50.042 +03:00 [INF] Hosting environment: Development
2026-09-14 00:09:50.046 +03:00 [INF] Content root path: C:\Users\ASUS\source\repos\CMS\src\CMS.ServiceManager
2026-09-14 00:10:50.017 +03:00 [INF] ServiceManager Heartbeat: DB, Redis, and Services Healthy at "2026-09-14T00:10:50.0172080+03:00"
2026-09-14 00:11:50.028 +03:00 [INF] ServiceManager Heartbeat: DB, Redis, and Services Healthy at "2026-09-14T00:11:50.0287721+03:00"
2026-09-14 00:12:50.046 +03:00 [INF] ServiceManager Heartbeat: DB, Redis, and Services Healthy at "2026-09-14T00:12:50.0458724+03:00"
2026-09-14 09:45:14.101 +03:00 [INF] ServiceManager Heartbeat: DB, Redis, and Services Healthy at "2026-09-14T09:45:14.1014345+03:00"
2026-09-14 09:46:14.120 +03:00 [INF] ServiceManager Heartbeat: DB, Redis, and Services Healthy at "2026-09-14T09:46:14.1201973+03:00"
2026-09-14 09:47:14.145 +03:00 [INF] ServiceManager Heartbeat: DB, Redis, and Services Healthy at "2026-09-14T09:47:14.1450979+03:00"
2026-09-14 09:48:14.162 +03:00 [INF] ServiceManager Heartbeat: DB, Redis, and Services Healthy at "2026-09-14T09:48:14.1625890+03:00"
2026-09-14 09:51:32.796 +03:00 [INF] ServiceManager Heartbeat: DB, Redis, and Services Healthy at "2026-09-14T09:51:32.7962730+03:00"
2026-09-14 09:52:32.799 +03:00 [INF] ServiceManager Heartbeat: DB, Redis, and Services Healthy at "2026-09-14T09:52:32.7999184+03:00"
2026-09-14 09:53:32.803 +03:00 [INF] ServiceManager Heartbeat: DB, Redis, and Services Healthy at "2026-09-14T09:53:32.8033351+03:00"
2026-09-14 09:54:32.827 +03:00 [INF] ServiceManager Heartbeat: DB, Redis, and Services Healthy at "2026-09-14T09:54:32.8268111+03:00"
2026-09-14 09:55:32.857 +03:00 [INF] ServiceManager Heartbeat: DB, Redis, and Services Healthy at "2026-09-14T09:55:32.8569808+03:00"
2026-09-14 09:56:32.863 +03:00 [INF] ServiceManager Heartbeat: DB, Redis, and Services Healthy at "2026-09-14T09:56:32.8637461+03:00"
2026-09-14 09:57:32.976 +03:00 [INF] ServiceManager Heartbeat: DB, Redis, and Services Healthy at "2026-09-14T09:57:32.9759976+03:00"
2026-09-14 09:58:33.028 +03:00 [INF] ServiceManager Heartbeat: DB, Redis, and Services Healthy at "2026-09-14T09:58:33.0277106+03:00"
2026-09-14 09:59:33.241 +03:00 [INF] ServiceManager Heartbeat: DB, Redis, and Services Healthy at "2026-09-14T09:59:33.2412241+03:00"
2026-09-14 10:00:33.353 +03:00 [INF] ServiceManager Heartbeat: DB, Redis, and Services Healthy at "2026-09-14T10:00:33.3532303+03:00"
2026-09-14 10:01:33.583 +03:00 [INF] ServiceManager Heartbeat: DB, Redis, and Services Healthy at "2026-09-14T10:01:33.5834357+03:00"
2026-09-14 10:02:33.755 +03:00 [INF] ServiceManager Heartbeat: DB, Redis, and Services Healthy at "2026-09-14T10:02:33.7549748+03:00"
2026-09-14 10:03:33.763 +03:00 [INF] ServiceManager Heartbeat: DB, Redis, and Services Healthy at "2026-09-14T10:03:33.7632916+03:00"
2026-09-14 10:04:33.781 +03:00 [INF] ServiceManager Heartbeat: DB, Redis, and Services Healthy at "2026-09-14T10:04:33.7811846+03:00"
2026-09-14 10:05:33.789 +03:00 [INF] ServiceManager Heartbeat: DB, Redis, and Services Healthy at "2026-09-14T10:05:33.7896777+03:00"
2026-09-14 10:06:33.808 +03:00 [INF] ServiceManager Heartbeat: DB, Redis, and Services Healthy at "2026-09-14T10:06:33.8081096+03:00"
2026-09-14 10:07:33.819 +03:00 [INF] ServiceManager Heartbeat: DB, Redis, and Services Healthy at "2026-09-14T10:07:33.8196267+03:00"
2026-09-14 10:08:33.832 +03:00 [INF] ServiceManager Heartbeat: DB, Redis, and Services Healthy at "2026-09-14T10:08:33.8320303+03:00"
2026-09-14 10:09:33.848 +03:00 [INF] ServiceManager Heartbeat: DB, Redis, and Services Healthy at "2026-09-14T10:09:33.8483386+03:00"
2026-09-14 10:10:33.856 +03:00 [INF] ServiceManager Heartbeat: DB, Redis, and Services Healthy at "2026-09-14T10:10:33.8559374+03:00"
2026-09-14 10:11:33.893 +03:00 [INF] ServiceManager Heartbeat: DB, Redis, and Services Healthy at "2026-09-14T10:11:33.8931209+03:00"
2026-09-14 10:12:33.939 +03:00 [INF] ServiceManager Heartbeat: DB, Redis, and Services Healthy at "2026-09-14T10:12:33.9398426+03:00"
2026-09-14 10:13:33.949 +03:00 [INF] ServiceManager Heartbeat: DB, Redis, and Services Healthy at "2026-09-14T10:13:33.9494803+03:00"
2026-09-14 10:14:33.957 +03:00 [INF] ServiceManager Heartbeat: DB, Redis, and Services Healthy at "2026-09-14T10:14:33.9569467+03:00"
2026-09-14 10:15:33.976 +03:00 [INF] ServiceManager Heartbeat: DB, Redis, and Services Healthy at "2026-09-14T10:15:33.9762757+03:00"
2026-09-14 10:16:33.987 +03:00 [INF] ServiceManager Heartbeat: DB, Redis, and Services Healthy at "2026-09-14T10:16:33.9875867+03:00"
2026-09-14 10:17:34.037 +03:00 [INF] ServiceManager Heartbeat: DB, Redis, and Services Healthy at "2026-09-14T10:17:34.0372933+03:00"
2026-09-14 10:18:34.302 +03:00 [INF] ServiceManager Heartbeat: DB, Redis, and Services Healthy at "2026-09-14T10:18:34.3024855+03:00"
2026-09-14 10:19:34.317 +03:00 [INF] ServiceManager Heartbeat: DB, Redis, and Services Healthy at "2026-09-14T10:19:34.3172245+03:00"
2026-09-14 10:20:34.325 +03:00 [INF] ServiceManager Heartbeat: DB, Redis, and Services Healthy at "2026-09-14T10:20:34.3253380+03:00"
2026-09-14 10:21:34.347 +03:00 [INF] ServiceManager Heartbeat: DB, Redis, and Services Healthy at "2026-09-14T10:21:34.3469020+03:00"
2026-09-14 10:22:34.746 +03:00 [INF] ServiceManager Heartbeat: DB, Redis, and Services Healthy at "2026-09-14T10:22:34.7460345+03:00"
2026-09-14 10:23:35.910 +03:00 [INF] ServiceManager Heartbeat: DB, Redis, and Services Healthy at "2026-09-14T10:23:35.9102234+03:00"
2026-09-14 10:24:36.290 +03:00 [INF] ServiceManager Heartbeat: DB, Redis, and Services Healthy at "2026-09-14T10:24:36.2903609+03:00"
2026-09-14 10:25:36.304 +03:00 [INF] ServiceManager Heartbeat: DB, Redis, and Services Healthy at "2026-09-14T10:25:36.3047731+03:00"
2026-09-14 10:26:36.316 +03:00 [INF] ServiceManager Heartbeat: DB, Redis, and Services Healthy at "2026-09-14T10:26:36.3165270+03:00"
2026-09-14 10:27:36.338 +03:00 [INF] ServiceManager Heartbeat: DB, Redis, and Services Healthy at "2026-09-14T10:27:36.3382068+03:00"
2026-09-14 10:28:36.356 +03:00 [INF] ServiceManager Heartbeat: DB, Redis, and Services Healthy at "2026-09-14T10:28:36.3568871+03:00"
2026-09-14 10:29:36.416 +03:00 [INF] ServiceManager Heartbeat: DB, Redis, and Services Healthy at "2026-09-14T10:29:36.4163747+03:00"
2026-09-14 10:30:36.456 +03:00 [INF] ServiceManager Heartbeat: DB, Redis, and Services Healthy at "2026-09-14T10:30:36.4563800+03:00"
2026-09-14 10:31:36.477 +03:00 [INF] ServiceManager Heartbeat: DB, Redis, and Services Healthy at "2026-09-14T10:31:36.4771727+03:00"
2026-09-14 10:32:36.486 +03:00 [INF] ServiceManager Heartbeat: DB, Redis, and Services Healthy at "2026-09-14T10:32:36.4860852+03:00"
2026-09-14 10:33:36.527 +03:00 [INF] ServiceManager Heartbeat: DB, Redis, and Services Healthy at "2026-09-14T10:33:36.5272736+03:00"
2026-09-14 10:34:36.722 +03:00 [INF] ServiceManager Heartbeat: DB, Redis, and Services Healthy at "2026-09-14T10:34:36.7223689+03:00"
2026-09-14 10:35:36.742 +03:00 [INF] ServiceManager Heartbeat: DB, Redis, and Services Healthy at "2026-09-14T10:35:36.7420119+03:00"
2026-09-14 10:36:36.753 +03:00 [INF] ServiceManager Heartbeat: DB, Redis, and Services Healthy at "2026-09-14T10:36:36.7532970+03:00"
2026-09-14 10:37:36.779 +03:00 [INF] ServiceManager Heartbeat: DB, Redis, and Services Healthy at "2026-09-14T10:37:36.7796710+03:00"
2026-09-14 10:38:36.874 +03:00 [INF] ServiceManager Heartbeat: DB, Redis, and Services Healthy at "2026-09-14T10:38:36.8748947+03:00"
2026-09-14 10:39:36.927 +03:00 [INF] ServiceManager Heartbeat: DB, Redis, and Services Healthy at "2026-09-14T10:39:36.9270771+03:00"
2026-09-14 10:40:37.021 +03:00 [INF] ServiceManager Heartbeat: DB, Redis, and Services Healthy at "2026-09-14T10:40:37.0217813+03:00"
2026-09-14 10:41:37.585 +03:00 [INF] ServiceManager Heartbeat: DB, Redis, and Services Healthy at "2026-09-14T10:41:37.5849935+03:00"
2026-09-14 10:42:37.984 +03:00 [INF] ServiceManager Heartbeat: DB, Redis, and Services Healthy at "2026-09-14T10:42:37.9844540+03:00"
2026-09-14 10:43:37.990 +03:00 [INF] ServiceManager Heartbeat: DB, Redis, and Services Healthy at "2026-09-14T10:43:37.9896041+03:00"
2026-09-14 10:44:38.033 +03:00 [INF] ServiceManager Heartbeat: DB, Redis, and Services Healthy at "2026-09-14T10:44:38.0334812+03:00"
2026-09-14 10:45:38.939 +03:00 [INF] ServiceManager Heartbeat: DB, Redis, and Services Healthy at "2026-09-14T10:45:38.9399467+03:00"
2026-09-14 10:46:38.999 +03:00 [INF] ServiceManager Heartbeat: DB, Redis, and Services Healthy at "2026-09-14T10:46:38.9989653+03:00"
2026-09-14 10:47:39.177 +03:00 [INF] ServiceManager Heartbeat: DB, Redis, and Services Healthy at "2026-09-14T10:47:39.1772774+03:00"
2026-09-14 10:48:39.520 +03:00 [INF] ServiceManager Heartbeat: DB, Redis, and Services Healthy at "2026-09-14T10:48:39.5209046+03:00"
2026-09-14 10:49:39.548 +03:00 [INF] ServiceManager Heartbeat: DB, Redis, and Services Healthy at "2026-09-14T10:49:39.5483427+03:00"
2026-09-14 10:50:39.629 +03:00 [INF] ServiceManager Heartbeat: DB, Redis, and Services Healthy at "2026-09-14T10:50:39.6297725+03:00"
2026-09-14 10:51:39.641 +03:00 [INF] ServiceManager Heartbeat: DB, Redis, and Services Healthy at "2026-09-14T10:51:39.6417682+03:00"
2026-09-14 10:52:39.664 +03:00 [INF] ServiceManager Heartbeat: DB, Redis, and Services Healthy at "2026-09-14T10:52:39.6646035+03:00"
2026-09-14 10:53:39.956 +03:00 [INF] ServiceManager Heartbeat: DB, Redis, and Services Healthy at "2026-09-14T10:53:39.9561841+03:00"
2026-09-14 10:54:40.069 +03:00 [INF] ServiceManager Heartbeat: DB, Redis, and Services Healthy at "2026-09-14T10:54:40.0694309+03:00"
2026-09-14 10:55:41.101 +03:00 [INF] ServiceManager Heartbeat: DB, Redis, and Services Healthy at "2026-09-14T10:55:41.1010637+03:00"
2026-09-14 10:56:41.139 +03:00 [INF] ServiceManager Heartbeat: DB, Redis, and Services Healthy at "2026-09-14T10:56:41.1394089+03:00"
2026-09-14 10:57:41.156 +03:00 [INF] ServiceManager Heartbeat: DB, Redis, and Services Healthy at "2026-09-14T10:57:41.1566307+03:00"
2026-09-14 10:58:41.314 +03:00 [INF] ServiceManager Heartbeat: DB, Redis, and Services Healthy at "2026-09-14T10:58:41.3145868+03:00"
2026-09-14 10:59:41.335 +03:00 [INF] ServiceManager Heartbeat: DB, Redis, and Services Healthy at "2026-09-14T10:59:41.3354766+03:00"
2026-09-14 11:00:41.346 +03:00 [INF] ServiceManager Heartbeat: DB, Redis, and Services Healthy at "2026-09-14T11:00:41.3467098+03:00"
2026-09-14 11:01:41.362 +03:00 [INF] ServiceManager Heartbeat: DB, Redis, and Services Healthy at "2026-09-14T11:01:41.3624837+03:00"
2026-09-14 11:02:41.367 +03:00 [INF] ServiceManager Heartbeat: DB, Redis, and Services Healthy at "2026-09-14T11:02:41.3676473+03:00"
2026-09-14 11:03:41.376 +03:00 [INF] ServiceManager Heartbeat: DB, Redis, and Services Healthy at "2026-09-14T11:03:41.3767456+03:00"
2026-09-14 11:04:41.442 +03:00 [INF] ServiceManager Heartbeat: DB, Redis, and Services Healthy at "2026-09-14T11:04:41.4425890+03:00"
2026-09-14 11:05:41.729 +03:00 [INF] ServiceManager Heartbeat: DB, Redis, and Services Healthy at "2026-09-14T11:05:41.7293845+03:00"
2026-09-14 11:06:41.749 +03:00 [INF] ServiceManager Heartbeat: DB, Redis, and Services Healthy at "2026-09-14T11:06:41.7484592+03:00"
2026-09-14 11:07:41.819 +03:00 [INF] ServiceManager Heartbeat: DB, Redis, and Services Healthy at "2026-09-14T11:07:41.8190876+03:00"
2026-09-14 11:08:41.834 +03:00 [INF] ServiceManager Heartbeat: DB, Redis, and Services Healthy at "2026-09-14T11:08:41.8342244+03:00"
2026-09-14 11:09:41.844 +03:00 [INF] ServiceManager Heartbeat: DB, Redis, and Services Healthy at "2026-09-14T11:09:41.8446087+03:00"
2026-09-14 11:10:41.940 +03:00 [INF] ServiceManager Heartbeat: DB, Redis, and Services Healthy at "2026-09-14T11:10:41.9404769+03:00"
2026-09-14 11:11:42.455 +03:00 [INF] ServiceManager Heartbeat: DB, Redis, and Services Healthy at "2026-09-14T11:11:42.4556784+03:00"
2026-09-14 11:12:42.480 +03:00 [INF] ServiceManager Heartbeat: DB, Redis, and Services Healthy at "2026-09-14T11:12:42.4803783+03:00"
2026-09-14 11:13:42.507 +03:00 [INF] ServiceManager Heartbeat: DB, Redis, and Services Healthy at "2026-09-14T11:13:42.5071755+03:00"
2026-09-14 11:14:42.522 +03:00 [INF] ServiceManager Heartbeat: DB, Redis, and Services Healthy at "2026-09-14T11:14:42.5221210+03:00"
2026-09-14 11:15:42.577 +03:00 [INF] ServiceManager Heartbeat: DB, Redis, and Services Healthy at "2026-09-14T11:15:42.5778880+03:00"
2026-09-14 11:16:42.740 +03:00 [INF] ServiceManager Heartbeat: DB, Redis, and Services Healthy at "2026-09-14T11:16:42.7400180+03:00"
2026-09-14 11:17:42.755 +03:00 [INF] ServiceManager Heartbeat: DB, Redis, and Services Healthy at "2026-09-14T11:17:42.7549256+03:00"
2026-09-14 11:18:42.774 +03:00 [INF] ServiceManager Heartbeat: DB, Redis, and Services Healthy at "2026-09-14T11:18:42.7746168+03:00"
2026-09-14 11:19:42.787 +03:00 [INF] ServiceManager Heartbeat: DB, Redis, and Services Healthy at "2026-09-14T11:19:42.7877437+03:00"
2026-09-14 11:20:42.807 +03:00 [INF] ServiceManager Heartbeat: DB, Redis, and Services Healthy at "2026-09-14T11:20:42.8071439+03:00"
2026-09-14 11:21:42.847 +03:00 [INF] ServiceManager Heartbeat: DB, Redis, and Services Healthy at "2026-09-14T11:21:42.8472494+03:00"
2026-09-14 11:22:43.065 +03:00 [INF] ServiceManager Heartbeat: DB, Redis, and Services Healthy at "2026-09-14T11:22:43.0658829+03:00"
2026-09-14 11:23:43.103 +03:00 [INF] ServiceManager Heartbeat: DB, Redis, and Services Healthy at "2026-09-14T11:23:43.1031091+03:00"
2026-09-14 14:25:08.708 +03:00 [INF] ServiceManager Heartbeat: DB, Redis, and Services Healthy at "2026-09-14T14:25:08.7082805+03:00"
2026-09-14 14:26:08.713 +03:00 [INF] ServiceManager Heartbeat: DB, Redis, and Services Healthy at "2026-09-14T14:26:08.7139411+03:00"
2026-09-14 14:27:08.716 +03:00 [INF] ServiceManager Heartbeat: DB, Redis, and Services Healthy at "2026-09-14T14:27:08.7166050+03:00"
2026-09-14 14:28:08.732 +03:00 [INF] ServiceManager Heartbeat: DB, Redis, and Services Healthy at "2026-09-14T14:28:08.7320789+03:00"
2026-09-14 14:29:08.748 +03:00 [INF] ServiceManager Heartbeat: DB, Redis, and Services Healthy at "2026-09-14T14:29:08.7489614+03:00"
2026-09-14 14:30:08.751 +03:00 [INF] ServiceManager Heartbeat: DB, Redis, and Services Healthy at "2026-09-14T14:30:08.7517905+03:00"
2026-09-14 14:31:08.758 +03:00 [INF] ServiceManager Heartbeat: DB, Redis, and Services Healthy at "2026-09-14T14:31:08.7585228+03:00"
2026-09-14 14:32:08.773 +03:00 [INF] ServiceManager Heartbeat: DB, Redis, and Services Healthy at "2026-09-14T14:32:08.7736665+03:00"
2026-09-14 14:33:08.778 +03:00 [INF] ServiceManager Heartbeat: DB, Redis, and Services Healthy at "2026-09-14T14:33:08.7786866+03:00"
2026-09-14 14:34:08.786 +03:00 [INF] ServiceManager Heartbeat: DB, Redis, and Services Healthy at "2026-09-14T14:34:08.7865735+03:00"
2026-09-14 14:35:08.790 +03:00 [INF] ServiceManager Heartbeat: DB, Redis, and Services Healthy at "2026-09-14T14:35:08.7900450+03:00"
2026-09-14 14:36:08.800 +03:00 [INF] ServiceManager Heartbeat: DB, Redis, and Services Healthy at "2026-09-14T14:36:08.8008384+03:00"
2026-09-14 14:37:08.807 +03:00 [INF] ServiceManager Heartbeat: DB, Redis, and Services Healthy at "2026-09-14T14:37:08.8074477+03:00"
2026-09-14 14:38:08.815 +03:00 [INF] ServiceManager Heartbeat: DB, Redis, and Services Healthy at "2026-09-14T14:38:08.8157656+03:00"
2026-09-14 14:39:08.872 +03:00 [INF] ServiceManager Heartbeat: DB, Redis, and Services Healthy at "2026-09-14T14:39:08.8720201+03:00"
2026-09-14 14:40:08.886 +03:00 [INF] ServiceManager Heartbeat: DB, Redis, and Services Healthy at "2026-09-14T14:40:08.8867243+03:00"
2026-09-14 14:41:08.892 +03:00 [INF] ServiceManager Heartbeat: DB, Redis, and Services Healthy at "2026-09-14T14:41:08.8928430+03:00"
2026-09-14 14:42:08.904 +03:00 [INF] ServiceManager Heartbeat: DB, Redis, and Services Healthy at "2026-09-14T14:42:08.9045991+03:00"
2026-09-14 14:43:08.911 +03:00 [INF] ServiceManager Heartbeat: DB, Redis, and Services Healthy at "2026-09-14T14:43:08.9118631+03:00"
2026-09-14 14:44:08.929 +03:00 [INF] ServiceManager Heartbeat: DB, Redis, and Services Healthy at "2026-09-14T14:44:08.9298593+03:00"
2026-09-14 14:45:08.937 +03:00 [INF] ServiceManager Heartbeat: DB, Redis, and Services Healthy at "2026-09-14T14:45:08.9371419+03:00"
2026-09-14 14:46:08.953 +03:00 [INF] ServiceManager Heartbeat: DB, Redis, and Services Healthy at "2026-09-14T14:46:08.9532600+03:00"
2026-09-14 14:47:08.964 +03:00 [INF] ServiceManager Heartbeat: DB, Redis, and Services Healthy at "2026-09-14T14:47:08.9645352+03:00"
2026-09-14 14:48:08.977 +03:00 [INF] ServiceManager Heartbeat: DB, Redis, and Services Healthy at "2026-09-14T14:48:08.9771154+03:00"
2026-09-14 14:49:08.989 +03:00 [INF] ServiceManager Heartbeat: DB, Redis, and Services Healthy at "2026-09-14T14:49:08.9895923+03:00"
2026-09-14 14:50:08.995 +03:00 [INF] ServiceManager Heartbeat: DB, Redis, and Services Healthy at "2026-09-14T14:50:08.9958603+03:00"
2026-09-14 14:51:09.011 +03:00 [INF] ServiceManager Heartbeat: DB, Redis, and Services Healthy at "2026-09-14T14:51:09.0113667+03:00"
2026-09-14 14:52:09.022 +03:00 [INF] ServiceManager Heartbeat: DB, Redis, and Services Healthy at "2026-09-14T14:52:09.0221222+03:00"
2026-09-14 14:53:09.041 +03:00 [INF] ServiceManager Heartbeat: DB, Redis, and Services Healthy at "2026-09-14T14:53:09.0416010+03:00"
2026-09-14 14:54:09.055 +03:00 [INF] ServiceManager Heartbeat: DB, Redis, and Services Healthy at "2026-09-14T14:54:09.0551078+03:00"
2026-09-14 14:55:09.065 +03:00 [INF] ServiceManager Heartbeat: DB, Redis, and Services Healthy at "2026-09-14T14:55:09.0656211+03:00"
2026-09-14 14:56:09.075 +03:00 [INF] ServiceManager Heartbeat: DB, Redis, and Services Healthy at "2026-09-14T14:56:09.0751148+03:00"
2026-09-14 14:57:09.083 +03:00 [INF] ServiceManager Heartbeat: DB, Redis, and Services Healthy at "2026-09-14T14:57:09.0834547+03:00"
2026-09-14 14:58:09.100 +03:00 [INF] ServiceManager Heartbeat: DB, Redis, and Services Healthy at "2026-09-14T14:58:09.1005645+03:00"
2026-09-14 14:59:09.104 +03:00 [INF] ServiceManager Heartbeat: DB, Redis, and Services Healthy at "2026-09-14T14:59:09.1045364+03:00"
2026-09-14 15:00:09.110 +03:00 [INF] ServiceManager Heartbeat: DB, Redis, and Services Healthy at "2026-09-14T15:00:09.1100014+03:00"
2026-09-14 15:01:09.123 +03:00 [INF] ServiceManager Heartbeat: DB, Redis, and Services Healthy at "2026-09-14T15:01:09.1233456+03:00"
2026-09-14 15:02:09.126 +03:00 [INF] ServiceManager Heartbeat: DB, Redis, and Services Healthy at "2026-09-14T15:02:09.1259863+03:00"
2026-09-14 15:03:09.130 +03:00 [INF] ServiceManager Heartbeat: DB, Redis, and Services Healthy at "2026-09-14T15:03:09.1306235+03:00"
2026-09-14 15:04:09.138 +03:00 [INF] ServiceManager Heartbeat: DB, Redis, and Services Healthy at "2026-09-14T15:04:09.1382018+03:00"
2026-09-14 15:05:09.150 +03:00 [INF] ServiceManager Heartbeat: DB, Redis, and Services Healthy at "2026-09-14T15:05:09.1506650+03:00"
2026-09-14 15:06:09.230 +03:00 [INF] ServiceManager Heartbeat: DB, Redis, and Services Healthy at "2026-09-14T15:06:09.2304811+03:00"
2026-09-14 15:07:09.240 +03:00 [INF] ServiceManager Heartbeat: DB, Redis, and Services Healthy at "2026-09-14T15:07:09.2404043+03:00"
2026-09-14 15:08:09.248 +03:00 [INF] ServiceManager Heartbeat: DB, Redis, and Services Healthy at "2026-09-14T15:08:09.2481501+03:00"
2026-09-14 15:09:09.258 +03:00 [INF] ServiceManager Heartbeat: DB, Redis, and Services Healthy at "2026-09-14T15:09:09.2584435+03:00"
2026-09-14 15:10:09.309 +03:00 [INF] ServiceManager Heartbeat: DB, Redis, and Services Healthy at "2026-09-14T15:10:09.3092960+03:00"
2026-09-14 15:11:09.327 +03:00 [INF] ServiceManager Heartbeat: DB, Redis, and Services Healthy at "2026-09-14T15:11:09.3273331+03:00"
2026-09-14 15:12:09.337 +03:00 [INF] ServiceManager Heartbeat: DB, Redis, and Services Healthy at "2026-09-14T15:12:09.3370496+03:00"
2026-09-14 15:13:09.348 +03:00 [INF] ServiceManager Heartbeat: DB, Redis, and Services Healthy at "2026-09-14T15:13:09.3488245+03:00"
2026-09-14 15:14:09.354 +03:00 [INF] ServiceManager Heartbeat: DB, Redis, and Services Healthy at "2026-09-14T15:14:09.3541550+03:00"
2026-09-14 15:15:09.356 +03:00 [INF] ServiceManager Heartbeat: DB, Redis, and Services Healthy at "2026-09-14T15:15:09.3566921+03:00"
2026-09-14 15:16:09.359 +03:00 [INF] ServiceManager Heartbeat: DB, Redis, and Services Healthy at "2026-09-14T15:16:09.3599818+03:00"
2026-09-14 15:17:09.368 +03:00 [INF] ServiceManager Heartbeat: DB, Redis, and Services Healthy at "2026-09-14T15:17:09.3686208+03:00"
2026-09-14 15:18:09.379 +03:00 [INF] ServiceManager Heartbeat: DB, Redis, and Services Healthy at "2026-09-14T15:18:09.3799077+03:00"
2026-09-14 15:19:09.391 +03:00 [INF] ServiceManager Heartbeat: DB, Redis, and Services Healthy at "2026-09-14T15:19:09.3912978+03:00"
2026-09-14 15:20:09.394 +03:00 [INF] ServiceManager Heartbeat: DB, Redis, and Services Healthy at "2026-09-14T15:20:09.3942947+03:00"
2026-09-14 15:21:09.409 +03:00 [INF] ServiceManager Heartbeat: DB, Redis, and Services Healthy at "2026-09-14T15:21:09.4091501+03:00"
2026-09-14 15:22:09.415 +03:00 [INF] ServiceManager Heartbeat: DB, Redis, and Services Healthy at "2026-09-14T15:22:09.4151713+03:00"
2026-09-14 15:23:09.422 +03:00 [INF] ServiceManager Heartbeat: DB, Redis, and Services Healthy at "2026-09-14T15:23:09.4228297+03:00"
2026-09-14 15:24:09.430 +03:00 [INF] ServiceManager Heartbeat: DB, Redis, and Services Healthy at "2026-09-14T15:24:09.4301381+03:00"
2026-09-14 15:25:09.445 +03:00 [INF] ServiceManager Heartbeat: DB, Redis, and Services Healthy at "2026-09-14T15:25:09.4452713+03:00"
2026-09-14 15:26:09.453 +03:00 [INF] ServiceManager Heartbeat: DB, Redis, and Services Healthy at "2026-09-14T15:26:09.4532394+03:00"
2026-09-14 15:27:09.462 +03:00 [INF] ServiceManager Heartbeat: DB, Redis, and Services Healthy at "2026-09-14T15:27:09.4626576+03:00"
2026-09-14 15:28:09.465 +03:00 [INF] ServiceManager Heartbeat: DB, Redis, and Services Healthy at "2026-09-14T15:28:09.4658979+03:00"
2026-09-14 15:29:09.483 +03:00 [INF] ServiceManager Heartbeat: DB, Redis, and Services Healthy at "2026-09-14T15:29:09.4834966+03:00"
2026-09-14 15:30:09.497 +03:00 [INF] ServiceManager Heartbeat: DB, Redis, and Services Healthy at "2026-09-14T15:30:09.4970558+03:00"
2026-09-14 15:31:09.501 +03:00 [INF] ServiceManager Heartbeat: DB, Redis, and Services Healthy at "2026-09-14T15:31:09.5010533+03:00"
2026-09-14 15:32:09.514 +03:00 [INF] ServiceManager Heartbeat: DB, Redis, and Services Healthy at "2026-09-14T15:32:09.5146899+03:00"
2026-09-14 15:33:09.519 +03:00 [INF] ServiceManager Heartbeat: DB, Redis, and Services Healthy at "2026-09-14T15:33:09.5192755+03:00"
2026-09-14 15:34:09.521 +03:00 [INF] ServiceManager Heartbeat: DB, Redis, and Services Healthy at "2026-09-14T15:34:09.5219315+03:00"
2026-09-14 15:35:09.534 +03:00 [INF] ServiceManager Heartbeat: DB, Redis, and Services Healthy at "2026-09-14T15:35:09.5340372+03:00"
2026-09-14 15:36:09.548 +03:00 [INF] ServiceManager Heartbeat: DB, Redis, and Services Healthy at "2026-09-14T15:36:09.5486256+03:00"
2026-09-14 15:37:09.560 +03:00 [INF] ServiceManager Heartbeat: DB, Redis, and Services Healthy at "2026-09-14T15:37:09.5601086+03:00"
2026-09-14 15:38:09.565 +03:00 [INF] ServiceManager Heartbeat: DB, Redis, and Services Healthy at "2026-09-14T15:38:09.5654797+03:00"
2026-09-14 15:39:09.578 +03:00 [INF] ServiceManager Heartbeat: DB, Redis, and Services Healthy at "2026-09-14T15:39:09.5783918+03:00"
2026-09-14 15:40:09.585 +03:00 [INF] ServiceManager Heartbeat: DB, Redis, and Services Healthy at "2026-09-14T15:40:09.5855809+03:00"
2026-09-14 15:41:09.609 +03:00 [INF] ServiceManager Heartbeat: DB, Redis, and Services Healthy at "2026-09-14T15:41:09.6093972+03:00"
2026-09-14 15:42:09.620 +03:00 [INF] ServiceManager Heartbeat: DB, Redis, and Services Healthy at "2026-09-14T15:42:09.6203340+03:00"
2026-09-14 15:43:09.629 +03:00 [INF] ServiceManager Heartbeat: DB, Redis, and Services Healthy at "2026-09-14T15:43:09.6291144+03:00"
2026-09-14 15:44:09.638 +03:00 [INF] ServiceManager Heartbeat: DB, Redis, and Services Healthy at "2026-09-14T15:44:09.6382938+03:00"
2026-09-14 15:45:09.646 +03:00 [INF] ServiceManager Heartbeat: DB, Redis, and Services Healthy at "2026-09-14T15:45:09.6460655+03:00"
2026-09-14 15:46:09.654 +03:00 [INF] ServiceManager Heartbeat: DB, Redis, and Services Healthy at "2026-09-14T15:46:09.6547035+03:00"
2026-09-14 15:47:09.665 +03:00 [INF] ServiceManager Heartbeat: DB, Redis, and Services Healthy at "2026-09-14T15:47:09.6651391+03:00"
2026-09-14 15:48:09.682 +03:00 [INF] ServiceManager Heartbeat: DB, Redis, and Services Healthy at "2026-09-14T15:48:09.6820362+03:00"
2026-09-14 15:49:09.686 +03:00 [INF] ServiceManager Heartbeat: DB, Redis, and Services Healthy at "2026-09-14T15:49:09.6869241+03:00"
2026-09-14 15:50:09.694 +03:00 [INF] ServiceManager Heartbeat: DB, Redis, and Services Healthy at "2026-09-14T15:50:09.6943567+03:00"
2026-09-14 15:51:09.705 +03:00 [INF] ServiceManager Heartbeat: DB, Redis, and Services Healthy at "2026-09-14T15:51:09.7054630+03:00"
2026-09-14 15:52:09.713 +03:00 [INF] ServiceManager Heartbeat: DB, Redis, and Services Healthy at "2026-09-14T15:52:09.7130466+03:00"
2026-09-14 15:53:09.716 +03:00 [INF] ServiceManager Heartbeat: DB, Redis, and Services Healthy at "2026-09-14T15:53:09.7162051+03:00"
2026-09-14 15:54:09.724 +03:00 [INF] ServiceManager Heartbeat: DB, Redis, and Services Healthy at "2026-09-14T15:54:09.7249519+03:00"
2026-09-14 15:55:09.740 +03:00 [INF] ServiceManager Heartbeat: DB, Redis, and Services Healthy at "2026-09-14T15:55:09.7400322+03:00"
2026-09-14 15:56:09.752 +03:00 [INF] ServiceManager Heartbeat: DB, Redis, and Services Healthy at "2026-09-14T15:56:09.7519929+03:00"
2026-09-14 15:57:09.757 +03:00 [INF] ServiceManager Heartbeat: DB, Redis, and Services Healthy at "2026-09-14T15:57:09.7578505+03:00"
2026-09-14 15:58:09.764 +03:00 [INF] ServiceManager Heartbeat: DB, Redis, and Services Healthy at "2026-09-14T15:58:09.7648852+03:00"
2026-09-14 15:59:09.774 +03:00 [INF] ServiceManager Heartbeat: DB, Redis, and Services Healthy at "2026-09-14T15:59:09.7741153+03:00"
2026-09-14 16:00:09.777 +03:00 [INF] ServiceManager Heartbeat: DB, Redis, and Services Healthy at "2026-09-14T16:00:09.7779533+03:00"
2026-09-14 16:01:09.784 +03:00 [INF] ServiceManager Heartbeat: DB, Redis, and Services Healthy at "2026-09-14T16:01:09.7842743+03:00"
2026-09-14 16:02:09.797 +03:00 [INF] ServiceManager Heartbeat: DB, Redis, and Services Healthy at "2026-09-14T16:02:09.7977443+03:00"
2026-09-14 16:03:09.800 +03:00 [INF] ServiceManager Heartbeat: DB, Redis, and Services Healthy at "2026-09-14T16:03:09.8007169+03:00"
2026-09-14 16:04:09.817 +03:00 [INF] ServiceManager Heartbeat: DB, Redis, and Services Healthy at "2026-09-14T16:04:09.8176191+03:00"
2026-09-14 16:05:09.823 +03:00 [INF] ServiceManager Heartbeat: DB, Redis, and Services Healthy at "2026-09-14T16:05:09.8234505+03:00"
2026-09-14 16:06:09.834 +03:00 [INF] ServiceManager Heartbeat: DB, Redis, and Services Healthy at "2026-09-14T16:06:09.8346101+03:00"
2026-09-14 16:07:09.847 +03:00 [INF] ServiceManager Heartbeat: DB, Redis, and Services Healthy at "2026-09-14T16:07:09.8471169+03:00"
2026-09-14 16:08:09.854 +03:00 [INF] ServiceManager Heartbeat: DB, Redis, and Services Healthy at "2026-09-14T16:08:09.8549760+03:00"
2026-09-14 16:09:09.860 +03:00 [INF] ServiceManager Heartbeat: DB, Redis, and Services Healthy at "2026-09-14T16:09:09.8603750+03:00"
2026-09-14 16:10:09.868 +03:00 [INF] ServiceManager Heartbeat: DB, Redis, and Services Healthy at "2026-09-14T16:10:09.8680931+03:00"
2026-09-14 16:11:09.881 +03:00 [INF] ServiceManager Heartbeat: DB, Redis, and Services Healthy at "2026-09-14T16:11:09.8811590+03:00"
2026-09-14 16:12:09.888 +03:00 [INF] ServiceManager Heartbeat: DB, Redis, and Services Healthy at "2026-09-14T16:12:09.8881565+03:00"
2026-09-14 16:13:09.900 +03:00 [INF] ServiceManager Heartbeat: DB, Redis, and Services Healthy at "2026-09-14T16:13:09.9008952+03:00"
2026-09-14 16:14:09.908 +03:00 [INF] ServiceManager Heartbeat: DB, Redis, and Services Healthy at "2026-09-14T16:14:09.9081850+03:00"
2026-09-14 16:15:09.919 +03:00 [INF] ServiceManager Heartbeat: DB, Redis, and Services Healthy at "2026-09-14T16:15:09.9198988+03:00"
2026-09-14 18:03:55.217 +03:00 [INF] ServiceManager Heartbeat: DB, Redis, and Services Healthy at "2026-09-14T18:03:55.2175507+03:00"
2026-09-14 18:04:56.605 +03:00 [INF] ServiceManager Heartbeat: DB, Redis, and Services Healthy at "2026-09-14T18:04:56.6058707+03:00"
2026-09-14 18:05:56.622 +03:00 [INF] ServiceManager Heartbeat: DB, Redis, and Services Healthy at "2026-09-14T18:05:56.6223501+03:00"
2026-09-14 18:06:56.633 +03:00 [INF] ServiceManager Heartbeat: DB, Redis, and Services Healthy at "2026-09-14T18:06:56.6332236+03:00"
2026-09-14 18:07:56.654 +03:00 [INF] ServiceManager Heartbeat: DB, Redis, and Services Healthy at "2026-09-14T18:07:56.6544042+03:00"
2026-09-14 18:08:56.692 +03:00 [INF] ServiceManager Heartbeat: DB, Redis, and Services Healthy at "2026-09-14T18:08:56.6924673+03:00"
2026-09-14 18:09:57.740 +03:00 [INF] ServiceManager Heartbeat: DB, Redis, and Services Healthy at "2026-09-14T18:09:57.7399865+03:00"
2026-09-14 18:10:59.226 +03:00 [INF] ServiceManager Heartbeat: DB, Redis, and Services Healthy at "2026-09-14T18:10:59.2265253+03:00"
2026-09-14 18:11:59.384 +03:00 [INF] ServiceManager Heartbeat: DB, Redis, and Services Healthy at "2026-09-14T18:11:59.3841536+03:00"
2026-09-14 18:12:59.389 +03:00 [INF] ServiceManager Heartbeat: DB, Redis, and Services Healthy at "2026-09-14T18:12:59.3892017+03:00"
2026-09-14 18:13:59.538 +03:00 [INF] ServiceManager Heartbeat: DB, Redis, and Services Healthy at "2026-09-14T18:13:59.5389212+03:00"
2026-09-14 18:14:59.558 +03:00 [INF] ServiceManager Heartbeat: DB, Redis, and Services Healthy at "2026-09-14T18:14:59.5589119+03:00"
2026-09-14 18:15:59.566 +03:00 [INF] ServiceManager Heartbeat: DB, Redis, and Services Healthy at "2026-09-14T18:15:59.5660506+03:00"
2026-09-14 18:16:59.593 +03:00 [INF] ServiceManager Heartbeat: DB, Redis, and Services Healthy at "2026-09-14T18:16:59.5936750+03:00"
2026-09-14 18:18:00.520 +03:00 [INF] ServiceManager Heartbeat: DB, Redis, and Services Healthy at "2026-09-14T18:18:00.5206690+03:00"
2026-09-14 18:19:00.586 +03:00 [INF] ServiceManager Heartbeat: DB, Redis, and Services Healthy at "2026-09-14T18:19:00.5866766+03:00"
2026-09-14 18:20:02.018 +03:00 [INF] ServiceManager Heartbeat: DB, Redis, and Services Healthy at "2026-09-14T18:20:02.0181765+03:00"
2026-09-14 18:21:02.029 +03:00 [INF] ServiceManager Heartbeat: DB, Redis, and Services Healthy at "2026-09-14T18:21:02.0290166+03:00"
2026-09-14 18:22:02.047 +03:00 [INF] ServiceManager Heartbeat: DB, Redis, and Services Healthy at "2026-09-14T18:22:02.0474830+03:00"
2026-09-14 18:23:02.059 +03:00 [INF] ServiceManager Heartbeat: DB, Redis, and Services Healthy at "2026-09-14T18:23:02.0590815+03:00"
2026-09-14 18:24:02.069 +03:00 [INF] ServiceManager Heartbeat: DB, Redis, and Services Healthy at "2026-09-14T18:24:02.0699522+03:00"
2026-09-14 18:25:02.080 +03:00 [INF] ServiceManager Heartbeat: DB, Redis, and Services Healthy at "2026-09-14T18:25:02.0801201+03:00"
2026-09-14 18:26:02.097 +03:00 [INF] ServiceManager Heartbeat: DB, Redis, and Services Healthy at "2026-09-14T18:26:02.0977193+03:00"
2026-09-14 18:27:02.113 +03:00 [INF] ServiceManager Heartbeat: DB, Redis, and Services Healthy at "2026-09-14T18:27:02.1130985+03:00"
2026-09-14 18:28:03.152 +03:00 [INF] ServiceManager Heartbeat: DB, Redis, and Services Healthy at "2026-09-14T18:28:03.1524126+03:00"
2026-09-14 18:29:03.185 +03:00 [INF] ServiceManager Heartbeat: DB, Redis, and Services Healthy at "2026-09-14T18:29:03.1851291+03:00"
2026-09-14 18:30:03.494 +03:00 [INF] ServiceManager Heartbeat: DB, Redis, and Services Healthy at "2026-09-14T18:30:03.4944298+03:00"
2026-09-14 18:31:03.852 +03:00 [INF] ServiceManager Heartbeat: DB, Redis, and Services Healthy at "2026-09-14T18:31:03.8523311+03:00"
2026-09-14 18:32:04.062 +03:00 [INF] ServiceManager Heartbeat: DB, Redis, and Services Healthy at "2026-09-14T18:32:04.0622501+03:00"
2026-09-14 18:33:04.318 +03:00 [INF] ServiceManager Heartbeat: DB, Redis, and Services Healthy at "2026-09-14T18:33:04.3112477+03:00"
2026-09-14 18:34:05.077 +03:00 [INF] ServiceManager Heartbeat: DB, Redis, and Services Healthy at "2026-09-14T18:34:05.0778356+03:00"
2026-09-14 18:35:05.082 +03:00 [INF] ServiceManager Heartbeat: DB, Redis, and Services Healthy at "2026-09-14T18:35:05.0823754+03:00"
2026-09-14 18:36:05.095 +03:00 [INF] ServiceManager Heartbeat: DB, Redis, and Services Healthy at "2026-09-14T18:36:05.0954011+03:00"
2026-09-14 18:37:05.135 +03:00 [INF] ServiceManager Heartbeat: DB, Redis, and Services Healthy at "2026-09-14T18:37:05.1356700+03:00"
2026-09-14 18:38:05.381 +03:00 [INF] ServiceManager Heartbeat: DB, Redis, and Services Healthy at "2026-09-14T18:38:05.3809873+03:00"
2026-09-14 18:39:05.778 +03:00 [INF] ServiceManager Heartbeat: DB, Redis, and Services Healthy at "2026-09-14T18:39:05.7784602+03:00"
2026-09-14 18:40:05.801 +03:00 [INF] ServiceManager Heartbeat: DB, Redis, and Services Healthy at "2026-09-14T18:40:05.8011852+03:00"
2026-09-14 18:41:06.409 +03:00 [INF] ServiceManager Heartbeat: DB, Redis, and Services Healthy at "2026-09-14T18:41:06.4097354+03:00"
2026-09-14 18:42:06.934 +03:00 [INF] ServiceManager Heartbeat: DB, Redis, and Services Healthy at "2026-09-14T18:42:06.9342980+03:00"
2026-09-14 18:43:06.942 +03:00 [INF] ServiceManager Heartbeat: DB, Redis, and Services Healthy at "2026-09-14T18:43:06.9426802+03:00"
2026-09-14 18:44:06.998 +03:00 [INF] ServiceManager Heartbeat: DB, Redis, and Services Healthy at "2026-09-14T18:44:06.9981323+03:00"
2026-09-14 18:45:07.581 +03:00 [INF] ServiceManager Heartbeat: DB, Redis, and Services Healthy at "2026-09-14T18:45:07.5816202+03:00"
2026-09-14 18:46:07.623 +03:00 [INF] ServiceManager Heartbeat: DB, Redis, and Services Healthy at "2026-09-14T18:46:07.6235240+03:00"
2026-09-14 18:47:07.641 +03:00 [INF] ServiceManager Heartbeat: DB, Redis, and Services Healthy at "2026-09-14T18:47:07.6414422+03:00"
2026-09-14 18:48:07.723 +03:00 [INF] ServiceManager Heartbeat: DB, Redis, and Services Healthy at "2026-09-14T18:48:07.7231116+03:00"
2026-09-14 18:49:07.799 +03:00 [INF] ServiceManager Heartbeat: DB, Redis, and Services Healthy at "2026-09-14T18:49:07.7991919+03:00"
2026-09-14 18:50:08.425 +03:00 [INF] ServiceManager Heartbeat: DB, Redis, and Services Healthy at "2026-09-14T18:50:08.4253451+03:00"
2026-09-14 18:51:09.061 +03:00 [INF] ServiceManager Heartbeat: DB, Redis, and Services Healthy at "2026-09-14T18:51:09.0619659+03:00"
2026-09-14 18:52:09.096 +03:00 [INF] ServiceManager Heartbeat: DB, Redis, and Services Healthy at "2026-09-14T18:52:09.0966955+03:00"
2026-09-14 18:53:09.103 +03:00 [INF] ServiceManager Heartbeat: DB, Redis, and Services Healthy at "2026-09-14T18:53:09.1030214+03:00"
2026-09-14 18:54:09.123 +03:00 [INF] ServiceManager Heartbeat: DB, Redis, and Services Healthy at "2026-09-14T18:54:09.1232969+03:00"
2026-09-14 18:55:09.130 +03:00 [INF] ServiceManager Heartbeat: DB, Redis, and Services Healthy at "2026-09-14T18:55:09.1306415+03:00"
2026-09-14 18:56:09.140 +03:00 [INF] ServiceManager Heartbeat: DB, Redis, and Services Healthy at "2026-09-14T18:56:09.1399868+03:00"
2026-09-14 18:57:09.162 +03:00 [INF] ServiceManager Heartbeat: DB, Redis, and Services Healthy at "2026-09-14T18:57:09.1623241+03:00"
2026-09-14 18:58:09.191 +03:00 [INF] ServiceManager Heartbeat: DB, Redis, and Services Healthy at "2026-09-14T18:58:09.1913208+03:00"
2026-09-14 18:59:10.289 +03:00 [INF] ServiceManager Heartbeat: DB, Redis, and Services Healthy at "2026-09-14T18:59:10.2899177+03:00"
2026-09-14 19:00:10.654 +03:00 [INF] ServiceManager Heartbeat: DB, Redis, and Services Healthy at "2026-09-14T19:00:10.6540917+03:00"
2026-09-14 19:01:10.792 +03:00 [INF] ServiceManager Heartbeat: DB, Redis, and Services Healthy at "2026-09-14T19:01:10.7924204+03:00"
2026-09-14 19:02:11.724 +03:00 [INF] ServiceManager Heartbeat: DB, Redis, and Services Healthy at "2026-09-14T19:02:11.7248763+03:00"
2026-09-14 19:03:11.799 +03:00 [INF] ServiceManager Heartbeat: DB, Redis, and Services Healthy at "2026-09-14T19:03:11.7995910+03:00"
2026-09-14 21:28:11.433 +03:00 [INF] ServiceManager Heartbeat: DB, Redis, and Services Healthy at "2026-09-14T21:28:11.4333743+03:00"
2026-09-14 21:29:11.434 +03:00 [INF] ServiceManager Heartbeat: DB, Redis, and Services Healthy at "2026-09-14T21:29:11.4344944+03:00"
2026-09-14 21:30:11.440 +03:00 [INF] ServiceManager Heartbeat: DB, Redis, and Services Healthy at "2026-09-14T21:30:11.4402686+03:00"
2026-09-14 21:31:11.455 +03:00 [INF] ServiceManager Heartbeat: DB, Redis, and Services Healthy at "2026-09-14T21:31:11.4554967+03:00"
2026-09-14 21:32:11.511 +03:00 [INF] ServiceManager Heartbeat: DB, Redis, and Services Healthy at "2026-09-14T21:32:11.5118431+03:00"
2026-09-14 21:33:11.554 +03:00 [INF] ServiceManager Heartbeat: DB, Redis, and Services Healthy at "2026-09-14T21:33:11.5548925+03:00"
2026-09-14 21:34:11.570 +03:00 [INF] ServiceManager Heartbeat: DB, Redis, and Services Healthy at "2026-09-14T21:34:11.5701209+03:00"
2026-09-14 21:35:11.583 +03:00 [INF] ServiceManager Heartbeat: DB, Redis, and Services Healthy at "2026-09-14T21:35:11.5837057+03:00"
2026-09-14 21:36:11.654 +03:00 [INF] ServiceManager Heartbeat: DB, Redis, and Services Healthy at "2026-09-14T21:36:11.6544813+03:00"
2026-09-14 21:37:11.842 +03:00 [INF] ServiceManager Heartbeat: DB, Redis, and Services Healthy at "2026-09-14T21:37:11.8424467+03:00"
2026-09-14 21:38:11.853 +03:00 [INF] ServiceManager Heartbeat: DB, Redis, and Services Healthy at "2026-09-14T21:38:11.8529889+03:00"
2026-09-14 21:39:11.869 +03:00 [INF] ServiceManager Heartbeat: DB, Redis, and Services Healthy at "2026-09-14T21:39:11.8689947+03:00"
2026-09-14 21:40:11.882 +03:00 [INF] ServiceManager Heartbeat: DB, Redis, and Services Healthy at "2026-09-14T21:40:11.8826670+03:00"
2026-09-14 21:41:11.899 +03:00 [INF] ServiceManager Heartbeat: DB, Redis, and Services Healthy at "2026-09-14T21:41:11.8996830+03:00"
2026-09-14 21:42:11.969 +03:00 [INF] ServiceManager Heartbeat: DB, Redis, and Services Healthy at "2026-09-14T21:42:11.9689017+03:00"
2026-09-14 21:43:12.010 +03:00 [INF] ServiceManager Heartbeat: DB, Redis, and Services Healthy at "2026-09-14T21:43:12.0108523+03:00"
2026-09-14 21:44:12.470 +03:00 [INF] ServiceManager Heartbeat: DB, Redis, and Services Healthy at "2026-09-14T21:44:12.4700275+03:00"
2026-09-14 21:45:12.486 +03:00 [INF] ServiceManager Heartbeat: DB, Redis, and Services Healthy at "2026-09-14T21:45:12.4861068+03:00"
2026-09-14 21:46:12.570 +03:00 [INF] ServiceManager Heartbeat: DB, Redis, and Services Healthy at "2026-09-14T21:46:12.5705794+03:00"
2026-09-14 21:47:12.588 +03:00 [INF] ServiceManager Heartbeat: DB, Redis, and Services Healthy at "2026-09-14T21:47:12.5887058+03:00"
2026-09-14 21:48:12.608 +03:00 [INF] ServiceManager Heartbeat: DB, Redis, and Services Healthy at "2026-09-14T21:48:12.6085444+03:00"
2026-09-14 21:49:12.627 +03:00 [INF] ServiceManager Heartbeat: DB, Redis, and Services Healthy at "2026-09-14T21:49:12.6274515+03:00"
2026-09-14 21:50:12.669 +03:00 [INF] ServiceManager Heartbeat: DB, Redis, and Services Healthy at "2026-09-14T21:50:12.6692614+03:00"
2026-09-14 21:51:12.683 +03:00 [INF] ServiceManager Heartbeat: DB, Redis, and Services Healthy at "2026-09-14T21:51:12.6839245+03:00"
2026-09-14 21:52:12.696 +03:00 [INF] ServiceManager Heartbeat: DB, Redis, and Services Healthy at "2026-09-14T21:52:12.6963781+03:00"
2026-09-14 21:53:12.718 +03:00 [INF] ServiceManager Heartbeat: DB, Redis, and Services Healthy at "2026-09-14T21:53:12.7180112+03:00"
2026-09-14 21:54:12.732 +03:00 [INF] ServiceManager Heartbeat: DB, Redis, and Services Healthy at "2026-09-14T21:54:12.7329419+03:00"
2026-09-14 21:55:12.745 +03:00 [INF] ServiceManager Heartbeat: DB, Redis, and Services Healthy at "2026-09-14T21:55:12.7456795+03:00"
2026-09-14 21:56:12.766 +03:00 [INF] ServiceManager Heartbeat: DB, Redis, and Services Healthy at "2026-09-14T21:56:12.7664315+03:00"
2026-09-14 21:57:12.786 +03:00 [INF] ServiceManager Heartbeat: DB, Redis, and Services Healthy at "2026-09-14T21:57:12.7865123+03:00"
2026-09-14 21:58:12.800 +03:00 [INF] ServiceManager Heartbeat: DB, Redis, and Services Healthy at "2026-09-14T21:58:12.7999298+03:00"
2026-09-14 21:59:12.808 +03:00 [INF] ServiceManager Heartbeat: DB, Redis, and Services Healthy at "2026-09-14T21:59:12.8077421+03:00"
2026-09-14 22:00:12.814 +03:00 [INF] ServiceManager Heartbeat: DB, Redis, and Services Healthy at "2026-09-14T22:00:12.8147695+03:00"
2026-09-14 22:01:12.829 +03:00 [INF] ServiceManager Heartbeat: DB, Redis, and Services Healthy at "2026-09-14T22:01:12.8296947+03:00"
2026-09-14 22:02:12.838 +03:00 [INF] ServiceManager Heartbeat: DB, Redis, and Services Healthy at "2026-09-14T22:02:12.8387339+03:00"
2026-09-14 22:02:42.701 +03:00 [INF] Application is shutting down...
2026-09-14 22:02:42.800 +03:00 [ERR] LabInstrumentListenerWorker error
System.Threading.Tasks.TaskCanceledException: A task was canceled.
   at CMS.ServiceManager.Workers.LabInstrumentListenerWorker.ExecuteAsync(CancellationToken stoppingToken) in C:\Users\ASUS\source\repos\CMS\src\CMS.ServiceManager\Workers\Workers.cs:line 81
