2026-09-25 00:12:06.321 +03:00 [INF] ServiceManager Heartbeat: DB, Redis, and Services Healthy at "2026-09-25T00:12:06.1901915+03:00"
2026-09-25 00:12:06.479 +03:00 [INF] Starting LabInstrumentListenerWorker TCP listener on Port 5100...
2026-09-25 00:12:06.502 +03:00 [INF] LIS TCP Server listening on 0.0.0.0:5100 (Waiting for incoming analyzer connections)
2026-09-25 00:12:06.527 +03:00 [INF] Application started. Press Ctrl+C to shut down.
2026-09-25 00:12:06.534 +03:00 [INF] Hosting environment: Development
2026-09-25 00:12:06.539 +03:00 [INF] Content root path: C:\Users\ASUS\source\repos\CMS\src\CMS.ServiceManager
2026-09-25 00:13:06.475 +03:00 [INF] ServiceManager Heartbeat: DB, Redis, and Services Healthy at "2026-09-25T00:13:06.4750550+03:00"
2026-09-25 00:14:06.952 +03:00 [INF] ServiceManager Heartbeat: DB, Redis, and Services Healthy at "2026-09-25T00:14:06.9520575+03:00"
2026-09-25 00:15:08.383 +03:00 [INF] ServiceManager Heartbeat: DB, Redis, and Services Healthy at "2026-09-25T00:15:08.3835774+03:00"
2026-09-25 00:16:08.394 +03:00 [INF] ServiceManager Heartbeat: DB, Redis, and Services Healthy at "2026-09-25T00:16:08.3942501+03:00"
2026-09-25 00:17:08.466 +03:00 [INF] ServiceManager Heartbeat: DB, Redis, and Services Healthy at "2026-09-25T00:17:08.4658510+03:00"
2026-09-25 00:18:09.220 +03:00 [INF] ServiceManager Heartbeat: DB, Redis, and Services Healthy at "2026-09-25T00:18:09.2203842+03:00"
2026-09-25 00:19:09.701 +03:00 [INF] ServiceManager Heartbeat: DB, Redis, and Services Healthy at "2026-09-25T00:19:09.7015840+03:00"
2026-09-25 00:20:10.393 +03:00 [INF] ServiceManager Heartbeat: DB, Redis, and Services Healthy at "2026-09-25T00:20:10.3934154+03:00"
2026-09-25 00:21:10.427 +03:00 [INF] ServiceManager Heartbeat: DB, Redis, and Services Healthy at "2026-09-25T00:21:10.4269082+03:00"
2026-09-25 00:22:10.499 +03:00 [INF] ServiceManager Heartbeat: DB, Redis, and Services Healthy at "2026-09-25T00:22:10.4998164+03:00"
2026-09-25 00:23:10.668 +03:00 [INF] ServiceManager Heartbeat: DB, Redis, and Services Healthy at "2026-09-25T00:23:10.6687054+03:00"
2026-09-25 00:24:11.008 +03:00 [INF] ServiceManager Heartbeat: DB, Redis, and Services Healthy at "2026-09-25T00:24:11.0072488+03:00"
2026-09-25 00:25:11.528 +03:00 [INF] ServiceManager Heartbeat: DB, Redis, and Services Healthy at "2026-09-25T00:25:11.5278898+03:00"
2026-09-25 00:26:11.906 +03:00 [INF] ServiceManager Heartbeat: DB, Redis, and Services Healthy at "2026-09-25T00:26:11.9066181+03:00"
2026-09-25 00:26:32.803 +03:00 [INF] Application is shutting down...
2026-09-25 23:06:56.403 +03:00 [INF] ServiceManager Heartbeat: DB, Redis, and Services Healthy at "2026-09-25T23:06:56.3438362+03:00"
2026-09-25 23:06:56.534 +03:00 [INF] Starting LabInstrumentListenerWorker TCP listener on Port 5100...
2026-09-25 23:06:56.554 +03:00 [INF] LIS TCP Server listening on 0.0.0.0:5100 (Waiting for incoming analyzer connections)
2026-09-25 23:06:56.578 +03:00 [INF] Application started. Press Ctrl+C to shut down.
2026-09-25 23:06:56.581 +03:00 [INF] Hosting environment: Development
2026-09-25 23:06:56.585 +03:00 [INF] Content root path: C:\Users\ASUS\source\repos\CMS\src\CMS.ServiceManager
