2026-08-31 16:42:39.276 +03:00 [INF] User profile is available. Using 'C:\Users\ASUS\AppData\Local\ASP.NET\DataProtection-Keys' as key repository and Windows DPAPI to encrypt keys at rest.
2026-08-31 16:42:39.477 +03:00 [INF] Creating key {cc533779-8e88-4cfe-80a3-3b998d0bf012} with creation date 2026-08-31 13:42:39Z, activation date 2026-08-31 13:42:39Z, and expiration date 2026-11-29 13:42:39Z.
2026-08-31 16:42:39.508 +03:00 [INF] Writing data to file 'C:\Users\ASUS\AppData\Local\ASP.NET\DataProtection-Keys\key-cc533779-8e88-4cfe-80a3-3b998d0bf012.xml'.
2026-08-31 16:42:39.656 +03:00 [INF] Unable to bind to http://localhost:5000 on the IPv4 loopback interface: 'An attempt was made to access a socket in a way forbidden by its access permissions.'.
2026-08-31 16:42:39.662 +03:00 [INF] Unable to bind to http://localhost:5000 on the IPv6 loopback interface: 'An attempt was made to access a socket in a way forbidden by its access permissions.'.
2026-08-31 16:42:39.672 +03:00 [ERR] Hosting failed to start
System.IO.IOException: Failed to bind to address http://localhost:5000.
 ---> System.AggregateException: One or more errors occurred. (An attempt was made to access a socket in a way forbidden by its access permissions.) (An attempt was made to access a socket in a way forbidden by its access permissions.)
 ---> System.Net.Sockets.SocketException (10013): An attempt was made to access a socket in a way forbidden by its access permissions.
   at System.Net.Sockets.Socket.UpdateStatusAfterSocketErrorAndThrowException(SocketError error, Boolean disconnectOnFailure, String callerName)
   at System.Net.Sockets.Socket.DoBind(EndPoint endPointSnapshot, SocketAddress socketAddress)
   at System.Net.Sockets.Socket.Bind(EndPoint localEP)
   at Microsoft.AspNetCore.Server.Kestrel.Transport.Sockets.SocketTransportOptions.CreateDefaultBoundListenSocket(EndPoint endpoint)
   at Microsoft.AspNetCore.Server.Kestrel.Transport.Sockets.SocketConnectionListener.Bind()
   at Microsoft.AspNetCore.Server.Kestrel.Transport.Sockets.SocketTransportFactory.BindAsync(EndPoint endpoint, CancellationToken cancellationToken)
   at Microsoft.AspNetCore.Server.Kestrel.Core.Internal.Infrastructure.TransportManager.BindAsync(EndPoint endPoint, ConnectionDelegate connectionDelegate, EndpointConfig endpointConfig, CancellationToken cancellationToken)
   at Microsoft.AspNetCore.Server.Kestrel.Core.KestrelServerImpl.<>c__DisplayClass28_0`1.<<StartAsync>g__OnBind|0>d.MoveNext()
--- End of stack trace from previous location ---
   at Microsoft.AspNetCore.Server.Kestrel.Core.Internal.AddressBinder.BindEndpointAsync(ListenOptions endpoint, AddressBindContext context, CancellationToken cancellationToken)
   at Microsoft.AspNetCore.Server.Kestrel.Core.LocalhostListenOptions.BindAsync(AddressBindContext context, CancellationToken cancellationToken)
   --- End of inner exception stack trace ---
 ---> (Inner Exception #1) System.Net.Sockets.SocketException (10013): An attempt was made to access a socket in a way forbidden by its access permissions.
   at System.Net.Sockets.Socket.UpdateStatusAfterSocketErrorAndThrowException(SocketError error, Boolean disconnectOnFailure, String callerName)
   at System.Net.Sockets.Socket.DoBind(EndPoint endPointSnapshot, SocketAddress socketAddress)
   at System.Net.Sockets.Socket.Bind(EndPoint localEP)
   at Microsoft.AspNetCore.Server.Kestrel.Transport.Sockets.SocketTransportOptions.CreateDefaultBoundListenSocket(EndPoint endpoint)
   at Microsoft.AspNetCore.Server.Kestrel.Transport.Sockets.SocketConnectionListener.Bind()
   at Microsoft.AspNetCore.Server.Kestrel.Transport.Sockets.SocketTransportFactory.BindAsync(EndPoint endpoint, CancellationToken cancellationToken)
   at Microsoft.AspNetCore.Server.Kestrel.Core.Internal.Infrastructure.TransportManager.BindAsync(EndPoint endPoint, ConnectionDelegate connectionDelegate, EndpointConfig endpointConfig, CancellationToken cancellationToken)
   at Microsoft.AspNetCore.Server.Kestrel.Core.KestrelServerImpl.<>c__DisplayClass28_0`1.<<StartAsync>g__OnBind|0>d.MoveNext()
--- End of stack trace from previous location ---
   at Microsoft.AspNetCore.Server.Kestrel.Core.Internal.AddressBinder.BindEndpointAsync(ListenOptions endpoint, AddressBindContext context, CancellationToken cancellationToken)
   at Microsoft.AspNetCore.Server.Kestrel.Core.LocalhostListenOptions.BindAsync(AddressBindContext context, CancellationToken cancellationToken)<---

   --- End of inner exception stack trace ---
   at Microsoft.AspNetCore.Server.Kestrel.Core.LocalhostListenOptions.BindAsync(AddressBindContext context, CancellationToken cancellationToken)
   at Microsoft.AspNetCore.Server.Kestrel.Core.Internal.AddressBinder.AddressesStrategy.BindAsync(AddressBindContext context, CancellationToken cancellationToken)
   at Microsoft.AspNetCore.Server.Kestrel.Core.Internal.AddressBinder.BindAsync(ListenOptions[] listenOptions, AddressBindContext context, Func`2 useHttps, CancellationToken cancellationToken)
   at Microsoft.AspNetCore.Server.Kestrel.Core.KestrelServerImpl.BindAsync(CancellationToken cancellationToken)
   at Microsoft.AspNetCore.Server.Kestrel.Core.KestrelServerImpl.StartAsync[TContext](IHttpApplication`1 application, CancellationToken cancellationToken)
   at Microsoft.AspNetCore.Hosting.GenericWebHostService.StartAsync(CancellationToken cancellationToken)
   at Microsoft.Extensions.Hosting.Internal.Host.<StartAsync>b__15_1(IHostedService service, CancellationToken token)
   at Microsoft.Extensions.Hosting.Internal.Host.ForeachService[T](IEnumerable`1 services, CancellationToken token, Boolean concurrent, Boolean abortOnFirstException, List`1 exceptions, Func`3 operation)
2026-08-31 16:43:30.838 +03:00 [INF] User profile is available. Using 'C:\Users\ASUS\AppData\Local\ASP.NET\DataProtection-Keys' as key repository and Windows DPAPI to encrypt keys at rest.
2026-08-31 16:43:31.037 +03:00 [INF] Now listening on: http://localhost:5010
2026-08-31 16:43:31.043 +03:00 [INF] Application started. Press Ctrl+C to shut down.
2026-08-31 16:43:31.045 +03:00 [INF] Hosting environment: Development
2026-08-31 16:43:31.047 +03:00 [INF] Content root path: C:\Users\ASUS\source\repos\CMS\src\CMS.API
2026-08-31 16:43:43.784 +03:00 [INF] Request starting HTTP/1.1 GET http://localhost:5010/swagger - null null
2026-08-31 16:43:43.915 +03:00 [INF] Request finished HTTP/1.1 GET http://localhost:5010/swagger - 301 0 null 134.2517ms
2026-08-31 16:43:43.935 +03:00 [INF] Request starting HTTP/1.1 GET http://localhost:5010/swagger/index.html - null null
2026-08-31 16:43:44.086 +03:00 [INF] Request finished HTTP/1.1 GET http://localhost:5010/swagger/index.html - 200 null text/html;charset=utf-8 150.9398ms
2026-08-31 16:43:44.147 +03:00 [INF] Request starting HTTP/1.1 GET http://localhost:5010/swagger/index.css - null null
2026-08-31 16:43:44.148 +03:00 [INF] Request starting HTTP/1.1 GET http://localhost:5010/swagger/swagger-ui-bundle.js - null null
2026-08-31 16:43:44.151 +03:00 [INF] Request starting HTTP/1.1 GET http://localhost:5010/swagger/swagger-ui-standalone-preset.js - null null
2026-08-31 16:43:44.152 +03:00 [INF] Request starting HTTP/1.1 GET http://localhost:5010/swagger/index.js - null null
2026-08-31 16:43:44.160 +03:00 [INF] Request starting HTTP/1.1 GET http://localhost:5010/swagger/swagger-ui.css - null null
2026-08-31 16:43:44.279 +03:00 [INF] Sending file. Request path: '/index.css'. Physical path: 'N/A'
2026-08-31 16:43:44.644 +03:00 [INF] Request finished HTTP/1.1 GET http://localhost:5010/swagger/index.css - 200 202 text/css 496.8503ms
2026-08-31 16:43:44.445 +03:00 [INF] Sending file. Request path: '/swagger-ui-bundle.js'. Physical path: 'N/A'
2026-08-31 16:43:44.611 +03:00 [INF] Request finished HTTP/1.1 GET http://localhost:5010/swagger/index.js - 200 null application/javascript;charset=utf-8 458.339ms
2026-08-31 16:43:44.379 +03:00 [INF] Sending file. Request path: '/swagger-ui-standalone-preset.js'. Physical path: 'N/A'
2026-08-31 16:43:44.746 +03:00 [INF] Request finished HTTP/1.1 GET http://localhost:5010/swagger/swagger-ui-standalone-preset.js - 200 230293 text/javascript 594.8481ms
2026-08-31 16:43:44.737 +03:00 [INF] Request finished HTTP/1.1 GET http://localhost:5010/swagger/swagger-ui-bundle.js - 200 1452753 text/javascript 589.0775ms
2026-08-31 16:43:44.651 +03:00 [INF] Sending file. Request path: '/swagger-ui.css'. Physical path: 'N/A'
2026-08-31 16:43:44.773 +03:00 [INF] Request finished HTTP/1.1 GET http://localhost:5010/swagger/swagger-ui.css - 200 152034 text/css 613.025ms
2026-08-31 16:43:44.959 +03:00 [INF] Request starting HTTP/1.1 GET http://localhost:5010/swagger/v1/swagger.json - null null
2026-08-31 16:43:44.989 +03:00 [INF] Request starting HTTP/1.1 GET http://localhost:5010/swagger/favicon-32x32.png - null null
2026-08-31 16:43:45.160 +03:00 [INF] Sending file. Request path: '/favicon-32x32.png'. Physical path: 'N/A'
2026-08-31 16:43:45.561 +03:00 [INF] Request finished HTTP/1.1 GET http://localhost:5010/swagger/favicon-32x32.png - 200 628 image/png 571.6315ms
2026-08-31 16:43:45.734 +03:00 [INF] Request finished HTTP/1.1 GET http://localhost:5010/swagger/v1/swagger.json - 200 null application/json;charset=utf-8 775.6579ms
2026-08-31 23:28:41.289 +03:00 [INF] Application is shutting down...
2026-08-31 23:32:27.465 +03:00 [INF] User profile is available. Using 'C:\Users\ASUS\AppData\Local\ASP.NET\DataProtection-Keys' as key repository and Windows DPAPI to encrypt keys at rest.
2026-08-31 23:32:27.659 +03:00 [INF] Now listening on: http://localhost:5010
2026-08-31 23:32:27.663 +03:00 [INF] Application started. Press Ctrl+C to shut down.
2026-08-31 23:32:27.664 +03:00 [INF] Hosting environment: Development
2026-08-31 23:32:27.664 +03:00 [INF] Content root path: C:\Users\ASUS\source\repos\CMS\src\CMS.API
2026-08-31 23:37:05.816 +03:00 [INF] User profile is available. Using 'C:\Users\ASUS\AppData\Local\ASP.NET\DataProtection-Keys' as key repository and Windows DPAPI to encrypt keys at rest.
2026-08-31 23:37:05.967 +03:00 [INF] Now listening on: http://localhost:5074
2026-08-31 23:37:05.971 +03:00 [INF] Application started. Press Ctrl+C to shut down.
2026-08-31 23:37:05.971 +03:00 [INF] Hosting environment: Development
2026-08-31 23:37:05.972 +03:00 [INF] Content root path: C:\Users\ASUS\source\repos\CMS\src\CMS.API
